# realized: sidecar RET_raw (param RET_CS)
# row mapping verified on generations [0, 150, 299], all 50 stocks: file row i -> panel row tw*step + 2 + i (tw = g + num_training_windows + V)
# stitched 1500 days from 300 generations (300*step = 1500); 2019-01-07 .. 2024-12-20 (panel rows 3751..5250, contiguous)
# ensemble: topn (N=16, ordered by (elite_rank, island)), combine=rank_mean, over 300 generations
# scoring 1251 days from 2020-01-02 to 2024-12-20 (--score-from 2020-01-01)
# book: sleeves, H=10, top-k 10, beta-neutral off
# book costs: TC/PRC from the panel, charged on netted traded notional

period    who     days  pearsonIC  rankIC@1  rankIC@5  rankIC@10      net%   sharpe     MDD% turnover    cost%
2020      model    252  +0.0027   -0.0016   +0.0141   +0.0119     +2.65    +0.13    22.07   0.1278     1.53
2020      naive    252  -0.0067   -0.0120   -0.0293   -0.0336    -18.39    -1.53    26.87   0.1561     1.82
2021      model    252  +0.0102   +0.0170   +0.0229   +0.0308     +8.30    +0.73    11.76   0.1221     1.28
2021      naive    252  -0.0235   -0.0254   -0.0289   -0.0223     -7.52    -1.47     7.98   0.1587     1.66
2022      model    251  +0.0137   +0.0123   +0.0234   +0.0283     +2.66    +0.28     9.95   0.1473     1.31
2022      naive    251  -0.0185   -0.0265   -0.0208   -0.0191     -7.12    -1.25     9.59   0.1586     1.41
2023      model    250  +0.0293   +0.0327   +0.0335   +0.0298     +6.97    +1.08     4.01   0.1516     1.12
2023      naive    250  -0.0334   -0.0331   -0.0329   -0.0191     -7.26    -1.65     9.85   0.1609     1.22
2024      model    246  +0.0228   +0.0274   +0.0209   +0.0167     +0.46    +0.07     6.14   0.1459     1.11
2024      naive    246  -0.0203   -0.0253   -0.0154   -0.0194     -4.64    -1.26     6.82   0.1609     1.21
overall   model   1251  +0.0157   +0.0175   +0.0229   +0.0236    +21.04    +0.35    22.07   0.1389     6.35
overall   naive   1251  -0.0205   -0.0244   -0.0255   -0.0228    -44.93    -1.32    51.42   0.1591     7.31

# model overall: pearson IC +0.0157 (SE 0.0062, t +2.54); rank IC +0.0175 (SE 0.0063, t +2.79); rebalances 1251, avg holding 10.0 days
# naive overall: pearson IC -0.0205 (SE 0.0067, t -3.05); rank IC -0.0244 (SE 0.0067, t -3.65); rebalances 1251, avg holding 10.0 days
# rank IC by horizon (overall): h=1:+0.0175  h=2:+0.0229  h=3:+0.0233  h=4:+0.0237  h=5:+0.0229  h=6:+0.0242  h=7:+0.0219  h=8:+0.0216  h=9:+0.0203  h=10:+0.0236
#   naive                     : h=1:-0.0244  h=2:-0.0263  h=3:-0.0293  h=4:-0.0281  h=5:-0.0255  h=6:-0.0264  h=7:-0.0236  h=8:-0.0238  h=9:-0.0228  h=10:-0.0228

# members/day: mean 16.00 (min 16, max 16); per generation mean 16.00 (min 16, max 16)
# member dispersion (mean pairwise Spearman of member cross-sections, per day, n=1251):
#     mean +0.2851   p10 +0.1129   p50 +0.2676   p90 +0.4738
# per-member rank IC@1 over 16 member slots (each stitched over its own 1237 days):
#     mean +0.0100   sd 0.0042   min +0.0027   max +0.0180
# ensemble rank IC@1 +0.0175  vs  day-pooled mean member +0.0100  (ensemble - member = +0.0075)
# row-alignment cross-check: the wide file's global_best column is reproduced by some elite on 1226/1251 scored days
# wrote /anvil/scratch/x-jchang5/probe1/topn/set4_seed43/ensemble_diagnostics.csv
# wrote /anvil/scratch/x-jchang5/probe1/topn/set4_seed43/ensemble_stitched_predictions.csv
# wrote /anvil/scratch/x-jchang5/probe1/topn/set4_seed43/ensemble_book_daily.csv
# wrote /anvil/scratch/x-jchang5/probe1/topn/set4_seed43/ensemble_rolling_rank_ic.csv
{
 "meta": {
  "run_dir": "/anvil/scratch/x-jchang5/results_v2/C7_E/set4_seed43",
  "param": "RET_CS",
  "realized": "sidecar RET_raw",
  "realized_mode": "auto",
  "generations": 300,
  "row_offset": 2,
  "stitched_days": 1500,
  "scored_days": 1251,
  "first_scored_date": "2020-01-02",
  "last_scored_date": "2024-12-20",
  "score_from": "2020-01-01",
  "top_k": 10,
  "cost_bps": null,
  "book": "sleeves",
  "hold_days": 10,
  "beta_neutral": false,
  "beta_window": null,
  "ensemble": "topn",
  "combine": "rank_mean",
  "top_n": 16,
  "diverse_gate": null
 },
 "summary": {
  "2020": {
   "model": {
    "n_days": 252,
    "pearson_ic": 0.002735570979875562,
    "pearson_se": 0.015547340424280671,
    "pearson_t": 0.17595105691539062,
    "rank_ic_1": -0.0015836085670927682,
    "rank_ic_se": 0.01587816532802106,
    "rank_ic_t": -0.09973498413560968,
    "rank_ic_5": 0.014053562943324447,
    "rank_ic_10": 0.011869363549462443,
    "net_pct": 2.6513793298757777,
    "sharpe": 0.1285005380430263,
    "mdd_pct": 22.068080630620567,
    "cost_pct": 1.525009257341753,
    "turnover": 0.1278248924970366
   },
   "naive": {
    "n_days": 252,
    "pearson_ic": -0.006671329659152179,
    "pearson_se": 0.01702695704142171,
    "pearson_t": -0.3918098602658564,
    "rank_ic_1": -0.011978071855790312,
    "rank_ic_se": 0.016581373350752198,
    "rank_ic_t": -0.7223811684601468,
    "rank_ic_5": -0.029252345788613035,
    "rank_ic_10": -0.03360413104899651,
    "net_pct": -18.38994062912199,
    "sharpe": -1.5348460062355076,
    "mdd_pct": 26.87283374166582,
    "cost_pct": 1.8203211327477067,
    "turnover": 0.15614949432045103
   }
  },
  "2021": {
   "model": {
    "n_days": 252,
    "pearson_ic": 0.010159970996157402,
    "pearson_se": 0.013652598890091655,
    "pearson_t": 0.744178531717575,
    "rank_ic_1": 0.016981746001757298,
    "rank_ic_se": 0.013790363437565073,
    "rank_ic_t": 1.231421207906593,
    "rank_ic_5": 0.022912856828294602,
    "rank_ic_10": 0.030775685478174407,
    "net_pct": 8.301919684124144,
    "sharpe": 0.7336062200823555,
    "mdd_pct": 11.757574992044129,
    "cost_pct": 1.2828932954842953,
    "turnover": 0.12213832907382542
   },
   "naive": {
    "n_days": 252,
    "pearson_ic": -0.02354068881641417,
    "pearson_se": 0.014519065966261388,
    "pearson_t": -1.6213638584683572,
    "rank_ic_1": -0.02536023131586918,
    "rank_ic_se": 0.01437005002723951,
    "rank_ic_t": -1.7647977054914181,
    "rank_ic_5": -0.02894967475126879,
    "rank_ic_10": -0.022274442024298183,
    "net_pct": -7.518549716123678,
    "sharpe": -1.4747666620467443,
    "mdd_pct": 7.975739729267561,
    "cost_pct": 1.658958106398559,
    "turnover": 0.15874049415529481
   }
  },
  "2022": {
   "model": {
    "n_days": 251,
    "pearson_ic": 0.013674729014775558,
    "pearson_se": 0.014629947771107606,
    "pearson_t": 0.9347079858877904,
    "rank_ic_1": 0.012343769830209947,
    "rank_ic_se": 0.01441587922214845,
    "rank_ic_t": 0.8562620177370153,
    "rank_ic_5": 0.023441468353484124,
    "rank_ic_10": 0.0283427871740432,
    "net_pct": 2.6621658003037143,
    "sharpe": 0.28051914972767517,
    "mdd_pct": 9.94552929398586,
    "cost_pct": 1.3135317288330166,
    "turnover": 0.14727784561980803
   },
   "naive": {
    "n_days": 251,
    "pearson_ic": -0.018489285029954474,
    "pearson_se": 0.015964657487616118,
    "pearson_t": -1.1581385347162458,
    "rank_ic_1": -0.02651757291358986,
    "rank_ic_se": 0.015666197345538334,
    "rank_ic_t": -1.6926617435431421,
    "rank_ic_5": -0.020792609575134676,
    "rank_ic_10": -0.019126905347098076,
    "net_pct": -7.12277621421205,
    "sharpe": -1.252017331435024,
    "mdd_pct": 9.594009262463791,
    "cost_pct": 1.40791905274319,
    "turnover": 0.15863509942919973
   }
  },
  "2023": {
   "model": {
    "n_days": 250,
    "pearson_ic": 0.02929311172132528,
    "pearson_se": 0.012675619073603425,
    "pearson_t": 2.3109807537785083,
    "rank_ic_1": 0.032730051979791695,
    "rank_ic_se": 0.012973101270284932,
    "rank_ic_t": 2.5229165561792333,
    "rank_ic_5": 0.03345347433601548,
    "rank_ic_10": 0.029753672514899472,
    "net_pct": 6.972877011488901,
    "sharpe": 1.0769757906738016,
    "mdd_pct": 4.010171808064504,
    "cost_pct": 1.1173205619401279,
    "turnover": 0.15164041287423383
   },
   "naive": {
    "n_days": 250,
    "pearson_ic": -0.03339895163084893,
    "pearson_se": 0.01402619619847801,
    "pearson_t": -2.3811838333241817,
    "rank_ic_1": -0.033103282985784216,
    "rank_ic_se": 0.014341134870525895,
    "rank_ic_t": -2.3082749925055484,
    "rank_ic_5": -0.03293013152072079,
    "rank_ic_10": -0.01912519229487815,
    "net_pct": -7.259329770740821,
    "sharpe": -1.654595762164943,
    "mdd_pct": 9.846124272893057,
    "cost_pct": 1.2195252401381758,
    "turnover": 0.16093599415280252
   }
  },
  "2024": {
   "model": {
    "n_days": 246,
    "pearson_ic": 0.0227854482102497,
    "pearson_se": 0.012318262245477135,
    "pearson_t": 1.8497291059553287,
    "rank_ic_1": 0.027361010749440237,
    "rank_ic_se": 0.012660559100065862,
    "rank_ic_t": 2.1611218377629076,
    "rank_ic_5": 0.020858110540841503,
    "rank_ic_10": 0.016717312421504395,
    "net_pct": 0.456113367308858,
    "sharpe": 0.0721956024480997,
    "mdd_pct": 6.140276596590192,
    "cost_pct": 1.1081125383745791,
    "turnover": 0.1459283721623234
   },
   "naive": {
    "n_days": 246,
    "pearson_ic": -0.020342633969969038,
    "pearson_se": 0.013043075158106888,
    "pearson_t": -1.5596501379757157,
    "rank_ic_1": -0.025260773848212893,
    "rank_ic_se": 0.013748316992768992,
    "rank_ic_t": -1.8373720842703107,
    "rank_ic_5": -0.015393657198351892,
    "rank_ic_10": -0.019433962149697556,
    "net_pct": -4.644214680058542,
    "sharpe": -1.2643811004610845,
    "mdd_pct": 6.824224281836609,
    "cost_pct": 1.207422146089977,
    "turnover": 0.16087957785152182
   }
  },
  "overall": {
   "model": {
    "n_days": 1251,
    "pearson_ic": 0.015675884692823105,
    "pearson_se": 0.0061822331219023785,
    "pearson_t": 2.5356346782340955,
    "rank_ic_1": 0.017499551159255302,
    "rank_ic_se": 0.006262784864482194,
    "rank_ic_t": 2.7942124051713155,
    "rank_ic_5": 0.022943366218171682,
    "rank_ic_10": 0.0235595918746141,
    "net_pct": 21.044455193101367,
    "sharpe": 0.350732230473984,
    "mdd_pct": 22.068080630620567,
    "cost_pct": 6.346867381973779,
    "turnover": 0.13890164177211772,
    "n_rebalances": 1251,
    "avg_holding_days": 10.0
   },
   "naive": {
    "n_days": 1251,
    "pearson_ic": -0.02047023586145956,
    "pearson_se": 0.006702911854020479,
    "pearson_t": -3.053931829519926,
    "rank_ic_1": -0.024424567796703194,
    "rank_ic_se": 0.006695715487688285,
    "rank_ic_t": -3.6477905672087996,
    "rank_ic_5": -0.025536208581868745,
    "rank_ic_10": -0.022761192238155994,
    "net_pct": -44.93481101025708,
    "sharpe": -1.3156663310754133,
    "mdd_pct": 51.42148084375201,
    "cost_pct": 7.314145678117615,
    "turnover": 0.159056803950673,
    "n_rebalances": 1251,
    "avg_holding_days": 10.0
   }
  }
 },
 "horizon_rank_ic": {
  "model": {
   "1": 0.017499551159255302,
   "2": 0.022931057088463682,
   "3": 0.02333306699690888,
   "4": 0.023719042817785856,
   "5": 0.022943366218171682,
   "6": 0.024191855324003347,
   "7": 0.02189041216802088,
   "8": 0.021569974724026483,
   "9": 0.020254772668565745,
   "10": 0.0235595918746141
  },
  "naive": {
   "1": -0.024424567796703194,
   "2": -0.02626379942141974,
   "3": -0.029326900132288003,
   "4": -0.028088593744848102,
   "5": -0.025536208581868745,
   "6": -0.026391278224704787,
   "7": -0.02363497354880376,
   "8": -0.023765467728975764,
   "9": -0.022822246156393708,
   "10": -0.022761192238155994
  }
 },
 "diagnostics": {
  "members_per_day": {
   "mean": 16.0,
   "min": 16,
   "max": 16
  },
  "members_per_generation": {
   "mean": 16.0,
   "min": 16,
   "max": 16
  },
  "dispersion": {
   "n_days": 1251,
   "mean": 0.2851216807323144,
   "p10": 0.11289076919247985,
   "p50": 0.2676102440976391,
   "p90": 0.4738215286114446
  },
  "member_rank_ic_1": {
   "n_slots": 16,
   "mean": 0.01001392710075026,
   "sd": 0.004226917573012049,
   "min": 0.002747386469626026,
   "max": 0.017978478455074637,
   "mean_days_per_slot": 1236.75
  },
  "member_slots": [
   "island0_elite0",
   "island0_elite1",
   "island1_elite0",
   "island1_elite1",
   "island2_elite0",
   "island2_elite1",
   "island3_elite0",
   "island3_elite1",
   "island4_elite0",
   "island4_elite1",
   "island5_elite0",
   "island5_elite1",
   "island6_elite0",
   "island6_elite1",
   "island7_elite0",
   "island7_elite1"
  ],
  "member_rank_ic_1_by_slot": {
   "island0_elite0": {
    "rank_ic_1": 0.013551105416072283,
    "n_days": 1218
   },
   "island0_elite1": {
    "rank_ic_1": 0.009367690539846102,
    "n_days": 1211
   },
   "island1_elite0": {
    "rank_ic_1": 0.007301247901132667,
    "n_days": 1251
   },
   "island1_elite1": {
    "rank_ic_1": 0.005742239948784632,
    "n_days": 1246
   },
   "island2_elite0": {
    "rank_ic_1": 0.01733447127677609,
    "n_days": 1221
   },
   "island2_elite1": {
    "rank_ic_1": 0.017978478455074637,
    "n_days": 1240
   },
   "island3_elite0": {
    "rank_ic_1": 0.002747386469626026,
    "n_days": 1251
   },
   "island3_elite1": {
    "rank_ic_1": 0.003785751515293957,
    "n_days": 1251
   },
   "island4_elite0": {
    "rank_ic_1": 0.010123131064737665,
    "n_days": 1244
   },
   "island4_elite1": {
    "rank_ic_1": 0.010863418132566426,
    "n_days": 1251
   },
   "island5_elite0": {
    "rank_ic_1": 0.010928320767872245,
    "n_days": 1246
   },
   "island5_elite1": {
    "rank_ic_1": 0.0078104988204683486,
    "n_days": 1251
   },
   "island6_elite0": {
    "rank_ic_1": 0.012422097728544945,
    "n_days": 1246
   },
   "island6_elite1": {
    "rank_ic_1": 0.011080607506012198,
    "n_days": 1246
   },
   "island7_elite0": {
    "rank_ic_1": 0.01148186601501248,
    "n_days": 1192
   },
   "island7_elite1": {
    "rank_ic_1": 0.0077045220541834426,
    "n_days": 1223
   }
  },
  "day_pooled_mean_member_rank_ic_1": 0.009987090614397039,
  "ensemble_rank_ic_1": 0.017499551159255302,
  "ensemble_minus_mean_member": 0.007512460544858263,
  "dropped_member_days": 0,
  "incomplete_member_rows": 0,
  "global_best_matched_days": 1226
 }
}
