# realized: sidecar RET_raw (param RET_CS)
# row mapping verified on generations [0, 150, 299], all 50 stocks: file row i -> panel row tw*step + 2 + i (tw = g + num_training_windows + V)
# stitched 1500 days from 300 generations (300*step = 1500); 2019-01-07 .. 2024-12-20 (panel rows 3751..5250, contiguous)
# ensemble: all_elites, combine=rank_mean, over 300 generations
# scoring 1251 days from 2020-01-02 to 2024-12-20 (--score-from 2020-01-01)
# book: sleeves, H=10, top-k 10, beta-neutral off
# book costs: TC/PRC from the panel, charged on netted traded notional

period    who     days  pearsonIC  rankIC@1  rankIC@5  rankIC@10      net%   sharpe     MDD% turnover    cost%
2020      model    252  +0.0005   -0.0077   +0.0087   +0.0190    +12.73    +0.45    23.38   0.1091     1.27
2020      naive    252  -0.0067   -0.0120   -0.0293   -0.0336    -18.39    -1.53    26.87   0.1561     1.82
2021      model    252  +0.0162   +0.0175   +0.0478   +0.0718    +18.54    +1.51     7.86   0.0960     0.99
2021      naive    252  -0.0235   -0.0254   -0.0289   -0.0223     -7.52    -1.47     7.98   0.1587     1.66
2022      model    251  +0.0011   -0.0042   +0.0036   +0.0011     +0.04    +0.00     9.93   0.0879     0.76
2022      naive    251  -0.0185   -0.0265   -0.0208   -0.0191     -7.12    -1.25     9.59   0.1586     1.41
2023      model    250  +0.0354   +0.0342   +0.0580   +0.0862    +30.60    +3.06     4.69   0.1042     0.75
2023      naive    250  -0.0334   -0.0331   -0.0329   -0.0191     -7.26    -1.65     9.85   0.1609     1.22
2024      model    246  +0.0238   +0.0294   +0.0366   +0.0485    +14.95    +1.68     5.30   0.0738     0.55
2024      naive    246  -0.0203   -0.0253   -0.0154   -0.0194     -4.64    -1.26     6.82   0.1609     1.21
overall   model   1251  +0.0153   +0.0138   +0.0309   +0.0452    +76.84    +0.94    23.38   0.0943     4.32
overall   naive   1251  -0.0205   -0.0244   -0.0255   -0.0228    -44.93    -1.32    51.42   0.1591     7.31

# model overall: pearson IC +0.0153 (SE 0.0060, t +2.53); rank IC +0.0138 (SE 0.0063, t +2.19); rebalances 1251, avg holding 10.0 days
# naive overall: pearson IC -0.0205 (SE 0.0067, t -3.05); rank IC -0.0244 (SE 0.0067, t -3.65); rebalances 1251, avg holding 10.0 days
# rank IC by horizon (overall): h=1:+0.0138  h=2:+0.0202  h=3:+0.0241  h=4:+0.0269  h=5:+0.0309  h=6:+0.0337  h=7:+0.0354  h=8:+0.0372  h=9:+0.0409  h=10:+0.0452
#   naive                     : h=1:-0.0244  h=2:-0.0263  h=3:-0.0293  h=4:-0.0281  h=5:-0.0255  h=6:-0.0264  h=7:-0.0236  h=8:-0.0238  h=9:-0.0228  h=10:-0.0228

# members/day: mean 63.96 (min 60, max 64); per generation mean 63.86 (min 35, max 64)
# member dispersion (mean pairwise Spearman of member cross-sections, per day, n=1251):
#     mean +0.4056   p10 +0.2038   p50 +0.4112   p90 +0.5805
# per-member rank IC@1 over 64 member slots (each stitched over its own 1237 days):
#     mean +0.0082   sd 0.0046   min -0.0010   max +0.0196
# ensemble rank IC@1 +0.0138  vs  day-pooled mean member +0.0081  (ensemble - member = +0.0056)
# row-alignment cross-check: the wide file's global_best column is reproduced by some elite on 1146/1251 scored days
# wrote /anvil/scratch/x-jchang5/probe1/all_elites/set4_seed44/ensemble_diagnostics.csv
# wrote /anvil/scratch/x-jchang5/probe1/all_elites/set4_seed44/ensemble_stitched_predictions.csv
# wrote /anvil/scratch/x-jchang5/probe1/all_elites/set4_seed44/ensemble_book_daily.csv
# wrote /anvil/scratch/x-jchang5/probe1/all_elites/set4_seed44/ensemble_rolling_rank_ic.csv
{
 "meta": {
  "run_dir": "/anvil/scratch/x-jchang5/results_v2/C7_E/set4_seed44",
  "param": "RET_CS",
  "realized": "sidecar RET_raw",
  "realized_mode": "auto",
  "generations": 300,
  "row_offset": 2,
  "stitched_days": 1500,
  "scored_days": 1251,
  "first_scored_date": "2020-01-02",
  "last_scored_date": "2024-12-20",
  "score_from": "2020-01-01",
  "top_k": 10,
  "cost_bps": null,
  "book": "sleeves",
  "hold_days": 10,
  "beta_neutral": false,
  "beta_window": null,
  "ensemble": "all_elites",
  "combine": "rank_mean",
  "top_n": null,
  "diverse_gate": null
 },
 "summary": {
  "2020": {
   "model": {
    "n_days": 252,
    "pearson_ic": 0.0004675391513667056,
    "pearson_se": 0.017132137457297643,
    "pearson_t": 0.02729018212304569,
    "rank_ic_1": -0.007659504457454669,
    "rank_ic_se": 0.017547732604727882,
    "rank_ic_t": -0.4364953940197932,
    "rank_ic_5": 0.008717451713010098,
    "rank_ic_10": 0.018959334371267445,
    "net_pct": 12.725041529364528,
    "sharpe": 0.44811054304480463,
    "mdd_pct": 23.384720094750538,
    "cost_pct": 1.267035907944183,
    "turnover": 0.10911225474092964
   },
   "naive": {
    "n_days": 252,
    "pearson_ic": -0.006671329659152179,
    "pearson_se": 0.01702695704142171,
    "pearson_t": -0.3918098602658564,
    "rank_ic_1": -0.011978071855790312,
    "rank_ic_se": 0.016581373350752198,
    "rank_ic_t": -0.7223811684601468,
    "rank_ic_5": -0.029252345788613035,
    "rank_ic_10": -0.03360413104899651,
    "net_pct": -18.38994062912199,
    "sharpe": -1.5348460062355076,
    "mdd_pct": 26.87283374166582,
    "cost_pct": 1.8203211327477067,
    "turnover": 0.15614949432045103
   }
  },
  "2021": {
   "model": {
    "n_days": 252,
    "pearson_ic": 0.016203329363125317,
    "pearson_se": 0.013721577147508561,
    "pearson_t": 1.1808649391347386,
    "rank_ic_1": 0.017508045827847096,
    "rank_ic_se": 0.014393131725082666,
    "rank_ic_t": 1.216416702234172,
    "rank_ic_5": 0.04779817418018114,
    "rank_ic_10": 0.07179781359490349,
    "net_pct": 18.53619723812532,
    "sharpe": 1.514710927123227,
    "mdd_pct": 7.862409858246136,
    "cost_pct": 0.9911507174141778,
    "turnover": 0.09604790945493213
   },
   "naive": {
    "n_days": 252,
    "pearson_ic": -0.02354068881641417,
    "pearson_se": 0.014519065966261388,
    "pearson_t": -1.6213638584683572,
    "rank_ic_1": -0.02536023131586918,
    "rank_ic_se": 0.01437005002723951,
    "rank_ic_t": -1.7647977054914181,
    "rank_ic_5": -0.02894967475126879,
    "rank_ic_10": -0.022274442024298183,
    "net_pct": -7.518549716123678,
    "sharpe": -1.4747666620467443,
    "mdd_pct": 7.975739729267561,
    "cost_pct": 1.658958106398559,
    "turnover": 0.15874049415529481
   }
  },
  "2022": {
   "model": {
    "n_days": 251,
    "pearson_ic": 0.0010734177884410155,
    "pearson_se": 0.013622951148747283,
    "pearson_t": 0.07879480567173017,
    "rank_ic_1": -0.00421002683177475,
    "rank_ic_se": 0.014035406499497038,
    "rank_ic_t": -0.299957598800264,
    "rank_ic_5": 0.003638622655164523,
    "rank_ic_10": 0.0010607126815713906,
    "net_pct": 0.03688205428597699,
    "sharpe": 0.0026254296561791196,
    "mdd_pct": 9.927155550428413,
    "cost_pct": 0.7567050286661453,
    "turnover": 0.08788876094388527
   },
   "naive": {
    "n_days": 251,
    "pearson_ic": -0.018489285029954474,
    "pearson_se": 0.015964657487616118,
    "pearson_t": -1.1581385347162458,
    "rank_ic_1": -0.02651757291358986,
    "rank_ic_se": 0.015666197345538334,
    "rank_ic_t": -1.6926617435431421,
    "rank_ic_5": -0.020792609575134676,
    "rank_ic_10": -0.019126905347098076,
    "net_pct": -7.12277621421205,
    "sharpe": -1.252017331435024,
    "mdd_pct": 9.594009262463791,
    "cost_pct": 1.40791905274319,
    "turnover": 0.15863509942919973
   }
  },
  "2023": {
   "model": {
    "n_days": 250,
    "pearson_ic": 0.035378186979208116,
    "pearson_se": 0.012190591432905358,
    "pearson_t": 2.9020894657919403,
    "rank_ic_1": 0.034175529451162034,
    "rank_ic_se": 0.012589252510811801,
    "rank_ic_t": 2.714659144521224,
    "rank_ic_5": 0.058037914512601305,
    "rank_ic_10": 0.08621430133462313,
    "net_pct": 30.596744900476846,
    "sharpe": 3.057324853884067,
    "mdd_pct": 4.694545201707341,
    "cost_pct": 0.7542494776395893,
    "turnover": 0.1041683397435588
   },
   "naive": {
    "n_days": 250,
    "pearson_ic": -0.03339895163084893,
    "pearson_se": 0.01402619619847801,
    "pearson_t": -2.3811838333241817,
    "rank_ic_1": -0.033103282985784216,
    "rank_ic_se": 0.014341134870525895,
    "rank_ic_t": -2.3082749925055484,
    "rank_ic_5": -0.03293013152072079,
    "rank_ic_10": -0.01912519229487815,
    "net_pct": -7.259329770740821,
    "sharpe": -1.654595762164943,
    "mdd_pct": 9.846124272893057,
    "cost_pct": 1.2195252401381758,
    "turnover": 0.16093599415280252
   }
  },
  "2024": {
   "model": {
    "n_days": 246,
    "pearson_ic": 0.023814645228293144,
    "pearson_se": 0.009618848407620454,
    "pearson_t": 2.4758312241854425,
    "rank_ic_1": 0.029430500785480918,
    "rank_ic_se": 0.010461998600222283,
    "rank_ic_t": 2.813085903572537,
    "rank_ic_5": 0.03660048459524508,
    "rank_ic_10": 0.04847285435079784,
    "net_pct": 14.946159848863005,
    "sharpe": 1.6777675432184265,
    "mdd_pct": 5.304943571762564,
    "cost_pct": 0.5497804870953061,
    "turnover": 0.07381406737457291
   },
   "naive": {
    "n_days": 246,
    "pearson_ic": -0.020342633969969038,
    "pearson_se": 0.013043075158106888,
    "pearson_t": -1.5596501379757157,
    "rank_ic_1": -0.025260773848212893,
    "rank_ic_se": 0.013748316992768992,
    "rank_ic_t": -1.8373720842703107,
    "rank_ic_5": -0.015393657198351892,
    "rank_ic_10": -0.019433962149697556,
    "net_pct": -4.644214680058542,
    "sharpe": -1.2643811004610845,
    "mdd_pct": 6.824224281836609,
    "cost_pct": 1.207422146089977,
    "turnover": 0.16087957785152182
   }
  },
  "overall": {
   "model": {
    "n_days": 1251,
    "pearson_ic": 0.015326487770993468,
    "pearson_se": 0.006046562049591159,
    "pearson_t": 2.534744148045214,
    "rank_ic_1": 0.013756116104382292,
    "rank_ic_se": 0.006284946374682834,
    "rank_ic_t": 2.1887404099094616,
    "rank_ic_5": 0.03089176255952693,
    "rank_ic_10": 0.04523243316050271,
    "net_pct": 76.84102557111562,
    "sharpe": 0.944171709825502,
    "mdd_pct": 23.384720094750538,
    "cost_pct": 4.318921618759407,
    "turnover": 0.09429319415212381,
    "n_rebalances": 1251,
    "avg_holding_days": 10.0
   },
   "naive": {
    "n_days": 1251,
    "pearson_ic": -0.02047023586145956,
    "pearson_se": 0.006702911854020479,
    "pearson_t": -3.053931829519926,
    "rank_ic_1": -0.024424567796703194,
    "rank_ic_se": 0.006695715487688285,
    "rank_ic_t": -3.6477905672087996,
    "rank_ic_5": -0.025536208581868745,
    "rank_ic_10": -0.022761192238155994,
    "net_pct": -44.93481101025708,
    "sharpe": -1.3156663310754133,
    "mdd_pct": 51.42148084375201,
    "cost_pct": 7.314145678117615,
    "turnover": 0.159056803950673,
    "n_rebalances": 1251,
    "avg_holding_days": 10.0
   }
  }
 },
 "horizon_rank_ic": {
  "model": {
   "1": 0.013756116104382292,
   "2": 0.0201804307288046,
   "3": 0.024064091325972266,
   "4": 0.026920464643595203,
   "5": 0.03089176255952693,
   "6": 0.03374729898278956,
   "7": 0.03541724465395243,
   "8": 0.03721815625741519,
   "9": 0.040865461031902646,
   "10": 0.04523243316050271
  },
  "naive": {
   "1": -0.024424567796703194,
   "2": -0.02626379942141974,
   "3": -0.029326900132288003,
   "4": -0.028088593744848102,
   "5": -0.025536208581868745,
   "6": -0.026391278224704787,
   "7": -0.02363497354880376,
   "8": -0.023765467728975764,
   "9": -0.022822246156393708,
   "10": -0.022761192238155994
  }
 },
 "diagnostics": {
  "members_per_day": {
   "mean": 63.96003197442047,
   "min": 60,
   "max": 64
  },
  "members_per_generation": {
   "mean": 63.86,
   "min": 35,
   "max": 64
  },
  "dispersion": {
   "n_days": 1251,
   "mean": 0.4056313668296739,
   "p10": 0.20377808266163613,
   "p50": 0.41115445453483684,
   "p90": 0.5805491105439656
  },
  "member_rank_ic_1": {
   "n_slots": 64,
   "mean": 0.008151540316697879,
   "sd": 0.00458828620025799,
   "min": -0.0009815612850493564,
   "max": 0.01964232900488884,
   "mean_days_per_slot": 1236.625
  },
  "member_slots": [
   "island0_elite0",
   "island0_elite1",
   "island0_elite2",
   "island0_elite3",
   "island0_elite4",
   "island0_elite5",
   "island0_elite6",
   "island0_elite7",
   "island1_elite0",
   "island1_elite1",
   "island1_elite2",
   "island1_elite3",
   "island1_elite4",
   "island1_elite5",
   "island1_elite6",
   "island1_elite7",
   "island2_elite0",
   "island2_elite1",
   "island2_elite2",
   "island2_elite3",
   "island2_elite4",
   "island2_elite5",
   "island2_elite6",
   "island2_elite7",
   "island3_elite0",
   "island3_elite1",
   "island3_elite2",
   "island3_elite3",
   "island3_elite4",
   "island3_elite5",
   "island3_elite6",
   "island3_elite7",
   "island4_elite0",
   "island4_elite1",
   "island4_elite2",
   "island4_elite3",
   "island4_elite4",
   "island4_elite5",
   "island4_elite6",
   "island4_elite7",
   "island5_elite0",
   "island5_elite1",
   "island5_elite2",
   "island5_elite3",
   "island5_elite4",
   "island5_elite5",
   "island5_elite6",
   "island5_elite7",
   "island6_elite0",
   "island6_elite1",
   "island6_elite2",
   "island6_elite3",
   "island6_elite4",
   "island6_elite5",
   "island6_elite6",
   "island6_elite7",
   "island7_elite0",
   "island7_elite1",
   "island7_elite2",
   "island7_elite3",
   "island7_elite4",
   "island7_elite5",
   "island7_elite6",
   "island7_elite7"
  ],
  "member_rank_ic_1_by_slot": {
   "island0_elite0": {
    "rank_ic_1": 0.005774947900070009,
    "n_days": 1217
   },
   "island0_elite1": {
    "rank_ic_1": 0.005482581838611002,
    "n_days": 1238
   },
   "island0_elite2": {
    "rank_ic_1": 0.0047477801189871665,
    "n_days": 1240
   },
   "island0_elite3": {
    "rank_ic_1": 0.009428812484593168,
    "n_days": 1248
   },
   "island0_elite4": {
    "rank_ic_1": 0.0018491115363739468,
    "n_days": 1236
   },
   "island0_elite5": {
    "rank_ic_1": 0.009452659605755552,
    "n_days": 1244
   },
   "island0_elite6": {
    "rank_ic_1": 0.006784717919731036,
    "n_days": 1236
   },
   "island0_elite7": {
    "rank_ic_1": 0.003037751053093349,
    "n_days": 1246
   },
   "island1_elite0": {
    "rank_ic_1": 0.009564914775930702,
    "n_days": 1218
   },
   "island1_elite1": {
    "rank_ic_1": 0.004770388879257984,
    "n_days": 1234
   },
   "island1_elite2": {
    "rank_ic_1": 0.009044302391259963,
    "n_days": 1241
   },
   "island1_elite3": {
    "rank_ic_1": 0.008307701311155824,
    "n_days": 1237
   },
   "island1_elite4": {
    "rank_ic_1": 0.004562186593107885,
    "n_days": 1246
   },
   "island1_elite5": {
    "rank_ic_1": 0.0064232847426931,
    "n_days": 1242
   },
   "island1_elite6": {
    "rank_ic_1": 0.004853180412557935,
    "n_days": 1251
   },
   "island1_elite7": {
    "rank_ic_1": 0.00426558246487565,
    "n_days": 1246
   },
   "island2_elite0": {
    "rank_ic_1": 0.0026725899809061063,
    "n_days": 1211
   },
   "island2_elite1": {
    "rank_ic_1": 0.006710819799166775,
    "n_days": 1241
   },
   "island2_elite2": {
    "rank_ic_1": 0.009551445475686197,
    "n_days": 1231
   },
   "island2_elite3": {
    "rank_ic_1": 0.011521449958036138,
    "n_days": 1251
   },
   "island2_elite4": {
    "rank_ic_1": 0.011041713279272997,
    "n_days": 1231
   },
   "island2_elite5": {
    "rank_ic_1": 0.014682104484185216,
    "n_days": 1246
   },
   "island2_elite6": {
    "rank_ic_1": 0.011884310090026969,
    "n_days": 1238
   },
   "island2_elite7": {
    "rank_ic_1": 0.00885239060041993,
    "n_days": 1229
   },
   "island3_elite0": {
    "rank_ic_1": 0.006571128579138188,
    "n_days": 1237
   },
   "island3_elite1": {
    "rank_ic_1": 0.007199187390435324,
    "n_days": 1250
   },
   "island3_elite2": {
    "rank_ic_1": 0.0032949851092901536,
    "n_days": 1246
   },
   "island3_elite3": {
    "rank_ic_1": 0.006634390863323973,
    "n_days": 1236
   },
   "island3_elite4": {
    "rank_ic_1": 0.007200414255343216,
    "n_days": 1241
   },
   "island3_elite5": {
    "rank_ic_1": 0.00819372957202631,
    "n_days": 1241
   },
   "island3_elite6": {
    "rank_ic_1": 0.006852971004552163,
    "n_days": 1245
   },
   "island3_elite7": {
    "rank_ic_1": 0.011352340238311843,
    "n_days": 1246
   },
   "island4_elite0": {
    "rank_ic_1": 0.01964232900488884,
    "n_days": 1197
   },
   "island4_elite1": {
    "rank_ic_1": 0.01550879111886875,
    "n_days": 1246
   },
   "island4_elite2": {
    "rank_ic_1": 0.015407018106143845,
    "n_days": 1251
   },
   "island4_elite3": {
    "rank_ic_1": 0.0159244789764376,
    "n_days": 1240
   },
   "island4_elite4": {
    "rank_ic_1": 0.014603900938357416,
    "n_days": 1232
   },
   "island4_elite5": {
    "rank_ic_1": 0.013830639336819602,
    "n_days": 1232
   },
   "island4_elite6": {
    "rank_ic_1": 0.018224448003672008,
    "n_days": 1207
   },
   "island4_elite7": {
    "rank_ic_1": 0.01752130703008139,
    "n_days": 1219
   },
   "island5_elite0": {
    "rank_ic_1": 0.004523360221451912,
    "n_days": 1226
   },
   "island5_elite1": {
    "rank_ic_1": 0.006721038130916359,
    "n_days": 1226
   },
   "island5_elite2": {
    "rank_ic_1": 0.0014952381756054062,
    "n_days": 1232
   },
   "island5_elite3": {
    "rank_ic_1": 0.005548869451687055,
    "n_days": 1236
   },
   "island5_elite4": {
    "rank_ic_1": 0.004293886127067815,
    "n_days": 1241
   },
   "island5_elite5": {
    "rank_ic_1": -0.0009815612850493564,
    "n_days": 1243
   },
   "island5_elite6": {
    "rank_ic_1": 0.001099702650339722,
    "n_days": 1236
   },
   "island5_elite7": {
    "rank_ic_1": 0.0042431714738496145,
    "n_days": 1206
   },
   "island6_elite0": {
    "rank_ic_1": 0.010831902820876253,
    "n_days": 1236
   },
   "island6_elite1": {
    "rank_ic_1": 0.00819406017169179,
    "n_days": 1235
   },
   "island6_elite2": {
    "rank_ic_1": 0.010950253179307054,
    "n_days": 1233
   },
   "island6_elite3": {
    "rank_ic_1": 0.011272339027736392,
    "n_days": 1246
   },
   "island6_elite4": {
    "rank_ic_1": 0.011131031230924134,
    "n_days": 1236
   },
   "island6_elite5": {
    "rank_ic_1": 0.011537809677496224,
    "n_days": 1236
   },
   "island6_elite6": {
    "rank_ic_1": 0.015773803224801784,
    "n_days": 1231
   },
   "island6_elite7": {
    "rank_ic_1": 0.013445517394581812,
    "n_days": 1205
   },
   "island7_elite0": {
    "rank_ic_1": 0.005206174593881621,
    "n_days": 1227
   },
   "island7_elite1": {
    "rank_ic_1": 0.003238054747644386,
    "n_days": 1251
   },
   "island7_elite2": {
    "rank_ic_1": 0.005150175470082166,
    "n_days": 1251
   },
   "island7_elite3": {
    "rank_ic_1": 0.005901092426584032,
    "n_days": 1251
   },
   "island7_elite4": {
    "rank_ic_1": 0.004529201022480224,
    "n_days": 1251
   },
   "island7_elite5": {
    "rank_ic_1": 0.006545335017688465,
    "n_days": 1251
   },
   "island7_elite6": {
    "rank_ic_1": 0.003758642109486671,
    "n_days": 1251
   },
   "island7_elite7": {
    "rank_ic_1": 0.004060695984087537,
    "n_days": 1243
   }
  },
  "day_pooled_mean_member_rank_ic_1": 0.008124417783166167,
  "ensemble_rank_ic_1": 0.013756116104382292,
  "ensemble_minus_mean_member": 0.005631698321216124,
  "dropped_member_days": 0,
  "incomplete_member_rows": 0,
  "global_best_matched_days": 1146
 }
}
