# tuning on 2016-01-04..2019-12-31 (1006 days), 240 configs, objective = mean daily rank IC
#   {"cs_demean": false, "cs_demean_y": false, "delta": 0.001, "lags": 1, "lam": 1.0}  val rank IC +0.01389  (0.2s)
#   {"cs_demean": false, "cs_demean_y": true, "delta": 0.001, "lags": 1, "lam": 1.0}  val rank IC +0.01808  (0.2s)
#   {"cs_demean": true, "cs_demean_y": false, "delta": 0.001, "lags": 1, "lam": 1.0}  val rank IC +0.01699  (0.2s)
#   {"cs_demean": true, "cs_demean_y": true, "delta": 0.001, "lags": 1, "lam": 1.0}  val rank IC +0.01699  (0.2s)
#   {"cs_demean": false, "cs_demean_y": false, "delta": 0.001, "lags": 2, "lam": 1.0}  val rank IC +0.01462  (0.2s)
#   {"cs_demean": false, "cs_demean_y": true, "delta": 0.001, "lags": 2, "lam": 1.0}  val rank IC +0.01515  (0.3s)
#   {"cs_demean": true, "cs_demean_y": false, "delta": 0.001, "lags": 2, "lam": 1.0}  val rank IC +0.01568  (0.3s)
#   {"cs_demean": true, "cs_demean_y": true, "delta": 0.001, "lags": 2, "lam": 1.0}  val rank IC +0.01568  (0.3s)
#   {"cs_demean": false, "cs_demean_y": false, "delta": 0.001, "lags": 3, "lam": 1.0}  val rank IC +0.00806  (0.3s)
#   {"cs_demean": false, "cs_demean_y": true, "delta": 0.001, "lags": 3, "lam": 1.0}  val rank IC +0.01155  (0.3s)
#   {"cs_demean": true, "cs_demean_y": false, "delta": 0.001, "lags": 3, "lam": 1.0}  val rank IC +0.01291  (0.3s)
#   {"cs_demean": true, "cs_demean_y": true, "delta": 0.001, "lags": 3, "lam": 1.0}  val rank IC +0.01291  (0.3s)
#   {"cs_demean": false, "cs_demean_y": false, "delta": 0.01, "lags": 1, "lam": 1.0}  val rank IC +0.01394  (0.2s)
#   {"cs_demean": false, "cs_demean_y": true, "delta": 0.01, "lags": 1, "lam": 1.0}  val rank IC +0.01805  (0.2s)
#   {"cs_demean": true, "cs_demean_y": false, "delta": 0.01, "lags": 1, "lam": 1.0}  val rank IC +0.01707  (0.2s)
#   {"cs_demean": true, "cs_demean_y": true, "delta": 0.01, "lags": 1, "lam": 1.0}  val rank IC +0.01707  (0.2s)
#   {"cs_demean": false, "cs_demean_y": false, "delta": 0.01, "lags": 2, "lam": 1.0}  val rank IC +0.01434  (0.2s)
#   {"cs_demean": false, "cs_demean_y": true, "delta": 0.01, "lags": 2, "lam": 1.0}  val rank IC +0.01501  (0.3s)
#   {"cs_demean": true, "cs_demean_y": false, "delta": 0.01, "lags": 2, "lam": 1.0}  val rank IC +0.01530  (0.3s)
#   {"cs_demean": true, "cs_demean_y": true, "delta": 0.01, "lags": 2, "lam": 1.0}  val rank IC +0.01530  (0.3s)
#   {"cs_demean": false, "cs_demean_y": false, "delta": 0.01, "lags": 3, "lam": 1.0}  val rank IC +0.00837  (0.3s)
#   {"cs_demean": false, "cs_demean_y": true, "delta": 0.01, "lags": 3, "lam": 1.0}  val rank IC +0.01151  (0.3s)
#   {"cs_demean": true, "cs_demean_y": false, "delta": 0.01, "lags": 3, "lam": 1.0}  val rank IC +0.01274  (0.3s)
#   {"cs_demean": true, "cs_demean_y": true, "delta": 0.01, "lags": 3, "lam": 1.0}  val rank IC +0.01274  (0.4s)
#   {"cs_demean": false, "cs_demean_y": false, "delta": 0.1, "lags": 1, "lam": 1.0}  val rank IC +0.01433  (0.2s)
#   {"cs_demean": false, "cs_demean_y": true, "delta": 0.1, "lags": 1, "lam": 1.0}  val rank IC +0.01762  (0.2s)
#   {"cs_demean": true, "cs_demean_y": false, "delta": 0.1, "lags": 1, "lam": 1.0}  val rank IC +0.01679  (0.2s)
#   {"cs_demean": true, "cs_demean_y": true, "delta": 0.1, "lags": 1, "lam": 1.0}  val rank IC +0.01679  (0.2s)
#   {"cs_demean": false, "cs_demean_y": false, "delta": 0.1, "lags": 2, "lam": 1.0}  val rank IC +0.01362  (0.3s)
#   {"cs_demean": false, "cs_demean_y": true, "delta": 0.1, "lags": 2, "lam": 1.0}  val rank IC +0.01483  (0.3s)
#   {"cs_demean": true, "cs_demean_y": false, "delta": 0.1, "lags": 2, "lam": 1.0}  val rank IC +0.01478  (0.3s)
#   {"cs_demean": true, "cs_demean_y": true, "delta": 0.1, "lags": 2, "lam": 1.0}  val rank IC +0.01478  (0.3s)
#   {"cs_demean": false, "cs_demean_y": false, "delta": 0.1, "lags": 3, "lam": 1.0}  val rank IC +0.00900  (0.3s)
#   {"cs_demean": false, "cs_demean_y": true, "delta": 0.1, "lags": 3, "lam": 1.0}  val rank IC +0.01153  (0.3s)
#   {"cs_demean": true, "cs_demean_y": false, "delta": 0.1, "lags": 3, "lam": 1.0}  val rank IC +0.01245  (0.3s)
#   {"cs_demean": true, "cs_demean_y": true, "delta": 0.1, "lags": 3, "lam": 1.0}  val rank IC +0.01245  (0.3s)
#   {"cs_demean": false, "cs_demean_y": false, "delta": 1.0, "lags": 1, "lam": 1.0}  val rank IC +0.01401  (0.2s)
#   {"cs_demean": false, "cs_demean_y": true, "delta": 1.0, "lags": 1, "lam": 1.0}  val rank IC +0.01649  (0.2s)
#   {"cs_demean": true, "cs_demean_y": false, "delta": 1.0, "lags": 1, "lam": 1.0}  val rank IC +0.01620  (0.2s)
#   {"cs_demean": true, "cs_demean_y": true, "delta": 1.0, "lags": 1, "lam": 1.0}  val rank IC +0.01620  (0.2s)
#   {"cs_demean": false, "cs_demean_y": false, "delta": 1.0, "lags": 2, "lam": 1.0}  val rank IC +0.01108  (0.2s)
#   {"cs_demean": false, "cs_demean_y": true, "delta": 1.0, "lags": 2, "lam": 1.0}  val rank IC +0.01295  (0.3s)
#   {"cs_demean": true, "cs_demean_y": false, "delta": 1.0, "lags": 2, "lam": 1.0}  val rank IC +0.01244  (0.3s)
#   {"cs_demean": true, "cs_demean_y": true, "delta": 1.0, "lags": 2, "lam": 1.0}  val rank IC +0.01244  (0.3s)
#   {"cs_demean": false, "cs_demean_y": false, "delta": 1.0, "lags": 3, "lam": 1.0}  val rank IC +0.01081  (0.3s)
#   {"cs_demean": false, "cs_demean_y": true, "delta": 1.0, "lags": 3, "lam": 1.0}  val rank IC +0.00975  (0.3s)
#   {"cs_demean": true, "cs_demean_y": false, "delta": 1.0, "lags": 3, "lam": 1.0}  val rank IC +0.00985  (0.4s)
#   {"cs_demean": true, "cs_demean_y": true, "delta": 1.0, "lags": 3, "lam": 1.0}  val rank IC +0.00985  (0.3s)
#   {"cs_demean": false, "cs_demean_y": false, "delta": 0.001, "lags": 1, "lam": 0.999}  val rank IC +0.00314  (0.2s)
#   {"cs_demean": false, "cs_demean_y": true, "delta": 0.001, "lags": 1, "lam": 0.999}  val rank IC +0.00961  (0.2s)
#   {"cs_demean": true, "cs_demean_y": false, "delta": 0.001, "lags": 1, "lam": 0.999}  val rank IC +0.00932  (0.2s)
#   {"cs_demean": true, "cs_demean_y": true, "delta": 0.001, "lags": 1, "lam": 0.999}  val rank IC +0.00932  (0.2s)
#   {"cs_demean": false, "cs_demean_y": false, "delta": 0.001, "lags": 2, "lam": 0.999}  val rank IC +0.00488  (0.3s)
#   {"cs_demean": false, "cs_demean_y": true, "delta": 0.001, "lags": 2, "lam": 0.999}  val rank IC +0.00776  (0.3s)
#   {"cs_demean": true, "cs_demean_y": false, "delta": 0.001, "lags": 2, "lam": 0.999}  val rank IC +0.00966  (0.3s)
#   {"cs_demean": true, "cs_demean_y": true, "delta": 0.001, "lags": 2, "lam": 0.999}  val rank IC +0.00966  (0.3s)
#   {"cs_demean": false, "cs_demean_y": false, "delta": 0.001, "lags": 3, "lam": 0.999}  val rank IC +0.00412  (0.3s)
#   {"cs_demean": false, "cs_demean_y": true, "delta": 0.001, "lags": 3, "lam": 0.999}  val rank IC +0.00542  (0.3s)
#   {"cs_demean": true, "cs_demean_y": false, "delta": 0.001, "lags": 3, "lam": 0.999}  val rank IC +0.00699  (0.3s)
#   {"cs_demean": true, "cs_demean_y": true, "delta": 0.001, "lags": 3, "lam": 0.999}  val rank IC +0.00699  (0.3s)
#   {"cs_demean": false, "cs_demean_y": false, "delta": 0.01, "lags": 1, "lam": 0.999}  val rank IC +0.00344  (0.2s)
#   {"cs_demean": false, "cs_demean_y": true, "delta": 0.01, "lags": 1, "lam": 0.999}  val rank IC +0.00962  (0.2s)
#   {"cs_demean": true, "cs_demean_y": false, "delta": 0.01, "lags": 1, "lam": 0.999}  val rank IC +0.00935  (0.2s)
#   {"cs_demean": true, "cs_demean_y": true, "delta": 0.01, "lags": 1, "lam": 0.999}  val rank IC +0.00935  (0.2s)
#   {"cs_demean": false, "cs_demean_y": false, "delta": 0.01, "lags": 2, "lam": 0.999}  val rank IC +0.00490  (0.2s)
#   {"cs_demean": false, "cs_demean_y": true, "delta": 0.01, "lags": 2, "lam": 0.999}  val rank IC +0.00753  (0.3s)
#   {"cs_demean": true, "cs_demean_y": false, "delta": 0.01, "lags": 2, "lam": 0.999}  val rank IC +0.00973  (0.3s)
#   {"cs_demean": true, "cs_demean_y": true, "delta": 0.01, "lags": 2, "lam": 0.999}  val rank IC +0.00973  (0.3s)
#   {"cs_demean": false, "cs_demean_y": false, "delta": 0.01, "lags": 3, "lam": 0.999}  val rank IC +0.00438  (0.3s)
#   {"cs_demean": false, "cs_demean_y": true, "delta": 0.01, "lags": 3, "lam": 0.999}  val rank IC +0.00545  (0.3s)
#   {"cs_demean": true, "cs_demean_y": false, "delta": 0.01, "lags": 3, "lam": 0.999}  val rank IC +0.00673  (0.3s)
#   {"cs_demean": true, "cs_demean_y": true, "delta": 0.01, "lags": 3, "lam": 0.999}  val rank IC +0.00673  (0.3s)
#   {"cs_demean": false, "cs_demean_y": false, "delta": 0.1, "lags": 1, "lam": 0.999}  val rank IC +0.00473  (0.2s)
#   {"cs_demean": false, "cs_demean_y": true, "delta": 0.1, "lags": 1, "lam": 0.999}  val rank IC +0.00853  (0.2s)
#   {"cs_demean": true, "cs_demean_y": false, "delta": 0.1, "lags": 1, "lam": 0.999}  val rank IC +0.00820  (0.2s)
#   {"cs_demean": true, "cs_demean_y": true, "delta": 0.1, "lags": 1, "lam": 0.999}  val rank IC +0.00820  (0.2s)
#   {"cs_demean": false, "cs_demean_y": false, "delta": 0.1, "lags": 2, "lam": 0.999}  val rank IC +0.00345  (0.2s)
#   {"cs_demean": false, "cs_demean_y": true, "delta": 0.1, "lags": 2, "lam": 0.999}  val rank IC +0.00712  (0.3s)
#   {"cs_demean": true, "cs_demean_y": false, "delta": 0.1, "lags": 2, "lam": 0.999}  val rank IC +0.00947  (0.3s)
#   {"cs_demean": true, "cs_demean_y": true, "delta": 0.1, "lags": 2, "lam": 0.999}  val rank IC +0.00947  (0.3s)
#   {"cs_demean": false, "cs_demean_y": false, "delta": 0.1, "lags": 3, "lam": 0.999}  val rank IC +0.00322  (0.3s)
#   {"cs_demean": false, "cs_demean_y": true, "delta": 0.1, "lags": 3, "lam": 0.999}  val rank IC +0.00495  (0.3s)
#   {"cs_demean": true, "cs_demean_y": false, "delta": 0.1, "lags": 3, "lam": 0.999}  val rank IC +0.00631  (0.3s)
#   {"cs_demean": true, "cs_demean_y": true, "delta": 0.1, "lags": 3, "lam": 0.999}  val rank IC +0.00631  (0.4s)
#   {"cs_demean": false, "cs_demean_y": false, "delta": 1.0, "lags": 1, "lam": 0.999}  val rank IC +0.00778  (0.2s)
#   {"cs_demean": false, "cs_demean_y": true, "delta": 1.0, "lags": 1, "lam": 0.999}  val rank IC +0.00562  (0.2s)
#   {"cs_demean": true, "cs_demean_y": false, "delta": 1.0, "lags": 1, "lam": 0.999}  val rank IC +0.00557  (0.2s)
#   {"cs_demean": true, "cs_demean_y": true, "delta": 1.0, "lags": 1, "lam": 0.999}  val rank IC +0.00557  (0.2s)
#   {"cs_demean": false, "cs_demean_y": false, "delta": 1.0, "lags": 2, "lam": 0.999}  val rank IC +0.00115  (0.3s)
#   {"cs_demean": false, "cs_demean_y": true, "delta": 1.0, "lags": 2, "lam": 0.999}  val rank IC +0.00627  (0.3s)
#   {"cs_demean": true, "cs_demean_y": false, "delta": 1.0, "lags": 2, "lam": 0.999}  val rank IC +0.00669  (0.3s)
#   {"cs_demean": true, "cs_demean_y": true, "delta": 1.0, "lags": 2, "lam": 0.999}  val rank IC +0.00669  (0.4s)
#   {"cs_demean": false, "cs_demean_y": false, "delta": 1.0, "lags": 3, "lam": 0.999}  val rank IC +0.00158  (0.3s)
#   {"cs_demean": false, "cs_demean_y": true, "delta": 1.0, "lags": 3, "lam": 0.999}  val rank IC +0.00215  (0.3s)
#   {"cs_demean": true, "cs_demean_y": false, "delta": 1.0, "lags": 3, "lam": 0.999}  val rank IC +0.00308  (0.3s)
#   {"cs_demean": true, "cs_demean_y": true, "delta": 1.0, "lags": 3, "lam": 0.999}  val rank IC +0.00308  (0.4s)
#   {"cs_demean": false, "cs_demean_y": false, "delta": 0.001, "lags": 1, "lam": 0.995}  val rank IC -0.00197  (0.2s)
#   {"cs_demean": false, "cs_demean_y": true, "delta": 0.001, "lags": 1, "lam": 0.995}  val rank IC -0.00441  (0.2s)
#   {"cs_demean": true, "cs_demean_y": false, "delta": 0.001, "lags": 1, "lam": 0.995}  val rank IC -0.00467  (0.2s)
#   {"cs_demean": true, "cs_demean_y": true, "delta": 0.001, "lags": 1, "lam": 0.995}  val rank IC -0.00467  (0.2s)
#   {"cs_demean": false, "cs_demean_y": false, "delta": 0.001, "lags": 2, "lam": 0.995}  val rank IC -0.00166  (0.2s)
#   {"cs_demean": false, "cs_demean_y": true, "delta": 0.001, "lags": 2, "lam": 0.995}  val rank IC -0.00418  (0.3s)
#   {"cs_demean": true, "cs_demean_y": false, "delta": 0.001, "lags": 2, "lam": 0.995}  val rank IC -0.00334  (0.3s)
#   {"cs_demean": true, "cs_demean_y": true, "delta": 0.001, "lags": 2, "lam": 0.995}  val rank IC -0.00334  (0.3s)
#   {"cs_demean": false, "cs_demean_y": false, "delta": 0.001, "lags": 3, "lam": 0.995}  val rank IC +0.00149  (0.3s)
#   {"cs_demean": false, "cs_demean_y": true, "delta": 0.001, "lags": 3, "lam": 0.995}  val rank IC -0.00181  (0.3s)
#   {"cs_demean": true, "cs_demean_y": false, "delta": 0.001, "lags": 3, "lam": 0.995}  val rank IC -0.00122  (0.3s)
#   {"cs_demean": true, "cs_demean_y": true, "delta": 0.001, "lags": 3, "lam": 0.995}  val rank IC -0.00122  (0.3s)
#   {"cs_demean": false, "cs_demean_y": false, "delta": 0.01, "lags": 1, "lam": 0.995}  val rank IC -0.00239  (0.2s)
#   {"cs_demean": false, "cs_demean_y": true, "delta": 0.01, "lags": 1, "lam": 0.995}  val rank IC -0.00461  (0.2s)
#   {"cs_demean": true, "cs_demean_y": false, "delta": 0.01, "lags": 1, "lam": 0.995}  val rank IC -0.00447  (0.2s)
#   {"cs_demean": true, "cs_demean_y": true, "delta": 0.01, "lags": 1, "lam": 0.995}  val rank IC -0.00447  (0.2s)
#   {"cs_demean": false, "cs_demean_y": false, "delta": 0.01, "lags": 2, "lam": 0.995}  val rank IC -0.00204  (0.2s)
#   {"cs_demean": false, "cs_demean_y": true, "delta": 0.01, "lags": 2, "lam": 0.995}  val rank IC -0.00529  (0.3s)
#   {"cs_demean": true, "cs_demean_y": false, "delta": 0.01, "lags": 2, "lam": 0.995}  val rank IC -0.00482  (0.3s)
#   {"cs_demean": true, "cs_demean_y": true, "delta": 0.01, "lags": 2, "lam": 0.995}  val rank IC -0.00482  (0.3s)
#   {"cs_demean": false, "cs_demean_y": false, "delta": 0.01, "lags": 3, "lam": 0.995}  val rank IC +0.00128  (0.3s)
#   {"cs_demean": false, "cs_demean_y": true, "delta": 0.01, "lags": 3, "lam": 0.995}  val rank IC -0.00372  (0.3s)
#   {"cs_demean": true, "cs_demean_y": false, "delta": 0.01, "lags": 3, "lam": 0.995}  val rank IC -0.00341  (0.3s)
#   {"cs_demean": true, "cs_demean_y": true, "delta": 0.01, "lags": 3, "lam": 0.995}  val rank IC -0.00341  (0.3s)
#   {"cs_demean": false, "cs_demean_y": false, "delta": 0.1, "lags": 1, "lam": 0.995}  val rank IC -0.00471  (0.2s)
#   {"cs_demean": false, "cs_demean_y": true, "delta": 0.1, "lags": 1, "lam": 0.995}  val rank IC -0.00571  (0.2s)
#   {"cs_demean": true, "cs_demean_y": false, "delta": 0.1, "lags": 1, "lam": 0.995}  val rank IC -0.00477  (0.2s)
#   {"cs_demean": true, "cs_demean_y": true, "delta": 0.1, "lags": 1, "lam": 0.995}  val rank IC -0.00477  (0.2s)
#   {"cs_demean": false, "cs_demean_y": false, "delta": 0.1, "lags": 2, "lam": 0.995}  val rank IC -0.00619  (0.2s)
#   {"cs_demean": false, "cs_demean_y": true, "delta": 0.1, "lags": 2, "lam": 0.995}  val rank IC -0.00770  (0.3s)
#   {"cs_demean": true, "cs_demean_y": false, "delta": 0.1, "lags": 2, "lam": 0.995}  val rank IC -0.00671  (0.3s)
#   {"cs_demean": true, "cs_demean_y": true, "delta": 0.1, "lags": 2, "lam": 0.995}  val rank IC -0.00671  (0.3s)
#   {"cs_demean": false, "cs_demean_y": false, "delta": 0.1, "lags": 3, "lam": 0.995}  val rank IC -0.00252  (0.3s)
#   {"cs_demean": false, "cs_demean_y": true, "delta": 0.1, "lags": 3, "lam": 0.995}  val rank IC -0.01038  (0.3s)
#   {"cs_demean": true, "cs_demean_y": false, "delta": 0.1, "lags": 3, "lam": 0.995}  val rank IC -0.00880  (0.3s)
#   {"cs_demean": true, "cs_demean_y": true, "delta": 0.1, "lags": 3, "lam": 0.995}  val rank IC -0.00880  (0.3s)
#   {"cs_demean": false, "cs_demean_y": false, "delta": 1.0, "lags": 1, "lam": 0.995}  val rank IC -0.00561  (0.2s)
#   {"cs_demean": false, "cs_demean_y": true, "delta": 1.0, "lags": 1, "lam": 0.995}  val rank IC -0.00691  (0.2s)
#   {"cs_demean": true, "cs_demean_y": false, "delta": 1.0, "lags": 1, "lam": 0.995}  val rank IC -0.00670  (0.2s)
#   {"cs_demean": true, "cs_demean_y": true, "delta": 1.0, "lags": 1, "lam": 0.995}  val rank IC -0.00670  (0.2s)
#   {"cs_demean": false, "cs_demean_y": false, "delta": 1.0, "lags": 2, "lam": 0.995}  val rank IC -0.01118  (0.2s)
#   {"cs_demean": false, "cs_demean_y": true, "delta": 1.0, "lags": 2, "lam": 0.995}  val rank IC -0.00947  (0.3s)
#   {"cs_demean": true, "cs_demean_y": false, "delta": 1.0, "lags": 2, "lam": 0.995}  val rank IC -0.00812  (0.3s)
#   {"cs_demean": true, "cs_demean_y": true, "delta": 1.0, "lags": 2, "lam": 0.995}  val rank IC -0.00812  (0.3s)
#   {"cs_demean": false, "cs_demean_y": false, "delta": 1.0, "lags": 3, "lam": 0.995}  val rank IC -0.00913  (0.3s)
#   {"cs_demean": false, "cs_demean_y": true, "delta": 1.0, "lags": 3, "lam": 0.995}  val rank IC -0.01098  (0.3s)
#   {"cs_demean": true, "cs_demean_y": false, "delta": 1.0, "lags": 3, "lam": 0.995}  val rank IC -0.00996  (0.3s)
#   {"cs_demean": true, "cs_demean_y": true, "delta": 1.0, "lags": 3, "lam": 0.995}  val rank IC -0.00996  (0.3s)
#   {"cs_demean": false, "cs_demean_y": false, "delta": 0.001, "lags": 1, "lam": 0.99}  val rank IC -0.00315  (0.2s)
#   {"cs_demean": false, "cs_demean_y": true, "delta": 0.001, "lags": 1, "lam": 0.99}  val rank IC -0.00503  (0.2s)
#   {"cs_demean": true, "cs_demean_y": false, "delta": 0.001, "lags": 1, "lam": 0.99}  val rank IC -0.00474  (0.2s)
#   {"cs_demean": true, "cs_demean_y": true, "delta": 0.001, "lags": 1, "lam": 0.99}  val rank IC -0.00474  (0.2s)
#   {"cs_demean": false, "cs_demean_y": false, "delta": 0.001, "lags": 2, "lam": 0.99}  val rank IC -0.00314  (0.2s)
#   {"cs_demean": false, "cs_demean_y": true, "delta": 0.001, "lags": 2, "lam": 0.99}  val rank IC -0.00588  (0.3s)
#   {"cs_demean": true, "cs_demean_y": false, "delta": 0.001, "lags": 2, "lam": 0.99}  val rank IC -0.00515  (0.3s)
#   {"cs_demean": true, "cs_demean_y": true, "delta": 0.001, "lags": 2, "lam": 0.99}  val rank IC -0.00515  (0.3s)
#   {"cs_demean": false, "cs_demean_y": false, "delta": 0.001, "lags": 3, "lam": 0.99}  val rank IC +0.00189  (0.3s)
#   {"cs_demean": false, "cs_demean_y": true, "delta": 0.001, "lags": 3, "lam": 0.99}  val rank IC -0.00221  (0.3s)
#   {"cs_demean": true, "cs_demean_y": false, "delta": 0.001, "lags": 3, "lam": 0.99}  val rank IC -0.00166  (0.3s)
#   {"cs_demean": true, "cs_demean_y": true, "delta": 0.001, "lags": 3, "lam": 0.99}  val rank IC -0.00166  (0.4s)
#   {"cs_demean": false, "cs_demean_y": false, "delta": 0.01, "lags": 1, "lam": 0.99}  val rank IC -0.00321  (0.2s)
#   {"cs_demean": false, "cs_demean_y": true, "delta": 0.01, "lags": 1, "lam": 0.99}  val rank IC -0.00496  (0.2s)
#   {"cs_demean": true, "cs_demean_y": false, "delta": 0.01, "lags": 1, "lam": 0.99}  val rank IC -0.00478  (0.2s)
#   {"cs_demean": true, "cs_demean_y": true, "delta": 0.01, "lags": 1, "lam": 0.99}  val rank IC -0.00478  (0.2s)
#   {"cs_demean": false, "cs_demean_y": false, "delta": 0.01, "lags": 2, "lam": 0.99}  val rank IC -0.00354  (0.2s)
#   {"cs_demean": false, "cs_demean_y": true, "delta": 0.01, "lags": 2, "lam": 0.99}  val rank IC -0.00588  (0.3s)
#   {"cs_demean": true, "cs_demean_y": false, "delta": 0.01, "lags": 2, "lam": 0.99}  val rank IC -0.00513  (0.3s)
#   {"cs_demean": true, "cs_demean_y": true, "delta": 0.01, "lags": 2, "lam": 0.99}  val rank IC -0.00513  (0.3s)
#   {"cs_demean": false, "cs_demean_y": false, "delta": 0.01, "lags": 3, "lam": 0.99}  val rank IC +0.00174  (0.3s)
#   {"cs_demean": false, "cs_demean_y": true, "delta": 0.01, "lags": 3, "lam": 0.99}  val rank IC -0.00383  (0.3s)
#   {"cs_demean": true, "cs_demean_y": false, "delta": 0.01, "lags": 3, "lam": 0.99}  val rank IC -0.00359  (0.3s)
#   {"cs_demean": true, "cs_demean_y": true, "delta": 0.01, "lags": 3, "lam": 0.99}  val rank IC -0.00359  (0.3s)
#   {"cs_demean": false, "cs_demean_y": false, "delta": 0.1, "lags": 1, "lam": 0.99}  val rank IC -0.00569  (0.2s)
#   {"cs_demean": false, "cs_demean_y": true, "delta": 0.1, "lags": 1, "lam": 0.99}  val rank IC -0.00551  (0.2s)
#   {"cs_demean": true, "cs_demean_y": false, "delta": 0.1, "lags": 1, "lam": 0.99}  val rank IC -0.00504  (0.2s)
#   {"cs_demean": true, "cs_demean_y": true, "delta": 0.1, "lags": 1, "lam": 0.99}  val rank IC -0.00504  (0.2s)
#   {"cs_demean": false, "cs_demean_y": false, "delta": 0.1, "lags": 2, "lam": 0.99}  val rank IC -0.00770  (0.2s)
#   {"cs_demean": false, "cs_demean_y": true, "delta": 0.1, "lags": 2, "lam": 0.99}  val rank IC -0.00824  (0.3s)
#   {"cs_demean": true, "cs_demean_y": false, "delta": 0.1, "lags": 2, "lam": 0.99}  val rank IC -0.00739  (0.3s)
#   {"cs_demean": true, "cs_demean_y": true, "delta": 0.1, "lags": 2, "lam": 0.99}  val rank IC -0.00739  (0.3s)
#   {"cs_demean": false, "cs_demean_y": false, "delta": 0.1, "lags": 3, "lam": 0.99}  val rank IC -0.00447  (0.3s)
#   {"cs_demean": false, "cs_demean_y": true, "delta": 0.1, "lags": 3, "lam": 0.99}  val rank IC -0.00902  (0.3s)
#   {"cs_demean": true, "cs_demean_y": false, "delta": 0.1, "lags": 3, "lam": 0.99}  val rank IC -0.00809  (0.3s)
#   {"cs_demean": true, "cs_demean_y": true, "delta": 0.1, "lags": 3, "lam": 0.99}  val rank IC -0.00809  (0.3s)
#   {"cs_demean": false, "cs_demean_y": false, "delta": 1.0, "lags": 1, "lam": 0.99}  val rank IC -0.00638  (0.2s)
#   {"cs_demean": false, "cs_demean_y": true, "delta": 1.0, "lags": 1, "lam": 0.99}  val rank IC -0.00688  (0.2s)
#   {"cs_demean": true, "cs_demean_y": false, "delta": 1.0, "lags": 1, "lam": 0.99}  val rank IC -0.00650  (0.2s)
#   {"cs_demean": true, "cs_demean_y": true, "delta": 1.0, "lags": 1, "lam": 0.99}  val rank IC -0.00650  (0.2s)
#   {"cs_demean": false, "cs_demean_y": false, "delta": 1.0, "lags": 2, "lam": 0.99}  val rank IC -0.01249  (0.2s)
#   {"cs_demean": false, "cs_demean_y": true, "delta": 1.0, "lags": 2, "lam": 0.99}  val rank IC -0.00904  (0.3s)
#   {"cs_demean": true, "cs_demean_y": false, "delta": 1.0, "lags": 2, "lam": 0.99}  val rank IC -0.00827  (0.3s)
#   {"cs_demean": true, "cs_demean_y": true, "delta": 1.0, "lags": 2, "lam": 0.99}  val rank IC -0.00827  (0.3s)
#   {"cs_demean": false, "cs_demean_y": false, "delta": 1.0, "lags": 3, "lam": 0.99}  val rank IC -0.01055  (0.3s)
#   {"cs_demean": false, "cs_demean_y": true, "delta": 1.0, "lags": 3, "lam": 0.99}  val rank IC -0.00935  (0.3s)
#   {"cs_demean": true, "cs_demean_y": false, "delta": 1.0, "lags": 3, "lam": 0.99}  val rank IC -0.00884  (0.3s)
#   {"cs_demean": true, "cs_demean_y": true, "delta": 1.0, "lags": 3, "lam": 0.99}  val rank IC -0.00884  (0.3s)
#   {"cs_demean": false, "cs_demean_y": false, "delta": 0.001, "lags": 1, "lam": 0.98}  val rank IC -0.00401  (0.2s)
#   {"cs_demean": false, "cs_demean_y": true, "delta": 0.001, "lags": 1, "lam": 0.98}  val rank IC -0.00132  (0.2s)
#   {"cs_demean": true, "cs_demean_y": false, "delta": 0.001, "lags": 1, "lam": 0.98}  val rank IC -0.00049  (0.2s)
#   {"cs_demean": true, "cs_demean_y": true, "delta": 0.001, "lags": 1, "lam": 0.98}  val rank IC -0.00049  (0.2s)
#   {"cs_demean": false, "cs_demean_y": false, "delta": 0.001, "lags": 2, "lam": 0.98}  val rank IC -0.00169  (0.2s)
#   {"cs_demean": false, "cs_demean_y": true, "delta": 0.001, "lags": 2, "lam": 0.98}  val rank IC -0.00178  (0.3s)
#   {"cs_demean": true, "cs_demean_y": false, "delta": 0.001, "lags": 2, "lam": 0.98}  val rank IC -0.00195  (0.3s)
#   {"cs_demean": true, "cs_demean_y": true, "delta": 0.001, "lags": 2, "lam": 0.98}  val rank IC -0.00195  (0.3s)
#   {"cs_demean": false, "cs_demean_y": false, "delta": 0.001, "lags": 3, "lam": 0.98}  val rank IC +0.00279  (0.3s)
#   {"cs_demean": false, "cs_demean_y": true, "delta": 0.001, "lags": 3, "lam": 0.98}  val rank IC +0.00128  (0.3s)
#   {"cs_demean": true, "cs_demean_y": false, "delta": 0.001, "lags": 3, "lam": 0.98}  val rank IC +0.00155  (0.3s)
#   {"cs_demean": true, "cs_demean_y": true, "delta": 0.001, "lags": 3, "lam": 0.98}  val rank IC +0.00155  (0.3s)
#   {"cs_demean": false, "cs_demean_y": false, "delta": 0.01, "lags": 1, "lam": 0.98}  val rank IC -0.00406  (0.2s)
#   {"cs_demean": false, "cs_demean_y": true, "delta": 0.01, "lags": 1, "lam": 0.98}  val rank IC -0.00121  (0.3s)
#   {"cs_demean": true, "cs_demean_y": false, "delta": 0.01, "lags": 1, "lam": 0.98}  val rank IC -0.00023  (0.5s)
#   {"cs_demean": true, "cs_demean_y": true, "delta": 0.01, "lags": 1, "lam": 0.98}  val rank IC -0.00023  (0.6s)
#   {"cs_demean": false, "cs_demean_y": false, "delta": 0.01, "lags": 2, "lam": 0.98}  val rank IC -0.00188  (0.6s)
#   {"cs_demean": false, "cs_demean_y": true, "delta": 0.01, "lags": 2, "lam": 0.98}  val rank IC -0.00269  (0.6s)
#   {"cs_demean": true, "cs_demean_y": false, "delta": 0.01, "lags": 2, "lam": 0.98}  val rank IC -0.00276  (0.6s)
#   {"cs_demean": true, "cs_demean_y": true, "delta": 0.01, "lags": 2, "lam": 0.98}  val rank IC -0.00276  (0.4s)
#   {"cs_demean": false, "cs_demean_y": false, "delta": 0.01, "lags": 3, "lam": 0.98}  val rank IC +0.00239  (0.3s)
#   {"cs_demean": false, "cs_demean_y": true, "delta": 0.01, "lags": 3, "lam": 0.98}  val rank IC +0.00046  (0.3s)
#   {"cs_demean": true, "cs_demean_y": false, "delta": 0.01, "lags": 3, "lam": 0.98}  val rank IC +0.00083  (0.3s)
#   {"cs_demean": true, "cs_demean_y": true, "delta": 0.01, "lags": 3, "lam": 0.98}  val rank IC +0.00083  (0.4s)
#   {"cs_demean": false, "cs_demean_y": false, "delta": 0.1, "lags": 1, "lam": 0.98}  val rank IC -0.00489  (0.2s)
#   {"cs_demean": false, "cs_demean_y": true, "delta": 0.1, "lags": 1, "lam": 0.98}  val rank IC -0.00101  (0.2s)
#   {"cs_demean": true, "cs_demean_y": false, "delta": 0.1, "lags": 1, "lam": 0.98}  val rank IC -0.00126  (0.2s)
#   {"cs_demean": true, "cs_demean_y": true, "delta": 0.1, "lags": 1, "lam": 0.98}  val rank IC -0.00126  (0.3s)
#   {"cs_demean": false, "cs_demean_y": false, "delta": 0.1, "lags": 2, "lam": 0.98}  val rank IC -0.00528  (0.4s)
#   {"cs_demean": false, "cs_demean_y": true, "delta": 0.1, "lags": 2, "lam": 0.98}  val rank IC -0.00456  (0.4s)
#   {"cs_demean": true, "cs_demean_y": false, "delta": 0.1, "lags": 2, "lam": 0.98}  val rank IC -0.00420  (0.3s)
#   {"cs_demean": true, "cs_demean_y": true, "delta": 0.1, "lags": 2, "lam": 0.98}  val rank IC -0.00420  (0.3s)
#   {"cs_demean": false, "cs_demean_y": false, "delta": 0.1, "lags": 3, "lam": 0.98}  val rank IC -0.00242  (0.3s)
#   {"cs_demean": false, "cs_demean_y": true, "delta": 0.1, "lags": 3, "lam": 0.98}  val rank IC -0.00321  (0.3s)
#   {"cs_demean": true, "cs_demean_y": false, "delta": 0.1, "lags": 3, "lam": 0.98}  val rank IC -0.00302  (0.3s)
#   {"cs_demean": true, "cs_demean_y": true, "delta": 0.1, "lags": 3, "lam": 0.98}  val rank IC -0.00302  (0.4s)
#   {"cs_demean": false, "cs_demean_y": false, "delta": 1.0, "lags": 1, "lam": 0.98}  val rank IC -0.00567  (0.2s)
#   {"cs_demean": false, "cs_demean_y": true, "delta": 1.0, "lags": 1, "lam": 0.98}  val rank IC -0.00237  (0.2s)
#   {"cs_demean": true, "cs_demean_y": false, "delta": 1.0, "lags": 1, "lam": 0.98}  val rank IC -0.00227  (0.2s)
#   {"cs_demean": true, "cs_demean_y": true, "delta": 1.0, "lags": 1, "lam": 0.98}  val rank IC -0.00227  (0.2s)
#   {"cs_demean": false, "cs_demean_y": false, "delta": 1.0, "lags": 2, "lam": 0.98}  val rank IC -0.01160  (0.2s)
#   {"cs_demean": false, "cs_demean_y": true, "delta": 1.0, "lags": 2, "lam": 0.98}  val rank IC -0.00638  (0.3s)
#   {"cs_demean": true, "cs_demean_y": false, "delta": 1.0, "lags": 2, "lam": 0.98}  val rank IC -0.00537  (0.3s)
#   {"cs_demean": true, "cs_demean_y": true, "delta": 1.0, "lags": 2, "lam": 0.98}  val rank IC -0.00537  (0.3s)
#   {"cs_demean": false, "cs_demean_y": false, "delta": 1.0, "lags": 3, "lam": 0.98}  val rank IC -0.01038  (0.3s)
#   {"cs_demean": false, "cs_demean_y": true, "delta": 1.0, "lags": 3, "lam": 0.98}  val rank IC -0.00685  (0.3s)
#   {"cs_demean": true, "cs_demean_y": false, "delta": 1.0, "lags": 3, "lam": 0.98}  val rank IC -0.00573  (0.4s)
#   {"cs_demean": true, "cs_demean_y": true, "delta": 1.0, "lags": 3, "lam": 0.98}  val rank IC -0.00573  (0.4s)
# chosen: {"cs_demean": false, "cs_demean_y": true, "delta": 0.001, "lags": 1, "lam": 1.0}  (val rank IC +0.01808)
# online-ridge-rls
period    who     days  pearsonIC  rankIC@1  rankIC@5  rankIC@10      net%   sharpe     MDD% turnover    cost%
2020      model    253  +0.0149   +0.0170   +0.0402   +0.0638     +4.06    +0.11    46.05   1.0556    13.07
2020      naive    253  -0.0029   -0.0082   -0.0170   -0.0165     -7.89    -0.25    34.21   1.0411    12.43
2021      model    252  +0.0262   +0.0175   +0.0064   +0.0131    +20.08    +1.13     8.45   0.9663    10.11
2021      naive    252  -0.0203   -0.0272   -0.0121   -0.0209    -21.88    -0.92    36.66   1.3312    13.43
2022      model    251  -0.0050   -0.0116   +0.0057   +0.0118    -37.55    -1.58    40.72   0.9653     8.31
2022      naive    251  +0.0032   +0.0017   -0.0131   -0.0086    -22.44    -0.98    27.85   1.0082     8.46
2023      model    250  +0.0227   +0.0245   +0.0290   +0.0321     +6.01    +0.35    16.42   0.9034     6.06
2023      naive    250  -0.0206   -0.0210   -0.0171   -0.0176    -11.85    -0.65    18.04   1.1705     7.81
2024      model    252  +0.0377   +0.0158   +0.0128   -0.0008     +8.22    +0.50    13.44   1.0648     8.39
2024      naive    252  -0.0453   -0.0328   -0.0234   -0.0149    -31.98    -1.65    38.13   1.2810    10.19
overall   model   1258  +0.0193   +0.0126   +0.0188   +0.0242     +0.81    +0.01    46.05   0.9913    45.94
overall   naive   1258  -0.0172   -0.0175   -0.0165   -0.0157    -96.04    -0.81    98.93   1.1664    52.32
# model overall: pearson IC +0.0193 (SE 0.0071, t +2.73); rank IC +0.0126 (SE 0.0063, t +2.02); rebalances 1122, avg holding 1.1 days
# naive overall: pearson IC -0.0172 (SE 0.0075, t -2.28); rank IC -0.0175 (SE 0.0072, t -2.44); rebalances 939, avg holding 1.3 days
# rank IC by horizon (model): h=1:+0.0126  h=2:+0.0122  h=3:+0.0153  h=4:+0.0185  h=5:+0.0188  h=6:+0.0182  h=7:+0.0193  h=8:+0.0221  h=9:+0.0244  h=10:+0.0242
# rank IC by horizon (naive): h=1:-0.0175  h=2:-0.0104  h=3:-0.0135  h=4:-0.0152  h=5:-0.0165  h=6:-0.0129  h=7:-0.0158  h=8:-0.0165  h=9:-0.0174  h=10:-0.0157
# online-ridge-rls: run 0.2s, total 67.9s, wrote /tmp/bl_results/ridge/set1_clean
