# realized: sidecar RET_raw (param RET_CS)
# row mapping verified on generations [0, 150, 299], all 50 stocks: file row i -> panel row tw*step + 2 + i (tw = g + num_training_windows + V)
# stitched 1500 days from 300 generations (300*step = 1500); 2019-01-03 .. 2024-12-17 (panel rows 3621..5120, contiguous)
# ensemble: topn (N=16, ordered by (elite_rank, island)), combine=rank_mean, over 300 generations
# scoring 1249 days from 2020-01-02 to 2024-12-17 (--score-from 2020-01-01)
# book: sleeves, H=10, top-k 10, beta-neutral off
# book costs: TC/PRC from the panel, charged on netted traded notional

period    who     days  pearsonIC  rankIC@1  rankIC@5  rankIC@10      net%   sharpe     MDD% turnover    cost%
2020      model    253  -0.0097   -0.0150   -0.0067   +0.0004    -10.76    -0.61    36.11   0.1250     1.57
2020      naive    253  -0.0055   -0.0082   -0.0170   -0.0165     +0.30    +0.02    22.96   0.1559     1.99
2021      model    252  +0.0101   +0.0048   +0.0044   +0.0128    +11.12    +0.92     9.17   0.1133     1.19
2021      naive    252  -0.0215   -0.0272   -0.0121   -0.0209     -9.17    -1.11    12.27   0.1581     1.61
2022      model    251  +0.0050   +0.0003   +0.0242   +0.0237    +10.04    +0.66    10.68   0.0951     0.85
2022      naive    251  +0.0043   +0.0017   -0.0131   -0.0086     -6.61    -0.83    10.41   0.1579     1.31
2023      model    250  +0.0091   +0.0026   +0.0180   +0.0281     +9.18    +0.90     6.18   0.1275     0.87
2023      naive    250  -0.0196   -0.0210   -0.0171   -0.0176     -5.55    -1.00     9.94   0.1599     1.08
2024      model    243  +0.0238   +0.0183   +0.0339   +0.0382     +9.01    +0.84     7.22   0.1338     1.04
2024      naive    243  -0.0424   -0.0349   -0.0248   -0.0183     -5.35    -0.93     8.34   0.1596     1.22
overall   model   1249  +0.0075   +0.0021   +0.0145   +0.0204    +28.58    +0.43    36.11   0.1188     5.53
overall   naive   1249  -0.0168   -0.0178   -0.0167   -0.0164    -26.37    -0.58    43.51   0.1582     7.21

# model overall: pearson IC +0.0075 (SE 0.0057, t +1.31); rank IC +0.0021 (SE 0.0058, t +0.36); rebalances 1249, avg holding 10.0 days
# naive overall: pearson IC -0.0168 (SE 0.0072, t -2.32); rank IC -0.0178 (SE 0.0072, t -2.47); rebalances 1249, avg holding 10.0 days
# rank IC by horizon (overall): h=1:+0.0021  h=2:+0.0091  h=3:+0.0108  h=4:+0.0134  h=5:+0.0145  h=6:+0.0143  h=7:+0.0145  h=8:+0.0163  h=9:+0.0194  h=10:+0.0204
#   naive                     : h=1:-0.0178  h=2:-0.0098  h=3:-0.0129  h=4:-0.0153  h=5:-0.0167  h=6:-0.0134  h=7:-0.0160  h=8:-0.0166  h=9:-0.0176  h=10:-0.0164

# members/day: mean 16.00 (min 16, max 16); per generation mean 16.00 (min 16, max 16)
# member dispersion (mean pairwise Spearman of member cross-sections, per day, n=1249):
#     mean +0.2123   p10 +0.0865   p50 +0.1955   p90 +0.3637
# per-member rank IC@1 over 16 member slots (each stitched over its own 1226 days):
#     mean +0.0014   sd 0.0060   min -0.0110   max +0.0087
# ensemble rank IC@1 +0.0021  vs  day-pooled mean member +0.0016  (ensemble - member = +0.0005)
# row-alignment cross-check: the wide file's global_best column is reproduced by some elite on 1204/1249 scored days
# wrote /anvil/scratch/x-jchang5/probe1/topn/set1_seed42/ensemble_diagnostics.csv
# wrote /anvil/scratch/x-jchang5/probe1/topn/set1_seed42/ensemble_stitched_predictions.csv
# wrote /anvil/scratch/x-jchang5/probe1/topn/set1_seed42/ensemble_book_daily.csv
# wrote /anvil/scratch/x-jchang5/probe1/topn/set1_seed42/ensemble_rolling_rank_ic.csv
{
 "meta": {
  "run_dir": "/anvil/scratch/x-jchang5/results_v2/C7_E/set1_seed42",
  "param": "RET_CS",
  "realized": "sidecar RET_raw",
  "realized_mode": "auto",
  "generations": 300,
  "row_offset": 2,
  "stitched_days": 1500,
  "scored_days": 1249,
  "first_scored_date": "2020-01-02",
  "last_scored_date": "2024-12-17",
  "score_from": "2020-01-01",
  "top_k": 10,
  "cost_bps": null,
  "book": "sleeves",
  "hold_days": 10,
  "beta_neutral": false,
  "beta_window": null,
  "ensemble": "topn",
  "combine": "rank_mean",
  "top_n": 16,
  "diverse_gate": null
 },
 "summary": {
  "2020": {
   "model": {
    "n_days": 253,
    "pearson_ic": -0.009736663877381223,
    "pearson_se": 0.013803936124269663,
    "pearson_t": -0.7053541678059865,
    "rank_ic_1": -0.015007555801019586,
    "rank_ic_se": 0.013572790298234657,
    "rank_ic_t": -1.1057089567626741,
    "rank_ic_5": -0.006675258727980525,
    "rank_ic_10": 0.00043756572623912033,
    "net_pct": -10.759116286690249,
    "sharpe": -0.6097226771871859,
    "mdd_pct": 36.11394830679285,
    "cost_pct": 1.5705088485791223,
    "turnover": 0.12500254390121351
   },
   "naive": {
    "n_days": 253,
    "pearson_ic": -0.005478614809741263,
    "pearson_se": 0.01780423358522494,
    "pearson_t": -0.3077141615513154,
    "rank_ic_1": -0.008223459107284942,
    "rank_ic_se": 0.017359861502103956,
    "rank_ic_t": -0.4737053406957358,
    "rank_ic_5": -0.016991371676040288,
    "rank_ic_10": -0.016496749987653363,
    "net_pct": 0.29892374798873983,
    "sharpe": 0.019885559694125428,
    "mdd_pct": 22.955105591965122,
    "cost_pct": 1.992069854386115,
    "turnover": 0.1558608417406069
   }
  },
  "2021": {
   "model": {
    "n_days": 252,
    "pearson_ic": 0.01007201388840274,
    "pearson_se": 0.013555330722501884,
    "pearson_t": 0.743029741921617,
    "rank_ic_1": 0.004756596786851276,
    "rank_ic_se": 0.013408244377161906,
    "rank_ic_t": 0.35475164779612217,
    "rank_ic_5": 0.004373356516135192,
    "rank_ic_10": 0.012839527962219635,
    "net_pct": 11.11878966083236,
    "sharpe": 0.9203936337934179,
    "mdd_pct": 9.17108043480727,
    "cost_pct": 1.1931681212543988,
    "turnover": 0.11327544592929563
   },
   "naive": {
    "n_days": 252,
    "pearson_ic": -0.021520620952044562,
    "pearson_se": 0.017840439481636605,
    "pearson_t": -1.2062831173075088,
    "rank_ic_1": -0.02716815622392764,
    "rank_ic_se": 0.017566949071798194,
    "rank_ic_t": -1.5465494954694852,
    "rank_ic_5": -0.012059940476984736,
    "rank_ic_10": -0.020935847736714683,
    "net_pct": -9.166160101424575,
    "sharpe": -1.11053419991526,
    "mdd_pct": 12.269006579280111,
    "cost_pct": 1.6124880858375314,
    "turnover": 0.15807202059309233
   }
  },
  "2022": {
   "model": {
    "n_days": 251,
    "pearson_ic": 0.005042367072679827,
    "pearson_se": 0.012724316154957643,
    "pearson_t": 0.3962780405071295,
    "rank_ic_1": 0.00034430704022939693,
    "rank_ic_se": 0.012772990332884347,
    "rank_ic_t": 0.02695586791003598,
    "rank_ic_5": 0.02415252771384193,
    "rank_ic_10": 0.023672266307731935,
    "net_pct": 10.036697569061602,
    "sharpe": 0.6583420174240388,
    "mdd_pct": 10.676952629949085,
    "cost_pct": 0.8544765317241179,
    "turnover": 0.09511427127272713
   },
   "naive": {
    "n_days": 251,
    "pearson_ic": 0.004263542976944736,
    "pearson_se": 0.016509316133764055,
    "pearson_t": 0.2582507320351777,
    "rank_ic_1": 0.0016744035916176562,
    "rank_ic_se": 0.0168965853592591,
    "rank_ic_t": 0.09909715815450876,
    "rank_ic_5": -0.013086840540665728,
    "rank_ic_10": -0.008605453506786799,
    "net_pct": -6.608305813409052,
    "sharpe": -0.8316752986415431,
    "mdd_pct": 10.40529803034457,
    "cost_pct": 1.3076507087399347,
    "turnover": 0.15793368459772805
   }
  },
  "2023": {
   "model": {
    "n_days": 250,
    "pearson_ic": 0.009061288135236108,
    "pearson_se": 0.01228997360128717,
    "pearson_t": 0.737291098354116,
    "rank_ic_1": 0.0025907920482613057,
    "rank_ic_se": 0.01274140717341281,
    "rank_ic_t": 0.20333641433792726,
    "rank_ic_5": 0.017981300117045556,
    "rank_ic_10": 0.02808555166601659,
    "net_pct": 9.181495435000079,
    "sharpe": 0.897232834525677,
    "mdd_pct": 6.18414796531168,
    "cost_pct": 0.8709489445124872,
    "turnover": 0.12751977951543564
   },
   "naive": {
    "n_days": 250,
    "pearson_ic": -0.019606906877117344,
    "pearson_se": 0.013944119508788546,
    "pearson_t": -1.4061057684395002,
    "rank_ic_1": -0.020988369115935872,
    "rank_ic_se": 0.014226550795395228,
    "rank_ic_t": -1.4752956930874117,
    "rank_ic_5": -0.017129945182958597,
    "rank_ic_10": -0.017580193653595297,
    "net_pct": -5.55013784028206,
    "sharpe": -0.9952648519454137,
    "mdd_pct": 9.94210918036604,
    "cost_pct": 1.0766162836414723,
    "turnover": 0.1598645749469948
   }
  },
  "2024": {
   "model": {
    "n_days": 243,
    "pearson_ic": 0.02381448960848923,
    "pearson_se": 0.011383548809274351,
    "pearson_t": 2.0920092677151083,
    "rank_ic_1": 0.01826056161083558,
    "rank_ic_se": 0.01178523588686729,
    "rank_ic_t": 1.5494438792849263,
    "rank_ic_5": 0.03389492509699766,
    "rank_ic_10": 0.03821399072645588,
    "net_pct": 9.005422565614554,
    "sharpe": 0.8418118866499913,
    "mdd_pct": 7.220274844221233,
    "cost_pct": 1.0446569210893515,
    "turnover": 0.13376810842411693
   },
   "naive": {
    "n_days": 243,
    "pearson_ic": -0.04239620806072832,
    "pearson_se": 0.014177416949232309,
    "pearson_t": -2.9904042614070137,
    "rank_ic_1": -0.0348978545694194,
    "rank_ic_se": 0.014040093719979361,
    "rank_ic_t": -2.485585585497837,
    "rank_ic_5": -0.024822260037711565,
    "rank_ic_10": -0.018258559812325697,
    "net_pct": -5.346553336142347,
    "sharpe": -0.9339024304114328,
    "mdd_pct": 8.343039698881261,
    "cost_pct": 1.2181055557748501,
    "turnover": 0.1595658710396796
   }
  },
  "overall": {
   "model": {
    "n_days": 1249,
    "pearson_ic": 0.007520135054295114,
    "pearson_se": 0.005725455615360086,
    "pearson_t": 1.3134561787747188,
    "rank_ic_1": 0.0020601972163526994,
    "rank_ic_se": 0.00576291268127954,
    "rank_ic_t": 0.35749235331035306,
    "rank_ic_5": 0.014515455395586472,
    "rank_ic_10": 0.02036408529431726,
    "net_pct": 28.583288943818342,
    "sharpe": 0.42511418627869874,
    "mdd_pct": 36.11394830679285,
    "cost_pct": 5.5337593671594725,
    "turnover": 0.11883933810773684,
    "n_rebalances": 1249,
    "avg_holding_days": 10.0
   },
   "naive": {
    "n_days": 1249,
    "pearson_ic": -0.01676792795644754,
    "pearson_se": 0.007238815370978,
    "pearson_t": -2.3163911630725997,
    "rank_ic_1": -0.017801366021160676,
    "rank_ic_se": 0.007211021068877118,
    "rank_ic_t": -2.46863320064223,
    "rank_ic_5": -0.01673712887927563,
    "rank_ic_10": -0.016352444851786236,
    "net_pct": -26.372233343269265,
    "sharpe": -0.5774866867859352,
    "mdd_pct": 43.512954051544696,
    "cost_pct": 7.206930488379916,
    "turnover": 0.15824575451021075,
    "n_rebalances": 1249,
    "avg_holding_days": 10.0
   }
  }
 },
 "horizon_rank_ic": {
  "model": {
   "1": 0.0020601972163526994,
   "2": 0.009141882139810605,
   "3": 0.010822137974209297,
   "4": 0.01344087952771875,
   "5": 0.014515455395586472,
   "6": 0.014278357296120583,
   "7": 0.014539987034233367,
   "8": 0.01625295272886483,
   "9": 0.019426686612870978,
   "10": 0.02036408529431726
  },
  "naive": {
   "1": -0.017801366021160676,
   "2": -0.00982291432683888,
   "3": -0.012945645239363717,
   "4": -0.015314650018665246,
   "5": -0.01673712887927563,
   "6": -0.01343320215131353,
   "7": -0.015966167006430342,
   "8": -0.016606026533075573,
   "9": -0.01763691023025216,
   "10": -0.016352444851786236
  }
 },
 "diagnostics": {
  "members_per_day": {
   "mean": 16.0,
   "min": 16,
   "max": 16
  },
  "members_per_generation": {
   "mean": 16.0,
   "min": 16,
   "max": 16
  },
  "dispersion": {
   "n_days": 1249,
   "mean": 0.2122873016238516,
   "p10": 0.08650308123249299,
   "p50": 0.19551900760304122,
   "p90": 0.3637173269307724
  },
  "member_rank_ic_1": {
   "n_slots": 16,
   "mean": 0.0014185027062137026,
   "sd": 0.005970903771796619,
   "min": -0.011040255705078683,
   "max": 0.008681991929897527,
   "mean_days_per_slot": 1226.375
  },
  "member_slots": [
   "island0_elite0",
   "island0_elite1",
   "island1_elite0",
   "island1_elite1",
   "island2_elite0",
   "island2_elite1",
   "island3_elite0",
   "island3_elite1",
   "island4_elite0",
   "island4_elite1",
   "island5_elite0",
   "island5_elite1",
   "island6_elite0",
   "island6_elite1",
   "island7_elite0",
   "island7_elite1"
  ],
  "member_rank_ic_1_by_slot": {
   "island0_elite0": {
    "rank_ic_1": -0.0020570666488924617,
    "n_days": 1234
   },
   "island0_elite1": {
    "rank_ic_1": 0.003099527121461669,
    "n_days": 1234
   },
   "island1_elite0": {
    "rank_ic_1": 0.0019788904386898874,
    "n_days": 1197
   },
   "island1_elite1": {
    "rank_ic_1": 6.187791560780483e-05,
    "n_days": 1209
   },
   "island2_elite0": {
    "rank_ic_1": 0.0008707119913136686,
    "n_days": 1225
   },
   "island2_elite1": {
    "rank_ic_1": 0.008241182824191059,
    "n_days": 1237
   },
   "island3_elite0": {
    "rank_ic_1": 0.0030116921197013823,
    "n_days": 1244
   },
   "island3_elite1": {
    "rank_ic_1": 0.008681991929897527,
    "n_days": 1249
   },
   "island4_elite0": {
    "rank_ic_1": 0.0081341275684297,
    "n_days": 1239
   },
   "island4_elite1": {
    "rank_ic_1": 0.007658497607703819,
    "n_days": 1249
   },
   "island5_elite0": {
    "rank_ic_1": -0.011040255705078683,
    "n_days": 1219
   },
   "island5_elite1": {
    "rank_ic_1": -0.0089939884634024,
    "n_days": 1196
   },
   "island6_elite0": {
    "rank_ic_1": -0.004903486893727404,
    "n_days": 1213
   },
   "island6_elite1": {
    "rank_ic_1": 0.0004368796938903488,
    "n_days": 1234
   },
   "island7_elite0": {
    "rank_ic_1": 0.0009277998265461386,
    "n_days": 1219
   },
   "island7_elite1": {
    "rank_ic_1": 0.006587661973087191,
    "n_days": 1224
   }
  },
  "day_pooled_mean_member_rank_ic_1": 0.001561495409500575,
  "ensemble_rank_ic_1": 0.0020601972163526994,
  "ensemble_minus_mean_member": 0.0004987018068521244,
  "dropped_member_days": 0,
  "incomplete_member_rows": 0,
  "global_best_matched_days": 1204
 }
}
