# realized: sidecar RET_raw (param RET_CS)
# row mapping verified on generations [0, 150, 299], all 50 stocks: file row i -> panel row tw*step + 2 + i (tw = g + num_training_windows + V)
# stitched 1500 days from 300 generations (300*step = 1500); 2019-01-07 .. 2024-12-19 (panel rows 3536..5035, contiguous)
# ensemble: island_champions, combine=rank_mean, over 300 generations
# scoring 1251 days from 2020-01-02 to 2024-12-19 (--score-from 2020-01-01)
# book: sleeves, H=10, top-k 10, beta-neutral off
# book costs: TC/PRC from the panel, charged on netted traded notional

period    who     days  pearsonIC  rankIC@1  rankIC@5  rankIC@10      net%   sharpe     MDD% turnover    cost%
2020      model    253  +0.0010   -0.0024   +0.0209   +0.0389     +8.09    +0.47    15.04   0.1431     1.88
2020      naive    253  -0.0245   -0.0245   -0.0332   -0.0410    -21.10    -1.52    31.77   0.1581     2.05
2021      model    252  +0.0181   +0.0153   +0.0012   +0.0011     +1.29    +0.14     8.44   0.1336     1.48
2021      naive    252  -0.0361   -0.0428   -0.0149   -0.0194     -7.75    -1.37     8.49   0.1589     1.78
2022      model    251  +0.0071   +0.0084   +0.0083   +0.0088     +2.47    +0.22    11.86   0.1321     1.26
2022      naive    251  -0.0124   -0.0147   -0.0220   -0.0262    -12.05    -1.93    12.96   0.1598     1.52
2023      model    250  +0.0223   +0.0205   +0.0339   +0.0420    +10.96    +1.01     6.39   0.1303     1.01
2023      naive    250  -0.0181   -0.0168   -0.0191   -0.0127     -3.47    -0.71     5.53   0.1603     1.28
2024      model    245  +0.0375   +0.0353   +0.0296   +0.0340    +17.39    +2.29     3.28   0.1377     1.19
2024      naive    245  -0.0321   -0.0315   -0.0154   -0.0214     -8.95    -2.17     9.64   0.1589     1.37
overall   model   1251  +0.0171   +0.0153   +0.0187   +0.0249    +40.20    +0.69    15.04   0.1354     6.81
overall   naive   1251  -0.0246   -0.0260   -0.0210   -0.0242    -53.33    -1.37    60.17   0.1592     8.00

# model overall: pearson IC +0.0171 (SE 0.0057, t +3.00); rank IC +0.0153 (SE 0.0056, t +2.72); rebalances 1251, avg holding 10.0 days
# naive overall: pearson IC -0.0246 (SE 0.0070, t -3.50); rank IC -0.0260 (SE 0.0069, t -3.78); rebalances 1251, avg holding 10.0 days
# rank IC by horizon (overall): h=1:+0.0153  h=2:+0.0160  h=3:+0.0178  h=4:+0.0184  h=5:+0.0187  h=6:+0.0234  h=7:+0.0209  h=8:+0.0229  h=9:+0.0260  h=10:+0.0249
#   naive                     : h=1:-0.0260  h=2:-0.0205  h=3:-0.0198  h=4:-0.0211  h=5:-0.0210  h=6:-0.0259  h=7:-0.0240  h=8:-0.0243  h=9:-0.0247  h=10:-0.0242

# members/day: mean 8.00 (min 8, max 8); per generation mean 8.00 (min 8, max 8)
# member dispersion (mean pairwise Spearman of member cross-sections, per day, n=1251):
#     mean +0.1254   p10 -0.0292   p50 +0.1193   p90 +0.2688
# per-member rank IC@1 over 8 member slots (each stitched over its own 1229 days):
#     mean +0.0080   sd 0.0068   min -0.0027   max +0.0182
# ensemble rank IC@1 +0.0153  vs  day-pooled mean member +0.0080  (ensemble - member = +0.0073)
# row-alignment cross-check: the wide file's global_best column is reproduced by some elite on 1206/1251 scored days
# wrote /anvil/scratch/x-jchang5/probe1/island_champions/set2_seed43/ensemble_diagnostics.csv
# wrote /anvil/scratch/x-jchang5/probe1/island_champions/set2_seed43/ensemble_stitched_predictions.csv
# wrote /anvil/scratch/x-jchang5/probe1/island_champions/set2_seed43/ensemble_book_daily.csv
# wrote /anvil/scratch/x-jchang5/probe1/island_champions/set2_seed43/ensemble_rolling_rank_ic.csv
{
 "meta": {
  "run_dir": "/anvil/scratch/x-jchang5/results_v2/C7_E/set2_seed43",
  "param": "RET_CS",
  "realized": "sidecar RET_raw",
  "realized_mode": "auto",
  "generations": 300,
  "row_offset": 2,
  "stitched_days": 1500,
  "scored_days": 1251,
  "first_scored_date": "2020-01-02",
  "last_scored_date": "2024-12-19",
  "score_from": "2020-01-01",
  "top_k": 10,
  "cost_bps": null,
  "book": "sleeves",
  "hold_days": 10,
  "beta_neutral": false,
  "beta_window": null,
  "ensemble": "island_champions",
  "combine": "rank_mean",
  "top_n": null,
  "diverse_gate": null
 },
 "summary": {
  "2020": {
   "model": {
    "n_days": 253,
    "pearson_ic": 0.0009690637406857004,
    "pearson_se": 0.01424450612671893,
    "pearson_t": 0.06803070124474116,
    "rank_ic_1": -0.0023852755792421066,
    "rank_ic_se": 0.013952639618267473,
    "rank_ic_t": -0.17095514859562402,
    "rank_ic_5": 0.020917997856224547,
    "rank_ic_10": 0.038907723553993495,
    "net_pct": 8.088497755052941,
    "sharpe": 0.46541945596500844,
    "mdd_pct": 15.041151611802285,
    "cost_pct": 1.8761689999482676,
    "turnover": 0.14311187406221415
   },
   "naive": {
    "n_days": 253,
    "pearson_ic": -0.024485115573261357,
    "pearson_se": 0.017710510212670914,
    "pearson_t": -1.3825189268541556,
    "rank_ic_1": -0.024489220635961168,
    "rank_ic_se": 0.0177372245807606,
    "rank_ic_t": -1.3806681267668222,
    "rank_ic_5": -0.033249776091808264,
    "rank_ic_10": -0.04102936426862428,
    "net_pct": -21.103534885940388,
    "sharpe": -1.5155636016863192,
    "mdd_pct": 31.769771464198133,
    "cost_pct": 2.0539783194298766,
    "turnover": 0.1580961452825185
   }
  },
  "2021": {
   "model": {
    "n_days": 252,
    "pearson_ic": 0.018106271965545935,
    "pearson_se": 0.012841637940579353,
    "pearson_t": 1.4099659287488888,
    "rank_ic_1": 0.015333974608452572,
    "rank_ic_se": 0.01244976876176185,
    "rank_ic_t": 1.2316674230568245,
    "rank_ic_5": 0.0011924599956234,
    "rank_ic_10": 0.0011404594785861233,
    "net_pct": 1.2901428713581637,
    "sharpe": 0.14037825669286963,
    "mdd_pct": 8.438820033523404,
    "cost_pct": 1.4808110224861075,
    "turnover": 0.1335823903759515
   },
   "naive": {
    "n_days": 252,
    "pearson_ic": -0.03612977561683896,
    "pearson_se": 0.01697342656395478,
    "pearson_t": -2.128608238336808,
    "rank_ic_1": -0.04275895603610833,
    "rank_ic_se": 0.016587285855635524,
    "rank_ic_t": -2.5778151053917595,
    "rank_ic_5": -0.014866518646503834,
    "rank_ic_10": -0.019362470525360016,
    "net_pct": -7.7490508431033085,
    "sharpe": -1.3727979105864652,
    "mdd_pct": 8.48757167605378,
    "cost_pct": 1.7786828109048562,
    "turnover": 0.15888348891786042
   }
  },
  "2022": {
   "model": {
    "n_days": 251,
    "pearson_ic": 0.007092828357566718,
    "pearson_se": 0.012799810402540097,
    "pearson_t": 0.5541354234558944,
    "rank_ic_1": 0.00844392624657527,
    "rank_ic_se": 0.012925511899966598,
    "rank_ic_t": 0.6532759639946709,
    "rank_ic_5": 0.00830683415529464,
    "rank_ic_10": 0.008847467534124666,
    "net_pct": 2.4657942757115783,
    "sharpe": 0.22164354210326725,
    "mdd_pct": 11.856006800983094,
    "cost_pct": 1.256512631325882,
    "turnover": 0.13208024871570181
   },
   "naive": {
    "n_days": 251,
    "pearson_ic": -0.012449789898319193,
    "pearson_se": 0.015664720476544103,
    "pearson_t": -0.794766170067391,
    "rank_ic_1": -0.014748689095352732,
    "rank_ic_se": 0.015054224792594318,
    "rank_ic_t": -0.9797043221121629,
    "rank_ic_5": -0.022019830506586877,
    "rank_ic_10": -0.02617304636564054,
    "net_pct": -12.051870731665757,
    "sharpe": -1.9306474680360934,
    "mdd_pct": 12.961355534890817,
    "cost_pct": 1.5172923298459695,
    "turnover": 0.15984244894366328
   }
  },
  "2023": {
   "model": {
    "n_days": 250,
    "pearson_ic": 0.022291604030721113,
    "pearson_se": 0.012705034092847716,
    "pearson_t": 1.7545489345258936,
    "rank_ic_1": 0.020470817405362014,
    "rank_ic_se": 0.012334290140746225,
    "rank_ic_t": 1.659667250548683,
    "rank_ic_5": 0.03394678595110547,
    "rank_ic_10": 0.04204759953276487,
    "net_pct": 10.960269342961242,
    "sharpe": 1.0108644809248664,
    "mdd_pct": 6.391201809721892,
    "cost_pct": 1.0053745564148664,
    "turnover": 0.13027004211642937
   },
   "naive": {
    "n_days": 250,
    "pearson_ic": -0.018074914122770916,
    "pearson_se": 0.01452257887788127,
    "pearson_t": -1.2446077432087532,
    "rank_ic_1": -0.016776316723086427,
    "rank_ic_se": 0.01394127068749716,
    "rank_ic_t": -1.2033563581927864,
    "rank_ic_5": -0.019119105201666833,
    "rank_ic_10": -0.012741410589269269,
    "net_pct": -3.472251017284763,
    "sharpe": -0.7069556933277672,
    "mdd_pct": 5.5291094542825725,
    "cost_pct": 1.2755968410853202,
    "turnover": 0.16027833527910507
   }
  },
  "2024": {
   "model": {
    "n_days": 245,
    "pearson_ic": 0.037463759240897905,
    "pearson_se": 0.010654688560670884,
    "pearson_t": 3.5161759095602285,
    "rank_ic_1": 0.03534506380018312,
    "rank_ic_se": 0.010872915264058982,
    "rank_ic_t": 3.250743976366501,
    "rank_ic_5": 0.02963004673004149,
    "rank_ic_10": 0.03401449887184206,
    "net_pct": 17.390568746470628,
    "sharpe": 2.2938404447317677,
    "mdd_pct": 3.281232539120661,
    "cost_pct": 1.1877567465486454,
    "turnover": 0.13772080566518294
   },
   "naive": {
    "n_days": 245,
    "pearson_ic": -0.032138656052943144,
    "pearson_se": 0.013464830178393722,
    "pearson_t": -2.3868593682313417,
    "rank_ic_1": -0.03145657374091892,
    "rank_ic_se": 0.013177615713404044,
    "rank_ic_t": -2.3871217999567125,
    "rank_ic_5": -0.015445094679951176,
    "rank_ic_10": -0.021369407114607945,
    "net_pct": -8.952317188722922,
    "sharpe": -2.170784496486146,
    "mdd_pct": 9.641419979857105,
    "cost_pct": 1.3742112996195253,
    "turnover": 0.15887564834706752
   }
  },
  "overall": {
   "model": {
    "n_days": 1251,
    "pearson_ic": 0.017058173941775025,
    "pearson_se": 0.005693029721510203,
    "pearson_t": 2.996326170109993,
    "rank_ic_1": 0.015313634972068384,
    "rank_ic_se": 0.00562243124647348,
    "rank_ic_t": 2.723667805039582,
    "rank_ic_5": 0.018689099037062736,
    "rank_ic_10": 0.024872049771155612,
    "net_pct": 40.195272991554546,
    "sharpe": 0.6889347227862432,
    "mdd_pct": 15.041151611802285,
    "cost_pct": 6.806623956723768,
    "turnover": 0.13535676807130162,
    "n_rebalances": 1251,
    "avg_holding_days": 10.0
   },
   "naive": {
    "n_days": 1251,
    "pearson_ic": -0.024633920242702226,
    "pearson_se": 0.0070481080364456486,
    "pearson_t": -3.4951110447400406,
    "rank_ic_1": -0.026038281736393075,
    "rank_ic_se": 0.006892741168949152,
    "rank_ic_t": -3.7776381120608358,
    "rank_ic_5": -0.02100046321217699,
    "rank_ic_10": -0.024201078177530783,
    "net_pct": -53.32902466671725,
    "sharpe": -1.3691041976622669,
    "mdd_pct": 60.17324499102941,
    "cost_pct": 7.999761600885546,
    "turnover": 0.15919387395159515,
    "n_rebalances": 1251,
    "avg_holding_days": 10.0
   }
  }
 },
 "horizon_rank_ic": {
  "model": {
   "1": 0.015313634972068384,
   "2": 0.016027426151732624,
   "3": 0.017792332653993208,
   "4": 0.01838216780509505,
   "5": 0.018689099037062736,
   "6": 0.023406646387426833,
   "7": 0.020924919270120045,
   "8": 0.02290079163287871,
   "9": 0.026001907197923505,
   "10": 0.024872049771155612
  },
  "naive": {
   "1": -0.026038281736393075,
   "2": -0.02045804095635942,
   "3": -0.01984411817748298,
   "4": -0.02110673685085458,
   "5": -0.02100046321217699,
   "6": -0.025946463861507427,
   "7": -0.02395962708145974,
   "8": -0.02426057165071876,
   "9": -0.02466026828027414,
   "10": -0.024201078177530783
  }
 },
 "diagnostics": {
  "members_per_day": {
   "mean": 8.0,
   "min": 8,
   "max": 8
  },
  "members_per_generation": {
   "mean": 8.0,
   "min": 8,
   "max": 8
  },
  "dispersion": {
   "n_days": 1251,
   "mean": 0.12540245708991465,
   "p10": -0.029153678450384808,
   "p50": 0.1192557022809123,
   "p90": 0.26884925398730913
  },
  "member_rank_ic_1": {
   "n_slots": 8,
   "mean": 0.00795323043522799,
   "sd": 0.006807697604855031,
   "min": -0.0027191954799194026,
   "max": 0.018193926652524783,
   "mean_days_per_slot": 1229.25
  },
  "member_slots": [
   "island0_elite0",
   "island1_elite0",
   "island2_elite0",
   "island3_elite0",
   "island4_elite0",
   "island5_elite0",
   "island6_elite0",
   "island7_elite0"
  ],
  "member_rank_ic_1_by_slot": {
   "island0_elite0": {
    "rank_ic_1": 0.0065088790988873475,
    "n_days": 1234
   },
   "island1_elite0": {
    "rank_ic_1": 0.009691115277611174,
    "n_days": 1241
   },
   "island2_elite0": {
    "rank_ic_1": 0.012838923668412657,
    "n_days": 1218
   },
   "island3_elite0": {
    "rank_ic_1": 0.002466728678283811,
    "n_days": 1218
   },
   "island4_elite0": {
    "rank_ic_1": 0.018193926652524783,
    "n_days": 1220
   },
   "island5_elite0": {
    "rank_ic_1": 0.013133633666759242,
    "n_days": 1226
   },
   "island6_elite0": {
    "rank_ic_1": 0.0035118319192643174,
    "n_days": 1231
   },
   "island7_elite0": {
    "rank_ic_1": -0.0027191954799194026,
    "n_days": 1246
   }
  },
  "day_pooled_mean_member_rank_ic_1": 0.0080307339488845,
  "ensemble_rank_ic_1": 0.015313634972068384,
  "ensemble_minus_mean_member": 0.007282901023183883,
  "dropped_member_days": 0,
  "incomplete_member_rows": 0,
  "global_best_matched_days": 1206
 }
}
