# realized: sidecar RET_raw (param RET_CS)
# row mapping verified on generations [0, 150, 299], all 50 stocks: file row i -> panel row tw*step + 2 + i (tw = g + num_training_windows + V)
# stitched 1500 days from 300 generations (300*step = 1500); 2019-01-07 .. 2024-12-20 (panel rows 3751..5250, contiguous)
# ensemble: island_champions, combine=rank_mean, over 300 generations
# scoring 1251 days from 2020-01-02 to 2024-12-20 (--score-from 2020-01-01)
# book: sleeves, H=10, top-k 10, beta-neutral off
# book costs: TC/PRC from the panel, charged on netted traded notional

period    who     days  pearsonIC  rankIC@1  rankIC@5  rankIC@10      net%   sharpe     MDD% turnover    cost%
2020      model    252  -0.0058   -0.0098   +0.0080   +0.0056     +7.90    +0.51    11.22   0.1335     1.56
2020      naive    252  -0.0067   -0.0120   -0.0293   -0.0336    -18.39    -1.53    26.87   0.1561     1.82
2021      model    252  +0.0190   +0.0199   +0.0418   +0.0592    +17.40    +1.65     6.32   0.1110     1.15
2021      naive    252  -0.0235   -0.0254   -0.0289   -0.0223     -7.52    -1.47     7.98   0.1587     1.66
2022      model    251  +0.0136   +0.0115   +0.0194   +0.0299    +10.00    +0.92     6.74   0.1220     1.07
2022      naive    251  -0.0185   -0.0265   -0.0208   -0.0191     -7.12    -1.25     9.59   0.1586     1.41
2023      model    250  +0.0364   +0.0366   +0.0644   +0.0802    +25.42    +2.87     2.59   0.1288     0.90
2023      naive    250  -0.0334   -0.0331   -0.0329   -0.0191     -7.26    -1.65     9.85   0.1609     1.22
2024      model    246  +0.0190   +0.0299   +0.0333   +0.0368    +13.68    +1.55     4.79   0.1036     0.80
2024      naive    246  -0.0203   -0.0253   -0.0154   -0.0194     -4.64    -1.26     6.82   0.1609     1.21
overall   model   1251  +0.0164   +0.0176   +0.0333   +0.0423    +74.40    +1.33    11.22   0.1198     5.47
overall   naive   1251  -0.0205   -0.0244   -0.0255   -0.0228    -44.93    -1.32    51.42   0.1591     7.31

# model overall: pearson IC +0.0164 (SE 0.0058, t +2.85); rank IC +0.0176 (SE 0.0059, t +2.99); rebalances 1251, avg holding 10.0 days
# naive overall: pearson IC -0.0205 (SE 0.0067, t -3.05); rank IC -0.0244 (SE 0.0067, t -3.65); rebalances 1251, avg holding 10.0 days
# rank IC by horizon (overall): h=1:+0.0176  h=2:+0.0228  h=3:+0.0268  h=4:+0.0296  h=5:+0.0333  h=6:+0.0361  h=7:+0.0371  h=8:+0.0381  h=9:+0.0398  h=10:+0.0423
#   naive                     : h=1:-0.0244  h=2:-0.0263  h=3:-0.0293  h=4:-0.0281  h=5:-0.0255  h=6:-0.0264  h=7:-0.0236  h=8:-0.0238  h=9:-0.0228  h=10:-0.0228

# members/day: mean 8.00 (min 8, max 8); per generation mean 8.00 (min 8, max 8)
# member dispersion (mean pairwise Spearman of member cross-sections, per day, n=1251):
#     mean +0.2437   p10 +0.0488   p50 +0.2233   p90 +0.4570
# per-member rank IC@1 over 8 member slots (each stitched over its own 1220 days):
#     mean +0.0110   sd 0.0058   min +0.0017   max +0.0172
# ensemble rank IC@1 +0.0176  vs  day-pooled mean member +0.0109  (ensemble - member = +0.0067)
# row-alignment cross-check: the wide file's global_best column is reproduced by some elite on 1109/1251 scored days
# wrote /anvil/scratch/x-jchang5/probe1/island_champions/set4_seed42/ensemble_diagnostics.csv
# wrote /anvil/scratch/x-jchang5/probe1/island_champions/set4_seed42/ensemble_stitched_predictions.csv
# wrote /anvil/scratch/x-jchang5/probe1/island_champions/set4_seed42/ensemble_book_daily.csv
# wrote /anvil/scratch/x-jchang5/probe1/island_champions/set4_seed42/ensemble_rolling_rank_ic.csv
{
 "meta": {
  "run_dir": "/anvil/scratch/x-jchang5/results_v2/C7_E/set4_seed42",
  "param": "RET_CS",
  "realized": "sidecar RET_raw",
  "realized_mode": "auto",
  "generations": 300,
  "row_offset": 2,
  "stitched_days": 1500,
  "scored_days": 1251,
  "first_scored_date": "2020-01-02",
  "last_scored_date": "2024-12-20",
  "score_from": "2020-01-01",
  "top_k": 10,
  "cost_bps": null,
  "book": "sleeves",
  "hold_days": 10,
  "beta_neutral": false,
  "beta_window": null,
  "ensemble": "island_champions",
  "combine": "rank_mean",
  "top_n": null,
  "diverse_gate": null
 },
 "summary": {
  "2020": {
   "model": {
    "n_days": 252,
    "pearson_ic": -0.005800119487746711,
    "pearson_se": 0.01401301460731027,
    "pearson_t": -0.4139094727497766,
    "rank_ic_1": -0.009784351831741613,
    "rank_ic_se": 0.014251447499800365,
    "rank_ic_t": -0.6865514420116745,
    "rank_ic_5": 0.007997888118067334,
    "rank_ic_10": 0.005569917155999007,
    "net_pct": 7.89967433600256,
    "sharpe": 0.5101511681883129,
    "mdd_pct": 11.22243659000687,
    "cost_pct": 1.5588376325754039,
    "turnover": 0.13348216470241892
   },
   "naive": {
    "n_days": 252,
    "pearson_ic": -0.006671329659152179,
    "pearson_se": 0.01702695704142171,
    "pearson_t": -0.3918098602658564,
    "rank_ic_1": -0.011978071855790312,
    "rank_ic_se": 0.016581373350752198,
    "rank_ic_t": -0.7223811684601468,
    "rank_ic_5": -0.029252345788613035,
    "rank_ic_10": -0.03360413104899651,
    "net_pct": -18.38994062912199,
    "sharpe": -1.5348460062355076,
    "mdd_pct": 26.87283374166582,
    "cost_pct": 1.8203211327477067,
    "turnover": 0.15614949432045103
   }
  },
  "2021": {
   "model": {
    "n_days": 252,
    "pearson_ic": 0.01904542489952857,
    "pearson_se": 0.013562227210937434,
    "pearson_t": 1.4042992056768626,
    "rank_ic_1": 0.019923674057688058,
    "rank_ic_se": 0.013920614999932227,
    "rank_ic_t": 1.4312351902401623,
    "rank_ic_5": 0.04179466907619862,
    "rank_ic_10": 0.05915204943781684,
    "net_pct": 17.40490892376999,
    "sharpe": 1.650933670510941,
    "mdd_pct": 6.322492020271567,
    "cost_pct": 1.145167093942278,
    "turnover": 0.11095618239686551
   },
   "naive": {
    "n_days": 252,
    "pearson_ic": -0.02354068881641417,
    "pearson_se": 0.014519065966261388,
    "pearson_t": -1.6213638584683572,
    "rank_ic_1": -0.02536023131586918,
    "rank_ic_se": 0.01437005002723951,
    "rank_ic_t": -1.7647977054914181,
    "rank_ic_5": -0.02894967475126879,
    "rank_ic_10": -0.022274442024298183,
    "net_pct": -7.518549716123678,
    "sharpe": -1.4747666620467443,
    "mdd_pct": 7.975739729267561,
    "cost_pct": 1.658958106398559,
    "turnover": 0.15874049415529481
   }
  },
  "2022": {
   "model": {
    "n_days": 251,
    "pearson_ic": 0.013578442970050418,
    "pearson_se": 0.013531363023511326,
    "pearson_t": 1.0034793203358219,
    "rank_ic_1": 0.011534822788566799,
    "rank_ic_se": 0.013562403455959665,
    "rank_ic_t": 0.8504999004065246,
    "rank_ic_5": 0.01942103987086224,
    "rank_ic_10": 0.02985850305745138,
    "net_pct": 9.995929420004064,
    "sharpe": 0.9228777314145346,
    "mdd_pct": 6.739860864092822,
    "cost_pct": 1.069942665228555,
    "turnover": 0.12198038064976342
   },
   "naive": {
    "n_days": 251,
    "pearson_ic": -0.018489285029954474,
    "pearson_se": 0.015964657487616118,
    "pearson_t": -1.1581385347162458,
    "rank_ic_1": -0.02651757291358986,
    "rank_ic_se": 0.015666197345538334,
    "rank_ic_t": -1.6926617435431421,
    "rank_ic_5": -0.020792609575134676,
    "rank_ic_10": -0.019126905347098076,
    "net_pct": -7.12277621421205,
    "sharpe": -1.252017331435024,
    "mdd_pct": 9.594009262463791,
    "cost_pct": 1.40791905274319,
    "turnover": 0.15863509942919973
   }
  },
  "2023": {
   "model": {
    "n_days": 250,
    "pearson_ic": 0.036435537194983846,
    "pearson_se": 0.01245513266714343,
    "pearson_t": 2.9253431632326636,
    "rank_ic_1": 0.03663518185639151,
    "rank_ic_se": 0.012479449898570822,
    "rank_ic_t": 2.9356407657509855,
    "rank_ic_5": 0.06438366703001346,
    "rank_ic_10": 0.08024781259461544,
    "net_pct": 25.42358571510661,
    "sharpe": 2.8705574727786987,
    "mdd_pct": 2.5943961480097166,
    "cost_pct": 0.9007112572617331,
    "turnover": 0.12876684490589183
   },
   "naive": {
    "n_days": 250,
    "pearson_ic": -0.03339895163084893,
    "pearson_se": 0.01402619619847801,
    "pearson_t": -2.3811838333241817,
    "rank_ic_1": -0.033103282985784216,
    "rank_ic_se": 0.014341134870525895,
    "rank_ic_t": -2.3082749925055484,
    "rank_ic_5": -0.03293013152072079,
    "rank_ic_10": -0.01912519229487815,
    "net_pct": -7.259329770740821,
    "sharpe": -1.654595762164943,
    "mdd_pct": 9.846124272893057,
    "cost_pct": 1.2195252401381758,
    "turnover": 0.16093599415280252
   }
  },
  "2024": {
   "model": {
    "n_days": 246,
    "pearson_ic": 0.018979043890853982,
    "pearson_se": 0.010381785898105142,
    "pearson_t": 1.8281097372965465,
    "rank_ic_1": 0.029887941117390286,
    "rank_ic_se": 0.010897578539834698,
    "rank_ic_t": 2.7426222264091753,
    "rank_ic_5": 0.03333370651722669,
    "rank_ic_10": 0.03682031142916694,
    "net_pct": 13.67720297864764,
    "sharpe": 1.5478982359158002,
    "mdd_pct": 4.7890749171536235,
    "cost_pct": 0.7977205586538804,
    "turnover": 0.1035817268601286
   },
   "naive": {
    "n_days": 246,
    "pearson_ic": -0.020342633969969038,
    "pearson_se": 0.013043075158106888,
    "pearson_t": -1.5596501379757157,
    "rank_ic_1": -0.025260773848212893,
    "rank_ic_se": 0.013748316992768992,
    "rank_ic_t": -1.8373720842703107,
    "rank_ic_5": -0.015393657198351892,
    "rank_ic_10": -0.019433962149697556,
    "net_pct": -4.644214680058542,
    "sharpe": -1.2643811004610845,
    "mdd_pct": 6.824224281836609,
    "cost_pct": 1.207422146089977,
    "turnover": 0.16087957785152182
   }
  },
  "overall": {
   "model": {
    "n_days": 1251,
    "pearson_ic": 0.016405863505313957,
    "pearson_se": 0.005762517636389457,
    "pearson_t": 2.8469957994945347,
    "rank_ic_1": 0.01755521878484786,
    "rank_ic_se": 0.005866921413468574,
    "rank_ic_t": 2.992236907170206,
    "rank_ic_5": 0.03334809876119782,
    "rank_ic_10": 0.04234523897457997,
    "net_pct": 74.40130137353081,
    "sharpe": 1.3340835141155305,
    "mdd_pct": 11.22243659000687,
    "cost_pct": 5.47237920766185,
    "turnover": 0.11981483217120309,
    "n_rebalances": 1251,
    "avg_holding_days": 10.0
   },
   "naive": {
    "n_days": 1251,
    "pearson_ic": -0.02047023586145956,
    "pearson_se": 0.006702911854020479,
    "pearson_t": -3.053931829519926,
    "rank_ic_1": -0.024424567796703194,
    "rank_ic_se": 0.006695715487688285,
    "rank_ic_t": -3.6477905672087996,
    "rank_ic_5": -0.025536208581868745,
    "rank_ic_10": -0.022761192238155994,
    "net_pct": -44.93481101025708,
    "sharpe": -1.3156663310754133,
    "mdd_pct": 51.42148084375201,
    "cost_pct": 7.314145678117615,
    "turnover": 0.159056803950673,
    "n_rebalances": 1251,
    "avg_holding_days": 10.0
   }
  }
 },
 "horizon_rank_ic": {
  "model": {
   "1": 0.01755521878484786,
   "2": 0.022846406074242005,
   "3": 0.026752319532901588,
   "4": 0.029569691902796204,
   "5": 0.03334809876119782,
   "6": 0.0360507172124165,
   "7": 0.03708933796407776,
   "8": 0.03814374935000911,
   "9": 0.039750397202362786,
   "10": 0.04234523897457997
  },
  "naive": {
   "1": -0.024424567796703194,
   "2": -0.02626379942141974,
   "3": -0.029326900132288003,
   "4": -0.028088593744848102,
   "5": -0.025536208581868745,
   "6": -0.026391278224704787,
   "7": -0.02363497354880376,
   "8": -0.023765467728975764,
   "9": -0.022822246156393708,
   "10": -0.022761192238155994
  }
 },
 "diagnostics": {
  "members_per_day": {
   "mean": 8.0,
   "min": 8,
   "max": 8
  },
  "members_per_generation": {
   "mean": 8.0,
   "min": 8,
   "max": 8
  },
  "dispersion": {
   "n_days": 1251,
   "mean": 0.24374369869130452,
   "p10": 0.0487969511901495,
   "p50": 0.22332704510375587,
   "p90": 0.4570399588406791
  },
  "member_rank_ic_1": {
   "n_slots": 8,
   "mean": 0.011020969749615098,
   "sd": 0.005818382619459692,
   "min": 0.0017438066007400123,
   "max": 0.017171769856160937,
   "mean_days_per_slot": 1219.625
  },
  "member_slots": [
   "island0_elite0",
   "island1_elite0",
   "island2_elite0",
   "island3_elite0",
   "island4_elite0",
   "island5_elite0",
   "island6_elite0",
   "island7_elite0"
  ],
  "member_rank_ic_1_by_slot": {
   "island0_elite0": {
    "rank_ic_1": 0.01636080706930091,
    "n_days": 1216
   },
   "island1_elite0": {
    "rank_ic_1": 0.0040534141414483756,
    "n_days": 1221
   },
   "island2_elite0": {
    "rank_ic_1": 0.011946849279603655,
    "n_days": 1241
   },
   "island3_elite0": {
    "rank_ic_1": 0.0167725672518527,
    "n_days": 1202
   },
   "island4_elite0": {
    "rank_ic_1": 0.009721344313492085,
    "n_days": 1226
   },
   "island5_elite0": {
    "rank_ic_1": 0.010397199484322096,
    "n_days": 1244
   },
   "island6_elite0": {
    "rank_ic_1": 0.017171769856160937,
    "n_days": 1221
   },
   "island7_elite0": {
    "rank_ic_1": 0.0017438066007400123,
    "n_days": 1186
   }
  },
  "day_pooled_mean_member_rank_ic_1": 0.010860302517856447,
  "ensemble_rank_ic_1": 0.01755521878484786,
  "ensemble_minus_mean_member": 0.006694916266991414,
  "dropped_member_days": 0,
  "incomplete_member_rows": 0,
  "global_best_matched_days": 1109
 }
}
