# realized: sidecar RET_raw (param RET_CS)
# row mapping verified on generations [0, 150, 299], all 50 stocks: file row i -> panel row tw*step + 2 + i (tw = g + num_training_windows + V)
# stitched 1500 days from 300 generations (300*step = 1500); 2019-01-07 .. 2024-12-19 (panel rows 3536..5035, contiguous)
# ensemble: topn (N=16, ordered by (elite_rank, island)), combine=rank_mean, over 300 generations
# scoring 1251 days from 2020-01-02 to 2024-12-19 (--score-from 2020-01-01)
# book: sleeves, H=10, top-k 10, beta-neutral off
# book costs: TC/PRC from the panel, charged on netted traded notional

period    who     days  pearsonIC  rankIC@1  rankIC@5  rankIC@10      net%   sharpe     MDD% turnover    cost%
2020      model    253  +0.0085   +0.0008   +0.0199   +0.0354    +21.38    +0.72    23.42   0.1275     1.67
2020      naive    253  -0.0245   -0.0245   -0.0332   -0.0410    -21.10    -1.52    31.77   0.1581     2.05
2021      model    252  +0.0186   +0.0115   +0.0266   +0.0398    +19.15    +1.49     7.26   0.1318     1.50
2021      naive    252  -0.0361   -0.0428   -0.0149   -0.0194     -7.75    -1.37     8.49   0.1589     1.78
2022      model    251  +0.0094   +0.0099   +0.0043   +0.0103     +4.19    +0.42    10.57   0.1400     1.41
2022      naive    251  -0.0124   -0.0147   -0.0220   -0.0262    -12.05    -1.93    12.96   0.1598     1.52
2023      model    250  +0.0251   +0.0233   +0.0450   +0.0486    +17.21    +1.68     7.67   0.1314     1.09
2023      naive    250  -0.0181   -0.0168   -0.0191   -0.0127     -3.47    -0.71     5.53   0.1603     1.28
2024      model    245  +0.0227   +0.0181   +0.0161   +0.0296    +11.43    +1.68     4.05   0.1322     1.18
2024      naive    245  -0.0321   -0.0315   -0.0154   -0.0214     -8.95    -2.17     9.64   0.1589     1.37
overall   model   1251  +0.0168   +0.0127   +0.0224   +0.0328    +73.37    +0.91    23.42   0.1326     6.84
overall   naive   1251  -0.0246   -0.0260   -0.0210   -0.0242    -53.33    -1.37    60.17   0.1592     8.00

# model overall: pearson IC +0.0168 (SE 0.0064, t +2.62); rank IC +0.0127 (SE 0.0064, t +1.98); rebalances 1251, avg holding 10.0 days
# naive overall: pearson IC -0.0246 (SE 0.0070, t -3.50); rank IC -0.0260 (SE 0.0069, t -3.78); rebalances 1251, avg holding 10.0 days
# rank IC by horizon (overall): h=1:+0.0127  h=2:+0.0134  h=3:+0.0169  h=4:+0.0176  h=5:+0.0224  h=6:+0.0274  h=7:+0.0300  h=8:+0.0322  h=9:+0.0329  h=10:+0.0328
#   naive                     : h=1:-0.0260  h=2:-0.0205  h=3:-0.0198  h=4:-0.0211  h=5:-0.0210  h=6:-0.0259  h=7:-0.0240  h=8:-0.0243  h=9:-0.0247  h=10:-0.0242

# members/day: mean 16.00 (min 16, max 16); per generation mean 16.00 (min 16, max 16)
# member dispersion (mean pairwise Spearman of member cross-sections, per day, n=1251):
#     mean +0.2638   p10 +0.0869   p50 +0.2639   p90 +0.4338
# per-member rank IC@1 over 16 member slots (each stitched over its own 1229 days):
#     mean +0.0067   sd 0.0081   min -0.0079   max +0.0178
# ensemble rank IC@1 +0.0127  vs  day-pooled mean member +0.0065  (ensemble - member = +0.0061)
# row-alignment cross-check: the wide file's global_best column is reproduced by some elite on 1111/1251 scored days
# wrote /anvil/scratch/x-jchang5/probe1/topn/set2_seed42/ensemble_diagnostics.csv
# wrote /anvil/scratch/x-jchang5/probe1/topn/set2_seed42/ensemble_stitched_predictions.csv
# wrote /anvil/scratch/x-jchang5/probe1/topn/set2_seed42/ensemble_book_daily.csv
# wrote /anvil/scratch/x-jchang5/probe1/topn/set2_seed42/ensemble_rolling_rank_ic.csv
{
 "meta": {
  "run_dir": "/anvil/scratch/x-jchang5/results_v2/C7_E/set2_seed42",
  "param": "RET_CS",
  "realized": "sidecar RET_raw",
  "realized_mode": "auto",
  "generations": 300,
  "row_offset": 2,
  "stitched_days": 1500,
  "scored_days": 1251,
  "first_scored_date": "2020-01-02",
  "last_scored_date": "2024-12-19",
  "score_from": "2020-01-01",
  "top_k": 10,
  "cost_bps": null,
  "book": "sleeves",
  "hold_days": 10,
  "beta_neutral": false,
  "beta_window": null,
  "ensemble": "topn",
  "combine": "rank_mean",
  "top_n": 16,
  "diverse_gate": null
 },
 "summary": {
  "2020": {
   "model": {
    "n_days": 253,
    "pearson_ic": 0.008541600668898211,
    "pearson_se": 0.017598230828812133,
    "pearson_t": 0.48536700944470806,
    "rank_ic_1": 0.0007643962512004943,
    "rank_ic_se": 0.017434115947804023,
    "rank_ic_t": 0.04384485301629398,
    "rank_ic_5": 0.019949171260847817,
    "rank_ic_10": 0.03543571053722394,
    "net_pct": 21.384621336654156,
    "sharpe": 0.7182559773433269,
    "mdd_pct": 23.42357265688267,
    "cost_pct": 1.669313267291403,
    "turnover": 0.12753389180408647
   },
   "naive": {
    "n_days": 253,
    "pearson_ic": -0.024485115573261357,
    "pearson_se": 0.017710510212670914,
    "pearson_t": -1.3825189268541556,
    "rank_ic_1": -0.024489220635961168,
    "rank_ic_se": 0.0177372245807606,
    "rank_ic_t": -1.3806681267668222,
    "rank_ic_5": -0.033249776091808264,
    "rank_ic_10": -0.04102936426862428,
    "net_pct": -21.103534885940388,
    "sharpe": -1.5155636016863192,
    "mdd_pct": 31.769771464198133,
    "cost_pct": 2.0539783194298766,
    "turnover": 0.1580961452825185
   }
  },
  "2021": {
   "model": {
    "n_days": 252,
    "pearson_ic": 0.018624096884855484,
    "pearson_se": 0.015553650581198649,
    "pearson_t": 1.1974100091568478,
    "rank_ic_1": 0.011450129295581873,
    "rank_ic_se": 0.015468025741458695,
    "rank_ic_t": 0.7402450375352221,
    "rank_ic_5": 0.026631388830775825,
    "rank_ic_10": 0.03984363219348828,
    "net_pct": 19.154753264266972,
    "sharpe": 1.4889578931237293,
    "mdd_pct": 7.255343933357679,
    "cost_pct": 1.5028243730988848,
    "turnover": 0.1317737471317976
   },
   "naive": {
    "n_days": 252,
    "pearson_ic": -0.03612977561683896,
    "pearson_se": 0.01697342656395478,
    "pearson_t": -2.128608238336808,
    "rank_ic_1": -0.04275895603610833,
    "rank_ic_se": 0.016587285855635524,
    "rank_ic_t": -2.5778151053917595,
    "rank_ic_5": -0.014866518646503834,
    "rank_ic_10": -0.019362470525360016,
    "net_pct": -7.7490508431033085,
    "sharpe": -1.3727979105864652,
    "mdd_pct": 8.48757167605378,
    "cost_pct": 1.7786828109048562,
    "turnover": 0.15888348891786042
   }
  },
  "2022": {
   "model": {
    "n_days": 251,
    "pearson_ic": 0.009406921696328828,
    "pearson_se": 0.012669779279657001,
    "pearson_t": 0.7424692639620707,
    "rank_ic_1": 0.009906971064346211,
    "rank_ic_se": 0.01290417711861391,
    "rank_ic_t": 0.7677336550236656,
    "rank_ic_5": 0.004305622145899424,
    "rank_ic_10": 0.01026231369616361,
    "net_pct": 4.193026752419052,
    "sharpe": 0.41795762312771984,
    "mdd_pct": 10.568998977519064,
    "cost_pct": 1.4054930500188094,
    "turnover": 0.14002716148023198
   },
   "naive": {
    "n_days": 251,
    "pearson_ic": -0.012449789898319193,
    "pearson_se": 0.015664720476544103,
    "pearson_t": -0.794766170067391,
    "rank_ic_1": -0.014748689095352732,
    "rank_ic_se": 0.015054224792594318,
    "rank_ic_t": -0.9797043221121629,
    "rank_ic_5": -0.022019830506586877,
    "rank_ic_10": -0.02617304636564054,
    "net_pct": -12.051870731665757,
    "sharpe": -1.9306474680360934,
    "mdd_pct": 12.961355534890817,
    "cost_pct": 1.5172923298459695,
    "turnover": 0.15984244894366328
   }
  },
  "2023": {
   "model": {
    "n_days": 250,
    "pearson_ic": 0.025084404366698874,
    "pearson_se": 0.013668126438239708,
    "pearson_t": 1.8352481944064785,
    "rank_ic_1": 0.023288723433371544,
    "rank_ic_se": 0.01342375597363058,
    "rank_ic_t": 1.7348887657910017,
    "rank_ic_5": 0.04503120603506845,
    "rank_ic_10": 0.04860001743022285,
    "net_pct": 17.207562468273586,
    "sharpe": 1.6797554499809828,
    "mdd_pct": 7.674615354014086,
    "cost_pct": 1.0873589074268037,
    "turnover": 0.13143065560952866
   },
   "naive": {
    "n_days": 250,
    "pearson_ic": -0.018074914122770916,
    "pearson_se": 0.01452257887788127,
    "pearson_t": -1.2446077432087532,
    "rank_ic_1": -0.016776316723086427,
    "rank_ic_se": 0.01394127068749716,
    "rank_ic_t": -1.2033563581927864,
    "rank_ic_5": -0.019119105201666833,
    "rank_ic_10": -0.012741410589269269,
    "net_pct": -3.472251017284763,
    "sharpe": -0.7069556933277672,
    "mdd_pct": 5.5291094542825725,
    "cost_pct": 1.2755968410853202,
    "turnover": 0.16027833527910507
   }
  },
  "2024": {
   "model": {
    "n_days": 245,
    "pearson_ic": 0.0227361855188649,
    "pearson_se": 0.01124936350522109,
    "pearson_t": 2.021108617239767,
    "rank_ic_1": 0.01813862507839838,
    "rank_ic_se": 0.011426038164531591,
    "rank_ic_t": 1.5874815764841244,
    "rank_ic_5": 0.016117348299608005,
    "rank_ic_10": 0.02959545868357819,
    "net_pct": 11.432691159864419,
    "sharpe": 1.6751786651154956,
    "mdd_pct": 4.051030028744274,
    "cost_pct": 1.1764585418096858,
    "turnover": 0.1321953373957712
   },
   "naive": {
    "n_days": 245,
    "pearson_ic": -0.032138656052943144,
    "pearson_se": 0.013464830178393722,
    "pearson_t": -2.3868593682313417,
    "rank_ic_1": -0.03145657374091892,
    "rank_ic_se": 0.013177615713404044,
    "rank_ic_t": -2.3871217999567125,
    "rank_ic_5": -0.015445094679951176,
    "rank_ic_10": -0.021369407114607945,
    "net_pct": -8.952317188722922,
    "sharpe": -2.170784496486146,
    "mdd_pct": 9.641419979857105,
    "cost_pct": 1.3742112996195253,
    "turnover": 0.15887564834706752
   }
  },
  "overall": {
   "model": {
    "n_days": 1251,
    "pearson_ic": 0.016832055374732233,
    "pearson_se": 0.0064159898565148655,
    "pearson_t": 2.623454174828656,
    "rank_ic_1": 0.012655170722415468,
    "rank_ic_se": 0.006400273367758789,
    "rank_ic_t": 1.977285968153417,
    "rank_ic_5": 0.02243868798872769,
    "rank_ic_10": 0.03278277248252327,
    "net_pct": 73.37265498147806,
    "sharpe": 0.9134219623039002,
    "mdd_pct": 23.42357265688267,
    "cost_pct": 6.841448139645575,
    "turnover": 0.13258624940010486,
    "n_rebalances": 1251,
    "avg_holding_days": 10.0
   },
   "naive": {
    "n_days": 1251,
    "pearson_ic": -0.024633920242702226,
    "pearson_se": 0.0070481080364456486,
    "pearson_t": -3.4951110447400406,
    "rank_ic_1": -0.026038281736393075,
    "rank_ic_se": 0.006892741168949152,
    "rank_ic_t": -3.7776381120608358,
    "rank_ic_5": -0.02100046321217699,
    "rank_ic_10": -0.024201078177530783,
    "net_pct": -53.32902466671725,
    "sharpe": -1.3691041976622669,
    "mdd_pct": 60.17324499102941,
    "cost_pct": 7.999761600885546,
    "turnover": 0.15919387395159515,
    "n_rebalances": 1251,
    "avg_holding_days": 10.0
   }
  }
 },
 "horizon_rank_ic": {
  "model": {
   "1": 0.012655170722415468,
   "2": 0.013405020965097263,
   "3": 0.016908449250208266,
   "4": 0.017636193657609857,
   "5": 0.02243868798872769,
   "6": 0.02739149669845072,
   "7": 0.030034574203536148,
   "8": 0.032175951472297196,
   "9": 0.03291801074944701,
   "10": 0.03278277248252327
  },
  "naive": {
   "1": -0.026038281736393075,
   "2": -0.02045804095635942,
   "3": -0.01984411817748298,
   "4": -0.02110673685085458,
   "5": -0.02100046321217699,
   "6": -0.025946463861507427,
   "7": -0.02395962708145974,
   "8": -0.02426057165071876,
   "9": -0.02466026828027414,
   "10": -0.024201078177530783
  }
 },
 "diagnostics": {
  "members_per_day": {
   "mean": 16.0,
   "min": 16,
   "max": 16
  },
  "members_per_generation": {
   "mean": 16.0,
   "min": 16,
   "max": 16
  },
  "dispersion": {
   "n_days": 1251,
   "mean": 0.2638059072422401,
   "p10": 0.08690196078431368,
   "p50": 0.26393597438975597,
   "p90": 0.43379031612645047
  },
  "member_rank_ic_1": {
   "n_slots": 16,
   "mean": 0.006676667184704929,
   "sd": 0.008128232276332362,
   "min": -0.007872100989853826,
   "max": 0.01778084584749878,
   "mean_days_per_slot": 1229.4375
  },
  "member_slots": [
   "island0_elite0",
   "island0_elite1",
   "island1_elite0",
   "island1_elite1",
   "island2_elite0",
   "island2_elite1",
   "island3_elite0",
   "island3_elite1",
   "island4_elite0",
   "island4_elite1",
   "island5_elite0",
   "island5_elite1",
   "island6_elite0",
   "island6_elite1",
   "island7_elite0",
   "island7_elite1"
  ],
  "member_rank_ic_1_by_slot": {
   "island0_elite0": {
    "rank_ic_1": 0.014672816152290621,
    "n_days": 1241
   },
   "island0_elite1": {
    "rank_ic_1": 0.01778084584749878,
    "n_days": 1251
   },
   "island1_elite0": {
    "rank_ic_1": 0.004379594532124678,
    "n_days": 1226
   },
   "island1_elite1": {
    "rank_ic_1": 0.004413189969396851,
    "n_days": 1237
   },
   "island2_elite0": {
    "rank_ic_1": 0.01610948927389096,
    "n_days": 1246
   },
   "island2_elite1": {
    "rank_ic_1": 0.013806356979880195,
    "n_days": 1251
   },
   "island3_elite0": {
    "rank_ic_1": -0.00012485898298889207,
    "n_days": 1231
   },
   "island3_elite1": {
    "rank_ic_1": -8.234224396204271e-05,
    "n_days": 1231
   },
   "island4_elite0": {
    "rank_ic_1": 0.011634202223604548,
    "n_days": 1226
   },
   "island4_elite1": {
    "rank_ic_1": 0.009434738779027943,
    "n_days": 1233
   },
   "island5_elite0": {
    "rank_ic_1": 0.01528321045421061,
    "n_days": 1213
   },
   "island5_elite1": {
    "rank_ic_1": 0.01234082104878146,
    "n_days": 1237
   },
   "island6_elite0": {
    "rank_ic_1": -0.00037066959924037137,
    "n_days": 1187
   },
   "island6_elite1": {
    "rank_ic_1": -0.0015220567230799181,
    "n_days": 1201
   },
   "island7_elite0": {
    "rank_ic_1": -0.007872100989853826,
    "n_days": 1226
   },
   "island7_elite1": {
    "rank_ic_1": -0.003056561766302694,
    "n_days": 1234
   }
  },
  "day_pooled_mean_member_rank_ic_1": 0.006549214944258262,
  "ensemble_rank_ic_1": 0.012655170722415468,
  "ensemble_minus_mean_member": 0.006105955778157206,
  "dropped_member_days": 0,
  "incomplete_member_rows": 0,
  "global_best_matched_days": 1111
 }
}
