# realized: sidecar RET_raw (param RET_CS)
# row mapping verified on generations [0, 150, 299], all 50 stocks: file row i -> panel row tw*step + 2 + i (tw = g + num_training_windows + V)
# stitched 1500 days from 300 generations (300*step = 1500); 2019-01-07 .. 2024-12-20 (panel rows 3751..5250, contiguous)
# ensemble: all_elites, combine=rank_mean, over 300 generations
# scoring 1251 days from 2020-01-02 to 2024-12-20 (--score-from 2020-01-01)
# book: sleeves, H=10, top-k 10, beta-neutral off
# book costs: TC/PRC from the panel, charged on netted traded notional

period    who     days  pearsonIC  rankIC@1  rankIC@5  rankIC@10      net%   sharpe     MDD% turnover    cost%
2020      model    252  +0.0027   -0.0023   +0.0137   +0.0125     +6.59    +0.28    25.01   0.1263     1.51
2020      naive    252  -0.0067   -0.0120   -0.0293   -0.0336    -18.39    -1.53    26.87   0.1561     1.82
2021      model    252  +0.0081   +0.0090   +0.0145   +0.0329     +7.14    +0.65    11.38   0.1194     1.24
2021      naive    252  -0.0235   -0.0254   -0.0289   -0.0223     -7.52    -1.47     7.98   0.1587     1.66
2022      model    251  +0.0141   +0.0160   +0.0165   +0.0212     +0.68    +0.07     8.53   0.1443     1.29
2022      naive    251  -0.0185   -0.0265   -0.0208   -0.0191     -7.12    -1.25     9.59   0.1586     1.41
2023      model    250  +0.0308   +0.0340   +0.0433   +0.0405    +10.52    +1.57     2.55   0.1504     1.11
2023      naive    250  -0.0334   -0.0331   -0.0329   -0.0191     -7.26    -1.65     9.85   0.1609     1.22
2024      model    246  +0.0241   +0.0283   +0.0207   +0.0179     +3.46    +0.54     6.25   0.1460     1.11
2024      naive    246  -0.0203   -0.0253   -0.0154   -0.0194     -4.64    -1.26     6.82   0.1609     1.21
overall   model   1251  +0.0159   +0.0169   +0.0217   +0.0251    +28.39    +0.43    25.01   0.1372     6.26
overall   naive   1251  -0.0205   -0.0244   -0.0255   -0.0228    -44.93    -1.32    51.42   0.1591     7.31

# model overall: pearson IC +0.0159 (SE 0.0063, t +2.52); rank IC +0.0169 (SE 0.0064, t +2.64); rebalances 1251, avg holding 10.0 days
# naive overall: pearson IC -0.0205 (SE 0.0067, t -3.05); rank IC -0.0244 (SE 0.0067, t -3.65); rebalances 1251, avg holding 10.0 days
# rank IC by horizon (overall): h=1:+0.0169  h=2:+0.0216  h=3:+0.0226  h=4:+0.0227  h=5:+0.0217  h=6:+0.0235  h=7:+0.0207  h=8:+0.0213  h=9:+0.0211  h=10:+0.0251
#   naive                     : h=1:-0.0244  h=2:-0.0263  h=3:-0.0293  h=4:-0.0281  h=5:-0.0255  h=6:-0.0264  h=7:-0.0236  h=8:-0.0238  h=9:-0.0228  h=10:-0.0228

# members/day: mean 63.96 (min 61, max 64); per generation mean 63.83 (min 31, max 64)
# member dispersion (mean pairwise Spearman of member cross-sections, per day, n=1251):
#     mean +0.3074   p10 +0.1610   p50 +0.2938   p90 +0.4753
# per-member rank IC@1 over 64 member slots (each stitched over its own 1240 days):
#     mean +0.0100   sd 0.0044   min +0.0026   max +0.0210
# ensemble rank IC@1 +0.0169  vs  day-pooled mean member +0.0099  (ensemble - member = +0.0070)
# row-alignment cross-check: the wide file's global_best column is reproduced by some elite on 1226/1251 scored days
# wrote /anvil/scratch/x-jchang5/probe1/all_elites/set4_seed43/ensemble_diagnostics.csv
# wrote /anvil/scratch/x-jchang5/probe1/all_elites/set4_seed43/ensemble_stitched_predictions.csv
# wrote /anvil/scratch/x-jchang5/probe1/all_elites/set4_seed43/ensemble_book_daily.csv
# wrote /anvil/scratch/x-jchang5/probe1/all_elites/set4_seed43/ensemble_rolling_rank_ic.csv
{
 "meta": {
  "run_dir": "/anvil/scratch/x-jchang5/results_v2/C7_E/set4_seed43",
  "param": "RET_CS",
  "realized": "sidecar RET_raw",
  "realized_mode": "auto",
  "generations": 300,
  "row_offset": 2,
  "stitched_days": 1500,
  "scored_days": 1251,
  "first_scored_date": "2020-01-02",
  "last_scored_date": "2024-12-20",
  "score_from": "2020-01-01",
  "top_k": 10,
  "cost_bps": null,
  "book": "sleeves",
  "hold_days": 10,
  "beta_neutral": false,
  "beta_window": null,
  "ensemble": "all_elites",
  "combine": "rank_mean",
  "top_n": null,
  "diverse_gate": null
 },
 "summary": {
  "2020": {
   "model": {
    "n_days": 252,
    "pearson_ic": 0.002699110908825082,
    "pearson_se": 0.01655710948437441,
    "pearson_t": 0.16301824369599888,
    "rank_ic_1": -0.0023230511507706902,
    "rank_ic_se": 0.017002896786495643,
    "rank_ic_t": -0.13662678659649027,
    "rank_ic_5": 0.013704479411390285,
    "rank_ic_10": 0.01254523039152565,
    "net_pct": 6.592924142642766,
    "sharpe": 0.2758463770556607,
    "mdd_pct": 25.009826178190618,
    "cost_pct": 1.5107928156362538,
    "turnover": 0.12633990708078208
   },
   "naive": {
    "n_days": 252,
    "pearson_ic": -0.006671329659152179,
    "pearson_se": 0.01702695704142171,
    "pearson_t": -0.3918098602658564,
    "rank_ic_1": -0.011978071855790312,
    "rank_ic_se": 0.016581373350752198,
    "rank_ic_t": -0.7223811684601468,
    "rank_ic_5": -0.029252345788613035,
    "rank_ic_10": -0.03360413104899651,
    "net_pct": -18.38994062912199,
    "sharpe": -1.5348460062355076,
    "mdd_pct": 26.87283374166582,
    "cost_pct": 1.8203211327477067,
    "turnover": 0.15614949432045103
   }
  },
  "2021": {
   "model": {
    "n_days": 252,
    "pearson_ic": 0.008063063975348422,
    "pearson_se": 0.013422196079492776,
    "pearson_t": 0.6007261350970463,
    "rank_ic_1": 0.009029296085983081,
    "rank_ic_se": 0.013787703154704713,
    "rank_ic_t": 0.6548803658354116,
    "rank_ic_5": 0.01450369002719966,
    "rank_ic_10": 0.03294686087706841,
    "net_pct": 7.141184635385338,
    "sharpe": 0.6548206086817363,
    "mdd_pct": 11.377905393544896,
    "cost_pct": 1.2389357025416798,
    "turnover": 0.11942660413264497
   },
   "naive": {
    "n_days": 252,
    "pearson_ic": -0.02354068881641417,
    "pearson_se": 0.014519065966261388,
    "pearson_t": -1.6213638584683572,
    "rank_ic_1": -0.02536023131586918,
    "rank_ic_se": 0.01437005002723951,
    "rank_ic_t": -1.7647977054914181,
    "rank_ic_5": -0.02894967475126879,
    "rank_ic_10": -0.022274442024298183,
    "net_pct": -7.518549716123678,
    "sharpe": -1.4747666620467443,
    "mdd_pct": 7.975739729267561,
    "cost_pct": 1.658958106398559,
    "turnover": 0.15874049415529481
   }
  },
  "2022": {
   "model": {
    "n_days": 251,
    "pearson_ic": 0.014127898801283388,
    "pearson_se": 0.0147658734026429,
    "pearson_t": 0.9567939813675145,
    "rank_ic_1": 0.015953567816904466,
    "rank_ic_se": 0.014622905402317917,
    "rank_ic_t": 1.0909984970822297,
    "rank_ic_5": 0.01651561895571619,
    "rank_ic_10": 0.021179030342662022,
    "net_pct": 0.6781992623229778,
    "sharpe": 0.07180494027794015,
    "mdd_pct": 8.53362629821607,
    "cost_pct": 1.2890993214686282,
    "turnover": 0.14427218990470675
   },
   "naive": {
    "n_days": 251,
    "pearson_ic": -0.018489285029954474,
    "pearson_se": 0.015964657487616118,
    "pearson_t": -1.1581385347162458,
    "rank_ic_1": -0.02651757291358986,
    "rank_ic_se": 0.015666197345538334,
    "rank_ic_t": -1.6926617435431421,
    "rank_ic_5": -0.020792609575134676,
    "rank_ic_10": -0.019126905347098076,
    "net_pct": -7.12277621421205,
    "sharpe": -1.252017331435024,
    "mdd_pct": 9.594009262463791,
    "cost_pct": 1.40791905274319,
    "turnover": 0.15863509942919973
   }
  },
  "2023": {
   "model": {
    "n_days": 250,
    "pearson_ic": 0.030790273950229055,
    "pearson_se": 0.012841073502448452,
    "pearson_t": 2.397795943178595,
    "rank_ic_1": 0.033957652404276166,
    "rank_ic_se": 0.01301488212240185,
    "rank_ic_t": 2.6091402200121814,
    "rank_ic_5": 0.04325613042510631,
    "rank_ic_10": 0.04053181827557516,
    "net_pct": 10.518963573433691,
    "sharpe": 1.5655061158329358,
    "mdd_pct": 2.547880368097961,
    "cost_pct": 1.1059674498366494,
    "turnover": 0.15044890180963977
   },
   "naive": {
    "n_days": 250,
    "pearson_ic": -0.03339895163084893,
    "pearson_se": 0.01402619619847801,
    "pearson_t": -2.3811838333241817,
    "rank_ic_1": -0.033103282985784216,
    "rank_ic_se": 0.014341134870525895,
    "rank_ic_t": -2.3082749925055484,
    "rank_ic_5": -0.03293013152072079,
    "rank_ic_10": -0.01912519229487815,
    "net_pct": -7.259329770740821,
    "sharpe": -1.654595762164943,
    "mdd_pct": 9.846124272893057,
    "cost_pct": 1.2195252401381758,
    "turnover": 0.16093599415280252
   }
  },
  "2024": {
   "model": {
    "n_days": 246,
    "pearson_ic": 0.0241464020537343,
    "pearson_se": 0.012448517974436852,
    "pearson_t": 1.939700942981258,
    "rank_ic_1": 0.02833140305807757,
    "rank_ic_se": 0.01265029871775208,
    "rank_ic_t": 2.2395837197362223,
    "rank_ic_5": 0.020732756980846225,
    "rank_ic_10": 0.017884542763868416,
    "net_pct": 3.457041337972274,
    "sharpe": 0.541538142553617,
    "mdd_pct": 6.249186327626735,
    "cost_pct": 1.1149599316399983,
    "turnover": 0.14602282443527478
   },
   "naive": {
    "n_days": 246,
    "pearson_ic": -0.020342633969969038,
    "pearson_se": 0.013043075158106888,
    "pearson_t": -1.5596501379757157,
    "rank_ic_1": -0.025260773848212893,
    "rank_ic_se": 0.013748316992768992,
    "rank_ic_t": -1.8373720842703107,
    "rank_ic_5": -0.015393657198351892,
    "rank_ic_10": -0.019433962149697556,
    "net_pct": -4.644214680058542,
    "sharpe": -1.2643811004610845,
    "mdd_pct": 6.824224281836609,
    "cost_pct": 1.207422146089977,
    "turnover": 0.16087957785152182
   }
  },
  "overall": {
   "model": {
    "n_days": 1251,
    "pearson_ic": 0.01590388014605099,
    "pearson_se": 0.006304458541218427,
    "pearson_t": 2.5226401350840413,
    "rank_ic_1": 0.01690907873626913,
    "rank_ic_se": 0.006404001022655225,
    "rank_ic_t": 2.6403928850808165,
    "rank_ic_5": 0.021720319849278902,
    "rank_ic_10": 0.025081751062499612,
    "net_pct": 28.38831295175708,
    "sharpe": 0.43334959060536515,
    "mdd_pct": 25.009826178190618,
    "cost_pct": 6.259755221123207,
    "turnover": 0.1372336696685472,
    "n_rebalances": 1251,
    "avg_holding_days": 10.0
   },
   "naive": {
    "n_days": 1251,
    "pearson_ic": -0.02047023586145956,
    "pearson_se": 0.006702911854020479,
    "pearson_t": -3.053931829519926,
    "rank_ic_1": -0.024424567796703194,
    "rank_ic_se": 0.006695715487688285,
    "rank_ic_t": -3.6477905672087996,
    "rank_ic_5": -0.025536208581868745,
    "rank_ic_10": -0.022761192238155994,
    "net_pct": -44.93481101025708,
    "sharpe": -1.3156663310754133,
    "mdd_pct": 51.42148084375201,
    "cost_pct": 7.314145678117615,
    "turnover": 0.159056803950673,
    "n_rebalances": 1251,
    "avg_holding_days": 10.0
   }
  }
 },
 "horizon_rank_ic": {
  "model": {
   "1": 0.01690907873626913,
   "2": 0.021601472015494543,
   "3": 0.02257425824110021,
   "4": 0.022696436490848428,
   "5": 0.021720319849278902,
   "6": 0.02346896976945845,
   "7": 0.020663244417247095,
   "8": 0.02133496492860845,
   "9": 0.02107673617002485,
   "10": 0.025081751062499612
  },
  "naive": {
   "1": -0.024424567796703194,
   "2": -0.02626379942141974,
   "3": -0.029326900132288003,
   "4": -0.028088593744848102,
   "5": -0.025536208581868745,
   "6": -0.026391278224704787,
   "7": -0.02363497354880376,
   "8": -0.023765467728975764,
   "9": -0.022822246156393708,
   "10": -0.022761192238155994
  }
 },
 "diagnostics": {
  "members_per_day": {
   "mean": 63.96402877697842,
   "min": 61,
   "max": 64
  },
  "members_per_generation": {
   "mean": 63.833333333333336,
   "min": 31,
   "max": 64
  },
  "dispersion": {
   "n_days": 1251,
   "mean": 0.30736011296478694,
   "p10": 0.16103532701519577,
   "p50": 0.2938019433143548,
   "p90": 0.47530389049076455
  },
  "member_rank_ic_1": {
   "n_slots": 64,
   "mean": 0.00998022927310318,
   "sd": 0.0044407612527630255,
   "min": 0.002636578324078442,
   "max": 0.02103997874675126,
   "mean_days_per_slot": 1239.9375
  },
  "member_slots": [
   "island0_elite0",
   "island0_elite1",
   "island0_elite2",
   "island0_elite3",
   "island0_elite4",
   "island0_elite5",
   "island0_elite6",
   "island0_elite7",
   "island1_elite0",
   "island1_elite1",
   "island1_elite2",
   "island1_elite3",
   "island1_elite4",
   "island1_elite5",
   "island1_elite6",
   "island1_elite7",
   "island2_elite0",
   "island2_elite1",
   "island2_elite2",
   "island2_elite3",
   "island2_elite4",
   "island2_elite5",
   "island2_elite6",
   "island2_elite7",
   "island3_elite0",
   "island3_elite1",
   "island3_elite2",
   "island3_elite3",
   "island3_elite4",
   "island3_elite5",
   "island3_elite6",
   "island3_elite7",
   "island4_elite0",
   "island4_elite1",
   "island4_elite2",
   "island4_elite3",
   "island4_elite4",
   "island4_elite5",
   "island4_elite6",
   "island4_elite7",
   "island5_elite0",
   "island5_elite1",
   "island5_elite2",
   "island5_elite3",
   "island5_elite4",
   "island5_elite5",
   "island5_elite6",
   "island5_elite7",
   "island6_elite0",
   "island6_elite1",
   "island6_elite2",
   "island6_elite3",
   "island6_elite4",
   "island6_elite5",
   "island6_elite6",
   "island6_elite7",
   "island7_elite0",
   "island7_elite1",
   "island7_elite2",
   "island7_elite3",
   "island7_elite4",
   "island7_elite5",
   "island7_elite6",
   "island7_elite7"
  ],
  "member_rank_ic_1_by_slot": {
   "island0_elite0": {
    "rank_ic_1": 0.013551105416072283,
    "n_days": 1218
   },
   "island0_elite1": {
    "rank_ic_1": 0.009367690539846102,
    "n_days": 1211
   },
   "island0_elite2": {
    "rank_ic_1": 0.01396351626503733,
    "n_days": 1216
   },
   "island0_elite3": {
    "rank_ic_1": 0.011195633192352577,
    "n_days": 1231
   },
   "island0_elite4": {
    "rank_ic_1": 0.01088360884297714,
    "n_days": 1236
   },
   "island0_elite5": {
    "rank_ic_1": 0.010697599028063337,
    "n_days": 1236
   },
   "island0_elite6": {
    "rank_ic_1": 0.01512231289208986,
    "n_days": 1231
   },
   "island0_elite7": {
    "rank_ic_1": 0.013611368331048906,
    "n_days": 1194
   },
   "island1_elite0": {
    "rank_ic_1": 0.007301247901132667,
    "n_days": 1251
   },
   "island1_elite1": {
    "rank_ic_1": 0.005742239948784632,
    "n_days": 1246
   },
   "island1_elite2": {
    "rank_ic_1": 0.005967399432080882,
    "n_days": 1251
   },
   "island1_elite3": {
    "rank_ic_1": 0.0067825802702317795,
    "n_days": 1241
   },
   "island1_elite4": {
    "rank_ic_1": 0.004853901217671403,
    "n_days": 1241
   },
   "island1_elite5": {
    "rank_ic_1": 0.00518498586672388,
    "n_days": 1246
   },
   "island1_elite6": {
    "rank_ic_1": 0.010864898375983754,
    "n_days": 1227
   },
   "island1_elite7": {
    "rank_ic_1": 0.0029321456759564017,
    "n_days": 1231
   },
   "island2_elite0": {
    "rank_ic_1": 0.01733447127677609,
    "n_days": 1221
   },
   "island2_elite1": {
    "rank_ic_1": 0.017978478455074637,
    "n_days": 1240
   },
   "island2_elite2": {
    "rank_ic_1": 0.01866249354828638,
    "n_days": 1246
   },
   "island2_elite3": {
    "rank_ic_1": 0.02103997874675126,
    "n_days": 1246
   },
   "island2_elite4": {
    "rank_ic_1": 0.015311892063468493,
    "n_days": 1246
   },
   "island2_elite5": {
    "rank_ic_1": 0.019457673362080385,
    "n_days": 1246
   },
   "island2_elite6": {
    "rank_ic_1": 0.019527274604477292,
    "n_days": 1240
   },
   "island2_elite7": {
    "rank_ic_1": 0.01619724775006353,
    "n_days": 1241
   },
   "island3_elite0": {
    "rank_ic_1": 0.002747386469626026,
    "n_days": 1251
   },
   "island3_elite1": {
    "rank_ic_1": 0.003785751515293957,
    "n_days": 1251
   },
   "island3_elite2": {
    "rank_ic_1": 0.00320519893928894,
    "n_days": 1251
   },
   "island3_elite3": {
    "rank_ic_1": 0.005599588022932171,
    "n_days": 1251
   },
   "island3_elite4": {
    "rank_ic_1": 0.00519024809924059,
    "n_days": 1251
   },
   "island3_elite5": {
    "rank_ic_1": 0.004267346205517233,
    "n_days": 1251
   },
   "island3_elite6": {
    "rank_ic_1": 0.006413428115528631,
    "n_days": 1251
   },
   "island3_elite7": {
    "rank_ic_1": 0.007840653755647888,
    "n_days": 1251
   },
   "island4_elite0": {
    "rank_ic_1": 0.010123131064737665,
    "n_days": 1244
   },
   "island4_elite1": {
    "rank_ic_1": 0.010863418132566426,
    "n_days": 1251
   },
   "island4_elite2": {
    "rank_ic_1": 0.012662222369810903,
    "n_days": 1246
   },
   "island4_elite3": {
    "rank_ic_1": 0.012165172686261251,
    "n_days": 1246
   },
   "island4_elite4": {
    "rank_ic_1": 0.015034284912707899,
    "n_days": 1246
   },
   "island4_elite5": {
    "rank_ic_1": 0.010105654445906668,
    "n_days": 1251
   },
   "island4_elite6": {
    "rank_ic_1": 0.010030484114618153,
    "n_days": 1251
   },
   "island4_elite7": {
    "rank_ic_1": 0.013722694892659749,
    "n_days": 1251
   },
   "island5_elite0": {
    "rank_ic_1": 0.010928320767872245,
    "n_days": 1246
   },
   "island5_elite1": {
    "rank_ic_1": 0.0078104988204683486,
    "n_days": 1251
   },
   "island5_elite2": {
    "rank_ic_1": 0.006357889008081278,
    "n_days": 1251
   },
   "island5_elite3": {
    "rank_ic_1": 0.007149575880222285,
    "n_days": 1251
   },
   "island5_elite4": {
    "rank_ic_1": 0.00804784365174076,
    "n_days": 1244
   },
   "island5_elite5": {
    "rank_ic_1": 0.002636578324078442,
    "n_days": 1242
   },
   "island5_elite6": {
    "rank_ic_1": 0.008502495938087346,
    "n_days": 1246
   },
   "island5_elite7": {
    "rank_ic_1": 0.004919764685630972,
    "n_days": 1239
   },
   "island6_elite0": {
    "rank_ic_1": 0.012422097728544945,
    "n_days": 1246
   },
   "island6_elite1": {
    "rank_ic_1": 0.011080607506012198,
    "n_days": 1246
   },
   "island6_elite2": {
    "rank_ic_1": 0.013739838481159016,
    "n_days": 1251
   },
   "island6_elite3": {
    "rank_ic_1": 0.007507361332142475,
    "n_days": 1250
   },
   "island6_elite4": {
    "rank_ic_1": 0.00817732567721921,
    "n_days": 1246
   },
   "island6_elite5": {
    "rank_ic_1": 0.00923111108175481,
    "n_days": 1246
   },
   "island6_elite6": {
    "rank_ic_1": 0.007557839589805478,
    "n_days": 1246
   },
   "island6_elite7": {
    "rank_ic_1": 0.006549565999502979,
    "n_days": 1231
   },
   "island7_elite0": {
    "rank_ic_1": 0.01148186601501248,
    "n_days": 1192
   },
   "island7_elite1": {
    "rank_ic_1": 0.0077045220541834426,
    "n_days": 1223
   },
   "island7_elite2": {
    "rank_ic_1": 0.01089265527761788,
    "n_days": 1240
   },
   "island7_elite3": {
    "rank_ic_1": 0.010145967475280047,
    "n_days": 1225
   },
   "island7_elite4": {
    "rank_ic_1": 0.011592267807469117,
    "n_days": 1238
   },
   "island7_elite5": {
    "rank_ic_1": 0.009117690897110071,
    "n_days": 1235
   },
   "island7_elite6": {
    "rank_ic_1": 0.008700644937538696,
    "n_days": 1233
   },
   "island7_elite7": {
    "rank_ic_1": 0.009191937796693599,
    "n_days": 1211
   }
  },
  "day_pooled_mean_member_rank_ic_1": 0.009949213754796475,
  "ensemble_rank_ic_1": 0.01690907873626913,
  "ensemble_minus_mean_member": 0.0069598649814726545,
  "dropped_member_days": 0,
  "incomplete_member_rows": 0,
  "global_best_matched_days": 1226
 }
}
