# realized: sidecar RET_raw (param RET_CS)
# row mapping verified on generations [0, 150, 299], all 50 stocks: file row i -> panel row tw*step + 2 + i (tw = g + num_training_windows + V)
# stitched 1500 days from 300 generations (300*step = 1500); 2019-01-07 .. 2024-12-19 (panel rows 3536..5035, contiguous)
# ensemble: island_champions, combine=rank_mean, over 300 generations
# scoring 1251 days from 2020-01-02 to 2024-12-19 (--score-from 2020-01-01)
# book: sleeves, H=10, top-k 10, beta-neutral off
# book costs: TC/PRC from the panel, charged on netted traded notional

period    who     days  pearsonIC  rankIC@1  rankIC@5  rankIC@10      net%   sharpe     MDD% turnover    cost%
2020      model    253  +0.0083   +0.0012   +0.0111   +0.0268    +15.37    +0.53    24.34   0.1325     1.75
2020      naive    253  -0.0245   -0.0245   -0.0332   -0.0410    -21.10    -1.52    31.77   0.1581     2.05
2021      model    252  +0.0207   +0.0120   +0.0285   +0.0349    +15.12    +1.20     7.74   0.1353     1.52
2021      naive    252  -0.0361   -0.0428   -0.0149   -0.0194     -7.75    -1.37     8.49   0.1589     1.78
2022      model    251  +0.0086   +0.0105   +0.0055   +0.0118     +2.92    +0.30    10.71   0.1407     1.40
2022      naive    251  -0.0124   -0.0147   -0.0220   -0.0262    -12.05    -1.93    12.96   0.1598     1.52
2023      model    250  +0.0257   +0.0249   +0.0492   +0.0536    +17.14    +1.66     7.43   0.1339     1.08
2023      naive    250  -0.0181   -0.0168   -0.0191   -0.0127     -3.47    -0.71     5.53   0.1603     1.28
2024      model    245  +0.0193   +0.0161   +0.0131   +0.0291    +11.42    +1.64     3.56   0.1375     1.22
2024      naive    245  -0.0321   -0.0315   -0.0154   -0.0214     -8.95    -2.17     9.64   0.1589     1.37
overall   model   1251  +0.0165   +0.0129   +0.0215   +0.0313    +61.98    +0.78    24.34   0.1360     6.97
overall   naive   1251  -0.0246   -0.0260   -0.0210   -0.0242    -53.33    -1.37    60.17   0.1592     8.00

# model overall: pearson IC +0.0165 (SE 0.0063, t +2.60); rank IC +0.0129 (SE 0.0064, t +2.03); rebalances 1251, avg holding 10.0 days
# naive overall: pearson IC -0.0246 (SE 0.0070, t -3.50); rank IC -0.0260 (SE 0.0069, t -3.78); rebalances 1251, avg holding 10.0 days
# rank IC by horizon (overall): h=1:+0.0129  h=2:+0.0152  h=3:+0.0173  h=4:+0.0180  h=5:+0.0215  h=6:+0.0262  h=7:+0.0284  h=8:+0.0304  h=9:+0.0312  h=10:+0.0313
#   naive                     : h=1:-0.0260  h=2:-0.0205  h=3:-0.0198  h=4:-0.0211  h=5:-0.0210  h=6:-0.0259  h=7:-0.0240  h=8:-0.0243  h=9:-0.0247  h=10:-0.0242

# members/day: mean 8.00 (min 8, max 8); per generation mean 8.00 (min 8, max 8)
# member dispersion (mean pairwise Spearman of member cross-sections, per day, n=1251):
#     mean +0.2231   p10 +0.0167   p50 +0.2262   p90 +0.4137
# per-member rank IC@1 over 8 member slots (each stitched over its own 1224 days):
#     mean +0.0067   sd 0.0090   min -0.0079   max +0.0161
# ensemble rank IC@1 +0.0129  vs  day-pooled mean member +0.0067  (ensemble - member = +0.0062)
# row-alignment cross-check: the wide file's global_best column is reproduced by some elite on 1111/1251 scored days
# wrote /anvil/scratch/x-jchang5/probe1/island_champions/set2_seed42/ensemble_diagnostics.csv
# wrote /anvil/scratch/x-jchang5/probe1/island_champions/set2_seed42/ensemble_stitched_predictions.csv
# wrote /anvil/scratch/x-jchang5/probe1/island_champions/set2_seed42/ensemble_book_daily.csv
# wrote /anvil/scratch/x-jchang5/probe1/island_champions/set2_seed42/ensemble_rolling_rank_ic.csv
{
 "meta": {
  "run_dir": "/anvil/scratch/x-jchang5/results_v2/C7_E/set2_seed42",
  "param": "RET_CS",
  "realized": "sidecar RET_raw",
  "realized_mode": "auto",
  "generations": 300,
  "row_offset": 2,
  "stitched_days": 1500,
  "scored_days": 1251,
  "first_scored_date": "2020-01-02",
  "last_scored_date": "2024-12-19",
  "score_from": "2020-01-01",
  "top_k": 10,
  "cost_bps": null,
  "book": "sleeves",
  "hold_days": 10,
  "beta_neutral": false,
  "beta_window": null,
  "ensemble": "island_champions",
  "combine": "rank_mean",
  "top_n": null,
  "diverse_gate": null
 },
 "summary": {
  "2020": {
   "model": {
    "n_days": 253,
    "pearson_ic": 0.008253319464116402,
    "pearson_se": 0.01732875255403084,
    "pearson_t": 0.4762789149641702,
    "rank_ic_1": 0.001157470940198317,
    "rank_ic_se": 0.01724486187598941,
    "rank_ic_t": 0.06711975709181539,
    "rank_ic_5": 0.011091575602427217,
    "rank_ic_10": 0.02681316052675008,
    "net_pct": 15.373662119934457,
    "sharpe": 0.5257679393834066,
    "mdd_pct": 24.33918905729672,
    "cost_pct": 1.7521085183920604,
    "turnover": 0.13254169620066147
   },
   "naive": {
    "n_days": 253,
    "pearson_ic": -0.024485115573261357,
    "pearson_se": 0.017710510212670914,
    "pearson_t": -1.3825189268541556,
    "rank_ic_1": -0.024489220635961168,
    "rank_ic_se": 0.0177372245807606,
    "rank_ic_t": -1.3806681267668222,
    "rank_ic_5": -0.033249776091808264,
    "rank_ic_10": -0.04102936426862428,
    "net_pct": -21.103534885940388,
    "sharpe": -1.5155636016863192,
    "mdd_pct": 31.769771464198133,
    "cost_pct": 2.0539783194298766,
    "turnover": 0.1580961452825185
   }
  },
  "2021": {
   "model": {
    "n_days": 252,
    "pearson_ic": 0.020731965332831698,
    "pearson_se": 0.015205143794323271,
    "pearson_t": 1.3634836745557004,
    "rank_ic_1": 0.012033584902983795,
    "rank_ic_se": 0.015236006217571199,
    "rank_ic_t": 0.7898122861820472,
    "rank_ic_5": 0.02845214227589396,
    "rank_ic_10": 0.034914015473667306,
    "net_pct": 15.116788084450153,
    "sharpe": 1.2045053684207168,
    "mdd_pct": 7.737918559797409,
    "cost_pct": 1.515051841099825,
    "turnover": 0.13529710009632043
   },
   "naive": {
    "n_days": 252,
    "pearson_ic": -0.03612977561683896,
    "pearson_se": 0.01697342656395478,
    "pearson_t": -2.128608238336808,
    "rank_ic_1": -0.04275895603610833,
    "rank_ic_se": 0.016587285855635524,
    "rank_ic_t": -2.5778151053917595,
    "rank_ic_5": -0.014866518646503834,
    "rank_ic_10": -0.019362470525360016,
    "net_pct": -7.7490508431033085,
    "sharpe": -1.3727979105864652,
    "mdd_pct": 8.48757167605378,
    "cost_pct": 1.7786828109048562,
    "turnover": 0.15888348891786042
   }
  },
  "2022": {
   "model": {
    "n_days": 251,
    "pearson_ic": 0.008620341523907307,
    "pearson_se": 0.012397380737997038,
    "pearson_t": 0.6953357088958807,
    "rank_ic_1": 0.010517191551161268,
    "rank_ic_se": 0.012581564930471875,
    "rank_ic_t": 0.8359207784787721,
    "rank_ic_5": 0.005482971796778384,
    "rank_ic_10": 0.011784135415634585,
    "net_pct": 2.919242604020533,
    "sharpe": 0.29855804536983144,
    "mdd_pct": 10.705216577391708,
    "cost_pct": 1.3989230848703587,
    "turnover": 0.14068127817530768
   },
   "naive": {
    "n_days": 251,
    "pearson_ic": -0.012449789898319193,
    "pearson_se": 0.015664720476544103,
    "pearson_t": -0.794766170067391,
    "rank_ic_1": -0.014748689095352732,
    "rank_ic_se": 0.015054224792594318,
    "rank_ic_t": -0.9797043221121629,
    "rank_ic_5": -0.022019830506586877,
    "rank_ic_10": -0.02617304636564054,
    "net_pct": -12.051870731665757,
    "sharpe": -1.9306474680360934,
    "mdd_pct": 12.961355534890817,
    "cost_pct": 1.5172923298459695,
    "turnover": 0.15984244894366328
   }
  },
  "2023": {
   "model": {
    "n_days": 250,
    "pearson_ic": 0.02565549139644108,
    "pearson_se": 0.013687157136449819,
    "pearson_t": 1.8744207537530773,
    "rank_ic_1": 0.024902646634272888,
    "rank_ic_se": 0.01355315778233745,
    "rank_ic_t": 1.837405498718989,
    "rank_ic_5": 0.04923282550665369,
    "rank_ic_10": 0.05363605844362439,
    "net_pct": 17.14405060602765,
    "sharpe": 1.662128780567599,
    "mdd_pct": 7.4250657736284715,
    "cost_pct": 1.0840245884214073,
    "turnover": 0.13388902320279708
   },
   "naive": {
    "n_days": 250,
    "pearson_ic": -0.018074914122770916,
    "pearson_se": 0.01452257887788127,
    "pearson_t": -1.2446077432087532,
    "rank_ic_1": -0.016776316723086427,
    "rank_ic_se": 0.01394127068749716,
    "rank_ic_t": -1.2033563581927864,
    "rank_ic_5": -0.019119105201666833,
    "rank_ic_10": -0.012741410589269269,
    "net_pct": -3.472251017284763,
    "sharpe": -0.7069556933277672,
    "mdd_pct": 5.5291094542825725,
    "cost_pct": 1.2755968410853202,
    "turnover": 0.16027833527910507
   }
  },
  "2024": {
   "model": {
    "n_days": 245,
    "pearson_ic": 0.019293385085486735,
    "pearson_se": 0.011290694031252201,
    "pearson_t": 1.7087864600779543,
    "rank_ic_1": 0.01610139632898952,
    "rank_ic_se": 0.01163714954383272,
    "rank_ic_t": 1.3836202987975432,
    "rank_ic_5": 0.01314656458093833,
    "rank_ic_10": 0.029139355469873927,
    "net_pct": 11.424613558538805,
    "sharpe": 1.6425355476269958,
    "mdd_pct": 3.563362834615046,
    "cost_pct": 1.221590731162326,
    "turnover": 0.1375060362595932
   },
   "naive": {
    "n_days": 245,
    "pearson_ic": -0.032138656052943144,
    "pearson_se": 0.013464830178393722,
    "pearson_t": -2.3868593682313417,
    "rank_ic_1": -0.03145657374091892,
    "rank_ic_se": 0.013177615713404044,
    "rank_ic_t": -2.3871217999567125,
    "rank_ic_5": -0.015445094679951176,
    "rank_ic_10": -0.021369407114607945,
    "net_pct": -8.952317188722922,
    "sharpe": -2.170784496486146,
    "mdd_pct": 9.641419979857105,
    "cost_pct": 1.3742112996195253,
    "turnover": 0.15887564834706752
   }
  },
  "overall": {
   "model": {
    "n_days": 1251,
    "pearson_ic": 0.01648041807022404,
    "pearson_se": 0.006334947685508329,
    "pearson_t": 2.601508155769658,
    "rank_ic_1": 0.012898179362057718,
    "rank_ic_se": 0.0063563975063841115,
    "rank_ic_t": 2.029165002519635,
    "rank_ic_5": 0.021514725615557603,
    "rank_ic_10": 0.03126069404488936,
    "net_pct": 61.97835697297154,
    "sharpe": 0.7840841740212966,
    "mdd_pct": 24.33918905729672,
    "cost_pct": 6.971698763945992,
    "turnover": 0.1359713460186585,
    "n_rebalances": 1251,
    "avg_holding_days": 10.0
   },
   "naive": {
    "n_days": 1251,
    "pearson_ic": -0.024633920242702226,
    "pearson_se": 0.0070481080364456486,
    "pearson_t": -3.4951110447400406,
    "rank_ic_1": -0.026038281736393075,
    "rank_ic_se": 0.006892741168949152,
    "rank_ic_t": -3.7776381120608358,
    "rank_ic_5": -0.02100046321217699,
    "rank_ic_10": -0.024201078177530783,
    "net_pct": -53.32902466671725,
    "sharpe": -1.3691041976622669,
    "mdd_pct": 60.17324499102941,
    "cost_pct": 7.999761600885546,
    "turnover": 0.15919387395159515,
    "n_rebalances": 1251,
    "avg_holding_days": 10.0
   }
  }
 },
 "horizon_rank_ic": {
  "model": {
   "1": 0.012898179362057718,
   "2": 0.015231525290956218,
   "3": 0.017288984192444914,
   "4": 0.018043123988129996,
   "5": 0.021514725615557603,
   "6": 0.02617010046706205,
   "7": 0.028390462199692365,
   "8": 0.03038227967008708,
   "9": 0.031244670949435633,
   "10": 0.03126069404488936
  },
  "naive": {
   "1": -0.026038281736393075,
   "2": -0.02045804095635942,
   "3": -0.01984411817748298,
   "4": -0.02110673685085458,
   "5": -0.02100046321217699,
   "6": -0.025946463861507427,
   "7": -0.02395962708145974,
   "8": -0.02426057165071876,
   "9": -0.02466026828027414,
   "10": -0.024201078177530783
  }
 },
 "diagnostics": {
  "members_per_day": {
   "mean": 8.0,
   "min": 8,
   "max": 8
  },
  "members_per_generation": {
   "mean": 8.0,
   "min": 8,
   "max": 8
  },
  "dispersion": {
   "n_days": 1251,
   "mean": 0.22308800691942304,
   "p10": 0.016717544160521403,
   "p50": 0.2261807580174926,
   "p90": 0.4136889041330816
  },
  "member_rank_ic_1": {
   "n_slots": 8,
   "mean": 0.0067139603830047925,
   "sd": 0.00897953273882326,
   "min": -0.007872100989853826,
   "max": 0.01610948927389096,
   "mean_days_per_slot": 1224.5
  },
  "member_slots": [
   "island0_elite0",
   "island1_elite0",
   "island2_elite0",
   "island3_elite0",
   "island4_elite0",
   "island5_elite0",
   "island6_elite0",
   "island7_elite0"
  ],
  "member_rank_ic_1_by_slot": {
   "island0_elite0": {
    "rank_ic_1": 0.014672816152290621,
    "n_days": 1241
   },
   "island1_elite0": {
    "rank_ic_1": 0.004379594532124678,
    "n_days": 1226
   },
   "island2_elite0": {
    "rank_ic_1": 0.01610948927389096,
    "n_days": 1246
   },
   "island3_elite0": {
    "rank_ic_1": -0.00012485898298889207,
    "n_days": 1231
   },
   "island4_elite0": {
    "rank_ic_1": 0.011634202223604548,
    "n_days": 1226
   },
   "island5_elite0": {
    "rank_ic_1": 0.01528321045421061,
    "n_days": 1213
   },
   "island6_elite0": {
    "rank_ic_1": -0.00037066959924037137,
    "n_days": 1187
   },
   "island7_elite0": {
    "rank_ic_1": -0.007872100989853826,
    "n_days": 1226
   }
  },
  "day_pooled_mean_member_rank_ic_1": 0.00665190166553028,
  "ensemble_rank_ic_1": 0.012898179362057718,
  "ensemble_minus_mean_member": 0.006246277696527438,
  "dropped_member_days": 0,
  "incomplete_member_rows": 0,
  "global_best_matched_days": 1111
 }
}
