# realized: sidecar RET_raw (param RET_CS)
# row mapping verified on generations [0, 150, 299], all 50 stocks: file row i -> panel row tw*step + 2 + i (tw = g + num_training_windows + V)
# stitched 1500 days from 300 generations (300*step = 1500); 2019-01-07 .. 2024-12-20 (panel rows 3751..5250, contiguous)
# ensemble: topn (N=16, ordered by (elite_rank, island)), combine=rank_mean, over 300 generations
# scoring 1251 days from 2020-01-02 to 2024-12-20 (--score-from 2020-01-01)
# book: sleeves, H=10, top-k 10, beta-neutral off
# book costs: TC/PRC from the panel, charged on netted traded notional

period    who     days  pearsonIC  rankIC@1  rankIC@5  rankIC@10      net%   sharpe     MDD% turnover    cost%
2020      model    252  -0.0015   -0.0107   -0.0005   -0.0007     -5.43    -0.24    24.79   0.1220     1.40
2020      naive    252  -0.0067   -0.0120   -0.0293   -0.0336    -18.39    -1.53    26.87   0.1561     1.82
2021      model    252  +0.0155   +0.0170   +0.0432   +0.0656    +19.71    +1.64     6.95   0.0941     0.99
2021      naive    252  -0.0235   -0.0254   -0.0289   -0.0223     -7.52    -1.47     7.98   0.1587     1.66
2022      model    251  +0.0026   -0.0035   +0.0058   +0.0073     -0.05    -0.00     8.78   0.0924     0.80
2022      naive    251  -0.0185   -0.0265   -0.0208   -0.0191     -7.12    -1.25     9.59   0.1586     1.41
2023      model    250  +0.0308   +0.0309   +0.0456   +0.0696    +25.24    +2.58     4.87   0.1048     0.71
2023      naive    250  -0.0334   -0.0331   -0.0329   -0.0191     -7.26    -1.65     9.85   0.1609     1.22
2024      model    246  +0.0259   +0.0317   +0.0391   +0.0490    +15.64    +1.76     5.68   0.0821     0.61
2024      naive    246  -0.0203   -0.0253   -0.0154   -0.0194     -4.64    -1.26     6.82   0.1609     1.21
overall   model   1251  +0.0146   +0.0130   +0.0265   +0.0380    +55.12    +0.78    24.79   0.0992     4.52
overall   naive   1251  -0.0205   -0.0244   -0.0255   -0.0228    -44.93    -1.32    51.42   0.1591     7.31

# model overall: pearson IC +0.0146 (SE 0.0059, t +2.47); rank IC +0.0130 (SE 0.0061, t +2.11); rebalances 1251, avg holding 10.0 days
# naive overall: pearson IC -0.0205 (SE 0.0067, t -3.05); rank IC -0.0244 (SE 0.0067, t -3.65); rebalances 1251, avg holding 10.0 days
# rank IC by horizon (overall): h=1:+0.0130  h=2:+0.0199  h=3:+0.0215  h=4:+0.0229  h=5:+0.0265  h=6:+0.0282  h=7:+0.0289  h=8:+0.0301  h=9:+0.0335  h=10:+0.0380
#   naive                     : h=1:-0.0244  h=2:-0.0263  h=3:-0.0293  h=4:-0.0281  h=5:-0.0255  h=6:-0.0264  h=7:-0.0236  h=8:-0.0238  h=9:-0.0228  h=10:-0.0228

# members/day: mean 16.00 (min 16, max 16); per generation mean 16.00 (min 16, max 16)
# member dispersion (mean pairwise Spearman of member cross-sections, per day, n=1251):
#     mean +0.3721   p10 +0.1338   p50 +0.3739   p90 +0.5986
# per-member rank IC@1 over 16 member slots (each stitched over its own 1231 days):
#     mean +0.0077   sd 0.0045   min +0.0027   max +0.0196
# ensemble rank IC@1 +0.0130  vs  day-pooled mean member +0.0077  (ensemble - member = +0.0053)
# row-alignment cross-check: the wide file's global_best column is reproduced by some elite on 1146/1251 scored days
# wrote /anvil/scratch/x-jchang5/probe1/topn/set4_seed44/ensemble_diagnostics.csv
# wrote /anvil/scratch/x-jchang5/probe1/topn/set4_seed44/ensemble_stitched_predictions.csv
# wrote /anvil/scratch/x-jchang5/probe1/topn/set4_seed44/ensemble_book_daily.csv
# wrote /anvil/scratch/x-jchang5/probe1/topn/set4_seed44/ensemble_rolling_rank_ic.csv
{
 "meta": {
  "run_dir": "/anvil/scratch/x-jchang5/results_v2/C7_E/set4_seed44",
  "param": "RET_CS",
  "realized": "sidecar RET_raw",
  "realized_mode": "auto",
  "generations": 300,
  "row_offset": 2,
  "stitched_days": 1500,
  "scored_days": 1251,
  "first_scored_date": "2020-01-02",
  "last_scored_date": "2024-12-20",
  "score_from": "2020-01-01",
  "top_k": 10,
  "cost_bps": null,
  "book": "sleeves",
  "hold_days": 10,
  "beta_neutral": false,
  "beta_window": null,
  "ensemble": "topn",
  "combine": "rank_mean",
  "top_n": 16,
  "diverse_gate": null
 },
 "summary": {
  "2020": {
   "model": {
    "n_days": 252,
    "pearson_ic": -0.001528762994502413,
    "pearson_se": 0.01621361315712266,
    "pearson_t": -0.09428885342751782,
    "rank_ic_1": -0.010703069883843647,
    "rank_ic_se": 0.016349201569828213,
    "rank_ic_t": -0.6546539803873803,
    "rank_ic_5": -0.0005017910305760174,
    "rank_ic_10": -0.0007459266491757969,
    "net_pct": -5.426802159108489,
    "sharpe": -0.24237423865481797,
    "mdd_pct": 24.789527761218103,
    "cost_pct": 1.4042219977245203,
    "turnover": 0.12196006559255315
   },
   "naive": {
    "n_days": 252,
    "pearson_ic": -0.006671329659152179,
    "pearson_se": 0.01702695704142171,
    "pearson_t": -0.3918098602658564,
    "rank_ic_1": -0.011978071855790312,
    "rank_ic_se": 0.016581373350752198,
    "rank_ic_t": -0.7223811684601468,
    "rank_ic_5": -0.029252345788613035,
    "rank_ic_10": -0.03360413104899651,
    "net_pct": -18.38994062912199,
    "sharpe": -1.5348460062355076,
    "mdd_pct": 26.87283374166582,
    "cost_pct": 1.8203211327477067,
    "turnover": 0.15614949432045103
   }
  },
  "2021": {
   "model": {
    "n_days": 252,
    "pearson_ic": 0.015500629298660312,
    "pearson_se": 0.01345736010948855,
    "pearson_t": 1.1518328388738805,
    "rank_ic_1": 0.016975691179407566,
    "rank_ic_se": 0.014272538054288795,
    "rank_ic_t": 1.189395404996415,
    "rank_ic_5": 0.04316094148381845,
    "rank_ic_10": 0.06564376207766512,
    "net_pct": 19.709980027390298,
    "sharpe": 1.6373785853250926,
    "mdd_pct": 6.9539113302643045,
    "cost_pct": 0.9888393392027708,
    "turnover": 0.09414625768398528
   },
   "naive": {
    "n_days": 252,
    "pearson_ic": -0.02354068881641417,
    "pearson_se": 0.014519065966261388,
    "pearson_t": -1.6213638584683572,
    "rank_ic_1": -0.02536023131586918,
    "rank_ic_se": 0.01437005002723951,
    "rank_ic_t": -1.7647977054914181,
    "rank_ic_5": -0.02894967475126879,
    "rank_ic_10": -0.022274442024298183,
    "net_pct": -7.518549716123678,
    "sharpe": -1.4747666620467443,
    "mdd_pct": 7.975739729267561,
    "cost_pct": 1.658958106398559,
    "turnover": 0.15874049415529481
   }
  },
  "2022": {
   "model": {
    "n_days": 251,
    "pearson_ic": 0.0026069548181781766,
    "pearson_se": 0.013732496491705078,
    "pearson_t": 0.18983837496356698,
    "rank_ic_1": -0.0035422669199319406,
    "rank_ic_se": 0.014136182426322448,
    "rank_ic_t": -0.25058157946066256,
    "rank_ic_5": 0.005757801675150226,
    "rank_ic_10": 0.007305481916846908,
    "net_pct": -0.04671673384273331,
    "sharpe": -0.0033929055116797835,
    "mdd_pct": 8.783128463027262,
    "cost_pct": 0.7980737050387141,
    "turnover": 0.09236679690785944
   },
   "naive": {
    "n_days": 251,
    "pearson_ic": -0.018489285029954474,
    "pearson_se": 0.015964657487616118,
    "pearson_t": -1.1581385347162458,
    "rank_ic_1": -0.02651757291358986,
    "rank_ic_se": 0.015666197345538334,
    "rank_ic_t": -1.6926617435431421,
    "rank_ic_5": -0.020792609575134676,
    "rank_ic_10": -0.019126905347098076,
    "net_pct": -7.12277621421205,
    "sharpe": -1.252017331435024,
    "mdd_pct": 9.594009262463791,
    "cost_pct": 1.40791905274319,
    "turnover": 0.15863509942919973
   }
  },
  "2023": {
   "model": {
    "n_days": 250,
    "pearson_ic": 0.03078003911273115,
    "pearson_se": 0.011858981996454503,
    "pearson_t": 2.5955043292867384,
    "rank_ic_1": 0.030944732380347464,
    "rank_ic_se": 0.012335507895862489,
    "rank_ic_t": 2.508590050899062,
    "rank_ic_5": 0.04559799290811349,
    "rank_ic_10": 0.06958782838057585,
    "net_pct": 25.241495555387967,
    "sharpe": 2.5770221208220896,
    "mdd_pct": 4.874645267192498,
    "cost_pct": 0.7147556650487118,
    "turnover": 0.10479905952695438
   },
   "naive": {
    "n_days": 250,
    "pearson_ic": -0.03339895163084893,
    "pearson_se": 0.01402619619847801,
    "pearson_t": -2.3811838333241817,
    "rank_ic_1": -0.033103282985784216,
    "rank_ic_se": 0.014341134870525895,
    "rank_ic_t": -2.3082749925055484,
    "rank_ic_5": -0.03293013152072079,
    "rank_ic_10": -0.01912519229487815,
    "net_pct": -7.259329770740821,
    "sharpe": -1.654595762164943,
    "mdd_pct": 9.846124272893057,
    "cost_pct": 1.2195252401381758,
    "turnover": 0.16093599415280252
   }
  },
  "2024": {
   "model": {
    "n_days": 246,
    "pearson_ic": 0.025900751467939454,
    "pearson_se": 0.009728334564509238,
    "pearson_t": 2.662403445953656,
    "rank_ic_1": 0.031700772935235856,
    "rank_ic_se": 0.010542672645226908,
    "rank_ic_t": 3.006901001482586,
    "rank_ic_5": 0.039126379297259595,
    "rank_ic_10": 0.048964513436140715,
    "net_pct": 15.64168817912618,
    "sharpe": 1.7630110839541608,
    "mdd_pct": 5.682229777145571,
    "cost_pct": 0.614168158098571,
    "turnover": 0.0821446733235436
   },
   "naive": {
    "n_days": 246,
    "pearson_ic": -0.020342633969969038,
    "pearson_se": 0.013043075158106888,
    "pearson_t": -1.5596501379757157,
    "rank_ic_1": -0.025260773848212893,
    "rank_ic_se": 0.013748316992768992,
    "rank_ic_t": -1.8373720842703107,
    "rank_ic_5": -0.015393657198351892,
    "rank_ic_10": -0.019433962149697556,
    "net_pct": -4.644214680058542,
    "sharpe": -1.2643811004610845,
    "mdd_pct": 6.824224281836609,
    "cost_pct": 1.207422146089977,
    "turnover": 0.16087957785152182
   }
  },
  "overall": {
   "model": {
    "n_days": 1251,
    "pearson_ic": 0.014581815033818049,
    "pearson_se": 0.005907547096231389,
    "pearson_t": 2.4683366541623086,
    "rank_ic_1": 0.012970555401066411,
    "rank_ic_se": 0.0061363752659263915,
    "rank_ic_t": 2.1137161335435835,
    "rank_ic_5": 0.026514351364591036,
    "rank_ic_10": 0.03799474820339543,
    "net_pct": 55.11964486895329,
    "sharpe": 0.7771006952216944,
    "mdd_pct": 24.789527761218103,
    "cost_pct": 4.520058865113277,
    "turnover": 0.09916084253308595,
    "n_rebalances": 1251,
    "avg_holding_days": 10.0
   },
   "naive": {
    "n_days": 1251,
    "pearson_ic": -0.02047023586145956,
    "pearson_se": 0.006702911854020479,
    "pearson_t": -3.053931829519926,
    "rank_ic_1": -0.024424567796703194,
    "rank_ic_se": 0.006695715487688285,
    "rank_ic_t": -3.6477905672087996,
    "rank_ic_5": -0.025536208581868745,
    "rank_ic_10": -0.022761192238155994,
    "net_pct": -44.93481101025708,
    "sharpe": -1.3156663310754133,
    "mdd_pct": 51.42148084375201,
    "cost_pct": 7.314145678117615,
    "turnover": 0.159056803950673,
    "n_rebalances": 1251,
    "avg_holding_days": 10.0
   }
  }
 },
 "horizon_rank_ic": {
  "model": {
   "1": 0.012970555401066411,
   "2": 0.019892016496465506,
   "3": 0.02149081634343044,
   "4": 0.022927539610348466,
   "5": 0.026514351364591036,
   "6": 0.02819415139527262,
   "7": 0.028898151334515166,
   "8": 0.030056722415307446,
   "9": 0.03348153799781766,
   "10": 0.03799474820339543
  },
  "naive": {
   "1": -0.024424567796703194,
   "2": -0.02626379942141974,
   "3": -0.029326900132288003,
   "4": -0.028088593744848102,
   "5": -0.025536208581868745,
   "6": -0.026391278224704787,
   "7": -0.02363497354880376,
   "8": -0.023765467728975764,
   "9": -0.022822246156393708,
   "10": -0.022761192238155994
  }
 },
 "diagnostics": {
  "members_per_day": {
   "mean": 16.0,
   "min": 16,
   "max": 16
  },
  "members_per_generation": {
   "mean": 16.0,
   "min": 16,
   "max": 16
  },
  "dispersion": {
   "n_days": 1251,
   "mean": 0.3720513583755896,
   "p10": 0.13376733550563077,
   "p50": 0.37389275710284103,
   "p90": 0.5986298519407761
  },
  "member_rank_ic_1": {
   "n_slots": 16,
   "mean": 0.007663266872108501,
   "sd": 0.004466669750037812,
   "min": 0.0026725899809061063,
   "max": 0.01964232900488884,
   "mean_days_per_slot": 1230.625
  },
  "member_slots": [
   "island0_elite0",
   "island0_elite1",
   "island1_elite0",
   "island1_elite1",
   "island2_elite0",
   "island2_elite1",
   "island3_elite0",
   "island3_elite1",
   "island4_elite0",
   "island4_elite1",
   "island5_elite0",
   "island5_elite1",
   "island6_elite0",
   "island6_elite1",
   "island7_elite0",
   "island7_elite1"
  ],
  "member_rank_ic_1_by_slot": {
   "island0_elite0": {
    "rank_ic_1": 0.005774947900070009,
    "n_days": 1217
   },
   "island0_elite1": {
    "rank_ic_1": 0.005482581838611002,
    "n_days": 1238
   },
   "island1_elite0": {
    "rank_ic_1": 0.009564914775930702,
    "n_days": 1218
   },
   "island1_elite1": {
    "rank_ic_1": 0.004770388879257984,
    "n_days": 1234
   },
   "island2_elite0": {
    "rank_ic_1": 0.0026725899809061063,
    "n_days": 1211
   },
   "island2_elite1": {
    "rank_ic_1": 0.006710819799166775,
    "n_days": 1241
   },
   "island3_elite0": {
    "rank_ic_1": 0.006571128579138188,
    "n_days": 1237
   },
   "island3_elite1": {
    "rank_ic_1": 0.007199187390435324,
    "n_days": 1250
   },
   "island4_elite0": {
    "rank_ic_1": 0.01964232900488884,
    "n_days": 1197
   },
   "island4_elite1": {
    "rank_ic_1": 0.01550879111886875,
    "n_days": 1246
   },
   "island5_elite0": {
    "rank_ic_1": 0.004523360221451912,
    "n_days": 1226
   },
   "island5_elite1": {
    "rank_ic_1": 0.006721038130916359,
    "n_days": 1226
   },
   "island6_elite0": {
    "rank_ic_1": 0.010831902820876253,
    "n_days": 1236
   },
   "island6_elite1": {
    "rank_ic_1": 0.00819406017169179,
    "n_days": 1235
   },
   "island7_elite0": {
    "rank_ic_1": 0.005206174593881621,
    "n_days": 1227
   },
   "island7_elite1": {
    "rank_ic_1": 0.003238054747644386,
    "n_days": 1251
   }
  },
  "day_pooled_mean_member_rank_ic_1": 0.007719356025464927,
  "ensemble_rank_ic_1": 0.012970555401066411,
  "ensemble_minus_mean_member": 0.005251199375601484,
  "dropped_member_days": 0,
  "incomplete_member_rows": 0,
  "global_best_matched_days": 1146
 }
}
