# realized: sidecar RET_raw (param RET_CS)
# row mapping verified on generations [0, 150, 299], all 50 stocks: file row i -> panel row tw*step + 2 + i (tw = g + num_training_windows + V)
# stitched 1500 days from 300 generations (300*step = 1500); 2019-01-03 .. 2024-12-17 (panel rows 3621..5120, contiguous)
# ensemble: all_elites, combine=rank_mean, over 300 generations
# scoring 1249 days from 2020-01-02 to 2024-12-17 (--score-from 2020-01-01)
# book: sleeves, H=10, top-k 10, beta-neutral off
# book costs: TC/PRC from the panel, charged on netted traded notional

period    who     days  pearsonIC  rankIC@1  rankIC@5  rankIC@10      net%   sharpe     MDD% turnover    cost%
2020      model    253  -0.0073   -0.0094   +0.0074   +0.0115     -5.50    -0.26    34.02   0.1233     1.55
2020      naive    253  -0.0055   -0.0082   -0.0170   -0.0165     +0.30    +0.02    22.96   0.1559     1.99
2021      model    252  +0.0106   +0.0020   +0.0096   +0.0194    +10.49    +0.89     8.58   0.1095     1.15
2021      naive    252  -0.0215   -0.0272   -0.0121   -0.0209     -9.17    -1.11    12.27   0.1581     1.61
2022      model    251  +0.0042   +0.0003   +0.0177   +0.0186    +10.36    +0.64    13.21   0.0914     0.81
2022      naive    251  +0.0043   +0.0017   -0.0131   -0.0086     -6.61    -0.83    10.41   0.1579     1.31
2023      model    250  +0.0122   +0.0089   +0.0205   +0.0245     +6.79    +0.64     6.82   0.1209     0.83
2023      naive    250  -0.0196   -0.0210   -0.0171   -0.0176     -5.55    -1.00     9.94   0.1599     1.08
2024      model    243  +0.0259   +0.0189   +0.0282   +0.0283     +9.35    +0.89     7.88   0.1314     1.03
2024      naive    243  -0.0424   -0.0349   -0.0248   -0.0183     -5.35    -0.93     8.34   0.1596     1.22
overall   model   1249  +0.0090   +0.0040   +0.0165   +0.0204    +31.49    +0.43    34.02   0.1152     5.36
overall   naive   1249  -0.0168   -0.0178   -0.0167   -0.0164    -26.37    -0.58    43.51   0.1582     7.21

# model overall: pearson IC +0.0090 (SE 0.0058, t +1.55); rank IC +0.0040 (SE 0.0058, t +0.69); rebalances 1249, avg holding 10.0 days
# naive overall: pearson IC -0.0168 (SE 0.0072, t -2.32); rank IC -0.0178 (SE 0.0072, t -2.47); rebalances 1249, avg holding 10.0 days
# rank IC by horizon (overall): h=1:+0.0040  h=2:+0.0103  h=3:+0.0137  h=4:+0.0159  h=5:+0.0165  h=6:+0.0163  h=7:+0.0170  h=8:+0.0180  h=9:+0.0206  h=10:+0.0204
#   naive                     : h=1:-0.0178  h=2:-0.0098  h=3:-0.0129  h=4:-0.0153  h=5:-0.0167  h=6:-0.0134  h=7:-0.0160  h=8:-0.0166  h=9:-0.0176  h=10:-0.0164

# members/day: mean 63.96 (min 60, max 64); per generation mean 63.82 (min 33, max 64)
# member dispersion (mean pairwise Spearman of member cross-sections, per day, n=1249):
#     mean +0.2435   p10 +0.1172   p50 +0.2374   p90 +0.3824
# per-member rank IC@1 over 64 member slots (each stitched over its own 1233 days):
#     mean +0.0018   sd 0.0048   min -0.0110   max +0.0087
# ensemble rank IC@1 +0.0040  vs  day-pooled mean member +0.0019  (ensemble - member = +0.0021)
# row-alignment cross-check: the wide file's global_best column is reproduced by some elite on 1204/1249 scored days
# wrote /anvil/scratch/x-jchang5/probe1/all_elites/set1_seed42/ensemble_diagnostics.csv
# wrote /anvil/scratch/x-jchang5/probe1/all_elites/set1_seed42/ensemble_stitched_predictions.csv
# wrote /anvil/scratch/x-jchang5/probe1/all_elites/set1_seed42/ensemble_book_daily.csv
# wrote /anvil/scratch/x-jchang5/probe1/all_elites/set1_seed42/ensemble_rolling_rank_ic.csv
{
 "meta": {
  "run_dir": "/anvil/scratch/x-jchang5/results_v2/C7_E/set1_seed42",
  "param": "RET_CS",
  "realized": "sidecar RET_raw",
  "realized_mode": "auto",
  "generations": 300,
  "row_offset": 2,
  "stitched_days": 1500,
  "scored_days": 1249,
  "first_scored_date": "2020-01-02",
  "last_scored_date": "2024-12-17",
  "score_from": "2020-01-01",
  "top_k": 10,
  "cost_bps": null,
  "book": "sleeves",
  "hold_days": 10,
  "beta_neutral": false,
  "beta_window": null,
  "ensemble": "all_elites",
  "combine": "rank_mean",
  "top_n": null,
  "diverse_gate": null
 },
 "summary": {
  "2020": {
   "model": {
    "n_days": 253,
    "pearson_ic": -0.007301471379491457,
    "pearson_se": 0.014430363011579284,
    "pearson_t": -0.5059797437966441,
    "rank_ic_1": -0.009374892447126597,
    "rank_ic_se": 0.01423869551468075,
    "rank_ic_t": -0.6584095036979091,
    "rank_ic_5": 0.007402290271049617,
    "rank_ic_10": 0.01151213864148331,
    "net_pct": -5.500938354057209,
    "sharpe": -0.2610671298924707,
    "mdd_pct": 34.01880031230522,
    "cost_pct": 1.5455024142904994,
    "turnover": 0.12330140733350539
   },
   "naive": {
    "n_days": 253,
    "pearson_ic": -0.005478614809741263,
    "pearson_se": 0.01780423358522494,
    "pearson_t": -0.3077141615513154,
    "rank_ic_1": -0.008223459107284942,
    "rank_ic_se": 0.017359861502103956,
    "rank_ic_t": -0.4737053406957358,
    "rank_ic_5": -0.016991371676040288,
    "rank_ic_10": -0.016496749987653363,
    "net_pct": 0.29892374798873983,
    "sharpe": 0.019885559694125428,
    "mdd_pct": 22.955105591965122,
    "cost_pct": 1.992069854386115,
    "turnover": 0.1558608417406069
   }
  },
  "2021": {
   "model": {
    "n_days": 252,
    "pearson_ic": 0.010632487472558464,
    "pearson_se": 0.013381252047732507,
    "pearson_t": 0.7945809132531937,
    "rank_ic_1": 0.0019676297926732238,
    "rank_ic_se": 0.013036046948392287,
    "rank_ic_t": 0.15093761172100473,
    "rank_ic_5": 0.009603928281399318,
    "rank_ic_10": 0.01940874517876177,
    "net_pct": 10.49185092209827,
    "sharpe": 0.8898775875110543,
    "mdd_pct": 8.579436914173009,
    "cost_pct": 1.1497968276739423,
    "turnover": 0.10950738531241107
   },
   "naive": {
    "n_days": 252,
    "pearson_ic": -0.021520620952044562,
    "pearson_se": 0.017840439481636605,
    "pearson_t": -1.2062831173075088,
    "rank_ic_1": -0.02716815622392764,
    "rank_ic_se": 0.017566949071798194,
    "rank_ic_t": -1.5465494954694852,
    "rank_ic_5": -0.012059940476984736,
    "rank_ic_10": -0.020935847736714683,
    "net_pct": -9.166160101424575,
    "sharpe": -1.11053419991526,
    "mdd_pct": 12.269006579280111,
    "cost_pct": 1.6124880858375314,
    "turnover": 0.15807202059309233
   }
  },
  "2022": {
   "model": {
    "n_days": 251,
    "pearson_ic": 0.0042134849111124095,
    "pearson_se": 0.01328736162164246,
    "pearson_t": 0.3171047067951762,
    "rank_ic_1": 0.0003013409173998422,
    "rank_ic_se": 0.013390585990942288,
    "rank_ic_t": 0.02250393803554799,
    "rank_ic_5": 0.0177370725273315,
    "rank_ic_10": 0.018644910776419766,
    "net_pct": 10.359629728445277,
    "sharpe": 0.6391458822453807,
    "mdd_pct": 13.209450562772815,
    "cost_pct": 0.8057229214800641,
    "turnover": 0.09142997266405273
   },
   "naive": {
    "n_days": 251,
    "pearson_ic": 0.004263542976944736,
    "pearson_se": 0.016509316133764055,
    "pearson_t": 0.2582507320351777,
    "rank_ic_1": 0.0016744035916176562,
    "rank_ic_se": 0.0168965853592591,
    "rank_ic_t": 0.09909715815450876,
    "rank_ic_5": -0.013086840540665728,
    "rank_ic_10": -0.008605453506786799,
    "net_pct": -6.608305813409052,
    "sharpe": -0.8316752986415431,
    "mdd_pct": 10.40529803034457,
    "cost_pct": 1.3076507087399347,
    "turnover": 0.15793368459772805
   }
  },
  "2023": {
   "model": {
    "n_days": 250,
    "pearson_ic": 0.012191714822265,
    "pearson_se": 0.012157909173739413,
    "pearson_t": 1.0027805478756664,
    "rank_ic_1": 0.008898235913274339,
    "rank_ic_se": 0.012695784746763479,
    "rank_ic_t": 0.7008811263551672,
    "rank_ic_5": 0.020486872839997214,
    "rank_ic_10": 0.024549767648235004,
    "net_pct": 6.787706925510581,
    "sharpe": 0.63729653848504,
    "mdd_pct": 6.818550387155989,
    "cost_pct": 0.8336533327853711,
    "turnover": 0.12085671260139673
   },
   "naive": {
    "n_days": 250,
    "pearson_ic": -0.019606906877117344,
    "pearson_se": 0.013944119508788546,
    "pearson_t": -1.4061057684395002,
    "rank_ic_1": -0.020988369115935872,
    "rank_ic_se": 0.014226550795395228,
    "rank_ic_t": -1.4752956930874117,
    "rank_ic_5": -0.017129945182958597,
    "rank_ic_10": -0.017580193653595297,
    "net_pct": -5.55013784028206,
    "sharpe": -0.9952648519454137,
    "mdd_pct": 9.94210918036604,
    "cost_pct": 1.0766162836414723,
    "turnover": 0.1598645749469948
   }
  },
  "2024": {
   "model": {
    "n_days": 243,
    "pearson_ic": 0.025933353484116354,
    "pearson_se": 0.011332093860298114,
    "pearson_t": 2.2884873531601797,
    "rank_ic_1": 0.018903764199415397,
    "rank_ic_se": 0.01175499752044061,
    "rank_ic_t": 1.6081470171766425,
    "rank_ic_5": 0.028180457053745216,
    "rank_ic_10": 0.028322549461350217,
    "net_pct": 9.353407434509627,
    "sharpe": 0.8922842072071792,
    "mdd_pct": 7.877008726372617,
    "cost_pct": 1.0276205615390468,
    "turnover": 0.13143647482788393
   },
   "naive": {
    "n_days": 243,
    "pearson_ic": -0.04239620806072832,
    "pearson_se": 0.014177416949232309,
    "pearson_t": -2.9904042614070137,
    "rank_ic_1": -0.0348978545694194,
    "rank_ic_se": 0.014040093719979361,
    "rank_ic_t": -2.485585585497837,
    "rank_ic_5": -0.024822260037711565,
    "rank_ic_10": -0.018258559812325697,
    "net_pct": -5.346553336142347,
    "sharpe": -0.9339024304114328,
    "mdd_pct": 8.343039698881261,
    "cost_pct": 1.2181055557748501,
    "turnover": 0.1595658710396796
   }
  },
  "overall": {
   "model": {
    "n_days": 1249,
    "pearson_ic": 0.008998745315427657,
    "pearson_se": 0.005807923611448443,
    "pearson_t": 1.5493911279565629,
    "rank_ic_1": 0.004017458100620109,
    "rank_ic_se": 0.005841835329619993,
    "rank_ic_t": 0.6877047835036189,
    "rank_ic_5": 0.01654764820537574,
    "rank_ic_10": 0.020361585445354265,
    "net_pct": 31.49165665650656,
    "sharpe": 0.43231179589824387,
    "mdd_pct": 34.01880031230522,
    "cost_pct": 5.362296057768927,
    "turnover": 0.11520679089376042,
    "n_rebalances": 1249,
    "avg_holding_days": 10.0
   },
   "naive": {
    "n_days": 1249,
    "pearson_ic": -0.01676792795644754,
    "pearson_se": 0.007238815370978,
    "pearson_t": -2.3163911630725997,
    "rank_ic_1": -0.017801366021160676,
    "rank_ic_se": 0.007211021068877118,
    "rank_ic_t": -2.46863320064223,
    "rank_ic_5": -0.01673712887927563,
    "rank_ic_10": -0.016352444851786236,
    "net_pct": -26.372233343269265,
    "sharpe": -0.5774866867859352,
    "mdd_pct": 43.512954051544696,
    "cost_pct": 7.206930488379916,
    "turnover": 0.15824575451021075,
    "n_rebalances": 1249,
    "avg_holding_days": 10.0
   }
  }
 },
 "horizon_rank_ic": {
  "model": {
   "1": 0.004017458100620109,
   "2": 0.010281490062706863,
   "3": 0.013655622267063574,
   "4": 0.01594205831989188,
   "5": 0.01654764820537574,
   "6": 0.016305962263792367,
   "7": 0.016965879920180227,
   "8": 0.01801294250728319,
   "9": 0.020633575566103173,
   "10": 0.020361585445354265
  },
  "naive": {
   "1": -0.017801366021160676,
   "2": -0.00982291432683888,
   "3": -0.012945645239363717,
   "4": -0.015314650018665246,
   "5": -0.01673712887927563,
   "6": -0.01343320215131353,
   "7": -0.015966167006430342,
   "8": -0.016606026533075573,
   "9": -0.01763691023025216,
   "10": -0.016352444851786236
  }
 },
 "diagnostics": {
  "members_per_day": {
   "mean": 63.9599679743795,
   "min": 60,
   "max": 64
  },
  "members_per_generation": {
   "mean": 63.82333333333333,
   "min": 33,
   "max": 64
  },
  "dispersion": {
   "n_days": 1249,
   "mean": 0.24349598289414998,
   "p10": 0.11723618641437393,
   "p50": 0.23735704769623375,
   "p90": 0.38235884206388443
  },
  "member_rank_ic_1": {
   "n_slots": 64,
   "mean": 0.00176210197349305,
   "sd": 0.004831829916507172,
   "min": -0.011040255705078683,
   "max": 0.008681991929897527,
   "mean_days_per_slot": 1232.765625
  },
  "member_slots": [
   "island0_elite0",
   "island0_elite1",
   "island0_elite2",
   "island0_elite3",
   "island0_elite4",
   "island0_elite5",
   "island0_elite6",
   "island0_elite7",
   "island1_elite0",
   "island1_elite1",
   "island1_elite2",
   "island1_elite3",
   "island1_elite4",
   "island1_elite5",
   "island1_elite6",
   "island1_elite7",
   "island2_elite0",
   "island2_elite1",
   "island2_elite2",
   "island2_elite3",
   "island2_elite4",
   "island2_elite5",
   "island2_elite6",
   "island2_elite7",
   "island3_elite0",
   "island3_elite1",
   "island3_elite2",
   "island3_elite3",
   "island3_elite4",
   "island3_elite5",
   "island3_elite6",
   "island3_elite7",
   "island4_elite0",
   "island4_elite1",
   "island4_elite2",
   "island4_elite3",
   "island4_elite4",
   "island4_elite5",
   "island4_elite6",
   "island4_elite7",
   "island5_elite0",
   "island5_elite1",
   "island5_elite2",
   "island5_elite3",
   "island5_elite4",
   "island5_elite5",
   "island5_elite6",
   "island5_elite7",
   "island6_elite0",
   "island6_elite1",
   "island6_elite2",
   "island6_elite3",
   "island6_elite4",
   "island6_elite5",
   "island6_elite6",
   "island6_elite7",
   "island7_elite0",
   "island7_elite1",
   "island7_elite2",
   "island7_elite3",
   "island7_elite4",
   "island7_elite5",
   "island7_elite6",
   "island7_elite7"
  ],
  "member_rank_ic_1_by_slot": {
   "island0_elite0": {
    "rank_ic_1": -0.0020570666488924617,
    "n_days": 1234
   },
   "island0_elite1": {
    "rank_ic_1": 0.003099527121461669,
    "n_days": 1234
   },
   "island0_elite2": {
    "rank_ic_1": 0.0010748189452802746,
    "n_days": 1247
   },
   "island0_elite3": {
    "rank_ic_1": -0.0021241805303134054,
    "n_days": 1249
   },
   "island0_elite4": {
    "rank_ic_1": 0.000610324448078251,
    "n_days": 1244
   },
   "island0_elite5": {
    "rank_ic_1": 0.003283088364355779,
    "n_days": 1239
   },
   "island0_elite6": {
    "rank_ic_1": 0.006571631906969742,
    "n_days": 1234
   },
   "island0_elite7": {
    "rank_ic_1": 1.9937888081433017e-05,
    "n_days": 1234
   },
   "island1_elite0": {
    "rank_ic_1": 0.0019788904386898874,
    "n_days": 1197
   },
   "island1_elite1": {
    "rank_ic_1": 6.187791560780483e-05,
    "n_days": 1209
   },
   "island1_elite2": {
    "rank_ic_1": 0.003420132504007515,
    "n_days": 1230
   },
   "island1_elite3": {
    "rank_ic_1": -0.00038693862364106536,
    "n_days": 1226
   },
   "island1_elite4": {
    "rank_ic_1": -0.003611044915898837,
    "n_days": 1224
   },
   "island1_elite5": {
    "rank_ic_1": 0.001320500722981359,
    "n_days": 1236
   },
   "island1_elite6": {
    "rank_ic_1": 0.001142072223161904,
    "n_days": 1240
   },
   "island1_elite7": {
    "rank_ic_1": -0.001971941289535006,
    "n_days": 1227
   },
   "island2_elite0": {
    "rank_ic_1": 0.0008707119913136686,
    "n_days": 1225
   },
   "island2_elite1": {
    "rank_ic_1": 0.008241182824191059,
    "n_days": 1237
   },
   "island2_elite2": {
    "rank_ic_1": 0.007925965612144677,
    "n_days": 1225
   },
   "island2_elite3": {
    "rank_ic_1": 0.00856796685359957,
    "n_days": 1215
   },
   "island2_elite4": {
    "rank_ic_1": 0.00750304679785055,
    "n_days": 1223
   },
   "island2_elite5": {
    "rank_ic_1": 0.004610959716755209,
    "n_days": 1220
   },
   "island2_elite6": {
    "rank_ic_1": 0.007796001392493381,
    "n_days": 1234
   },
   "island2_elite7": {
    "rank_ic_1": 0.006182669323952484,
    "n_days": 1219
   },
   "island3_elite0": {
    "rank_ic_1": 0.0030116921197013823,
    "n_days": 1244
   },
   "island3_elite1": {
    "rank_ic_1": 0.008681991929897527,
    "n_days": 1249
   },
   "island3_elite2": {
    "rank_ic_1": 0.007622005504154172,
    "n_days": 1249
   },
   "island3_elite3": {
    "rank_ic_1": 0.006828137232587231,
    "n_days": 1244
   },
   "island3_elite4": {
    "rank_ic_1": 0.003814257713806709,
    "n_days": 1244
   },
   "island3_elite5": {
    "rank_ic_1": 0.006255552142495349,
    "n_days": 1249
   },
   "island3_elite6": {
    "rank_ic_1": 0.0030774048525533727,
    "n_days": 1249
   },
   "island3_elite7": {
    "rank_ic_1": 0.00573166440065596,
    "n_days": 1244
   },
   "island4_elite0": {
    "rank_ic_1": 0.0081341275684297,
    "n_days": 1239
   },
   "island4_elite1": {
    "rank_ic_1": 0.007658497607703819,
    "n_days": 1249
   },
   "island4_elite2": {
    "rank_ic_1": 0.0036359306246733724,
    "n_days": 1244
   },
   "island4_elite3": {
    "rank_ic_1": 0.005519874046458038,
    "n_days": 1244
   },
   "island4_elite4": {
    "rank_ic_1": 0.005000065214055534,
    "n_days": 1244
   },
   "island4_elite5": {
    "rank_ic_1": 0.004747481448424874,
    "n_days": 1249
   },
   "island4_elite6": {
    "rank_ic_1": 0.0033752901447946806,
    "n_days": 1249
   },
   "island4_elite7": {
    "rank_ic_1": 0.0006288127487918857,
    "n_days": 1245
   },
   "island5_elite0": {
    "rank_ic_1": -0.011040255705078683,
    "n_days": 1219
   },
   "island5_elite1": {
    "rank_ic_1": -0.0089939884634024,
    "n_days": 1196
   },
   "island5_elite2": {
    "rank_ic_1": -0.008933968866163761,
    "n_days": 1234
   },
   "island5_elite3": {
    "rank_ic_1": -0.00440131466308048,
    "n_days": 1249
   },
   "island5_elite4": {
    "rank_ic_1": -0.006297711156083807,
    "n_days": 1244
   },
   "island5_elite5": {
    "rank_ic_1": -0.006988008451848475,
    "n_days": 1224
   },
   "island5_elite6": {
    "rank_ic_1": -0.004265194976738421,
    "n_days": 1249
   },
   "island5_elite7": {
    "rank_ic_1": -0.0021946791701806176,
    "n_days": 1230
   },
   "island6_elite0": {
    "rank_ic_1": -0.004903486893727404,
    "n_days": 1213
   },
   "island6_elite1": {
    "rank_ic_1": 0.0004368796938903488,
    "n_days": 1234
   },
   "island6_elite2": {
    "rank_ic_1": 0.003012787338312094,
    "n_days": 1224
   },
   "island6_elite3": {
    "rank_ic_1": -0.00014957144972846728,
    "n_days": 1233
   },
   "island6_elite4": {
    "rank_ic_1": -0.0017895821067313272,
    "n_days": 1234
   },
   "island6_elite5": {
    "rank_ic_1": -0.002210646557492491,
    "n_days": 1219
   },
   "island6_elite6": {
    "rank_ic_1": -0.0017078195162611776,
    "n_days": 1224
   },
   "island6_elite7": {
    "rank_ic_1": -0.005595691969058896,
    "n_days": 1192
   },
   "island7_elite0": {
    "rank_ic_1": 0.0009277998265461386,
    "n_days": 1219
   },
   "island7_elite1": {
    "rank_ic_1": 0.006587661973087191,
    "n_days": 1224
   },
   "island7_elite2": {
    "rank_ic_1": 0.004537723235956633,
    "n_days": 1249
   },
   "island7_elite3": {
    "rank_ic_1": -0.0007171133253930498,
    "n_days": 1234
   },
   "island7_elite4": {
    "rank_ic_1": 0.0079614867716336,
    "n_days": 1234
   },
   "island7_elite5": {
    "rank_ic_1": 0.00449444972141537,
    "n_days": 1231
   },
   "island7_elite6": {
    "rank_ic_1": 0.004539422072386415,
    "n_days": 1239
   },
   "island7_elite7": {
    "rank_ic_1": 0.0026124286594178636,
    "n_days": 1212
   }
  },
  "day_pooled_mean_member_rank_ic_1": 0.001890980690418084,
  "ensemble_rank_ic_1": 0.004017458100620109,
  "ensemble_minus_mean_member": 0.002126477410202025,
  "dropped_member_days": 0,
  "incomplete_member_rows": 0,
  "global_best_matched_days": 1204
 }
}
