# realized: sidecar RET_raw (param RET_CS)
# row mapping verified on generations [0, 150, 299], all 50 stocks: file row i -> panel row tw*step + 2 + i (tw = g + num_training_windows + V)
# stitched 1500 days from 300 generations (300*step = 1500); 2019-01-04 .. 2024-12-18 (panel rows 3571..5070, contiguous)
# ensemble: all_elites, combine=rank_mean, over 300 generations
# scoring 1250 days from 2020-01-02 to 2024-12-18 (--score-from 2020-01-01)
# book: sleeves, H=10, top-k 10, beta-neutral off
# book costs: TC/PRC from the panel, charged on netted traded notional

period    who     days  pearsonIC  rankIC@1  rankIC@5  rankIC@10      net%   sharpe     MDD% turnover    cost%
2020      model    253  +0.0046   -0.0005   +0.0227   +0.0177    +15.65    +0.67    22.54   0.1342     1.57
2020      naive    253  -0.0109   -0.0185   -0.0301   -0.0287    -14.23    -1.24    25.99   0.1558     1.85
2021      model    252  +0.0147   +0.0165   +0.0050   -0.0089     +0.06    +0.00    13.54   0.1352     1.36
2021      naive    252  -0.0289   -0.0382   -0.0348   -0.0174     -6.73    -1.03    10.36   0.1581     1.71
2022      model    251  +0.0089   +0.0084   +0.0250   +0.0235    +11.27    +0.99     7.74   0.1597     1.37
2022      naive    251  -0.0118   -0.0098   -0.0104   -0.0241     -9.08    -1.36     9.95   0.1568     1.40
2023      model    250  +0.0031   +0.0055   +0.0074   +0.0089     +5.96    +0.61     5.55   0.1376     0.96
2023      naive    250  -0.0165   -0.0135   -0.0051   -0.0071     -3.61    -0.74     7.60   0.1607     1.16
2024      model    244  +0.0093   +0.0067   +0.0150   -0.0088     -2.84    -0.25    10.33   0.1326     1.05
2024      naive    244  -0.0090   -0.0064   -0.0313   -0.0313    -12.33    -2.54    12.78   0.1593     1.23
overall   model   1250  +0.0081   +0.0073   +0.0150   +0.0067    +30.09    +0.41    22.54   0.1399     6.31
overall   naive   1250  -0.0155   -0.0174   -0.0223   -0.0216    -45.98    -1.27    52.44   0.1582     7.36

# model overall: pearson IC +0.0081 (SE 0.0059, t +1.37); rank IC +0.0073 (SE 0.0061, t +1.21); rebalances 1250, avg holding 10.0 days
# naive overall: pearson IC -0.0155 (SE 0.0068, t -2.26); rank IC -0.0174 (SE 0.0069, t -2.53); rebalances 1250, avg holding 10.0 days
# rank IC by horizon (overall): h=1:+0.0073  h=2:+0.0108  h=3:+0.0163  h=4:+0.0164  h=5:+0.0150  h=6:+0.0139  h=7:+0.0128  h=8:+0.0117  h=9:+0.0090  h=10:+0.0067
#   naive                     : h=1:-0.0174  h=2:-0.0222  h=3:-0.0250  h=4:-0.0263  h=5:-0.0223  h=6:-0.0215  h=7:-0.0200  h=8:-0.0219  h=9:-0.0215  h=10:-0.0216

# members/day: mean 63.96 (min 61, max 64); per generation mean 63.78 (min 26, max 64)
# member dispersion (mean pairwise Spearman of member cross-sections, per day, n=1250):
#     mean +0.2308   p10 +0.0978   p50 +0.2349   p90 +0.3349
# per-member rank IC@1 over 64 member slots (each stitched over its own 1230 days):
#     mean +0.0034   sd 0.0045   min -0.0063   max +0.0106
# ensemble rank IC@1 +0.0073  vs  day-pooled mean member +0.0035  (ensemble - member = +0.0038)
# row-alignment cross-check: the wide file's global_best column is reproduced by some elite on 1215/1250 scored days
# wrote /anvil/scratch/x-jchang5/probe1/all_elites/set3_seed43/ensemble_diagnostics.csv
# wrote /anvil/scratch/x-jchang5/probe1/all_elites/set3_seed43/ensemble_stitched_predictions.csv
# wrote /anvil/scratch/x-jchang5/probe1/all_elites/set3_seed43/ensemble_book_daily.csv
# wrote /anvil/scratch/x-jchang5/probe1/all_elites/set3_seed43/ensemble_rolling_rank_ic.csv
{
 "meta": {
  "run_dir": "/anvil/scratch/x-jchang5/results_v2/C7_E/set3_seed43",
  "param": "RET_CS",
  "realized": "sidecar RET_raw",
  "realized_mode": "auto",
  "generations": 300,
  "row_offset": 2,
  "stitched_days": 1500,
  "scored_days": 1250,
  "first_scored_date": "2020-01-02",
  "last_scored_date": "2024-12-18",
  "score_from": "2020-01-01",
  "top_k": 10,
  "cost_bps": null,
  "book": "sleeves",
  "hold_days": 10,
  "beta_neutral": false,
  "beta_window": null,
  "ensemble": "all_elites",
  "combine": "rank_mean",
  "top_n": null,
  "diverse_gate": null
 },
 "summary": {
  "2020": {
   "model": {
    "n_days": 253,
    "pearson_ic": 0.004552290191248945,
    "pearson_se": 0.015415940079424253,
    "pearson_t": 0.2952976054522237,
    "rank_ic_1": -0.0005210533896044167,
    "rank_ic_se": 0.015905767653328493,
    "rank_ic_t": -0.03275877033796475,
    "rank_ic_5": 0.022695682727634153,
    "rank_ic_10": 0.017688008807890055,
    "net_pct": 15.645789282118919,
    "sharpe": 0.6744966562251058,
    "mdd_pct": 22.544121468574197,
    "cost_pct": 1.5729295341494531,
    "turnover": 0.13416333822513857
   },
   "naive": {
    "n_days": 253,
    "pearson_ic": -0.010943810219859252,
    "pearson_se": 0.01767592636795267,
    "pearson_t": -0.6191364453577337,
    "rank_ic_1": -0.01852586935702776,
    "rank_ic_se": 0.017904541221858677,
    "rank_ic_t": -1.0347022650549982,
    "rank_ic_5": -0.030072809823080894,
    "rank_ic_10": -0.028723302784637715,
    "net_pct": -14.230176510708597,
    "sharpe": -1.2435638946071954,
    "mdd_pct": 25.99372403535994,
    "cost_pct": 1.8534276741104776,
    "turnover": 0.15582544064146295
   }
  },
  "2021": {
   "model": {
    "n_days": 252,
    "pearson_ic": 0.014703705477172169,
    "pearson_se": 0.014203779696976875,
    "pearson_t": 1.0351966723548731,
    "rank_ic_1": 0.016515159151025607,
    "rank_ic_se": 0.014492014199429207,
    "rank_ic_t": 1.1396041242959922,
    "rank_ic_5": 0.004958728672847073,
    "rank_ic_10": -0.008907073560724368,
    "net_pct": 0.05810227812410825,
    "sharpe": 0.004161880352996146,
    "mdd_pct": 13.538112582734026,
    "cost_pct": 1.35706070419377,
    "turnover": 0.13523414288468255
   },
   "naive": {
    "n_days": 252,
    "pearson_ic": -0.028871269637794676,
    "pearson_se": 0.015888336572490346,
    "pearson_t": -1.817136080046508,
    "rank_ic_1": -0.03821253284176137,
    "rank_ic_se": 0.015884140451871333,
    "rank_ic_t": -2.4057035353939784,
    "rank_ic_5": -0.03480849431979277,
    "rank_ic_10": -0.017428231986457002,
    "net_pct": -6.729330719595642,
    "sharpe": -1.0274566231032223,
    "mdd_pct": 10.356015488129,
    "cost_pct": 1.713191434624156,
    "turnover": 0.15810736612398493
   }
  },
  "2022": {
   "model": {
    "n_days": 251,
    "pearson_ic": 0.008944830064121206,
    "pearson_se": 0.012752050397907552,
    "pearson_t": 0.701442496305452,
    "rank_ic_1": 0.008394982836598223,
    "rank_ic_se": 0.013300683303748461,
    "rank_ic_t": 0.631169289944097,
    "rank_ic_5": 0.02504117085266021,
    "rank_ic_10": 0.023497990387551577,
    "net_pct": 11.265888794090447,
    "sharpe": 0.9947065410240836,
    "mdd_pct": 7.744834793425497,
    "cost_pct": 1.3667009068718443,
    "turnover": 0.1597206301486301
   },
   "naive": {
    "n_days": 251,
    "pearson_ic": -0.011762518245660629,
    "pearson_se": 0.015742271447147196,
    "pearson_t": -0.7471932043067536,
    "rank_ic_1": -0.009806596974521298,
    "rank_ic_se": 0.016237918395632673,
    "rank_ic_t": -0.603931904052361,
    "rank_ic_5": -0.010377403652271563,
    "rank_ic_10": -0.024145823647370213,
    "net_pct": -9.079650812588138,
    "sharpe": -1.3587834350582135,
    "mdd_pct": 9.947350656327686,
    "cost_pct": 1.403595325959124,
    "turnover": 0.1568471538188089
   }
  },
  "2023": {
   "model": {
    "n_days": 250,
    "pearson_ic": 0.0030981627297783894,
    "pearson_se": 0.011639338389535228,
    "pearson_t": 0.2661803124964479,
    "rank_ic_1": 0.005519650428341185,
    "rank_ic_se": 0.011664913655666477,
    "rank_ic_t": 0.47318399357888935,
    "rank_ic_5": 0.007390355611526421,
    "rank_ic_10": 0.008899526473878238,
    "net_pct": 5.961629281557788,
    "sharpe": 0.6056798050641437,
    "mdd_pct": 5.552106403059276,
    "cost_pct": 0.9647094072223088,
    "turnover": 0.13759626999615657
   },
   "naive": {
    "n_days": 250,
    "pearson_ic": -0.016495936622839002,
    "pearson_se": 0.01263252808961227,
    "pearson_t": -1.305830195335454,
    "rank_ic_1": -0.013540840443610928,
    "rank_ic_se": 0.012370491482989123,
    "rank_ic_t": -1.0946081214502408,
    "rank_ic_5": -0.005128755157720672,
    "rank_ic_10": -0.00708999856889018,
    "net_pct": -3.6058666109338424,
    "sharpe": -0.738973953615125,
    "mdd_pct": 7.600418381024553,
    "cost_pct": 1.1622597048611827,
    "turnover": 0.16070725190854432
   }
  },
  "2024": {
   "model": {
    "n_days": 244,
    "pearson_ic": 0.00934905375111167,
    "pearson_se": 0.011789093684918036,
    "pearson_t": 0.793025655829002,
    "rank_ic_1": 0.006657416666843822,
    "rank_ic_se": 0.011768158425576637,
    "rank_ic_t": 0.5657143986415708,
    "rank_ic_5": 0.014970598099964297,
    "rank_ic_10": -0.008807058962861884,
    "net_pct": -2.841533833181313,
    "sharpe": -0.24715404650417225,
    "mdd_pct": 10.326728330786533,
    "cost_pct": 1.045222666097051,
    "turnover": 0.13262912780868838
   },
   "naive": {
    "n_days": 244,
    "pearson_ic": -0.009014432854756796,
    "pearson_se": 0.013903231465444995,
    "pearson_t": -0.6483696166003717,
    "rank_ic_1": -0.0064445861164837935,
    "rank_ic_se": 0.013751235859469583,
    "rank_ic_t": -0.46865504906934063,
    "rank_ic_5": -0.03125465738115839,
    "rank_ic_10": -0.03125940168629774,
    "net_pct": -12.331885608174536,
    "sharpe": -2.539883504547272,
    "mdd_pct": 12.782435598371473,
    "cost_pct": 1.2283903435557173,
    "turnover": 0.15933739362373647
   }
  },
  "overall": {
   "model": {
    "n_days": 1250,
    "pearson_ic": 0.008126340273954901,
    "pearson_se": 0.005925154342210835,
    "pearson_t": 1.371498496851433,
    "rank_ic_1": 0.0073131652514159045,
    "rank_ic_se": 0.006054711279720184,
    "rank_ic_t": 1.2078470654597224,
    "rank_ic_5": 0.015022049507656244,
    "rank_ic_10": 0.006675021789336108,
    "net_pct": 30.08987580270993,
    "sharpe": 0.40898376911163165,
    "mdd_pct": 22.544121468574197,
    "cost_pct": 6.3066232185344315,
    "turnover": 0.1398982251436523,
    "n_rebalances": 1250,
    "avg_holding_days": 10.0
   },
   "naive": {
    "n_days": 1250,
    "pearson_ic": -0.015456193429023907,
    "pearson_se": 0.006833118437895536,
    "pearson_t": -2.2619530993793378,
    "rank_ic_1": -0.017388598549905227,
    "rank_ic_se": 0.006877051272590167,
    "rank_ic_t": -2.5284962785156027,
    "rank_ic_5": -0.02228587185510077,
    "rank_ic_10": -0.021626084479526964,
    "net_pct": -45.9769102620007,
    "sharpe": -1.2658716318840146,
    "mdd_pct": 52.43915823915658,
    "cost_pct": 7.360864483110657,
    "turnover": 0.15815253230030657,
    "n_rebalances": 1250,
    "avg_holding_days": 10.0
   }
  }
 },
 "horizon_rank_ic": {
  "model": {
   "1": 0.0073131652514159045,
   "2": 0.010760993295420903,
   "3": 0.016287402474573522,
   "4": 0.01641161832155721,
   "5": 0.015022049507656244,
   "6": 0.013923363660158493,
   "7": 0.012837854492780286,
   "8": 0.011668497868013387,
   "9": 0.008982671015697686,
   "10": 0.006675021789336108
  },
  "naive": {
   "1": -0.017388598549905227,
   "2": -0.022214097694374824,
   "3": -0.0249708583543579,
   "4": -0.026296083207611114,
   "5": -0.02228587185510077,
   "6": -0.021487893652586635,
   "7": -0.019958318581188808,
   "8": -0.021936249806890965,
   "9": -0.021485113457294636,
   "10": -0.021626084479526964
  }
 },
 "diagnostics": {
  "members_per_day": {
   "mean": 63.964,
   "min": 61,
   "max": 64
  },
  "members_per_generation": {
   "mean": 63.78,
   "min": 26,
   "max": 64
  },
  "dispersion": {
   "n_days": 1250,
   "mean": 0.2307837534160366,
   "p10": 0.09778566631306145,
   "p50": 0.23494378194823903,
   "p90": 0.33488607731879244
  },
  "member_rank_ic_1": {
   "n_slots": 64,
   "mean": 0.0034479044481806986,
   "sd": 0.004482283736600169,
   "min": -0.0062576318264898735,
   "max": 0.010586803284398,
   "mean_days_per_slot": 1229.6875
  },
  "member_slots": [
   "island0_elite0",
   "island0_elite1",
   "island0_elite2",
   "island0_elite3",
   "island0_elite4",
   "island0_elite5",
   "island0_elite6",
   "island0_elite7",
   "island1_elite0",
   "island1_elite1",
   "island1_elite2",
   "island1_elite3",
   "island1_elite4",
   "island1_elite5",
   "island1_elite6",
   "island1_elite7",
   "island2_elite0",
   "island2_elite1",
   "island2_elite2",
   "island2_elite3",
   "island2_elite4",
   "island2_elite5",
   "island2_elite6",
   "island2_elite7",
   "island3_elite0",
   "island3_elite1",
   "island3_elite2",
   "island3_elite3",
   "island3_elite4",
   "island3_elite5",
   "island3_elite6",
   "island3_elite7",
   "island4_elite0",
   "island4_elite1",
   "island4_elite2",
   "island4_elite3",
   "island4_elite4",
   "island4_elite5",
   "island4_elite6",
   "island4_elite7",
   "island5_elite0",
   "island5_elite1",
   "island5_elite2",
   "island5_elite3",
   "island5_elite4",
   "island5_elite5",
   "island5_elite6",
   "island5_elite7",
   "island6_elite0",
   "island6_elite1",
   "island6_elite2",
   "island6_elite3",
   "island6_elite4",
   "island6_elite5",
   "island6_elite6",
   "island6_elite7",
   "island7_elite0",
   "island7_elite1",
   "island7_elite2",
   "island7_elite3",
   "island7_elite4",
   "island7_elite5",
   "island7_elite6",
   "island7_elite7"
  ],
  "member_rank_ic_1_by_slot": {
   "island0_elite0": {
    "rank_ic_1": 0.008399621985093374,
    "n_days": 1200
   },
   "island0_elite1": {
    "rank_ic_1": 0.008494332547625591,
    "n_days": 1239
   },
   "island0_elite2": {
    "rank_ic_1": 0.007942970811918252,
    "n_days": 1235
   },
   "island0_elite3": {
    "rank_ic_1": 0.008327973094519275,
    "n_days": 1235
   },
   "island0_elite4": {
    "rank_ic_1": 0.005053796838723367,
    "n_days": 1232
   },
   "island0_elite5": {
    "rank_ic_1": 0.007720178655966067,
    "n_days": 1240
   },
   "island0_elite6": {
    "rank_ic_1": 0.009365038498032852,
    "n_days": 1240
   },
   "island0_elite7": {
    "rank_ic_1": 0.008257972285952084,
    "n_days": 1213
   },
   "island1_elite0": {
    "rank_ic_1": -0.004233076835780565,
    "n_days": 1247
   },
   "island1_elite1": {
    "rank_ic_1": -0.003462616918733684,
    "n_days": 1250
   },
   "island1_elite2": {
    "rank_ic_1": -0.0008059150705315363,
    "n_days": 1250
   },
   "island1_elite3": {
    "rank_ic_1": -0.0062576318264898735,
    "n_days": 1250
   },
   "island1_elite4": {
    "rank_ic_1": -0.004189227137258003,
    "n_days": 1250
   },
   "island1_elite5": {
    "rank_ic_1": -0.0018412359865198624,
    "n_days": 1245
   },
   "island1_elite6": {
    "rank_ic_1": -0.002560776330707612,
    "n_days": 1245
   },
   "island1_elite7": {
    "rank_ic_1": -0.00313537724002146,
    "n_days": 1245
   },
   "island2_elite0": {
    "rank_ic_1": 0.002270228678515404,
    "n_days": 1206
   },
   "island2_elite1": {
    "rank_ic_1": 0.007269188620485679,
    "n_days": 1236
   },
   "island2_elite2": {
    "rank_ic_1": 0.00866083090722201,
    "n_days": 1221
   },
   "island2_elite3": {
    "rank_ic_1": 0.006356644124312433,
    "n_days": 1217
   },
   "island2_elite4": {
    "rank_ic_1": 0.006362904025002303,
    "n_days": 1230
   },
   "island2_elite5": {
    "rank_ic_1": 0.008525595568299819,
    "n_days": 1235
   },
   "island2_elite6": {
    "rank_ic_1": 0.007177644162056018,
    "n_days": 1220
   },
   "island2_elite7": {
    "rank_ic_1": 0.006218634989160532,
    "n_days": 1200
   },
   "island3_elite0": {
    "rank_ic_1": 0.010428432753919165,
    "n_days": 1232
   },
   "island3_elite1": {
    "rank_ic_1": 0.008922208078249578,
    "n_days": 1221
   },
   "island3_elite2": {
    "rank_ic_1": 0.009828480985417578,
    "n_days": 1235
   },
   "island3_elite3": {
    "rank_ic_1": 0.0073790679898077145,
    "n_days": 1235
   },
   "island3_elite4": {
    "rank_ic_1": 0.0025855178997438986,
    "n_days": 1235
   },
   "island3_elite5": {
    "rank_ic_1": 0.007456176325254637,
    "n_days": 1235
   },
   "island3_elite6": {
    "rank_ic_1": 0.010586803284398,
    "n_days": 1230
   },
   "island3_elite7": {
    "rank_ic_1": 0.009961399693589694,
    "n_days": 1233
   },
   "island4_elite0": {
    "rank_ic_1": 0.004821560367060592,
    "n_days": 1225
   },
   "island4_elite1": {
    "rank_ic_1": 0.008260007670686015,
    "n_days": 1240
   },
   "island4_elite2": {
    "rank_ic_1": 0.004350213879127362,
    "n_days": 1235
   },
   "island4_elite3": {
    "rank_ic_1": 0.0035773153178921832,
    "n_days": 1245
   },
   "island4_elite4": {
    "rank_ic_1": 0.0060251561186306386,
    "n_days": 1245
   },
   "island4_elite5": {
    "rank_ic_1": 0.004947781625708284,
    "n_days": 1232
   },
   "island4_elite6": {
    "rank_ic_1": 0.005372427710483139,
    "n_days": 1235
   },
   "island4_elite7": {
    "rank_ic_1": 0.0050627863952312484,
    "n_days": 1230
   },
   "island5_elite0": {
    "rank_ic_1": 0.0033520732699323214,
    "n_days": 1240
   },
   "island5_elite1": {
    "rank_ic_1": 0.0019683718040352494,
    "n_days": 1250
   },
   "island5_elite2": {
    "rank_ic_1": -0.0008691659543186922,
    "n_days": 1240
   },
   "island5_elite3": {
    "rank_ic_1": -0.000982576786382176,
    "n_days": 1235
   },
   "island5_elite4": {
    "rank_ic_1": -0.003439843149263709,
    "n_days": 1240
   },
   "island5_elite5": {
    "rank_ic_1": 0.002293056085109171,
    "n_days": 1245
   },
   "island5_elite6": {
    "rank_ic_1": -0.0007991413389935863,
    "n_days": 1250
   },
   "island5_elite7": {
    "rank_ic_1": -0.0035845000939701234,
    "n_days": 1240
   },
   "island6_elite0": {
    "rank_ic_1": 0.0028037531415876877,
    "n_days": 1196
   },
   "island6_elite1": {
    "rank_ic_1": -0.0033538190107745723,
    "n_days": 1202
   },
   "island6_elite2": {
    "rank_ic_1": 0.00034559048902362,
    "n_days": 1205
   },
   "island6_elite3": {
    "rank_ic_1": -0.00170100934087531,
    "n_days": 1230
   },
   "island6_elite4": {
    "rank_ic_1": -0.0006942481525116914,
    "n_days": 1250
   },
   "island6_elite5": {
    "rank_ic_1": 0.0038728420861807215,
    "n_days": 1205
   },
   "island6_elite6": {
    "rank_ic_1": 0.00596673604440922,
    "n_days": 1215
   },
   "island6_elite7": {
    "rank_ic_1": 0.0007357177139300689,
    "n_days": 1195
   },
   "island7_elite0": {
    "rank_ic_1": -0.0005251475050109283,
    "n_days": 1208
   },
   "island7_elite1": {
    "rank_ic_1": 0.0020647119323955023,
    "n_days": 1230
   },
   "island7_elite2": {
    "rank_ic_1": -0.00020765374618242517,
    "n_days": 1225
   },
   "island7_elite3": {
    "rank_ic_1": 0.0006706437028330593,
    "n_days": 1215
   },
   "island7_elite4": {
    "rank_ic_1": 0.0025569198647633347,
    "n_days": 1220
   },
   "island7_elite5": {
    "rank_ic_1": 0.0029036446288541007,
    "n_days": 1215
   },
   "island7_elite6": {
    "rank_ic_1": 0.0025888305489521206,
    "n_days": 1210
   },
   "island7_elite7": {
    "rank_ic_1": 0.005217063907799582,
    "n_days": 1215
   }
  },
  "day_pooled_mean_member_rank_ic_1": 0.003486491945159149,
  "ensemble_rank_ic_1": 0.0073131652514159045,
  "ensemble_minus_mean_member": 0.0038266733062567557,
  "dropped_member_days": 0,
  "incomplete_member_rows": 0,
  "global_best_matched_days": 1215
 }
}
