# realized: sidecar RET_raw (param RET_CS)
# row mapping verified on generations [0, 150, 299], all 50 stocks: file row i -> panel row tw*step + 2 + i (tw = g + num_training_windows + V)
# stitched 1500 days from 300 generations (300*step = 1500); 2019-01-03 .. 2024-12-17 (panel rows 3621..5120, contiguous)
# ensemble: diverse (N=8, elite_rank <= 3, greedy min-max-similarity, target-free), combine=rank_mean, over 300 generations
# scoring 1249 days from 2020-01-02 to 2024-12-17 (--score-from 2020-01-01)
# book: sleeves, H=10, top-k 10, beta-neutral off
# book costs: TC/PRC from the panel, charged on netted traded notional

period    who     days  pearsonIC  rankIC@1  rankIC@5  rankIC@10      net%   sharpe     MDD% turnover    cost%
2020      model    253  +0.0005   -0.0032   +0.0194   +0.0303     +9.63    +0.47    29.93   0.1275     1.63
2020      naive    253  -0.0055   -0.0082   -0.0170   -0.0165     +0.30    +0.02    22.96   0.1559     1.99
2021      model    252  +0.0122   +0.0113   +0.0048   +0.0158     +6.90    +0.62     7.37   0.1371     1.40
2021      naive    252  -0.0215   -0.0272   -0.0121   -0.0209     -9.17    -1.11    12.27   0.1581     1.61
2022      model    251  -0.0014   -0.0030   +0.0150   +0.0103     +9.79    +0.94     6.11   0.1458     1.24
2022      naive    251  +0.0043   +0.0017   -0.0131   -0.0086     -6.61    -0.83    10.41   0.1579     1.31
2023      model    250  +0.0207   +0.0213   +0.0144   +0.0081     -0.01    -0.00    13.20   0.1362     0.91
2023      naive    250  -0.0196   -0.0210   -0.0171   -0.0176     -5.55    -1.00     9.94   0.1599     1.08
2024      model    243  +0.0248   +0.0167   +0.0051   -0.0120     -5.04    -0.39    14.23   0.1323     1.00
2024      naive    243  -0.0424   -0.0349   -0.0248   -0.0183     -5.35    -0.93     8.34   0.1596     1.22
overall   model   1249  +0.0113   +0.0085   +0.0118   +0.0108    +21.28    +0.31    29.93   0.1358     6.18
overall   naive   1249  -0.0168   -0.0178   -0.0167   -0.0164    -26.37    -0.58    43.51   0.1582     7.21

# model overall: pearson IC +0.0113 (SE 0.0065, t +1.74); rank IC +0.0085 (SE 0.0065, t +1.31); rebalances 1249, avg holding 10.0 days
# naive overall: pearson IC -0.0168 (SE 0.0072, t -2.32); rank IC -0.0178 (SE 0.0072, t -2.47); rebalances 1249, avg holding 10.0 days
# rank IC by horizon (overall): h=1:+0.0085  h=2:+0.0091  h=3:+0.0126  h=4:+0.0139  h=5:+0.0118  h=6:+0.0104  h=7:+0.0120  h=8:+0.0110  h=9:+0.0123  h=10:+0.0108
#   naive                     : h=1:-0.0178  h=2:-0.0098  h=3:-0.0129  h=4:-0.0153  h=5:-0.0167  h=6:-0.0134  h=7:-0.0160  h=8:-0.0166  h=9:-0.0176  h=10:-0.0164

# members/day: mean 8.00 (min 8, max 8); per generation mean 8.00 (min 8, max 8)
# member dispersion (mean pairwise Spearman of member cross-sections, per day, n=1249):
#     mean +0.1118   p10 -0.0190   p50 +0.0942   p90 +0.2593
# per-member rank IC@1 over 32 member slots (each stitched over its own 305 days):
#     mean +0.0048   sd 0.0158   min -0.0439   max +0.0348
# ensemble rank IC@1 +0.0085  vs  day-pooled mean member +0.0047  (ensemble - member = +0.0039)
# row-alignment cross-check: the wide file's global_best column is reproduced by some elite on 1189/1249 scored days
# wrote /anvil/scratch/x-jchang5/probe1/diverse/set1_seed44/ensemble_diagnostics.csv
# wrote /anvil/scratch/x-jchang5/probe1/diverse/set1_seed44/ensemble_stitched_predictions.csv
# wrote /anvil/scratch/x-jchang5/probe1/diverse/set1_seed44/ensemble_book_daily.csv
# wrote /anvil/scratch/x-jchang5/probe1/diverse/set1_seed44/ensemble_rolling_rank_ic.csv
{
 "meta": {
  "run_dir": "/anvil/scratch/x-jchang5/results_v2/C7_E/set1_seed44",
  "param": "RET_CS",
  "realized": "sidecar RET_raw",
  "realized_mode": "auto",
  "generations": 300,
  "row_offset": 2,
  "stitched_days": 1500,
  "scored_days": 1249,
  "first_scored_date": "2020-01-02",
  "last_scored_date": "2024-12-17",
  "score_from": "2020-01-01",
  "top_k": 10,
  "cost_bps": null,
  "book": "sleeves",
  "hold_days": 10,
  "beta_neutral": false,
  "beta_window": null,
  "ensemble": "diverse",
  "combine": "rank_mean",
  "top_n": 8,
  "diverse_gate": 3
 },
 "summary": {
  "2020": {
   "model": {
    "n_days": 253,
    "pearson_ic": 0.00048236753359743765,
    "pearson_se": 0.016065413525194017,
    "pearson_t": 0.03002521739269156,
    "rank_ic_1": -0.0032144348851827244,
    "rank_ic_se": 0.01581850928371942,
    "rank_ic_t": -0.20320719402371595,
    "rank_ic_5": 0.019425629850089898,
    "rank_ic_10": 0.030306383148558935,
    "net_pct": 9.630631543056808,
    "sharpe": 0.4661612268553586,
    "mdd_pct": 29.925498210582656,
    "cost_pct": 1.630729434484777,
    "turnover": 0.12751277354701387
   },
   "naive": {
    "n_days": 253,
    "pearson_ic": -0.005478614809741263,
    "pearson_se": 0.01780423358522494,
    "pearson_t": -0.3077141615513154,
    "rank_ic_1": -0.008223459107284942,
    "rank_ic_se": 0.017359861502103956,
    "rank_ic_t": -0.4737053406957358,
    "rank_ic_5": -0.016991371676040288,
    "rank_ic_10": -0.016496749987653363,
    "net_pct": 0.29892374798873983,
    "sharpe": 0.019885559694125428,
    "mdd_pct": 22.955105591965122,
    "cost_pct": 1.992069854386115,
    "turnover": 0.1558608417406069
   }
  },
  "2021": {
   "model": {
    "n_days": 252,
    "pearson_ic": 0.012232081016167493,
    "pearson_se": 0.01465253910746458,
    "pearson_t": 0.8348096481063811,
    "rank_ic_1": 0.0112897472461443,
    "rank_ic_se": 0.014567881260472051,
    "rank_ic_t": 0.774975237941943,
    "rank_ic_5": 0.004840200335500603,
    "rank_ic_10": 0.015839539627439798,
    "net_pct": 6.902499055301544,
    "sharpe": 0.6248078969229879,
    "mdd_pct": 7.371868621802917,
    "cost_pct": 1.3998211137250451,
    "turnover": 0.13709736774950007
   },
   "naive": {
    "n_days": 252,
    "pearson_ic": -0.021520620952044562,
    "pearson_se": 0.017840439481636605,
    "pearson_t": -1.2062831173075088,
    "rank_ic_1": -0.02716815622392764,
    "rank_ic_se": 0.017566949071798194,
    "rank_ic_t": -1.5465494954694852,
    "rank_ic_5": -0.012059940476984736,
    "rank_ic_10": -0.020935847736714683,
    "net_pct": -9.166160101424575,
    "sharpe": -1.11053419991526,
    "mdd_pct": 12.269006579280111,
    "cost_pct": 1.6124880858375314,
    "turnover": 0.15807202059309233
   }
  },
  "2022": {
   "model": {
    "n_days": 251,
    "pearson_ic": -0.0013796232896291383,
    "pearson_se": 0.014397380721059345,
    "pearson_t": -0.0958246028467619,
    "rank_ic_1": -0.003024715999135845,
    "rank_ic_se": 0.01440957202025029,
    "rank_ic_t": -0.2099101898991242,
    "rank_ic_5": 0.01499930130551261,
    "rank_ic_10": 0.010267063102287031,
    "net_pct": 9.79393624247932,
    "sharpe": 0.9387181881733253,
    "mdd_pct": 6.113021737973224,
    "cost_pct": 1.240837473938835,
    "turnover": 0.1458035318271274
   },
   "naive": {
    "n_days": 251,
    "pearson_ic": 0.004263542976944736,
    "pearson_se": 0.016509316133764055,
    "pearson_t": 0.2582507320351777,
    "rank_ic_1": 0.0016744035916176562,
    "rank_ic_se": 0.0168965853592591,
    "rank_ic_t": 0.09909715815450876,
    "rank_ic_5": -0.013086840540665728,
    "rank_ic_10": -0.008605453506786799,
    "net_pct": -6.608305813409052,
    "sharpe": -0.8316752986415431,
    "mdd_pct": 10.40529803034457,
    "cost_pct": 1.3076507087399347,
    "turnover": 0.15793368459772805
   }
  },
  "2023": {
   "model": {
    "n_days": 250,
    "pearson_ic": 0.020740403682080154,
    "pearson_se": 0.013688717407045588,
    "pearson_t": 1.5151458727174147,
    "rank_ic_1": 0.02128968542837877,
    "rank_ic_se": 0.014210094510641418,
    "rank_ic_t": 1.498208573661189,
    "rank_ic_5": 0.014409088848662115,
    "rank_ic_10": 0.00810526247121564,
    "net_pct": -0.007082705477536293,
    "sharpe": -0.0006042011718353015,
    "mdd_pct": 13.195289599705143,
    "cost_pct": 0.9091700524708861,
    "turnover": 0.13622995990749567
   },
   "naive": {
    "n_days": 250,
    "pearson_ic": -0.019606906877117344,
    "pearson_se": 0.013944119508788546,
    "pearson_t": -1.4061057684395002,
    "rank_ic_1": -0.020988369115935872,
    "rank_ic_se": 0.014226550795395228,
    "rank_ic_t": -1.4752956930874117,
    "rank_ic_5": -0.017129945182958597,
    "rank_ic_10": -0.017580193653595297,
    "net_pct": -5.55013784028206,
    "sharpe": -0.9952648519454137,
    "mdd_pct": 9.94210918036604,
    "cost_pct": 1.0766162836414723,
    "turnover": 0.1598645749469948
   }
  },
  "2024": {
   "model": {
    "n_days": 243,
    "pearson_ic": 0.024842282832758057,
    "pearson_se": 0.013581813826597428,
    "pearson_t": 1.8290843292306893,
    "rank_ic_1": 0.01670528374816752,
    "rank_ic_se": 0.013743656128586551,
    "rank_ic_t": 1.2154905209990547,
    "rank_ic_5": 0.005134786384864478,
    "rank_ic_10": -0.012026996895360745,
    "net_pct": -5.039012958150287,
    "sharpe": -0.3896038370404255,
    "mdd_pct": 14.225450801894665,
    "cost_pct": 0.9959958913685089,
    "turnover": 0.13225649792908045
   },
   "naive": {
    "n_days": 243,
    "pearson_ic": -0.04239620806072832,
    "pearson_se": 0.014177416949232309,
    "pearson_t": -2.9904042614070137,
    "rank_ic_1": -0.0348978545694194,
    "rank_ic_se": 0.014040093719979361,
    "rank_ic_t": -2.485585585497837,
    "rank_ic_5": -0.024822260037711565,
    "rank_ic_10": -0.018258559812325697,
    "net_pct": -5.346553336142347,
    "sharpe": -0.9339024304114328,
    "mdd_pct": 8.343039698881261,
    "cost_pct": 1.2181055557748501,
    "turnover": 0.1595658710396796
   }
  },
  "overall": {
   "model": {
    "n_days": 1249,
    "pearson_ic": 0.01127302930765227,
    "pearson_se": 0.006491816996959381,
    "pearson_t": 1.7364983197974158,
    "rank_ic_1": 0.008530316951315798,
    "rank_ic_se": 0.0065174332833213295,
    "rank_ic_t": 1.3088460718340778,
    "rank_ic_5": 0.011830301704779675,
    "rank_ic_10": 0.010845250085212723,
    "net_pct": 21.280971177209864,
    "sharpe": 0.3075490267939644,
    "mdd_pct": 29.925498210582656,
    "cost_pct": 6.176553965988052,
    "turnover": 0.13579005111490616,
    "n_rebalances": 1249,
    "avg_holding_days": 10.0
   },
   "naive": {
    "n_days": 1249,
    "pearson_ic": -0.01676792795644754,
    "pearson_se": 0.007238815370978,
    "pearson_t": -2.3163911630725997,
    "rank_ic_1": -0.017801366021160676,
    "rank_ic_se": 0.007211021068877118,
    "rank_ic_t": -2.46863320064223,
    "rank_ic_5": -0.01673712887927563,
    "rank_ic_10": -0.016352444851786236,
    "net_pct": -26.372233343269265,
    "sharpe": -0.5774866867859352,
    "mdd_pct": 43.512954051544696,
    "cost_pct": 7.206930488379916,
    "turnover": 0.15824575451021075,
    "n_rebalances": 1249,
    "avg_holding_days": 10.0
   }
  }
 },
 "horizon_rank_ic": {
  "model": {
   "1": 0.008530316951315798,
   "2": 0.00910446995168506,
   "3": 0.012603870772462361,
   "4": 0.013899427253055856,
   "5": 0.011830301704779675,
   "6": 0.010422169041154518,
   "7": 0.011965988992804275,
   "8": 0.010969884410408578,
   "9": 0.012305014947283076,
   "10": 0.010845250085212723
  },
  "naive": {
   "1": -0.017801366021160676,
   "2": -0.00982291432683888,
   "3": -0.012945645239363717,
   "4": -0.015314650018665246,
   "5": -0.01673712887927563,
   "6": -0.01343320215131353,
   "7": -0.015966167006430342,
   "8": -0.016606026533075573,
   "9": -0.01763691023025216,
   "10": -0.016352444851786236
  }
 },
 "diagnostics": {
  "members_per_day": {
   "mean": 8.0,
   "min": 8,
   "max": 8
  },
  "members_per_generation": {
   "mean": 8.0,
   "min": 8,
   "max": 8
  },
  "dispersion": {
   "n_days": 1249,
   "mean": 0.11177905621740385,
   "p10": -0.018962099125364427,
   "p50": 0.0942342651346252,
   "p90": 0.25927208467674845
  },
  "member_rank_ic_1": {
   "n_slots": 32,
   "mean": 0.0048031746239600775,
   "sd": 0.01583930675440954,
   "min": -0.04394824993100659,
   "max": 0.03476893724105717,
   "mean_days_per_slot": 305.375
  },
  "member_slots": [
   "island0_elite0",
   "island0_elite1",
   "island0_elite2",
   "island0_elite3",
   "island1_elite0",
   "island1_elite1",
   "island1_elite2",
   "island1_elite3",
   "island2_elite0",
   "island2_elite1",
   "island2_elite2",
   "island2_elite3",
   "island3_elite0",
   "island3_elite1",
   "island3_elite2",
   "island3_elite3",
   "island4_elite0",
   "island4_elite1",
   "island4_elite2",
   "island4_elite3",
   "island5_elite0",
   "island5_elite1",
   "island5_elite2",
   "island5_elite3",
   "island6_elite0",
   "island6_elite1",
   "island6_elite2",
   "island6_elite3",
   "island7_elite0",
   "island7_elite1",
   "island7_elite2",
   "island7_elite3"
  ],
  "member_rank_ic_1_by_slot": {
   "island0_elite0": {
    "rank_ic_1": 0.01291522427249726,
    "n_days": 501
   },
   "island0_elite1": {
    "rank_ic_1": 0.005663705891360568,
    "n_days": 336
   },
   "island0_elite2": {
    "rank_ic_1": 0.0025231512358280476,
    "n_days": 203
   },
   "island0_elite3": {
    "rank_ic_1": 0.021933979330109887,
    "n_days": 283
   },
   "island1_elite0": {
    "rank_ic_1": 0.01681375659365661,
    "n_days": 425
   },
   "island1_elite1": {
    "rank_ic_1": 0.006291332501471416,
    "n_days": 175
   },
   "island1_elite2": {
    "rank_ic_1": 0.005134244984594827,
    "n_days": 120
   },
   "island1_elite3": {
    "rank_ic_1": 0.011407462014927107,
    "n_days": 125
   },
   "island2_elite0": {
    "rank_ic_1": 0.0006484192741803396,
    "n_days": 435
   },
   "island2_elite1": {
    "rank_ic_1": -0.0011118820222685202,
    "n_days": 272
   },
   "island2_elite2": {
    "rank_ic_1": 0.033038582750642934,
    "n_days": 283
   },
   "island2_elite3": {
    "rank_ic_1": -0.007947722767610304,
    "n_days": 217
   },
   "island3_elite0": {
    "rank_ic_1": -0.017381168460990234,
    "n_days": 410
   },
   "island3_elite1": {
    "rank_ic_1": 0.03476893724105717,
    "n_days": 274
   },
   "island3_elite2": {
    "rank_ic_1": 0.021572415994742265,
    "n_days": 160
   },
   "island3_elite3": {
    "rank_ic_1": 0.012465692338786546,
    "n_days": 159
   },
   "island4_elite0": {
    "rank_ic_1": 0.007989564661508339,
    "n_days": 290
   },
   "island4_elite1": {
    "rank_ic_1": 0.00769393201840829,
    "n_days": 220
   },
   "island4_elite2": {
    "rank_ic_1": 0.008602199782628352,
    "n_days": 190
   },
   "island4_elite3": {
    "rank_ic_1": -0.04394824993100659,
    "n_days": 235
   },
   "island5_elite0": {
    "rank_ic_1": 0.004827783481941168,
    "n_days": 540
   },
   "island5_elite1": {
    "rank_ic_1": -0.014346402782609752,
    "n_days": 280
   },
   "island5_elite2": {
    "rank_ic_1": 0.028055206753403877,
    "n_days": 249
   },
   "island5_elite3": {
    "rank_ic_1": 0.010628065585472957,
    "n_days": 360
   },
   "island6_elite0": {
    "rank_ic_1": -0.0019800664266695807,
    "n_days": 630
   },
   "island6_elite1": {
    "rank_ic_1": 0.001832978767775609,
    "n_days": 330
   },
   "island6_elite2": {
    "rank_ic_1": 0.0071141253812451784,
    "n_days": 400
   },
   "island6_elite3": {
    "rank_ic_1": 0.006280933773203079,
    "n_days": 280
   },
   "island7_elite0": {
    "rank_ic_1": 0.009806381436506494,
    "n_days": 564
   },
   "island7_elite1": {
    "rank_ic_1": -0.019134453269726695,
    "n_days": 286
   },
   "island7_elite2": {
    "rank_ic_1": -0.015343878010254114,
    "n_days": 245
   },
   "island7_elite3": {
    "rank_ic_1": -0.003112664428090065,
    "n_days": 295
   }
  },
  "day_pooled_mean_member_rank_ic_1": 0.0046607626067457835,
  "ensemble_rank_ic_1": 0.008530316951315798,
  "ensemble_minus_mean_member": 0.0038695543445700148,
  "dropped_member_days": 0,
  "incomplete_member_rows": 0,
  "global_best_matched_days": 1189
 }
}
