# realized: sidecar RET_raw (param RET_CS)
# row mapping verified on generations [0, 150, 299], all 50 stocks: file row i -> panel row tw*step + 2 + i (tw = g + num_training_windows + V)
# stitched 1500 days from 300 generations (300*step = 1500); 2019-01-07 .. 2024-12-20 (panel rows 3751..5250, contiguous)
# ensemble: island_champions, combine=rank_mean, over 300 generations
# scoring 1251 days from 2020-01-02 to 2024-12-20 (--score-from 2020-01-01)
# book: sleeves, H=10, top-k 10, beta-neutral off
# book costs: TC/PRC from the panel, charged on netted traded notional

period    who     days  pearsonIC  rankIC@1  rankIC@5  rankIC@10      net%   sharpe     MDD% turnover    cost%
2020      model    252  +0.0048   +0.0025   +0.0164   +0.0128     +3.21    +0.17    18.55   0.1309     1.56
2020      naive    252  -0.0067   -0.0120   -0.0293   -0.0336    -18.39    -1.53    26.87   0.1561     1.82
2021      model    252  +0.0106   +0.0171   +0.0242   +0.0323    +11.63    +1.06     9.81   0.1254     1.30
2021      naive    252  -0.0235   -0.0254   -0.0289   -0.0223     -7.52    -1.47     7.98   0.1587     1.66
2022      model    251  +0.0151   +0.0135   +0.0306   +0.0371     +5.64    +0.60     8.85   0.1464     1.31
2022      naive    251  -0.0185   -0.0265   -0.0208   -0.0191     -7.12    -1.25     9.59   0.1586     1.41
2023      model    250  +0.0286   +0.0297   +0.0316   +0.0292     +7.22    +1.09     4.71   0.1508     1.07
2023      naive    250  -0.0334   -0.0331   -0.0329   -0.0191     -7.26    -1.65     9.85   0.1609     1.22
2024      model    246  +0.0219   +0.0271   +0.0200   +0.0111     -0.33    -0.05     4.49   0.1458     1.11
2024      naive    246  -0.0203   -0.0253   -0.0154   -0.0194     -4.64    -1.26     6.82   0.1609     1.21
overall   model   1251  +0.0162   +0.0179   +0.0246   +0.0247    +27.37    +0.49    18.55   0.1398     6.34
overall   naive   1251  -0.0205   -0.0244   -0.0255   -0.0228    -44.93    -1.32    51.42   0.1591     7.31

# model overall: pearson IC +0.0162 (SE 0.0061, t +2.65); rank IC +0.0179 (SE 0.0062, t +2.89); rebalances 1251, avg holding 10.0 days
# naive overall: pearson IC -0.0205 (SE 0.0067, t -3.05); rank IC -0.0244 (SE 0.0067, t -3.65); rebalances 1251, avg holding 10.0 days
# rank IC by horizon (overall): h=1:+0.0179  h=2:+0.0229  h=3:+0.0227  h=4:+0.0245  h=5:+0.0246  h=6:+0.0253  h=7:+0.0226  h=8:+0.0223  h=9:+0.0213  h=10:+0.0247
#   naive                     : h=1:-0.0244  h=2:-0.0263  h=3:-0.0293  h=4:-0.0281  h=5:-0.0255  h=6:-0.0264  h=7:-0.0236  h=8:-0.0238  h=9:-0.0228  h=10:-0.0228

# members/day: mean 8.00 (min 8, max 8); per generation mean 8.00 (min 8, max 8)
# member dispersion (mean pairwise Spearman of member cross-sections, per day, n=1251):
#     mean +0.2427   p10 +0.0414   p50 +0.2306   p90 +0.4618
# per-member rank IC@1 over 8 member slots (each stitched over its own 1234 days):
#     mean +0.0107   sd 0.0043   min +0.0027   max +0.0173
# ensemble rank IC@1 +0.0179  vs  day-pooled mean member +0.0107  (ensemble - member = +0.0072)
# row-alignment cross-check: the wide file's global_best column is reproduced by some elite on 1226/1251 scored days
# wrote /anvil/scratch/x-jchang5/probe1/island_champions/set4_seed43/ensemble_diagnostics.csv
# wrote /anvil/scratch/x-jchang5/probe1/island_champions/set4_seed43/ensemble_stitched_predictions.csv
# wrote /anvil/scratch/x-jchang5/probe1/island_champions/set4_seed43/ensemble_book_daily.csv
# wrote /anvil/scratch/x-jchang5/probe1/island_champions/set4_seed43/ensemble_rolling_rank_ic.csv
{
 "meta": {
  "run_dir": "/anvil/scratch/x-jchang5/results_v2/C7_E/set4_seed43",
  "param": "RET_CS",
  "realized": "sidecar RET_raw",
  "realized_mode": "auto",
  "generations": 300,
  "row_offset": 2,
  "stitched_days": 1500,
  "scored_days": 1251,
  "first_scored_date": "2020-01-02",
  "last_scored_date": "2024-12-20",
  "score_from": "2020-01-01",
  "top_k": 10,
  "cost_bps": null,
  "book": "sleeves",
  "hold_days": 10,
  "beta_neutral": false,
  "beta_window": null,
  "ensemble": "island_champions",
  "combine": "rank_mean",
  "top_n": null,
  "diverse_gate": null
 },
 "summary": {
  "2020": {
   "model": {
    "n_days": 252,
    "pearson_ic": 0.004798442445207631,
    "pearson_se": 0.015242348148899845,
    "pearson_t": 0.31480992287621845,
    "rank_ic_1": 0.0024703701739934233,
    "rank_ic_se": 0.015655523084712148,
    "rank_ic_t": 0.15779544130376433,
    "rank_ic_5": 0.016406694609998978,
    "rank_ic_10": 0.01280975389284421,
    "net_pct": 3.209954556635766,
    "sharpe": 0.17496259386513327,
    "mdd_pct": 18.554636933300664,
    "cost_pct": 1.559742537062617,
    "turnover": 0.130889868228889
   },
   "naive": {
    "n_days": 252,
    "pearson_ic": -0.006671329659152179,
    "pearson_se": 0.01702695704142171,
    "pearson_t": -0.3918098602658564,
    "rank_ic_1": -0.011978071855790312,
    "rank_ic_se": 0.016581373350752198,
    "rank_ic_t": -0.7223811684601468,
    "rank_ic_5": -0.029252345788613035,
    "rank_ic_10": -0.03360413104899651,
    "net_pct": -18.38994062912199,
    "sharpe": -1.5348460062355076,
    "mdd_pct": 26.87283374166582,
    "cost_pct": 1.8203211327477067,
    "turnover": 0.15614949432045103
   }
  },
  "2021": {
   "model": {
    "n_days": 252,
    "pearson_ic": 0.010600694643434824,
    "pearson_se": 0.013484929823779784,
    "pearson_t": 0.7861141868711247,
    "rank_ic_1": 0.017073507154683715,
    "rank_ic_se": 0.013683141940408384,
    "rank_ic_t": 1.2477768066019304,
    "rank_ic_5": 0.024185601994359093,
    "rank_ic_10": 0.03233777385035634,
    "net_pct": 11.63293628397184,
    "sharpe": 1.062438470424393,
    "mdd_pct": 9.806045181140593,
    "cost_pct": 1.2965009802820462,
    "turnover": 0.12536350817051414
   },
   "naive": {
    "n_days": 252,
    "pearson_ic": -0.02354068881641417,
    "pearson_se": 0.014519065966261388,
    "pearson_t": -1.6213638584683572,
    "rank_ic_1": -0.02536023131586918,
    "rank_ic_se": 0.01437005002723951,
    "rank_ic_t": -1.7647977054914181,
    "rank_ic_5": -0.02894967475126879,
    "rank_ic_10": -0.022274442024298183,
    "net_pct": -7.518549716123678,
    "sharpe": -1.4747666620467443,
    "mdd_pct": 7.975739729267561,
    "cost_pct": 1.658958106398559,
    "turnover": 0.15874049415529481
   }
  },
  "2022": {
   "model": {
    "n_days": 251,
    "pearson_ic": 0.015143093723091736,
    "pearson_se": 0.014386996722001558,
    "pearson_t": 1.0525541929076763,
    "rank_ic_1": 0.013509271509047622,
    "rank_ic_se": 0.014155657772935907,
    "rank_ic_t": 0.9543372498645661,
    "rank_ic_5": 0.030616680603617313,
    "rank_ic_10": 0.037076134582970724,
    "net_pct": 5.640574999910809,
    "sharpe": 0.6000730113999687,
    "mdd_pct": 8.85299676559941,
    "cost_pct": 1.3054765995491493,
    "turnover": 0.1464106691982408
   },
   "naive": {
    "n_days": 251,
    "pearson_ic": -0.018489285029954474,
    "pearson_se": 0.015964657487616118,
    "pearson_t": -1.1581385347162458,
    "rank_ic_1": -0.02651757291358986,
    "rank_ic_se": 0.015666197345538334,
    "rank_ic_t": -1.6926617435431421,
    "rank_ic_5": -0.020792609575134676,
    "rank_ic_10": -0.019126905347098076,
    "net_pct": -7.12277621421205,
    "sharpe": -1.252017331435024,
    "mdd_pct": 9.594009262463791,
    "cost_pct": 1.40791905274319,
    "turnover": 0.15863509942919973
   }
  },
  "2023": {
   "model": {
    "n_days": 250,
    "pearson_ic": 0.028641510985807764,
    "pearson_se": 0.012440096949508518,
    "pearson_t": 2.3023543226437098,
    "rank_ic_1": 0.029652069010252042,
    "rank_ic_se": 0.012801431462012122,
    "rank_ic_t": 2.3163088517283166,
    "rank_ic_5": 0.0315722333432854,
    "rank_ic_10": 0.029197977622925454,
    "net_pct": 7.223123368244452,
    "sharpe": 1.0945455728028872,
    "mdd_pct": 4.7128026392094275,
    "cost_pct": 1.0656490520439614,
    "turnover": 0.15075236273750578
   },
   "naive": {
    "n_days": 250,
    "pearson_ic": -0.03339895163084893,
    "pearson_se": 0.01402619619847801,
    "pearson_t": -2.3811838333241817,
    "rank_ic_1": -0.033103282985784216,
    "rank_ic_se": 0.014341134870525895,
    "rank_ic_t": -2.3082749925055484,
    "rank_ic_5": -0.03293013152072079,
    "rank_ic_10": -0.01912519229487815,
    "net_pct": -7.259329770740821,
    "sharpe": -1.654595762164943,
    "mdd_pct": 9.846124272893057,
    "cost_pct": 1.2195252401381758,
    "turnover": 0.16093599415280252
   }
  },
  "2024": {
   "model": {
    "n_days": 246,
    "pearson_ic": 0.02192940811757037,
    "pearson_se": 0.012409564017793065,
    "pearson_t": 1.7671376759189585,
    "rank_ic_1": 0.027062747895686697,
    "rank_ic_se": 0.012690932417100039,
    "rank_ic_t": 2.132447562262782,
    "rank_ic_5": 0.020049533595655204,
    "rank_ic_10": 0.011111744984311193,
    "net_pct": -0.33490015578251003,
    "sharpe": -0.05057314898103573,
    "mdd_pct": 4.489806764137338,
    "cost_pct": 1.1143359030615916,
    "turnover": 0.1457573780147845
   },
   "naive": {
    "n_days": 246,
    "pearson_ic": -0.020342633969969038,
    "pearson_se": 0.013043075158106888,
    "pearson_t": -1.5596501379757157,
    "rank_ic_1": -0.025260773848212893,
    "rank_ic_se": 0.013748316992768992,
    "rank_ic_t": -1.8373720842703107,
    "rank_ic_5": -0.015393657198351892,
    "rank_ic_10": -0.019433962149697556,
    "net_pct": -4.644214680058542,
    "sharpe": -1.2643811004610845,
    "mdd_pct": 6.824224281836609,
    "cost_pct": 1.207422146089977,
    "turnover": 0.16087957785152182
   }
  },
  "overall": {
   "model": {
    "n_days": 1251,
    "pearson_ic": 0.016176267957000938,
    "pearson_se": 0.006100059925421389,
    "pearson_t": 2.651821155000127,
    "rank_ic_1": 0.017894754173061186,
    "rank_ic_se": 0.006191607968975452,
    "rank_ic_t": 2.890162662546979,
    "rank_ic_5": 0.024586279905193336,
    "rank_ic_10": 0.024650776762178188,
    "net_pct": 27.371689052980397,
    "sharpe": 0.4885502908393402,
    "mdd_pct": 18.554636933300664,
    "cost_pct": 6.341705071999366,
    "turnover": 0.13978364068538882,
    "n_rebalances": 1251,
    "avg_holding_days": 10.0
   },
   "naive": {
    "n_days": 1251,
    "pearson_ic": -0.02047023586145956,
    "pearson_se": 0.006702911854020479,
    "pearson_t": -3.053931829519926,
    "rank_ic_1": -0.024424567796703194,
    "rank_ic_se": 0.006695715487688285,
    "rank_ic_t": -3.6477905672087996,
    "rank_ic_5": -0.025536208581868745,
    "rank_ic_10": -0.022761192238155994,
    "net_pct": -44.93481101025708,
    "sharpe": -1.3156663310754133,
    "mdd_pct": 51.42148084375201,
    "cost_pct": 7.314145678117615,
    "turnover": 0.159056803950673,
    "n_rebalances": 1251,
    "avg_holding_days": 10.0
   }
  }
 },
 "horizon_rank_ic": {
  "model": {
   "1": 0.017894754173061186,
   "2": 0.02293280691508338,
   "3": 0.022680989810732063,
   "4": 0.024476331076077495,
   "5": 0.024586279905193336,
   "6": 0.025282372094064032,
   "7": 0.022554123997185812,
   "8": 0.022281517049513738,
   "9": 0.021304934404663384,
   "10": 0.024650776762178188
  },
  "naive": {
   "1": -0.024424567796703194,
   "2": -0.02626379942141974,
   "3": -0.029326900132288003,
   "4": -0.028088593744848102,
   "5": -0.025536208581868745,
   "6": -0.026391278224704787,
   "7": -0.02363497354880376,
   "8": -0.023765467728975764,
   "9": -0.022822246156393708,
   "10": -0.022761192238155994
  }
 },
 "diagnostics": {
  "members_per_day": {
   "mean": 8.0,
   "min": 8,
   "max": 8
  },
  "members_per_generation": {
   "mean": 8.0,
   "min": 8,
   "max": 8
  },
  "dispersion": {
   "n_days": 1251,
   "mean": 0.24271591385612482,
   "p10": 0.04141313668324474,
   "p50": 0.23063638992694807,
   "p90": 0.46177328074086776
  },
  "member_rank_ic_1": {
   "n_slots": 8,
   "mean": 0.0107362033299718,
   "sd": 0.004324216638450436,
   "min": 0.002747386469626026,
   "max": 0.01733447127677609,
   "mean_days_per_slot": 1233.625
  },
  "member_slots": [
   "island0_elite0",
   "island1_elite0",
   "island2_elite0",
   "island3_elite0",
   "island4_elite0",
   "island5_elite0",
   "island6_elite0",
   "island7_elite0"
  ],
  "member_rank_ic_1_by_slot": {
   "island0_elite0": {
    "rank_ic_1": 0.013551105416072283,
    "n_days": 1218
   },
   "island1_elite0": {
    "rank_ic_1": 0.007301247901132667,
    "n_days": 1251
   },
   "island2_elite0": {
    "rank_ic_1": 0.01733447127677609,
    "n_days": 1221
   },
   "island3_elite0": {
    "rank_ic_1": 0.002747386469626026,
    "n_days": 1251
   },
   "island4_elite0": {
    "rank_ic_1": 0.010123131064737665,
    "n_days": 1244
   },
   "island5_elite0": {
    "rank_ic_1": 0.010928320767872245,
    "n_days": 1246
   },
   "island6_elite0": {
    "rank_ic_1": 0.012422097728544945,
    "n_days": 1246
   },
   "island7_elite0": {
    "rank_ic_1": 0.01148186601501248,
    "n_days": 1192
   }
  },
  "day_pooled_mean_member_rank_ic_1": 0.01068055629160374,
  "ensemble_rank_ic_1": 0.017894754173061186,
  "ensemble_minus_mean_member": 0.0072141978814574455,
  "dropped_member_days": 0,
  "incomplete_member_rows": 0,
  "global_best_matched_days": 1226
 }
}
