# realized: sidecar RET_raw (param RET_CS)
# row mapping verified on generations [0, 150, 299], all 50 stocks: file row i -> panel row tw*step + 2 + i (tw = g + num_training_windows + V)
# stitched 1500 days from 300 generations (300*step = 1500); 2019-01-03 .. 2024-12-17 (panel rows 3621..5120, contiguous)
# ensemble: diverse (N=8, elite_rank <= 3, greedy min-max-similarity, target-free), combine=rank_mean, over 300 generations
# scoring 1249 days from 2020-01-02 to 2024-12-17 (--score-from 2020-01-01)
# book: sleeves, H=10, top-k 10, beta-neutral off
# book costs: TC/PRC from the panel, charged on netted traded notional

period    who     days  pearsonIC  rankIC@1  rankIC@5  rankIC@10      net%   sharpe     MDD% turnover    cost%
2020      model    253  -0.0029   -0.0018   -0.0101   -0.0063    -13.09    -0.90    28.65   0.1467     1.88
2020      naive    253  -0.0055   -0.0082   -0.0170   -0.0165     +0.30    +0.02    22.96   0.1559     1.99
2021      model    252  +0.0082   +0.0031   -0.0053   -0.0048     +0.46    +0.05    11.43   0.1336     1.41
2021      naive    252  -0.0215   -0.0272   -0.0121   -0.0209     -9.17    -1.11    12.27   0.1581     1.61
2022      model    251  -0.0053   -0.0160   +0.0080   +0.0119     +2.46    +0.19     7.34   0.1356     1.20
2022      naive    251  +0.0043   +0.0017   -0.0131   -0.0086     -6.61    -0.83    10.41   0.1579     1.31
2023      model    250  +0.0150   +0.0074   +0.0213   +0.0341     +9.80    +1.04     7.00   0.1411     0.98
2023      naive    250  -0.0196   -0.0210   -0.0171   -0.0176     -5.55    -1.00     9.94   0.1599     1.08
2024      model    243  +0.0301   +0.0251   +0.0367   +0.0399    +11.40    +1.17     7.33   0.1371     1.09
2024      naive    243  -0.0424   -0.0349   -0.0248   -0.0183     -5.35    -0.93     8.34   0.1596     1.22
overall   model   1249  +0.0089   +0.0034   +0.0098   +0.0145    +11.04    +0.20    28.65   0.1388     6.55
overall   naive   1249  -0.0168   -0.0178   -0.0167   -0.0164    -26.37    -0.58    43.51   0.1582     7.21

# model overall: pearson IC +0.0089 (SE 0.0056, t +1.59); rank IC +0.0034 (SE 0.0055, t +0.62); rebalances 1249, avg holding 10.0 days
# naive overall: pearson IC -0.0168 (SE 0.0072, t -2.32); rank IC -0.0178 (SE 0.0072, t -2.47); rebalances 1249, avg holding 10.0 days
# rank IC by horizon (overall): h=1:+0.0034  h=2:+0.0064  h=3:+0.0092  h=4:+0.0132  h=5:+0.0098  h=6:+0.0082  h=7:+0.0098  h=8:+0.0110  h=9:+0.0137  h=10:+0.0145
#   naive                     : h=1:-0.0178  h=2:-0.0098  h=3:-0.0129  h=4:-0.0153  h=5:-0.0167  h=6:-0.0134  h=7:-0.0160  h=8:-0.0166  h=9:-0.0176  h=10:-0.0164

# members/day: mean 8.00 (min 8, max 8); per generation mean 8.00 (min 8, max 8)
# member dispersion (mean pairwise Spearman of member cross-sections, per day, n=1249):
#     mean +0.0932   p10 -0.0295   p50 +0.0786   p90 +0.2454
# per-member rank IC@1 over 32 member slots (each stitched over its own 307 days):
#     mean +0.0016   sd 0.0173   min -0.0703   max +0.0222
# ensemble rank IC@1 +0.0034  vs  day-pooled mean member +0.0018  (ensemble - member = +0.0016)
# row-alignment cross-check: the wide file's global_best column is reproduced by some elite on 1204/1249 scored days
# wrote /anvil/scratch/x-jchang5/probe1/diverse/set1_seed42/ensemble_diagnostics.csv
# wrote /anvil/scratch/x-jchang5/probe1/diverse/set1_seed42/ensemble_stitched_predictions.csv
# wrote /anvil/scratch/x-jchang5/probe1/diverse/set1_seed42/ensemble_book_daily.csv
# wrote /anvil/scratch/x-jchang5/probe1/diverse/set1_seed42/ensemble_rolling_rank_ic.csv
{
 "meta": {
  "run_dir": "/anvil/scratch/x-jchang5/results_v2/C7_E/set1_seed42",
  "param": "RET_CS",
  "realized": "sidecar RET_raw",
  "realized_mode": "auto",
  "generations": 300,
  "row_offset": 2,
  "stitched_days": 1500,
  "scored_days": 1249,
  "first_scored_date": "2020-01-02",
  "last_scored_date": "2024-12-17",
  "score_from": "2020-01-01",
  "top_k": 10,
  "cost_bps": null,
  "book": "sleeves",
  "hold_days": 10,
  "beta_neutral": false,
  "beta_window": null,
  "ensemble": "diverse",
  "combine": "rank_mean",
  "top_n": 8,
  "diverse_gate": 3
 },
 "summary": {
  "2020": {
   "model": {
    "n_days": 253,
    "pearson_ic": -0.002943680161384575,
    "pearson_se": 0.014359732517817525,
    "pearson_t": -0.20499547312124813,
    "rank_ic_1": -0.0018101062324348861,
    "rank_ic_se": 0.01406685477357995,
    "rank_ic_t": -0.12867881708955914,
    "rank_ic_5": -0.010136810722065893,
    "rank_ic_10": -0.00634612841903216,
    "net_pct": -13.08589801474641,
    "sharpe": -0.8993198652136879,
    "mdd_pct": 28.651381611943656,
    "cost_pct": 1.8831354468568309,
    "turnover": 0.1467489252453423
   },
   "naive": {
    "n_days": 253,
    "pearson_ic": -0.005478614809741263,
    "pearson_se": 0.01780423358522494,
    "pearson_t": -0.3077141615513154,
    "rank_ic_1": -0.008223459107284942,
    "rank_ic_se": 0.017359861502103956,
    "rank_ic_t": -0.4737053406957358,
    "rank_ic_5": -0.016991371676040288,
    "rank_ic_10": -0.016496749987653363,
    "net_pct": 0.29892374798873983,
    "sharpe": 0.019885559694125428,
    "mdd_pct": 22.955105591965122,
    "cost_pct": 1.992069854386115,
    "turnover": 0.1558608417406069
   }
  },
  "2021": {
   "model": {
    "n_days": 252,
    "pearson_ic": 0.00818392839016825,
    "pearson_se": 0.012193145598497044,
    "pearson_t": 0.6711909018110159,
    "rank_ic_1": 0.003132887533393434,
    "rank_ic_se": 0.011748382515576144,
    "rank_ic_t": 0.2666654349430498,
    "rank_ic_5": -0.005306374601578546,
    "rank_ic_10": -0.004802378628542776,
    "net_pct": 0.4607196124647656,
    "sharpe": 0.051465568608409645,
    "mdd_pct": 11.429925987590092,
    "cost_pct": 1.4066549550941714,
    "turnover": 0.13361508603860972
   },
   "naive": {
    "n_days": 252,
    "pearson_ic": -0.021520620952044562,
    "pearson_se": 0.017840439481636605,
    "pearson_t": -1.2062831173075088,
    "rank_ic_1": -0.02716815622392764,
    "rank_ic_se": 0.017566949071798194,
    "rank_ic_t": -1.5465494954694852,
    "rank_ic_5": -0.012059940476984736,
    "rank_ic_10": -0.020935847736714683,
    "net_pct": -9.166160101424575,
    "sharpe": -1.11053419991526,
    "mdd_pct": 12.269006579280111,
    "cost_pct": 1.6124880858375314,
    "turnover": 0.15807202059309233
   }
  },
  "2022": {
   "model": {
    "n_days": 251,
    "pearson_ic": -0.005317468728556086,
    "pearson_se": 0.012011489985684758,
    "pearson_t": -0.44269851075040834,
    "rank_ic_1": -0.0159775426813179,
    "rank_ic_se": 0.011833088574420602,
    "rank_ic_t": -1.3502428026995672,
    "rank_ic_5": 0.00802040696226287,
    "rank_ic_10": 0.011860924290257504,
    "net_pct": 2.463671812857908,
    "sharpe": 0.19218573392279786,
    "mdd_pct": 7.336354603599511,
    "cost_pct": 1.1965261032059051,
    "turnover": 0.13556808090624883
   },
   "naive": {
    "n_days": 251,
    "pearson_ic": 0.004263542976944736,
    "pearson_se": 0.016509316133764055,
    "pearson_t": 0.2582507320351777,
    "rank_ic_1": 0.0016744035916176562,
    "rank_ic_se": 0.0168965853592591,
    "rank_ic_t": 0.09909715815450876,
    "rank_ic_5": -0.013086840540665728,
    "rank_ic_10": -0.008605453506786799,
    "net_pct": -6.608305813409052,
    "sharpe": -0.8316752986415431,
    "mdd_pct": 10.40529803034457,
    "cost_pct": 1.3076507087399347,
    "turnover": 0.15793368459772805
   }
  },
  "2023": {
   "model": {
    "n_days": 250,
    "pearson_ic": 0.015045507974504217,
    "pearson_se": 0.012132774343207598,
    "pearson_t": 1.2400715243605664,
    "rank_ic_1": 0.007360595593975738,
    "rank_ic_se": 0.01256225795340848,
    "rank_ic_t": 0.5859293465613489,
    "rank_ic_5": 0.021336522947497865,
    "rank_ic_10": 0.034117423687463753,
    "net_pct": 9.801824710092397,
    "sharpe": 1.0443019138426612,
    "mdd_pct": 7.00202876650456,
    "cost_pct": 0.9776378010689019,
    "turnover": 0.14107582637132626
   },
   "naive": {
    "n_days": 250,
    "pearson_ic": -0.019606906877117344,
    "pearson_se": 0.013944119508788546,
    "pearson_t": -1.4061057684395002,
    "rank_ic_1": -0.020988369115935872,
    "rank_ic_se": 0.014226550795395228,
    "rank_ic_t": -1.4752956930874117,
    "rank_ic_5": -0.017129945182958597,
    "rank_ic_10": -0.017580193653595297,
    "net_pct": -5.55013784028206,
    "sharpe": -0.9952648519454137,
    "mdd_pct": 9.94210918036604,
    "cost_pct": 1.0766162836414723,
    "turnover": 0.1598645749469948
   }
  },
  "2024": {
   "model": {
    "n_days": 243,
    "pearson_ic": 0.030139748962063232,
    "pearson_se": 0.011257998911372146,
    "pearson_t": 2.6771852794920674,
    "rank_ic_1": 0.025071839795412908,
    "rank_ic_se": 0.011297871106304,
    "rank_ic_t": 2.2191649700644303,
    "rank_ic_5": 0.036684045651634245,
    "rank_ic_10": 0.03990515477726187,
    "net_pct": 11.395300097198472,
    "sharpe": 1.17116477507731,
    "mdd_pct": 7.330990457469596,
    "cost_pct": 1.0879608736526514,
    "turnover": 0.13710314268819287
   },
   "naive": {
    "n_days": 243,
    "pearson_ic": -0.04239620806072832,
    "pearson_se": 0.014177416949232309,
    "pearson_t": -2.9904042614070137,
    "rank_ic_1": -0.0348978545694194,
    "rank_ic_se": 0.014040093719979361,
    "rank_ic_t": -2.485585585497837,
    "rank_ic_5": -0.024822260037711565,
    "rank_ic_10": -0.018258559812325697,
    "net_pct": -5.346553336142347,
    "sharpe": -0.9339024304114328,
    "mdd_pct": 8.343039698881261,
    "cost_pct": 1.2181055557748501,
    "turnover": 0.1595658710396796
   }
  },
  "overall": {
   "model": {
    "n_days": 1249,
    "pearson_ic": 0.008861689522843837,
    "pearson_se": 0.005573785234412125,
    "pearson_t": 1.589887150321552,
    "rank_ic_1": 0.003405743424641795,
    "rank_ic_se": 0.005530780694341514,
    "rank_ic_t": 0.6157798713888939,
    "rank_ic_5": 0.009809574524387603,
    "rank_ic_10": 0.014539100187251552,
    "net_pct": 11.035618217867114,
    "sharpe": 0.19556493656343546,
    "mdd_pct": 28.651381611943656,
    "cost_pct": 6.5519151798784545,
    "turnover": 0.13883994262796823,
    "n_rebalances": 1249,
    "avg_holding_days": 10.0
   },
   "naive": {
    "n_days": 1249,
    "pearson_ic": -0.01676792795644754,
    "pearson_se": 0.007238815370978,
    "pearson_t": -2.3163911630725997,
    "rank_ic_1": -0.017801366021160676,
    "rank_ic_se": 0.007211021068877118,
    "rank_ic_t": -2.46863320064223,
    "rank_ic_5": -0.01673712887927563,
    "rank_ic_10": -0.016352444851786236,
    "net_pct": -26.372233343269265,
    "sharpe": -0.5774866867859352,
    "mdd_pct": 43.512954051544696,
    "cost_pct": 7.206930488379916,
    "turnover": 0.15824575451021075,
    "n_rebalances": 1249,
    "avg_holding_days": 10.0
   }
  }
 },
 "horizon_rank_ic": {
  "model": {
   "1": 0.003405743424641795,
   "2": 0.006404678479307015,
   "3": 0.009191912752816746,
   "4": 0.013221668330919483,
   "5": 0.009809574524387603,
   "6": 0.00822134879450866,
   "7": 0.009784653432234787,
   "8": 0.011003411216697605,
   "9": 0.013665146093354251,
   "10": 0.014539100187251552
  },
  "naive": {
   "1": -0.017801366021160676,
   "2": -0.00982291432683888,
   "3": -0.012945645239363717,
   "4": -0.015314650018665246,
   "5": -0.01673712887927563,
   "6": -0.01343320215131353,
   "7": -0.015966167006430342,
   "8": -0.016606026533075573,
   "9": -0.01763691023025216,
   "10": -0.016352444851786236
  }
 },
 "diagnostics": {
  "members_per_day": {
   "mean": 8.0,
   "min": 8,
   "max": 8
  },
  "members_per_generation": {
   "mean": 8.0,
   "min": 8,
   "max": 8
  },
  "dispersion": {
   "n_days": 1249,
   "mean": 0.09319919628424544,
   "p10": -0.029515348996741537,
   "p50": 0.07855311362553406,
   "p90": 0.2453898130680844
  },
  "member_rank_ic_1": {
   "n_slots": 32,
   "mean": 0.001555974066888664,
   "sd": 0.017313618206027535,
   "min": -0.0702856433849605,
   "max": 0.022191750609583394,
   "mean_days_per_slot": 307.1875
  },
  "member_slots": [
   "island0_elite0",
   "island0_elite1",
   "island0_elite2",
   "island0_elite3",
   "island1_elite0",
   "island1_elite1",
   "island1_elite2",
   "island1_elite3",
   "island2_elite0",
   "island2_elite1",
   "island2_elite2",
   "island2_elite3",
   "island3_elite0",
   "island3_elite1",
   "island3_elite2",
   "island3_elite3",
   "island4_elite0",
   "island4_elite1",
   "island4_elite2",
   "island4_elite3",
   "island5_elite0",
   "island5_elite1",
   "island5_elite2",
   "island5_elite3",
   "island6_elite0",
   "island6_elite1",
   "island6_elite2",
   "island6_elite3",
   "island7_elite0",
   "island7_elite1",
   "island7_elite2",
   "island7_elite3"
  ],
  "member_rank_ic_1_by_slot": {
   "island0_elite0": {
    "rank_ic_1": 0.0037028082454952944,
    "n_days": 580
   },
   "island0_elite1": {
    "rank_ic_1": -0.0034572296395271812,
    "n_days": 214
   },
   "island0_elite2": {
    "rank_ic_1": 0.01752693314597808,
    "n_days": 233
   },
   "island0_elite3": {
    "rank_ic_1": 0.005132997899112812,
    "n_days": 250
   },
   "island1_elite0": {
    "rank_ic_1": 0.005067925537631222,
    "n_days": 447
   },
   "island1_elite1": {
    "rank_ic_1": 0.012669499363004974,
    "n_days": 225
   },
   "island1_elite2": {
    "rank_ic_1": -0.0051611851448573,
    "n_days": 150
   },
   "island1_elite3": {
    "rank_ic_1": -0.0702856433849605,
    "n_days": 121
   },
   "island2_elite0": {
    "rank_ic_1": 0.0012485142957299024,
    "n_days": 476
   },
   "island2_elite1": {
    "rank_ic_1": 0.012447430542109731,
    "n_days": 308
   },
   "island2_elite2": {
    "rank_ic_1": 0.019980349603488178,
    "n_days": 290
   },
   "island2_elite3": {
    "rank_ic_1": 0.022191750609583394,
    "n_days": 236
   },
   "island3_elite0": {
    "rank_ic_1": -0.01156920872615737,
    "n_days": 540
   },
   "island3_elite1": {
    "rank_ic_1": 0.00693329140019708,
    "n_days": 379
   },
   "island3_elite2": {
    "rank_ic_1": 0.01143821247928322,
    "n_days": 275
   },
   "island3_elite3": {
    "rank_ic_1": 0.0021204788188161697,
    "n_days": 335
   },
   "island4_elite0": {
    "rank_ic_1": 0.0214358627529776,
    "n_days": 479
   },
   "island4_elite1": {
    "rank_ic_1": 0.007526448839327026,
    "n_days": 255
   },
   "island4_elite2": {
    "rank_ic_1": -0.00043587784261611614,
    "n_days": 314
   },
   "island4_elite3": {
    "rank_ic_1": -0.013501113320825675,
    "n_days": 340
   },
   "island5_elite0": {
    "rank_ic_1": -0.008891937056391382,
    "n_days": 420
   },
   "island5_elite1": {
    "rank_ic_1": -0.010569000147209556,
    "n_days": 127
   },
   "island5_elite2": {
    "rank_ic_1": 0.016476045954272215,
    "n_days": 100
   },
   "island5_elite3": {
    "rank_ic_1": -0.017406165936835808,
    "n_days": 175
   },
   "island6_elite0": {
    "rank_ic_1": -0.012568744404184023,
    "n_days": 578
   },
   "island6_elite1": {
    "rank_ic_1": 0.0016657962873194803,
    "n_days": 305
   },
   "island6_elite2": {
    "rank_ic_1": 0.01264414038713552,
    "n_days": 325
   },
   "island6_elite3": {
    "rank_ic_1": -0.004086405149466896,
    "n_days": 384
   },
   "island7_elite0": {
    "rank_ic_1": -0.008528400044029001,
    "n_days": 495
   },
   "island7_elite1": {
    "rank_ic_1": 0.01488269432206143,
    "n_days": 209
   },
   "island7_elite2": {
    "rank_ic_1": 0.019888265395822665,
    "n_days": 165
   },
   "island7_elite3": {
    "rank_ic_1": 0.001272635058152069,
    "n_days": 100
   }
  },
  "day_pooled_mean_member_rank_ic_1": 0.0018446674438218071,
  "ensemble_rank_ic_1": 0.003405743424641795,
  "ensemble_minus_mean_member": 0.0015610759808199878,
  "dropped_member_days": 0,
  "incomplete_member_rows": 0,
  "global_best_matched_days": 1204
 }
}
