# realized: sidecar RET_raw (param RET_CS)
# row mapping verified on generations [0, 150, 299], all 50 stocks: file row i -> panel row tw*step + 2 + i (tw = g + num_training_windows + V)
# stitched 1500 days from 300 generations (300*step = 1500); 2019-01-03 .. 2024-12-17 (panel rows 3621..5120, contiguous)
# ensemble: topn (N=16, ordered by (elite_rank, island)), combine=rank_mean, over 300 generations
# scoring 1249 days from 2020-01-02 to 2024-12-17 (--score-from 2020-01-01)
# book: sleeves, H=10, top-k 10, beta-neutral off
# book costs: TC/PRC from the panel, charged on netted traded notional

period    who     days  pearsonIC  rankIC@1  rankIC@5  rankIC@10      net%   sharpe     MDD% turnover    cost%
2020      model    253  -0.0062   -0.0069   +0.0290   +0.0466     +6.93    +0.36    28.65   0.1095     1.36
2020      naive    253  -0.0055   -0.0082   -0.0170   -0.0165     +0.30    +0.02    22.96   0.1559     1.99
2021      model    252  +0.0135   +0.0063   +0.0328   +0.0440    +17.21    +1.46    10.28   0.0946     0.94
2021      naive    252  -0.0215   -0.0272   -0.0121   -0.0209     -9.17    -1.11    12.27   0.1581     1.61
2022      model    251  +0.0014   -0.0001   +0.0164   +0.0151     +8.94    +0.74     6.83   0.1023     0.86
2022      naive    251  +0.0043   +0.0017   -0.0131   -0.0086     -6.61    -0.83    10.41   0.1579     1.31
2023      model    250  +0.0109   +0.0041   +0.0266   +0.0223    +10.41    +1.01     7.13   0.0976     0.66
2023      naive    250  -0.0196   -0.0210   -0.0171   -0.0176     -5.55    -1.00     9.94   0.1599     1.08
2024      model    243  +0.0139   +0.0118   +0.0229   +0.0159     +2.78    +0.26     8.34   0.0963     0.73
2024      naive    243  -0.0424   -0.0349   -0.0248   -0.0183     -5.35    -0.93     8.34   0.1596     1.22
overall   model   1249  +0.0066   +0.0030   +0.0256   +0.0290    +46.28    +0.70    28.65   0.1001     4.55
overall   naive   1249  -0.0168   -0.0178   -0.0167   -0.0164    -26.37    -0.58    43.51   0.1582     7.21

# model overall: pearson IC +0.0066 (SE 0.0055, t +1.21); rank IC +0.0030 (SE 0.0054, t +0.55); rebalances 1249, avg holding 10.0 days
# naive overall: pearson IC -0.0168 (SE 0.0072, t -2.32); rank IC -0.0178 (SE 0.0072, t -2.47); rebalances 1249, avg holding 10.0 days
# rank IC by horizon (overall): h=1:+0.0030  h=2:+0.0117  h=3:+0.0192  h=4:+0.0231  h=5:+0.0256  h=6:+0.0270  h=7:+0.0289  h=8:+0.0287  h=9:+0.0304  h=10:+0.0290
#   naive                     : h=1:-0.0178  h=2:-0.0098  h=3:-0.0129  h=4:-0.0153  h=5:-0.0167  h=6:-0.0134  h=7:-0.0160  h=8:-0.0166  h=9:-0.0176  h=10:-0.0164

# members/day: mean 16.00 (min 16, max 16); per generation mean 16.00 (min 16, max 16)
# member dispersion (mean pairwise Spearman of member cross-sections, per day, n=1249):
#     mean +0.1975   p10 +0.0867   p50 +0.1904   p90 +0.3186
# per-member rank IC@1 over 16 member slots (each stitched over its own 1227 days):
#     mean +0.0021   sd 0.0044   min -0.0048   max +0.0107
# ensemble rank IC@1 +0.0030  vs  day-pooled mean member +0.0021  (ensemble - member = +0.0009)
# row-alignment cross-check: the wide file's global_best column is reproduced by some elite on 1172/1249 scored days
# wrote /anvil/scratch/x-jchang5/probe1/topn/set1_seed43/ensemble_diagnostics.csv
# wrote /anvil/scratch/x-jchang5/probe1/topn/set1_seed43/ensemble_stitched_predictions.csv
# wrote /anvil/scratch/x-jchang5/probe1/topn/set1_seed43/ensemble_book_daily.csv
# wrote /anvil/scratch/x-jchang5/probe1/topn/set1_seed43/ensemble_rolling_rank_ic.csv
{
 "meta": {
  "run_dir": "/anvil/scratch/x-jchang5/results_v2/C7_E/set1_seed43",
  "param": "RET_CS",
  "realized": "sidecar RET_raw",
  "realized_mode": "auto",
  "generations": 300,
  "row_offset": 2,
  "stitched_days": 1500,
  "scored_days": 1249,
  "first_scored_date": "2020-01-02",
  "last_scored_date": "2024-12-17",
  "score_from": "2020-01-01",
  "top_k": 10,
  "cost_bps": null,
  "book": "sleeves",
  "hold_days": 10,
  "beta_neutral": false,
  "beta_window": null,
  "ensemble": "topn",
  "combine": "rank_mean",
  "top_n": 16,
  "diverse_gate": null
 },
 "summary": {
  "2020": {
   "model": {
    "n_days": 253,
    "pearson_ic": -0.0062032757890298895,
    "pearson_se": 0.014649222202714232,
    "pearson_t": -0.4234542764926138,
    "rank_ic_1": -0.006880379157977065,
    "rank_ic_se": 0.01413001492459561,
    "rank_ic_t": -0.48693360868293467,
    "rank_ic_5": 0.028959055373464472,
    "rank_ic_10": 0.046643108238858796,
    "net_pct": 6.934954883412465,
    "sharpe": 0.361912014236613,
    "mdd_pct": 28.65096936045242,
    "cost_pct": 1.3563344442741971,
    "turnover": 0.1094777502913204
   },
   "naive": {
    "n_days": 253,
    "pearson_ic": -0.005478614809741263,
    "pearson_se": 0.01780423358522494,
    "pearson_t": -0.3077141615513154,
    "rank_ic_1": -0.008223459107284942,
    "rank_ic_se": 0.017359861502103956,
    "rank_ic_t": -0.4737053406957358,
    "rank_ic_5": -0.016991371676040288,
    "rank_ic_10": -0.016496749987653363,
    "net_pct": 0.29892374798873983,
    "sharpe": 0.019885559694125428,
    "mdd_pct": 22.955105591965122,
    "cost_pct": 1.992069854386115,
    "turnover": 0.1558608417406069
   }
  },
  "2021": {
   "model": {
    "n_days": 252,
    "pearson_ic": 0.013456442149697054,
    "pearson_se": 0.01173247323501854,
    "pearson_t": 1.1469399401255733,
    "rank_ic_1": 0.006289530164520684,
    "rank_ic_se": 0.011991127624412293,
    "rank_ic_t": 0.5245153217880912,
    "rank_ic_5": 0.03283547245571216,
    "rank_ic_10": 0.04396397348788653,
    "net_pct": 17.211851427864257,
    "sharpe": 1.4581126592116187,
    "mdd_pct": 10.282415485691297,
    "cost_pct": 0.9411808910314491,
    "turnover": 0.09457576670654767
   },
   "naive": {
    "n_days": 252,
    "pearson_ic": -0.021520620952044562,
    "pearson_se": 0.017840439481636605,
    "pearson_t": -1.2062831173075088,
    "rank_ic_1": -0.02716815622392764,
    "rank_ic_se": 0.017566949071798194,
    "rank_ic_t": -1.5465494954694852,
    "rank_ic_5": -0.012059940476984736,
    "rank_ic_10": -0.020935847736714683,
    "net_pct": -9.166160101424575,
    "sharpe": -1.11053419991526,
    "mdd_pct": 12.269006579280111,
    "cost_pct": 1.6124880858375314,
    "turnover": 0.15807202059309233
   }
  },
  "2022": {
   "model": {
    "n_days": 251,
    "pearson_ic": 0.0014320332725927375,
    "pearson_se": 0.011704317959024413,
    "pearson_t": 0.12235085184853449,
    "rank_ic_1": -0.00012638319739146457,
    "rank_ic_se": 0.011293762979256982,
    "rank_ic_t": -0.01119053035056517,
    "rank_ic_5": 0.016373194058583188,
    "rank_ic_10": 0.015100076819811944,
    "net_pct": 8.93940925009545,
    "sharpe": 0.7387648851086941,
    "mdd_pct": 6.827840818454835,
    "cost_pct": 0.858014936446247,
    "turnover": 0.10225438034873552
   },
   "naive": {
    "n_days": 251,
    "pearson_ic": 0.004263542976944736,
    "pearson_se": 0.016509316133764055,
    "pearson_t": 0.2582507320351777,
    "rank_ic_1": 0.0016744035916176562,
    "rank_ic_se": 0.0168965853592591,
    "rank_ic_t": 0.09909715815450876,
    "rank_ic_5": -0.013086840540665728,
    "rank_ic_10": -0.008605453506786799,
    "net_pct": -6.608305813409052,
    "sharpe": -0.8316752986415431,
    "mdd_pct": 10.40529803034457,
    "cost_pct": 1.3076507087399347,
    "turnover": 0.15793368459772805
   }
  },
  "2023": {
   "model": {
    "n_days": 250,
    "pearson_ic": 0.010851123328151663,
    "pearson_se": 0.011220678961460687,
    "pearson_t": 0.9670647708059089,
    "rank_ic_1": 0.0041009720458014464,
    "rank_ic_se": 0.011532896713024552,
    "rank_ic_t": 0.3555890725328406,
    "rank_ic_5": 0.026552510557773957,
    "rank_ic_10": 0.02226129135564996,
    "net_pct": 10.414878409070903,
    "sharpe": 1.0121213582167208,
    "mdd_pct": 7.134591067404293,
    "cost_pct": 0.6644773835309608,
    "turnover": 0.09764154039969634
   },
   "naive": {
    "n_days": 250,
    "pearson_ic": -0.019606906877117344,
    "pearson_se": 0.013944119508788546,
    "pearson_t": -1.4061057684395002,
    "rank_ic_1": -0.020988369115935872,
    "rank_ic_se": 0.014226550795395228,
    "rank_ic_t": -1.4752956930874117,
    "rank_ic_5": -0.017129945182958597,
    "rank_ic_10": -0.017580193653595297,
    "net_pct": -5.55013784028206,
    "sharpe": -0.9952648519454137,
    "mdd_pct": 9.94210918036604,
    "cost_pct": 1.0766162836414723,
    "turnover": 0.1598645749469948
   }
  },
  "2024": {
   "model": {
    "n_days": 243,
    "pearson_ic": 0.013860860001783864,
    "pearson_se": 0.011241644988020612,
    "pearson_t": 1.232992148084587,
    "rank_ic_1": 0.011782135228093352,
    "rank_ic_se": 0.01156785498786424,
    "rank_ic_t": 1.018523766113416,
    "rank_ic_5": 0.022928658320282708,
    "rank_ic_10": 0.015905461842234476,
    "net_pct": 2.7775874859665306,
    "sharpe": 0.2586125427455912,
    "mdd_pct": 8.336000060571827,
    "cost_pct": 0.7339518224387257,
    "turnover": 0.09631288919198285
   },
   "naive": {
    "n_days": 243,
    "pearson_ic": -0.04239620806072832,
    "pearson_se": 0.014177416949232309,
    "pearson_t": -2.9904042614070137,
    "rank_ic_1": -0.0348978545694194,
    "rank_ic_se": 0.014040093719979361,
    "rank_ic_t": -2.485585585497837,
    "rank_ic_5": -0.024822260037711565,
    "rank_ic_10": -0.018258559812325697,
    "net_pct": -5.346553336142347,
    "sharpe": -0.9339024304114328,
    "mdd_pct": 8.343039698881261,
    "cost_pct": 1.2181055557748501,
    "turnover": 0.1595658710396796
   }
  },
  "overall": {
   "model": {
    "n_days": 1249,
    "pearson_ic": 0.0066148957654053285,
    "pearson_se": 0.005451913112740892,
    "pearson_t": 1.2133164319780876,
    "rank_ic_1": 0.0029630147028205066,
    "rank_ic_se": 0.005433899020597347,
    "rank_ic_t": 0.5452833576018097,
    "rank_ic_5": 0.02556540462250718,
    "rank_ic_10": 0.028997538625118384,
    "net_pct": 46.27868145640962,
    "sharpe": 0.7023131769835104,
    "mdd_pct": 28.65096936045242,
    "cost_pct": 4.553959477721579,
    "turnover": 0.10008905578451778,
    "n_rebalances": 1249,
    "avg_holding_days": 10.0
   },
   "naive": {
    "n_days": 1249,
    "pearson_ic": -0.01676792795644754,
    "pearson_se": 0.007238815370978,
    "pearson_t": -2.3163911630725997,
    "rank_ic_1": -0.017801366021160676,
    "rank_ic_se": 0.007211021068877118,
    "rank_ic_t": -2.46863320064223,
    "rank_ic_5": -0.01673712887927563,
    "rank_ic_10": -0.016352444851786236,
    "net_pct": -26.372233343269265,
    "sharpe": -0.5774866867859352,
    "mdd_pct": 43.512954051544696,
    "cost_pct": 7.206930488379916,
    "turnover": 0.15824575451021075,
    "n_rebalances": 1249,
    "avg_holding_days": 10.0
   }
  }
 },
 "horizon_rank_ic": {
  "model": {
   "1": 0.0029630147028205066,
   "2": 0.011655846044026252,
   "3": 0.019231532161545516,
   "4": 0.023105952311973748,
   "5": 0.02556540462250718,
   "6": 0.026989266457671895,
   "7": 0.028932822836457345,
   "8": 0.028720934452533323,
   "9": 0.030370993701477333,
   "10": 0.028997538625118384
  },
  "naive": {
   "1": -0.017801366021160676,
   "2": -0.00982291432683888,
   "3": -0.012945645239363717,
   "4": -0.015314650018665246,
   "5": -0.01673712887927563,
   "6": -0.01343320215131353,
   "7": -0.015966167006430342,
   "8": -0.016606026533075573,
   "9": -0.01763691023025216,
   "10": -0.016352444851786236
  }
 },
 "diagnostics": {
  "members_per_day": {
   "mean": 16.0,
   "min": 16,
   "max": 16
  },
  "members_per_generation": {
   "mean": 16.0,
   "min": 16,
   "max": 16
  },
  "dispersion": {
   "n_days": 1249,
   "mean": 0.1975118277418918,
   "p10": 0.08667679011915906,
   "p50": 0.19039615846338542,
   "p90": 0.318567106842737
  },
  "member_rank_ic_1": {
   "n_slots": 16,
   "mean": 0.002117974518786669,
   "sd": 0.00444324932293887,
   "min": -0.004805625650230984,
   "max": 0.010729985991016154,
   "mean_days_per_slot": 1227.375
  },
  "member_slots": [
   "island0_elite0",
   "island0_elite1",
   "island1_elite0",
   "island1_elite1",
   "island2_elite0",
   "island2_elite1",
   "island3_elite0",
   "island3_elite1",
   "island4_elite0",
   "island4_elite1",
   "island5_elite0",
   "island5_elite1",
   "island6_elite0",
   "island6_elite1",
   "island7_elite0",
   "island7_elite1"
  ],
  "member_rank_ic_1_by_slot": {
   "island0_elite0": {
    "rank_ic_1": -0.0031624203485250894,
    "n_days": 1223
   },
   "island0_elite1": {
    "rank_ic_1": -0.004805625650230984,
    "n_days": 1244
   },
   "island1_elite0": {
    "rank_ic_1": 0.0018531576360249513,
    "n_days": 1221
   },
   "island1_elite1": {
    "rank_ic_1": -0.0022140652085397886,
    "n_days": 1237
   },
   "island2_elite0": {
    "rank_ic_1": -0.0002710029773756464,
    "n_days": 1224
   },
   "island2_elite1": {
    "rank_ic_1": -0.0021837653733938985,
    "n_days": 1239
   },
   "island3_elite0": {
    "rank_ic_1": 0.0070046472223713845,
    "n_days": 1226
   },
   "island3_elite1": {
    "rank_ic_1": 0.010729985991016154,
    "n_days": 1234
   },
   "island4_elite0": {
    "rank_ic_1": 0.0022349571079952487,
    "n_days": 1197
   },
   "island4_elite1": {
    "rank_ic_1": 0.0025312605267722135,
    "n_days": 1216
   },
   "island5_elite0": {
    "rank_ic_1": -0.001489783363808678,
    "n_days": 1214
   },
   "island5_elite1": {
    "rank_ic_1": 0.0032556114225402244,
    "n_days": 1214
   },
   "island6_elite0": {
    "rank_ic_1": 0.003789444396817464,
    "n_days": 1235
   },
   "island6_elite1": {
    "rank_ic_1": 0.0013571907624947569,
    "n_days": 1236
   },
   "island7_elite0": {
    "rank_ic_1": 0.00707540381773519,
    "n_days": 1239
   },
   "island7_elite1": {
    "rank_ic_1": 0.008182596338693206,
    "n_days": 1239
   }
  },
  "day_pooled_mean_member_rank_ic_1": 0.002089296479885998,
  "ensemble_rank_ic_1": 0.0029630147028205066,
  "ensemble_minus_mean_member": 0.0008737182229345084,
  "dropped_member_days": 0,
  "incomplete_member_rows": 0,
  "global_best_matched_days": 1172
 }
}
