# realized: sidecar RET_raw (param RET_CS)
# row mapping verified on generations [0, 150, 299], all 50 stocks: file row i -> panel row tw*step + 2 + i (tw = g + num_training_windows + V)
# stitched 1500 days from 300 generations (300*step = 1500); 2019-01-07 .. 2024-12-20 (panel rows 3751..5250, contiguous)
# ensemble: diverse (N=8, elite_rank <= 3, greedy min-max-similarity, target-free), combine=rank_mean, over 300 generations
# scoring 1251 days from 2020-01-02 to 2024-12-20 (--score-from 2020-01-01)
# book: sleeves, H=10, top-k 10, beta-neutral off
# book costs: TC/PRC from the panel, charged on netted traded notional

period    who     days  pearsonIC  rankIC@1  rankIC@5  rankIC@10      net%   sharpe     MDD% turnover    cost%
2020      model    252  +0.0022   -0.0054   -0.0121   -0.0180     -8.00    -0.47    21.22   0.1351     1.59
2020      naive    252  -0.0067   -0.0120   -0.0293   -0.0336    -18.39    -1.53    26.87   0.1561     1.82
2021      model    252  +0.0111   +0.0112   +0.0428   +0.0580    +16.61    +1.48     8.23   0.1065     1.09
2021      naive    252  -0.0235   -0.0254   -0.0289   -0.0223     -7.52    -1.47     7.98   0.1587     1.66
2022      model    251  +0.0051   -0.0007   +0.0080   +0.0090     +1.15    +0.09     8.01   0.0981     0.86
2022      naive    251  -0.0185   -0.0265   -0.0208   -0.0191     -7.12    -1.25     9.59   0.1586     1.41
2023      model    250  +0.0314   +0.0305   +0.0430   +0.0600    +21.44    +2.46     4.06   0.1172     0.86
2023      naive    250  -0.0334   -0.0331   -0.0329   -0.0191     -7.26    -1.65     9.85   0.1609     1.22
2024      model    246  +0.0197   +0.0255   +0.0177   +0.0269     +9.56    +1.18     5.82   0.1094     0.80
2024      naive    246  -0.0203   -0.0253   -0.0154   -0.0194     -4.64    -1.26     6.82   0.1609     1.21
overall   model   1251  +0.0138   +0.0121   +0.0199   +0.0272    +40.76    +0.68    21.22   0.1133     5.20
overall   naive   1251  -0.0205   -0.0244   -0.0255   -0.0228    -44.93    -1.32    51.42   0.1591     7.31

# model overall: pearson IC +0.0138 (SE 0.0055, t +2.49); rank IC +0.0121 (SE 0.0057, t +2.13); rebalances 1251, avg holding 10.0 days
# naive overall: pearson IC -0.0205 (SE 0.0067, t -3.05); rank IC -0.0244 (SE 0.0067, t -3.65); rebalances 1251, avg holding 10.0 days
# rank IC by horizon (overall): h=1:+0.0121  h=2:+0.0153  h=3:+0.0169  h=4:+0.0172  h=5:+0.0199  h=6:+0.0215  h=7:+0.0222  h=8:+0.0216  h=9:+0.0234  h=10:+0.0272
#   naive                     : h=1:-0.0244  h=2:-0.0263  h=3:-0.0293  h=4:-0.0281  h=5:-0.0255  h=6:-0.0264  h=7:-0.0236  h=8:-0.0238  h=9:-0.0228  h=10:-0.0228

# members/day: mean 8.00 (min 8, max 8); per generation mean 8.00 (min 8, max 8)
# member dispersion (mean pairwise Spearman of member cross-sections, per day, n=1251):
#     mean +0.1837   p10 -0.0205   p50 +0.1642   p90 +0.4266
# per-member rank IC@1 over 32 member slots (each stitched over its own 308 days):
#     mean +0.0082   sd 0.0103   min -0.0128   max +0.0328
# ensemble rank IC@1 +0.0121  vs  day-pooled mean member +0.0071  (ensemble - member = +0.0051)
# row-alignment cross-check: the wide file's global_best column is reproduced by some elite on 1146/1251 scored days
# wrote /anvil/scratch/x-jchang5/probe1/diverse/set4_seed44/ensemble_diagnostics.csv
# wrote /anvil/scratch/x-jchang5/probe1/diverse/set4_seed44/ensemble_stitched_predictions.csv
# wrote /anvil/scratch/x-jchang5/probe1/diverse/set4_seed44/ensemble_book_daily.csv
# wrote /anvil/scratch/x-jchang5/probe1/diverse/set4_seed44/ensemble_rolling_rank_ic.csv
{
 "meta": {
  "run_dir": "/anvil/scratch/x-jchang5/results_v2/C7_E/set4_seed44",
  "param": "RET_CS",
  "realized": "sidecar RET_raw",
  "realized_mode": "auto",
  "generations": 300,
  "row_offset": 2,
  "stitched_days": 1500,
  "scored_days": 1251,
  "first_scored_date": "2020-01-02",
  "last_scored_date": "2024-12-20",
  "score_from": "2020-01-01",
  "top_k": 10,
  "cost_bps": null,
  "book": "sleeves",
  "hold_days": 10,
  "beta_neutral": false,
  "beta_window": null,
  "ensemble": "diverse",
  "combine": "rank_mean",
  "top_n": 8,
  "diverse_gate": 3
 },
 "summary": {
  "2020": {
   "model": {
    "n_days": 252,
    "pearson_ic": 0.0021596266716291473,
    "pearson_se": 0.014104962985275178,
    "pearson_t": 0.15311111938993965,
    "rank_ic_1": -0.005407839740881898,
    "rank_ic_se": 0.014089462590659465,
    "rank_ic_t": -0.38382157630816927,
    "rank_ic_5": -0.012126328518454759,
    "rank_ic_10": -0.018042876389539022,
    "net_pct": -7.997201579075458,
    "sharpe": -0.4672250013552297,
    "mdd_pct": 21.22122035606649,
    "cost_pct": 1.587146279014418,
    "turnover": 0.13511938792116632
   },
   "naive": {
    "n_days": 252,
    "pearson_ic": -0.006671329659152179,
    "pearson_se": 0.01702695704142171,
    "pearson_t": -0.3918098602658564,
    "rank_ic_1": -0.011978071855790312,
    "rank_ic_se": 0.016581373350752198,
    "rank_ic_t": -0.7223811684601468,
    "rank_ic_5": -0.029252345788613035,
    "rank_ic_10": -0.03360413104899651,
    "net_pct": -18.38994062912199,
    "sharpe": -1.5348460062355076,
    "mdd_pct": 26.87283374166582,
    "cost_pct": 1.8203211327477067,
    "turnover": 0.15614949432045103
   }
  },
  "2021": {
   "model": {
    "n_days": 252,
    "pearson_ic": 0.011052895680940545,
    "pearson_se": 0.013159670542910165,
    "pearson_t": 0.8399067168817038,
    "rank_ic_1": 0.011188107889658705,
    "rank_ic_se": 0.013729406810139408,
    "rank_ic_t": 0.8149010401087461,
    "rank_ic_5": 0.04277920592286039,
    "rank_ic_10": 0.05803969499124909,
    "net_pct": 16.60959762439026,
    "sharpe": 1.476668733409555,
    "mdd_pct": 8.234294358684107,
    "cost_pct": 1.092744121100344,
    "turnover": 0.10652715475198934
   },
   "naive": {
    "n_days": 252,
    "pearson_ic": -0.02354068881641417,
    "pearson_se": 0.014519065966261388,
    "pearson_t": -1.6213638584683572,
    "rank_ic_1": -0.02536023131586918,
    "rank_ic_se": 0.01437005002723951,
    "rank_ic_t": -1.7647977054914181,
    "rank_ic_5": -0.02894967475126879,
    "rank_ic_10": -0.022274442024298183,
    "net_pct": -7.518549716123678,
    "sharpe": -1.4747666620467443,
    "mdd_pct": 7.975739729267561,
    "cost_pct": 1.658958106398559,
    "turnover": 0.15874049415529481
   }
  },
  "2022": {
   "model": {
    "n_days": 251,
    "pearson_ic": 0.005067195972912718,
    "pearson_se": 0.01296784858655812,
    "pearson_t": 0.3907507046438792,
    "rank_ic_1": -0.0007257021155060652,
    "rank_ic_se": 0.013199855963073616,
    "rank_ic_t": -0.054978032907041195,
    "rank_ic_5": 0.008012749967897177,
    "rank_ic_10": 0.009032005430826684,
    "net_pct": 1.1478261443188513,
    "sharpe": 0.09236234991940698,
    "mdd_pct": 8.005441870297672,
    "cost_pct": 0.8646012021778788,
    "turnover": 0.09805039772787627
   },
   "naive": {
    "n_days": 251,
    "pearson_ic": -0.018489285029954474,
    "pearson_se": 0.015964657487616118,
    "pearson_t": -1.1581385347162458,
    "rank_ic_1": -0.02651757291358986,
    "rank_ic_se": 0.015666197345538334,
    "rank_ic_t": -1.6926617435431421,
    "rank_ic_5": -0.020792609575134676,
    "rank_ic_10": -0.019126905347098076,
    "net_pct": -7.12277621421205,
    "sharpe": -1.252017331435024,
    "mdd_pct": 9.594009262463791,
    "cost_pct": 1.40791905274319,
    "turnover": 0.15863509942919973
   }
  },
  "2023": {
   "model": {
    "n_days": 250,
    "pearson_ic": 0.03136654629649277,
    "pearson_se": 0.01141776475713342,
    "pearson_t": 2.7471704807104254,
    "rank_ic_1": 0.03047740995705626,
    "rank_ic_se": 0.011801255224131325,
    "rank_ic_t": 2.5825566330211847,
    "rank_ic_5": 0.04299684008915873,
    "rank_ic_10": 0.06003969120220272,
    "net_pct": 21.44377515903444,
    "sharpe": 2.456014731924721,
    "mdd_pct": 4.059727205888441,
    "cost_pct": 0.8580738964616585,
    "turnover": 0.1171874572049081
   },
   "naive": {
    "n_days": 250,
    "pearson_ic": -0.03339895163084893,
    "pearson_se": 0.01402619619847801,
    "pearson_t": -2.3811838333241817,
    "rank_ic_1": -0.033103282985784216,
    "rank_ic_se": 0.014341134870525895,
    "rank_ic_t": -2.3082749925055484,
    "rank_ic_5": -0.03293013152072079,
    "rank_ic_10": -0.01912519229487815,
    "net_pct": -7.259329770740821,
    "sharpe": -1.654595762164943,
    "mdd_pct": 9.846124272893057,
    "cost_pct": 1.2195252401381758,
    "turnover": 0.16093599415280252
   }
  },
  "2024": {
   "model": {
    "n_days": 246,
    "pearson_ic": 0.01973559450980222,
    "pearson_se": 0.009754652951109883,
    "pearson_t": 2.023198017265874,
    "rank_ic_1": 0.025546659714702907,
    "rank_ic_se": 0.010308183589566432,
    "rank_ic_t": 2.478289166343555,
    "rank_ic_5": 0.017690988359881796,
    "rank_ic_10": 0.026903774602662443,
    "net_pct": 9.555864017743684,
    "sharpe": 1.1833333107210446,
    "mdd_pct": 5.823658723395382,
    "cost_pct": 0.7984271998639443,
    "turnover": 0.10938701587155718
   },
   "naive": {
    "n_days": 246,
    "pearson_ic": -0.020342633969969038,
    "pearson_se": 0.013043075158106888,
    "pearson_t": -1.5596501379757157,
    "rank_ic_1": -0.025260773848212893,
    "rank_ic_se": 0.013748316992768992,
    "rank_ic_t": -1.8373720842703107,
    "rank_ic_5": -0.015393657198351892,
    "rank_ic_10": -0.019433962149697556,
    "net_pct": -4.644214680058542,
    "sharpe": -1.2643811004610845,
    "mdd_pct": 6.824224281836609,
    "cost_pct": 1.207422146089977,
    "turnover": 0.16087957785152182
   }
  },
  "overall": {
   "model": {
    "n_days": 1251,
    "pearson_ic": 0.013827349836597292,
    "pearson_se": 0.005545034681987519,
    "pearson_t": 2.493645329489828,
    "rank_ic_1": 0.012132939345787951,
    "rank_ic_se": 0.005695937783873418,
    "rank_ic_t": 2.1301039102181285,
    "rank_ic_5": 0.019860589056321973,
    "rank_ic_10": 0.027159701314130563,
    "net_pct": 40.75986136641176,
    "sharpe": 0.6826533809830894,
    "mdd_pct": 21.22122035606649,
    "cost_pct": 5.200992698618243,
    "turnover": 0.11327869607431022,
    "n_rebalances": 1251,
    "avg_holding_days": 10.0
   },
   "naive": {
    "n_days": 1251,
    "pearson_ic": -0.02047023586145956,
    "pearson_se": 0.006702911854020479,
    "pearson_t": -3.053931829519926,
    "rank_ic_1": -0.024424567796703194,
    "rank_ic_se": 0.006695715487688285,
    "rank_ic_t": -3.6477905672087996,
    "rank_ic_5": -0.025536208581868745,
    "rank_ic_10": -0.022761192238155994,
    "net_pct": -44.93481101025708,
    "sharpe": -1.3156663310754133,
    "mdd_pct": 51.42148084375201,
    "cost_pct": 7.314145678117615,
    "turnover": 0.159056803950673,
    "n_rebalances": 1251,
    "avg_holding_days": 10.0
   }
  }
 },
 "horizon_rank_ic": {
  "model": {
   "1": 0.012132939345787951,
   "2": 0.015257011519043698,
   "3": 0.016927287837942964,
   "4": 0.017222998542134486,
   "5": 0.019860589056321973,
   "6": 0.02146406440692808,
   "7": 0.02224233951547526,
   "8": 0.021576297949308588,
   "9": 0.023376356346590136,
   "10": 0.027159701314130563
  },
  "naive": {
   "1": -0.024424567796703194,
   "2": -0.02626379942141974,
   "3": -0.029326900132288003,
   "4": -0.028088593744848102,
   "5": -0.025536208581868745,
   "6": -0.026391278224704787,
   "7": -0.02363497354880376,
   "8": -0.023765467728975764,
   "9": -0.022822246156393708,
   "10": -0.022761192238155994
  }
 },
 "diagnostics": {
  "members_per_day": {
   "mean": 8.0,
   "min": 8,
   "max": 8
  },
  "members_per_generation": {
   "mean": 8.0,
   "min": 8,
   "max": 8
  },
  "dispersion": {
   "n_days": 1251,
   "mean": 0.1837411526886316,
   "p10": -0.02047913997398059,
   "p50": 0.16415846624315966,
   "p90": 0.42659235122620476
  },
  "member_rank_ic_1": {
   "n_slots": 32,
   "mean": 0.008199944574723976,
   "sd": 0.010294674118600626,
   "min": -0.012827407056122097,
   "max": 0.03279575206546248,
   "mean_days_per_slot": 307.84375
  },
  "member_slots": [
   "island0_elite0",
   "island0_elite1",
   "island0_elite2",
   "island0_elite3",
   "island1_elite0",
   "island1_elite1",
   "island1_elite2",
   "island1_elite3",
   "island2_elite0",
   "island2_elite1",
   "island2_elite2",
   "island2_elite3",
   "island3_elite0",
   "island3_elite1",
   "island3_elite2",
   "island3_elite3",
   "island4_elite0",
   "island4_elite1",
   "island4_elite2",
   "island4_elite3",
   "island5_elite0",
   "island5_elite1",
   "island5_elite2",
   "island5_elite3",
   "island6_elite0",
   "island6_elite1",
   "island6_elite2",
   "island6_elite3",
   "island7_elite0",
   "island7_elite1",
   "island7_elite2",
   "island7_elite3"
  ],
  "member_rank_ic_1_by_slot": {
   "island0_elite0": {
    "rank_ic_1": 0.008528485933441127,
    "n_days": 596
   },
   "island0_elite1": {
    "rank_ic_1": 0.010921887431899601,
    "n_days": 407
   },
   "island0_elite2": {
    "rank_ic_1": -0.0013699465982152442,
    "n_days": 430
   },
   "island0_elite3": {
    "rank_ic_1": 0.011195147153540724,
    "n_days": 452
   },
   "island1_elite0": {
    "rank_ic_1": 0.01733078747698234,
    "n_days": 497
   },
   "island1_elite1": {
    "rank_ic_1": -0.0008482491712869477,
    "n_days": 193
   },
   "island1_elite2": {
    "rank_ic_1": 0.01339593668372855,
    "n_days": 241
   },
   "island1_elite3": {
    "rank_ic_1": 0.01492375583206418,
    "n_days": 266
   },
   "island2_elite0": {
    "rank_ic_1": -0.012827407056122097,
    "n_days": 450
   },
   "island2_elite1": {
    "rank_ic_1": 0.026010626417580993,
    "n_days": 170
   },
   "island2_elite2": {
    "rank_ic_1": 0.020705876079600418,
    "n_days": 155
   },
   "island2_elite3": {
    "rank_ic_1": -0.0024529822150299737,
    "n_days": 195
   },
   "island3_elite0": {
    "rank_ic_1": 0.00823682368547989,
    "n_days": 481
   },
   "island3_elite1": {
    "rank_ic_1": 0.014228233306626967,
    "n_days": 229
   },
   "island3_elite2": {
    "rank_ic_1": 0.01678531810656756,
    "n_days": 210
   },
   "island3_elite3": {
    "rank_ic_1": 0.007205877802054309,
    "n_days": 265
   },
   "island4_elite0": {
    "rank_ic_1": 0.00175290446764602,
    "n_days": 212
   },
   "island4_elite1": {
    "rank_ic_1": 0.0015277524508104014,
    "n_days": 175
   },
   "island4_elite2": {
    "rank_ic_1": 0.03279575206546248,
    "n_days": 140
   },
   "island4_elite3": {
    "rank_ic_1": 0.02372726277419796,
    "n_days": 134
   },
   "island5_elite0": {
    "rank_ic_1": 0.00042649723864102927,
    "n_days": 400
   },
   "island5_elite1": {
    "rank_ic_1": 0.000932389135965716,
    "n_days": 166
   },
   "island5_elite2": {
    "rank_ic_1": -0.004457737235305812,
    "n_days": 211
   },
   "island5_elite3": {
    "rank_ic_1": 0.02304001406237804,
    "n_days": 270
   },
   "island6_elite0": {
    "rank_ic_1": 0.009052220622846937,
    "n_days": 405
   },
   "island6_elite1": {
    "rank_ic_1": 0.013463848827616396,
    "n_days": 205
   },
   "island6_elite2": {
    "rank_ic_1": 0.0028282303959946374,
    "n_days": 107
   },
   "island6_elite3": {
    "rank_ic_1": -0.0007676203935917635,
    "n_days": 160
   },
   "island7_elite0": {
    "rank_ic_1": 0.005977093341801933,
    "n_days": 832
   },
   "island7_elite1": {
    "rank_ic_1": -0.0038840932303534797,
    "n_days": 426
   },
   "island7_elite2": {
    "rank_ic_1": -3.914358125233337e-05,
    "n_days": 355
   },
   "island7_elite3": {
    "rank_ic_1": 0.004052684579396692,
    "n_days": 416
   }
  },
  "day_pooled_mean_member_rank_ic_1": 0.007052826297262501,
  "ensemble_rank_ic_1": 0.012132939345787951,
  "ensemble_minus_mean_member": 0.00508011304852545,
  "dropped_member_days": 0,
  "incomplete_member_rows": 0,
  "global_best_matched_days": 1146
 }
}
