# realized: sidecar RET_raw (param RET_CS)
# row mapping verified on generations [0, 150, 299], all 50 stocks: file row i -> panel row tw*step + 2 + i (tw = g + num_training_windows + V)
# stitched 1500 days from 300 generations (300*step = 1500); 2019-01-04 .. 2024-12-18 (panel rows 3571..5070, contiguous)
# ensemble: island_champions, combine=rank_mean, over 300 generations
# scoring 1250 days from 2020-01-02 to 2024-12-18 (--score-from 2020-01-01)
# book: sleeves, H=10, top-k 10, beta-neutral off
# book costs: TC/PRC from the panel, charged on netted traded notional

period    who     days  pearsonIC  rankIC@1  rankIC@5  rankIC@10      net%   sharpe     MDD% turnover    cost%
2020      model    253  +0.0082   +0.0041   +0.0316   +0.0231    +15.08    +0.76    15.94   0.1409     1.67
2020      naive    253  -0.0109   -0.0185   -0.0301   -0.0287    -14.23    -1.24    25.99   0.1558     1.85
2021      model    252  +0.0102   +0.0123   +0.0051   -0.0076     -0.09    -0.01    16.18   0.1351     1.35
2021      naive    252  -0.0289   -0.0382   -0.0348   -0.0174     -6.73    -1.03    10.36   0.1581     1.71
2022      model    251  +0.0044   +0.0064   +0.0332   +0.0367    +15.03    +1.32     6.06   0.1571     1.36
2022      naive    251  -0.0118   -0.0098   -0.0104   -0.0241     -9.08    -1.36     9.95   0.1568     1.40
2023      model    250  +0.0048   +0.0059   +0.0079   -0.0035     +3.77    +0.38     6.11   0.1379     0.97
2023      naive    250  -0.0165   -0.0135   -0.0051   -0.0071     -3.61    -0.74     7.60   0.1607     1.16
2024      model    244  +0.0089   +0.0059   +0.0127   -0.0133     -5.52    -0.51    10.14   0.1367     1.08
2024      naive    244  -0.0090   -0.0064   -0.0313   -0.0313    -12.33    -2.54    12.78   0.1593     1.23
overall   model   1250  +0.0073   +0.0069   +0.0182   +0.0073    +28.27    +0.41    15.94   0.1416     6.43
overall   naive   1250  -0.0155   -0.0174   -0.0223   -0.0216    -45.98    -1.27    52.44   0.1582     7.36

# model overall: pearson IC +0.0073 (SE 0.0060, t +1.22); rank IC +0.0069 (SE 0.0061, t +1.13); rebalances 1250, avg holding 10.0 days
# naive overall: pearson IC -0.0155 (SE 0.0068, t -2.26); rank IC -0.0174 (SE 0.0069, t -2.53); rebalances 1250, avg holding 10.0 days
# rank IC by horizon (overall): h=1:+0.0069  h=2:+0.0152  h=3:+0.0179  h=4:+0.0185  h=5:+0.0182  h=6:+0.0166  h=7:+0.0149  h=8:+0.0130  h=9:+0.0096  h=10:+0.0073
#   naive                     : h=1:-0.0174  h=2:-0.0222  h=3:-0.0250  h=4:-0.0263  h=5:-0.0223  h=6:-0.0215  h=7:-0.0200  h=8:-0.0219  h=9:-0.0215  h=10:-0.0216

# members/day: mean 8.00 (min 8, max 8); per generation mean 8.00 (min 8, max 8)
# member dispersion (mean pairwise Spearman of member cross-sections, per day, n=1250):
#     mean +0.1582   p10 +0.0027   p50 +0.1573   p90 +0.2982
# per-member rank IC@1 over 8 member slots (each stitched over its own 1219 days):
#     mean +0.0034   sd 0.0047   min -0.0042   max +0.0104
# ensemble rank IC@1 +0.0069  vs  day-pooled mean member +0.0035  (ensemble - member = +0.0034)
# row-alignment cross-check: the wide file's global_best column is reproduced by some elite on 1215/1250 scored days
# wrote /anvil/scratch/x-jchang5/probe1/island_champions/set3_seed43/ensemble_diagnostics.csv
# wrote /anvil/scratch/x-jchang5/probe1/island_champions/set3_seed43/ensemble_stitched_predictions.csv
# wrote /anvil/scratch/x-jchang5/probe1/island_champions/set3_seed43/ensemble_book_daily.csv
# wrote /anvil/scratch/x-jchang5/probe1/island_champions/set3_seed43/ensemble_rolling_rank_ic.csv
{
 "meta": {
  "run_dir": "/anvil/scratch/x-jchang5/results_v2/C7_E/set3_seed43",
  "param": "RET_CS",
  "realized": "sidecar RET_raw",
  "realized_mode": "auto",
  "generations": 300,
  "row_offset": 2,
  "stitched_days": 1500,
  "scored_days": 1250,
  "first_scored_date": "2020-01-02",
  "last_scored_date": "2024-12-18",
  "score_from": "2020-01-01",
  "top_k": 10,
  "cost_bps": null,
  "book": "sleeves",
  "hold_days": 10,
  "beta_neutral": false,
  "beta_window": null,
  "ensemble": "island_champions",
  "combine": "rank_mean",
  "top_n": null,
  "diverse_gate": null
 },
 "summary": {
  "2020": {
   "model": {
    "n_days": 253,
    "pearson_ic": 0.008202918073362308,
    "pearson_se": 0.015152624193684862,
    "pearson_t": 0.5413529675461117,
    "rank_ic_1": 0.00413885656287606,
    "rank_ic_se": 0.015698690839361807,
    "rank_ic_t": 0.2636434213035509,
    "rank_ic_5": 0.031610939918388314,
    "rank_ic_10": 0.0230793723576489,
    "net_pct": 15.081543444866977,
    "sharpe": 0.7573764607174271,
    "mdd_pct": 15.942078213974337,
    "cost_pct": 1.6653793163852129,
    "turnover": 0.14092807135729088
   },
   "naive": {
    "n_days": 253,
    "pearson_ic": -0.010943810219859252,
    "pearson_se": 0.01767592636795267,
    "pearson_t": -0.6191364453577337,
    "rank_ic_1": -0.01852586935702776,
    "rank_ic_se": 0.017904541221858677,
    "rank_ic_t": -1.0347022650549982,
    "rank_ic_5": -0.030072809823080894,
    "rank_ic_10": -0.028723302784637715,
    "net_pct": -14.230176510708597,
    "sharpe": -1.2435638946071954,
    "mdd_pct": 25.99372403535994,
    "cost_pct": 1.8534276741104776,
    "turnover": 0.15582544064146295
   }
  },
  "2021": {
   "model": {
    "n_days": 252,
    "pearson_ic": 0.0101586943054951,
    "pearson_se": 0.014128626518872785,
    "pearson_t": 0.7190149935611424,
    "rank_ic_1": 0.012263306712160877,
    "rank_ic_se": 0.014454475362200783,
    "rank_ic_t": 0.8484089809464875,
    "rank_ic_5": 0.005135316602779944,
    "rank_ic_10": -0.00764716727738464,
    "net_pct": -0.08640297303670727,
    "sharpe": -0.006211046233548883,
    "mdd_pct": 16.17502707329816,
    "cost_pct": 1.351693091059482,
    "turnover": 0.13510423955252346
   },
   "naive": {
    "n_days": 252,
    "pearson_ic": -0.028871269637794676,
    "pearson_se": 0.015888336572490346,
    "pearson_t": -1.817136080046508,
    "rank_ic_1": -0.03821253284176137,
    "rank_ic_se": 0.015884140451871333,
    "rank_ic_t": -2.4057035353939784,
    "rank_ic_5": -0.03480849431979277,
    "rank_ic_10": -0.017428231986457002,
    "net_pct": -6.729330719595642,
    "sharpe": -1.0274566231032223,
    "mdd_pct": 10.356015488129,
    "cost_pct": 1.713191434624156,
    "turnover": 0.15810736612398493
   }
  },
  "2022": {
   "model": {
    "n_days": 251,
    "pearson_ic": 0.004394807057277606,
    "pearson_se": 0.013494597057280448,
    "pearson_t": 0.3256716031329421,
    "rank_ic_1": 0.00637117955699248,
    "rank_ic_se": 0.013859750554131184,
    "rank_ic_t": 0.4596893379941401,
    "rank_ic_5": 0.033230128359429574,
    "rank_ic_10": 0.03667604323705549,
    "net_pct": 15.025474607637845,
    "sharpe": 1.3184134907736917,
    "mdd_pct": 6.055560933213276,
    "cost_pct": 1.3564646575949633,
    "turnover": 0.15707099192767526
   },
   "naive": {
    "n_days": 251,
    "pearson_ic": -0.011762518245660629,
    "pearson_se": 0.015742271447147196,
    "pearson_t": -0.7471932043067536,
    "rank_ic_1": -0.009806596974521298,
    "rank_ic_se": 0.016237918395632673,
    "rank_ic_t": -0.603931904052361,
    "rank_ic_5": -0.010377403652271563,
    "rank_ic_10": -0.024145823647370213,
    "net_pct": -9.079650812588138,
    "sharpe": -1.3587834350582135,
    "mdd_pct": 9.947350656327686,
    "cost_pct": 1.403595325959124,
    "turnover": 0.1568471538188089
   }
  },
  "2023": {
   "model": {
    "n_days": 250,
    "pearson_ic": 0.004753742929350513,
    "pearson_se": 0.01187333759539634,
    "pearson_t": 0.40037124280823,
    "rank_ic_1": 0.005874705711784041,
    "rank_ic_se": 0.01212453201867111,
    "rank_ic_t": 0.4845305124137837,
    "rank_ic_5": 0.007907312274535795,
    "rank_ic_10": -0.003539206748740842,
    "net_pct": 3.767114358905097,
    "sharpe": 0.3763394577306931,
    "mdd_pct": 6.11360978778195,
    "cost_pct": 0.9699217950727025,
    "turnover": 0.13787041793173632
   },
   "naive": {
    "n_days": 250,
    "pearson_ic": -0.016495936622839002,
    "pearson_se": 0.01263252808961227,
    "pearson_t": -1.305830195335454,
    "rank_ic_1": -0.013540840443610928,
    "rank_ic_se": 0.012370491482989123,
    "rank_ic_t": -1.0946081214502408,
    "rank_ic_5": -0.005128755157720672,
    "rank_ic_10": -0.00708999856889018,
    "net_pct": -3.6058666109338424,
    "sharpe": -0.738973953615125,
    "mdd_pct": 7.600418381024553,
    "cost_pct": 1.1622597048611827,
    "turnover": 0.16070725190854432
   }
  },
  "2024": {
   "model": {
    "n_days": 244,
    "pearson_ic": 0.008918651730853827,
    "pearson_se": 0.011878737519253208,
    "pearson_t": 0.7508080481110356,
    "rank_ic_1": 0.005938640277065095,
    "rank_ic_se": 0.011900478477311743,
    "rank_ic_t": 0.49902533653475445,
    "rank_ic_5": 0.0127109709761977,
    "rank_ic_10": -0.013339444157177045,
    "net_pct": -5.519282728256001,
    "sharpe": -0.5057053166812268,
    "mdd_pct": 10.144988445356853,
    "cost_pct": 1.0836698200741173,
    "turnover": 0.13674677897398424
   },
   "naive": {
    "n_days": 244,
    "pearson_ic": -0.009014432854756796,
    "pearson_se": 0.013903231465444995,
    "pearson_t": -0.6483696166003717,
    "rank_ic_1": -0.0064445861164837935,
    "rank_ic_se": 0.013751235859469583,
    "rank_ic_t": -0.46865504906934063,
    "rank_ic_5": -0.03125465738115839,
    "rank_ic_10": -0.03125940168629774,
    "net_pct": -12.331885608174536,
    "sharpe": -2.539883504547272,
    "mdd_pct": 12.782435598371473,
    "cost_pct": 1.2283903435557173,
    "turnover": 0.15933739362373647
   }
  },
  "overall": {
   "model": {
    "n_days": 1250,
    "pearson_ic": 0.0072824100508704645,
    "pearson_se": 0.005980515807839132,
    "pearson_t": 1.217689290499799,
    "rank_ic_1": 0.006923483780981755,
    "rank_ic_se": 0.006123340564338269,
    "rank_ic_t": 1.1306710296832811,
    "rank_ic_5": 0.01818610826997669,
    "rank_ic_10": 0.007331273844450746,
    "net_pct": 28.268446710117146,
    "sharpe": 0.4137120824172936,
    "mdd_pct": 15.942078213974337,
    "cost_pct": 6.427128680186479,
    "turnover": 0.14156776635765045,
    "n_rebalances": 1250,
    "avg_holding_days": 10.0
   },
   "naive": {
    "n_days": 1250,
    "pearson_ic": -0.015456193429023907,
    "pearson_se": 0.006833118437895536,
    "pearson_t": -2.2619530993793378,
    "rank_ic_1": -0.017388598549905227,
    "rank_ic_se": 0.006877051272590167,
    "rank_ic_t": -2.5284962785156027,
    "rank_ic_5": -0.02228587185510077,
    "rank_ic_10": -0.021626084479526964,
    "net_pct": -45.9769102620007,
    "sharpe": -1.2658716318840146,
    "mdd_pct": 52.43915823915658,
    "cost_pct": 7.360864483110657,
    "turnover": 0.15815253230030657,
    "n_rebalances": 1250,
    "avg_holding_days": 10.0
   }
  }
 },
 "horizon_rank_ic": {
  "model": {
   "1": 0.006923483780981755,
   "2": 0.015198631634345691,
   "3": 0.017864365986313822,
   "4": 0.018517578794966346,
   "5": 0.01818610826997669,
   "6": 0.0166248455392554,
   "7": 0.014893875906358066,
   "8": 0.012984767699092379,
   "9": 0.009648536355166751,
   "10": 0.007331273844450746
  },
  "naive": {
   "1": -0.017388598549905227,
   "2": -0.022214097694374824,
   "3": -0.0249708583543579,
   "4": -0.026296083207611114,
   "5": -0.02228587185510077,
   "6": -0.021487893652586635,
   "7": -0.019958318581188808,
   "8": -0.021936249806890965,
   "9": -0.021485113457294636,
   "10": -0.021626084479526964
  }
 },
 "diagnostics": {
  "members_per_day": {
   "mean": 8.0,
   "min": 8,
   "max": 8
  },
  "members_per_generation": {
   "mean": 8.0,
   "min": 8,
   "max": 8
  },
  "dispersion": {
   "n_days": 1250,
   "mean": 0.1582085121593395,
   "p10": 0.0027328531039260305,
   "p50": 0.15734350883210424,
   "p90": 0.29820442462699376
  },
  "member_rank_ic_1": {
   "n_slots": 8,
   "mean": 0.0034146807319146316,
   "sd": 0.004655550176168651,
   "min": -0.004233076835780565,
   "max": 0.010428432753919165,
   "mean_days_per_slot": 1219.25
  },
  "member_slots": [
   "island0_elite0",
   "island1_elite0",
   "island2_elite0",
   "island3_elite0",
   "island4_elite0",
   "island5_elite0",
   "island6_elite0",
   "island7_elite0"
  ],
  "member_rank_ic_1_by_slot": {
   "island0_elite0": {
    "rank_ic_1": 0.008399621985093374,
    "n_days": 1200
   },
   "island1_elite0": {
    "rank_ic_1": -0.004233076835780565,
    "n_days": 1247
   },
   "island2_elite0": {
    "rank_ic_1": 0.002270228678515404,
    "n_days": 1206
   },
   "island3_elite0": {
    "rank_ic_1": 0.010428432753919165,
    "n_days": 1232
   },
   "island4_elite0": {
    "rank_ic_1": 0.004821560367060592,
    "n_days": 1225
   },
   "island5_elite0": {
    "rank_ic_1": 0.0033520732699323214,
    "n_days": 1240
   },
   "island6_elite0": {
    "rank_ic_1": 0.0028037531415876877,
    "n_days": 1196
   },
   "island7_elite0": {
    "rank_ic_1": -0.0005251475050109283,
    "n_days": 1208
   }
  },
  "day_pooled_mean_member_rank_ic_1": 0.0034935482111779926,
  "ensemble_rank_ic_1": 0.006923483780981755,
  "ensemble_minus_mean_member": 0.0034299355698037626,
  "dropped_member_days": 0,
  "incomplete_member_rows": 0,
  "global_best_matched_days": 1215
 }
}
