# realized: sidecar RET_raw (param RET_CS)
# row mapping verified on generations [0, 150, 299], all 50 stocks: file row i -> panel row tw*step + 2 + i (tw = g + num_training_windows + V)
# stitched 1500 days from 300 generations (300*step = 1500); 2019-01-07 .. 2024-12-20 (panel rows 3751..5250, contiguous)
# ensemble: island_champions, combine=rank_mean, over 300 generations
# scoring 1251 days from 2020-01-02 to 2024-12-20 (--score-from 2020-01-01)
# book: sleeves, H=10, top-k 10, beta-neutral off
# book costs: TC/PRC from the panel, charged on netted traded notional

period    who     days  pearsonIC  rankIC@1  rankIC@5  rankIC@10      net%   sharpe     MDD% turnover    cost%
2020      model    252  -0.0024   -0.0090   -0.0127   +0.0009     -5.03    -0.28    22.43   0.1310     1.52
2020      naive    252  -0.0067   -0.0120   -0.0293   -0.0336    -18.39    -1.53    26.87   0.1561     1.82
2021      model    252  +0.0157   +0.0164   +0.0493   +0.0733    +20.43    +1.76     6.80   0.0968     1.00
2021      naive    252  -0.0235   -0.0254   -0.0289   -0.0223     -7.52    -1.47     7.98   0.1587     1.66
2022      model    251  +0.0029   -0.0045   +0.0061   +0.0081     +1.17    +0.09     8.35   0.0999     0.87
2022      naive    251  -0.0185   -0.0265   -0.0208   -0.0191     -7.12    -1.25     9.59   0.1586     1.41
2023      model    250  +0.0316   +0.0325   +0.0468   +0.0718    +25.80    +2.69     5.29   0.1086     0.74
2023      naive    250  -0.0334   -0.0331   -0.0329   -0.0191     -7.26    -1.65     9.85   0.1609     1.22
2024      model    246  +0.0280   +0.0325   +0.0402   +0.0505    +18.69    +2.16     6.01   0.0868     0.65
2024      naive    246  -0.0203   -0.0253   -0.0154   -0.0194     -4.64    -1.26     6.82   0.1609     1.21
overall   model   1251  +0.0151   +0.0135   +0.0258   +0.0408    +61.06    +0.96    22.43   0.1047     4.78
overall   naive   1251  -0.0205   -0.0244   -0.0255   -0.0228    -44.93    -1.32    51.42   0.1591     7.31

# model overall: pearson IC +0.0151 (SE 0.0059, t +2.56); rank IC +0.0135 (SE 0.0061, t +2.21); rebalances 1251, avg holding 10.0 days
# naive overall: pearson IC -0.0205 (SE 0.0067, t -3.05); rank IC -0.0244 (SE 0.0067, t -3.65); rebalances 1251, avg holding 10.0 days
# rank IC by horizon (overall): h=1:+0.0135  h=2:+0.0198  h=3:+0.0213  h=4:+0.0222  h=5:+0.0258  h=6:+0.0279  h=7:+0.0293  h=8:+0.0316  h=9:+0.0358  h=10:+0.0408
#   naive                     : h=1:-0.0244  h=2:-0.0263  h=3:-0.0293  h=4:-0.0281  h=5:-0.0255  h=6:-0.0264  h=7:-0.0236  h=8:-0.0238  h=9:-0.0228  h=10:-0.0228

# members/day: mean 8.00 (min 8, max 8); per generation mean 8.00 (min 8, max 8)
# member dispersion (mean pairwise Spearman of member cross-sections, per day, n=1251):
#     mean +0.3290   p10 +0.0680   p50 +0.3349   p90 +0.5744
# per-member rank IC@1 over 8 member slots (each stitched over its own 1221 days):
#     mean +0.0081   sd 0.0054   min +0.0027   max +0.0196
# ensemble rank IC@1 +0.0135  vs  day-pooled mean member +0.0082  (ensemble - member = +0.0053)
# row-alignment cross-check: the wide file's global_best column is reproduced by some elite on 1146/1251 scored days
# wrote /anvil/scratch/x-jchang5/probe1/island_champions/set4_seed44/ensemble_diagnostics.csv
# wrote /anvil/scratch/x-jchang5/probe1/island_champions/set4_seed44/ensemble_stitched_predictions.csv
# wrote /anvil/scratch/x-jchang5/probe1/island_champions/set4_seed44/ensemble_book_daily.csv
# wrote /anvil/scratch/x-jchang5/probe1/island_champions/set4_seed44/ensemble_rolling_rank_ic.csv
{
 "meta": {
  "run_dir": "/anvil/scratch/x-jchang5/results_v2/C7_E/set4_seed44",
  "param": "RET_CS",
  "realized": "sidecar RET_raw",
  "realized_mode": "auto",
  "generations": 300,
  "row_offset": 2,
  "stitched_days": 1500,
  "scored_days": 1251,
  "first_scored_date": "2020-01-02",
  "last_scored_date": "2024-12-20",
  "score_from": "2020-01-01",
  "top_k": 10,
  "cost_bps": null,
  "book": "sleeves",
  "hold_days": 10,
  "beta_neutral": false,
  "beta_window": null,
  "ensemble": "island_champions",
  "combine": "rank_mean",
  "top_n": null,
  "diverse_gate": null
 },
 "summary": {
  "2020": {
   "model": {
    "n_days": 252,
    "pearson_ic": -0.0024308042757295724,
    "pearson_se": 0.016072177184253102,
    "pearson_t": -0.1512429988708176,
    "rank_ic_1": -0.008967007214078714,
    "rank_ic_se": 0.01612298223929358,
    "rank_ic_t": -0.5561630646857054,
    "rank_ic_5": -0.012735731367638147,
    "rank_ic_10": 0.0009335397501035278,
    "net_pct": -5.032213833419461,
    "sharpe": -0.2796376738927478,
    "mdd_pct": 22.434376148325452,
    "cost_pct": 1.5165837979820393,
    "turnover": 0.13096996567898217
   },
   "naive": {
    "n_days": 252,
    "pearson_ic": -0.006671329659152179,
    "pearson_se": 0.01702695704142171,
    "pearson_t": -0.3918098602658564,
    "rank_ic_1": -0.011978071855790312,
    "rank_ic_se": 0.016581373350752198,
    "rank_ic_t": -0.7223811684601468,
    "rank_ic_5": -0.029252345788613035,
    "rank_ic_10": -0.03360413104899651,
    "net_pct": -18.38994062912199,
    "sharpe": -1.5348460062355076,
    "mdd_pct": 26.87283374166582,
    "cost_pct": 1.8203211327477067,
    "turnover": 0.15614949432045103
   }
  },
  "2021": {
   "model": {
    "n_days": 252,
    "pearson_ic": 0.01570392652921774,
    "pearson_se": 0.013331514544654532,
    "pearson_t": 1.1779551735563654,
    "rank_ic_1": 0.016372316197197024,
    "rank_ic_se": 0.01407374732690159,
    "rank_ic_t": 1.1633231588506483,
    "rank_ic_5": 0.04926525248256712,
    "rank_ic_10": 0.0732877215585259,
    "net_pct": 20.43237913823483,
    "sharpe": 1.7575169199357747,
    "mdd_pct": 6.795919678639853,
    "cost_pct": 1.0045646163275932,
    "turnover": 0.09679163163823798
   },
   "naive": {
    "n_days": 252,
    "pearson_ic": -0.02354068881641417,
    "pearson_se": 0.014519065966261388,
    "pearson_t": -1.6213638584683572,
    "rank_ic_1": -0.02536023131586918,
    "rank_ic_se": 0.01437005002723951,
    "rank_ic_t": -1.7647977054914181,
    "rank_ic_5": -0.02894967475126879,
    "rank_ic_10": -0.022274442024298183,
    "net_pct": -7.518549716123678,
    "sharpe": -1.4747666620467443,
    "mdd_pct": 7.975739729267561,
    "cost_pct": 1.658958106398559,
    "turnover": 0.15874049415529481
   }
  },
  "2022": {
   "model": {
    "n_days": 251,
    "pearson_ic": 0.0028712901156855166,
    "pearson_se": 0.013807295534615405,
    "pearson_t": 0.2079545634760323,
    "rank_ic_1": -0.004498781101675072,
    "rank_ic_se": 0.014104577474665722,
    "rank_ic_t": -0.31895894150361237,
    "rank_ic_5": 0.006059288395169717,
    "rank_ic_10": 0.008072033221712044,
    "net_pct": 1.1702753836363928,
    "sharpe": 0.08591939937973553,
    "mdd_pct": 8.34598381100312,
    "cost_pct": 0.8710843445372377,
    "turnover": 0.09987266772687468
   },
   "naive": {
    "n_days": 251,
    "pearson_ic": -0.018489285029954474,
    "pearson_se": 0.015964657487616118,
    "pearson_t": -1.1581385347162458,
    "rank_ic_1": -0.02651757291358986,
    "rank_ic_se": 0.015666197345538334,
    "rank_ic_t": -1.6926617435431421,
    "rank_ic_5": -0.020792609575134676,
    "rank_ic_10": -0.019126905347098076,
    "net_pct": -7.12277621421205,
    "sharpe": -1.252017331435024,
    "mdd_pct": 9.594009262463791,
    "cost_pct": 1.40791905274319,
    "turnover": 0.15863509942919973
   }
  },
  "2023": {
   "model": {
    "n_days": 250,
    "pearson_ic": 0.031577789539468354,
    "pearson_se": 0.011872217675564943,
    "pearson_t": 2.6598054721032325,
    "rank_ic_1": 0.032468630076387194,
    "rank_ic_se": 0.012231276409226022,
    "rank_ic_t": 2.65455779021527,
    "rank_ic_5": 0.04684744218688605,
    "rank_ic_10": 0.07178832105729198,
    "net_pct": 25.802401428435438,
    "sharpe": 2.686958017163316,
    "mdd_pct": 5.287038751815705,
    "cost_pct": 0.7423875515804305,
    "turnover": 0.10856975930895756
   },
   "naive": {
    "n_days": 250,
    "pearson_ic": -0.03339895163084893,
    "pearson_se": 0.01402619619847801,
    "pearson_t": -2.3811838333241817,
    "rank_ic_1": -0.033103282985784216,
    "rank_ic_se": 0.014341134870525895,
    "rank_ic_t": -2.3082749925055484,
    "rank_ic_5": -0.03293013152072079,
    "rank_ic_10": -0.01912519229487815,
    "net_pct": -7.259329770740821,
    "sharpe": -1.654595762164943,
    "mdd_pct": 9.846124272893057,
    "cost_pct": 1.2195252401381758,
    "turnover": 0.16093599415280252
   }
  },
  "2024": {
   "model": {
    "n_days": 246,
    "pearson_ic": 0.02799412072968116,
    "pearson_se": 0.009804323188343934,
    "pearson_t": 2.855283347142466,
    "rank_ic_1": 0.03249874112505522,
    "rank_ic_se": 0.010663369945870194,
    "rank_ic_t": 3.047698925389119,
    "rank_ic_5": 0.040169939896390824,
    "rank_ic_10": 0.05048199186852653,
    "net_pct": 18.690185180447802,
    "sharpe": 2.16346849510299,
    "mdd_pct": 6.013571781325904,
    "cost_pct": 0.6488324272492947,
    "turnover": 0.08683741340417667
   },
   "naive": {
    "n_days": 246,
    "pearson_ic": -0.020342633969969038,
    "pearson_se": 0.013043075158106888,
    "pearson_t": -1.5596501379757157,
    "rank_ic_1": -0.025260773848212893,
    "rank_ic_se": 0.013748316992768992,
    "rank_ic_t": -1.8373720842703107,
    "rank_ic_5": -0.015393657198351892,
    "rank_ic_10": -0.019433962149697556,
    "net_pct": -4.644214680058542,
    "sharpe": -1.2643811004610845,
    "mdd_pct": 6.824224281836609,
    "cost_pct": 1.207422146089977,
    "turnover": 0.16087957785152182
   }
  },
  "overall": {
   "model": {
    "n_days": 1251,
    "pearson_ic": 0.015065165236838327,
    "pearson_se": 0.005894614774203943,
    "pearson_t": 2.5557505984558335,
    "rank_ic_1": 0.0134682587075026,
    "rank_ic_se": 0.0060906822553552726,
    "rank_ic_t": 2.211289005539658,
    "rank_ic_5": 0.02578933978331818,
    "rank_ic_10": 0.040773873209008195,
    "net_pct": 61.06302729733494,
    "sharpe": 0.9600411867249629,
    "mdd_pct": 22.434376148325452,
    "cost_pct": 4.7834527376766,
    "turnover": 0.10469097174104837,
    "n_rebalances": 1251,
    "avg_holding_days": 10.0
   },
   "naive": {
    "n_days": 1251,
    "pearson_ic": -0.02047023586145956,
    "pearson_se": 0.006702911854020479,
    "pearson_t": -3.053931829519926,
    "rank_ic_1": -0.024424567796703194,
    "rank_ic_se": 0.006695715487688285,
    "rank_ic_t": -3.6477905672087996,
    "rank_ic_5": -0.025536208581868745,
    "rank_ic_10": -0.022761192238155994,
    "net_pct": -44.93481101025708,
    "sharpe": -1.3156663310754133,
    "mdd_pct": 51.42148084375201,
    "cost_pct": 7.314145678117615,
    "turnover": 0.159056803950673,
    "n_rebalances": 1251,
    "avg_holding_days": 10.0
   }
  }
 },
 "horizon_rank_ic": {
  "model": {
   "1": 0.0134682587075026,
   "2": 0.019818842053463646,
   "3": 0.021302676988299754,
   "4": 0.022173100272282358,
   "5": 0.02578933978331818,
   "6": 0.027853698481246195,
   "7": 0.029271364735584702,
   "8": 0.03159861182594886,
   "9": 0.035810278322491514,
   "10": 0.040773873209008195
  },
  "naive": {
   "1": -0.024424567796703194,
   "2": -0.02626379942141974,
   "3": -0.029326900132288003,
   "4": -0.028088593744848102,
   "5": -0.025536208581868745,
   "6": -0.026391278224704787,
   "7": -0.02363497354880376,
   "8": -0.023765467728975764,
   "9": -0.022822246156393708,
   "10": -0.022761192238155994
  }
 },
 "diagnostics": {
  "members_per_day": {
   "mean": 8.0,
   "min": 8,
   "max": 8
  },
  "members_per_generation": {
   "mean": 8.0,
   "min": 8,
   "max": 8
  },
  "dispersion": {
   "n_days": 1251,
   "mean": 0.32899910161202334,
   "p10": 0.06800891785285541,
   "p50": 0.3349065340421884,
   "p90": 0.574392042531298
  },
  "member_rank_ic_1": {
   "n_slots": 8,
   "mean": 0.008098418484642954,
   "sd": 0.005361253576248878,
   "min": 0.0026725899809061063,
   "max": 0.01964232900488884,
   "mean_days_per_slot": 1221.125
  },
  "member_slots": [
   "island0_elite0",
   "island1_elite0",
   "island2_elite0",
   "island3_elite0",
   "island4_elite0",
   "island5_elite0",
   "island6_elite0",
   "island7_elite0"
  ],
  "member_rank_ic_1_by_slot": {
   "island0_elite0": {
    "rank_ic_1": 0.005774947900070009,
    "n_days": 1217
   },
   "island1_elite0": {
    "rank_ic_1": 0.009564914775930702,
    "n_days": 1218
   },
   "island2_elite0": {
    "rank_ic_1": 0.0026725899809061063,
    "n_days": 1211
   },
   "island3_elite0": {
    "rank_ic_1": 0.006571128579138188,
    "n_days": 1237
   },
   "island4_elite0": {
    "rank_ic_1": 0.01964232900488884,
    "n_days": 1197
   },
   "island5_elite0": {
    "rank_ic_1": 0.004523360221451912,
    "n_days": 1226
   },
   "island6_elite0": {
    "rank_ic_1": 0.010831902820876253,
    "n_days": 1236
   },
   "island7_elite0": {
    "rank_ic_1": 0.005206174593881621,
    "n_days": 1227
   }
  },
  "day_pooled_mean_member_rank_ic_1": 0.008173479475411648,
  "ensemble_rank_ic_1": 0.0134682587075026,
  "ensemble_minus_mean_member": 0.005294779232090952,
  "dropped_member_days": 0,
  "incomplete_member_rows": 0,
  "global_best_matched_days": 1146
 }
}
