# realized: sidecar RET_raw (param RET_CS)
# row mapping verified on generations [0, 150, 299], all 50 stocks: file row i -> panel row tw*step + 2 + i (tw = g + num_training_windows + V)
# stitched 1500 days from 300 generations (300*step = 1500); 2019-01-03 .. 2024-12-17 (panel rows 3621..5120, contiguous)
# ensemble: island_champions, combine=rank_mean, over 300 generations
# scoring 1249 days from 2020-01-02 to 2024-12-17 (--score-from 2020-01-01)
# book: sleeves, H=10, top-k 10, beta-neutral off
# book costs: TC/PRC from the panel, charged on netted traded notional

period    who     days  pearsonIC  rankIC@1  rankIC@5  rankIC@10      net%   sharpe     MDD% turnover    cost%
2020      model    253  -0.0095   -0.0074   +0.0223   +0.0367     +0.55    +0.03    31.13   0.1150     1.43
2020      naive    253  -0.0055   -0.0082   -0.0170   -0.0165     +0.30    +0.02    22.96   0.1559     1.99
2021      model    252  +0.0207   +0.0148   +0.0346   +0.0422    +18.93    +1.71     7.21   0.1036     1.06
2021      naive    252  -0.0215   -0.0272   -0.0121   -0.0209     -9.17    -1.11    12.27   0.1581     1.61
2022      model    251  -0.0031   -0.0046   +0.0122   +0.0143    +12.13    +1.06     5.50   0.1108     0.94
2022      naive    251  +0.0043   +0.0017   -0.0131   -0.0086     -6.61    -0.83    10.41   0.1579     1.31
2023      model    250  +0.0145   +0.0080   +0.0280   +0.0192    +10.03    +0.99     6.33   0.1047     0.71
2023      naive    250  -0.0196   -0.0210   -0.0171   -0.0176     -5.55    -1.00     9.94   0.1599     1.08
2024      model    243  +0.0112   +0.0106   +0.0213   +0.0150     +0.67    +0.06     9.06   0.1028     0.79
2024      naive    243  -0.0424   -0.0349   -0.0248   -0.0183     -5.35    -0.93     8.34   0.1596     1.22
overall   model   1249  +0.0067   +0.0042   +0.0237   +0.0257    +42.32    +0.65    31.13   0.1074     4.93
overall   naive   1249  -0.0168   -0.0178   -0.0167   -0.0164    -26.37    -0.58    43.51   0.1582     7.21

# model overall: pearson IC +0.0067 (SE 0.0055, t +1.21); rank IC +0.0042 (SE 0.0055, t +0.77); rebalances 1249, avg holding 10.0 days
# naive overall: pearson IC -0.0168 (SE 0.0072, t -2.32); rank IC -0.0178 (SE 0.0072, t -2.47); rebalances 1249, avg holding 10.0 days
# rank IC by horizon (overall): h=1:+0.0042  h=2:+0.0109  h=3:+0.0171  h=4:+0.0221  h=5:+0.0237  h=6:+0.0251  h=7:+0.0267  h=8:+0.0266  h=9:+0.0273  h=10:+0.0257
#   naive                     : h=1:-0.0178  h=2:-0.0098  h=3:-0.0129  h=4:-0.0153  h=5:-0.0167  h=6:-0.0134  h=7:-0.0160  h=8:-0.0166  h=9:-0.0176  h=10:-0.0164

# members/day: mean 8.00 (min 8, max 8); per generation mean 8.00 (min 8, max 8)
# member dispersion (mean pairwise Spearman of member cross-sections, per day, n=1249):
#     mean +0.1488   p10 +0.0127   p50 +0.1490   p90 +0.2834
# per-member rank IC@1 over 8 member slots (each stitched over its own 1222 days):
#     mean +0.0021   sd 0.0037   min -0.0032   max +0.0071
# ensemble rank IC@1 +0.0042  vs  day-pooled mean member +0.0020  (ensemble - member = +0.0022)
# row-alignment cross-check: the wide file's global_best column is reproduced by some elite on 1172/1249 scored days
# wrote /anvil/scratch/x-jchang5/probe1/island_champions/set1_seed43/ensemble_diagnostics.csv
# wrote /anvil/scratch/x-jchang5/probe1/island_champions/set1_seed43/ensemble_stitched_predictions.csv
# wrote /anvil/scratch/x-jchang5/probe1/island_champions/set1_seed43/ensemble_book_daily.csv
# wrote /anvil/scratch/x-jchang5/probe1/island_champions/set1_seed43/ensemble_rolling_rank_ic.csv
{
 "meta": {
  "run_dir": "/anvil/scratch/x-jchang5/results_v2/C7_E/set1_seed43",
  "param": "RET_CS",
  "realized": "sidecar RET_raw",
  "realized_mode": "auto",
  "generations": 300,
  "row_offset": 2,
  "stitched_days": 1500,
  "scored_days": 1249,
  "first_scored_date": "2020-01-02",
  "last_scored_date": "2024-12-17",
  "score_from": "2020-01-01",
  "top_k": 10,
  "cost_bps": null,
  "book": "sleeves",
  "hold_days": 10,
  "beta_neutral": false,
  "beta_window": null,
  "ensemble": "island_champions",
  "combine": "rank_mean",
  "top_n": null,
  "diverse_gate": null
 },
 "summary": {
  "2020": {
   "model": {
    "n_days": 253,
    "pearson_ic": -0.009504250815760803,
    "pearson_se": 0.014572890772076087,
    "pearson_t": -0.6521870618815326,
    "rank_ic_1": -0.00739566846149345,
    "rank_ic_se": 0.013895012032879468,
    "rank_ic_t": -0.5322534765708183,
    "rank_ic_5": 0.022287943939461156,
    "rank_ic_10": 0.03666363809126087,
    "net_pct": 0.5518363775726882,
    "sharpe": 0.028389733323909126,
    "mdd_pct": 31.127330098633866,
    "cost_pct": 1.4252687507799116,
    "turnover": 0.11497676907344631
   },
   "naive": {
    "n_days": 253,
    "pearson_ic": -0.005478614809741263,
    "pearson_se": 0.01780423358522494,
    "pearson_t": -0.3077141615513154,
    "rank_ic_1": -0.008223459107284942,
    "rank_ic_se": 0.017359861502103956,
    "rank_ic_t": -0.4737053406957358,
    "rank_ic_5": -0.016991371676040288,
    "rank_ic_10": -0.016496749987653363,
    "net_pct": 0.29892374798873983,
    "sharpe": 0.019885559694125428,
    "mdd_pct": 22.955105591965122,
    "cost_pct": 1.992069854386115,
    "turnover": 0.1558608417406069
   }
  },
  "2021": {
   "model": {
    "n_days": 252,
    "pearson_ic": 0.020677872319313666,
    "pearson_se": 0.012115086973001234,
    "pearson_t": 1.7067869479925986,
    "rank_ic_1": 0.014849673847471542,
    "rank_ic_se": 0.012155187287244176,
    "rank_ic_t": 1.2216738003745116,
    "rank_ic_5": 0.034586034441800015,
    "rank_ic_10": 0.04217146484575992,
    "net_pct": 18.9339577354349,
    "sharpe": 1.7068623770712503,
    "mdd_pct": 7.210605089817595,
    "cost_pct": 1.0602590434100376,
    "turnover": 0.10355537796131281
   },
   "naive": {
    "n_days": 252,
    "pearson_ic": -0.021520620952044562,
    "pearson_se": 0.017840439481636605,
    "pearson_t": -1.2062831173075088,
    "rank_ic_1": -0.02716815622392764,
    "rank_ic_se": 0.017566949071798194,
    "rank_ic_t": -1.5465494954694852,
    "rank_ic_5": -0.012059940476984736,
    "rank_ic_10": -0.020935847736714683,
    "net_pct": -9.166160101424575,
    "sharpe": -1.11053419991526,
    "mdd_pct": 12.269006579280111,
    "cost_pct": 1.6124880858375314,
    "turnover": 0.15807202059309233
   }
  },
  "2022": {
   "model": {
    "n_days": 251,
    "pearson_ic": -0.003091771047395081,
    "pearson_se": 0.012050074739188607,
    "pearson_t": -0.25657691875886784,
    "rank_ic_1": -0.004610575137161107,
    "rank_ic_se": 0.011927694427845498,
    "rank_ic_t": -0.3865437000463061,
    "rank_ic_5": 0.012193669240007327,
    "rank_ic_10": 0.014336052685983848,
    "net_pct": 12.128772199864372,
    "sharpe": 1.0605817965461724,
    "mdd_pct": 5.49959596696548,
    "cost_pct": 0.9402807900920847,
    "turnover": 0.11081432839889596
   },
   "naive": {
    "n_days": 251,
    "pearson_ic": 0.004263542976944736,
    "pearson_se": 0.016509316133764055,
    "pearson_t": 0.2582507320351777,
    "rank_ic_1": 0.0016744035916176562,
    "rank_ic_se": 0.0168965853592591,
    "rank_ic_t": 0.09909715815450876,
    "rank_ic_5": -0.013086840540665728,
    "rank_ic_10": -0.008605453506786799,
    "net_pct": -6.608305813409052,
    "sharpe": -0.8316752986415431,
    "mdd_pct": 10.40529803034457,
    "cost_pct": 1.3076507087399347,
    "turnover": 0.15793368459772805
   }
  },
  "2023": {
   "model": {
    "n_days": 250,
    "pearson_ic": 0.014535375434363932,
    "pearson_se": 0.011583641007442476,
    "pearson_t": 1.2548192252353962,
    "rank_ic_1": 0.007975012881625294,
    "rank_ic_se": 0.011859350336164597,
    "rank_ic_t": 0.6724662528356062,
    "rank_ic_5": 0.02797939516596128,
    "rank_ic_10": 0.019218334188049177,
    "net_pct": 10.030118211681343,
    "sharpe": 0.988170511227374,
    "mdd_pct": 6.332025685490949,
    "cost_pct": 0.7130962252803305,
    "turnover": 0.10472083846272119
   },
   "naive": {
    "n_days": 250,
    "pearson_ic": -0.019606906877117344,
    "pearson_se": 0.013944119508788546,
    "pearson_t": -1.4061057684395002,
    "rank_ic_1": -0.020988369115935872,
    "rank_ic_se": 0.014226550795395228,
    "rank_ic_t": -1.4752956930874117,
    "rank_ic_5": -0.017129945182958597,
    "rank_ic_10": -0.017580193653595297,
    "net_pct": -5.55013784028206,
    "sharpe": -0.9952648519454137,
    "mdd_pct": 9.94210918036604,
    "cost_pct": 1.0766162836414723,
    "turnover": 0.1598645749469948
   }
  },
  "2024": {
   "model": {
    "n_days": 243,
    "pearson_ic": 0.01119794567170434,
    "pearson_se": 0.01129535566008169,
    "pearson_t": 0.9913761025939536,
    "rank_ic_1": 0.010561942451354042,
    "rank_ic_se": 0.011706357149364964,
    "rank_ic_t": 0.9022398955192477,
    "rank_ic_5": 0.021341303267431725,
    "rank_ic_10": 0.015012118436106914,
    "net_pct": 0.6744525466947933,
    "sharpe": 0.06376731647712923,
    "mdd_pct": 9.063709333574879,
    "cost_pct": 0.790431035565926,
    "turnover": 0.1028133583971394
   },
   "naive": {
    "n_days": 243,
    "pearson_ic": -0.04239620806072832,
    "pearson_se": 0.014177416949232309,
    "pearson_t": -2.9904042614070137,
    "rank_ic_1": -0.0348978545694194,
    "rank_ic_se": 0.014040093719979361,
    "rank_ic_t": -2.485585585497837,
    "rank_ic_5": -0.024822260037711565,
    "rank_ic_10": -0.018258559812325697,
    "net_pct": -5.346553336142347,
    "sharpe": -0.9339024304114328,
    "mdd_pct": 8.343039698881261,
    "cost_pct": 1.2181055557748501,
    "turnover": 0.1595658710396796
   }
  },
  "overall": {
   "model": {
    "n_days": 1249,
    "pearson_ic": 0.006713497591672166,
    "pearson_se": 0.005546373139717871,
    "pearson_t": 1.2104302077327713,
    "rank_ic_1": 0.0042226297561752625,
    "rank_ic_se": 0.00551975444485859,
    "rank_ic_t": 0.7650031896089975,
    "rank_ic_5": 0.023703262447924162,
    "rank_ic_10": 0.025660385535051438,
    "net_pct": 42.31913707124808,
    "sharpe": 0.6524506254430927,
    "mdd_pct": 31.127330098633866,
    "cost_pct": 4.929335845128287,
    "turnover": 0.10741659724270677,
    "n_rebalances": 1249,
    "avg_holding_days": 10.0
   },
   "naive": {
    "n_days": 1249,
    "pearson_ic": -0.01676792795644754,
    "pearson_se": 0.007238815370978,
    "pearson_t": -2.3163911630725997,
    "rank_ic_1": -0.017801366021160676,
    "rank_ic_se": 0.007211021068877118,
    "rank_ic_t": -2.46863320064223,
    "rank_ic_5": -0.01673712887927563,
    "rank_ic_10": -0.016352444851786236,
    "net_pct": -26.372233343269265,
    "sharpe": -0.5774866867859352,
    "mdd_pct": 43.512954051544696,
    "cost_pct": 7.206930488379916,
    "turnover": 0.15824575451021075,
    "n_rebalances": 1249,
    "avg_holding_days": 10.0
   }
  }
 },
 "horizon_rank_ic": {
  "model": {
   "1": 0.0042226297561752625,
   "2": 0.0109241488611469,
   "3": 0.017065292777992274,
   "4": 0.0220865221801662,
   "5": 0.023703262447924162,
   "6": 0.025120716776645763,
   "7": 0.026689450966330932,
   "8": 0.026559310644899754,
   "9": 0.02731497699269056,
   "10": 0.025660385535051438
  },
  "naive": {
   "1": -0.017801366021160676,
   "2": -0.00982291432683888,
   "3": -0.012945645239363717,
   "4": -0.015314650018665246,
   "5": -0.01673712887927563,
   "6": -0.01343320215131353,
   "7": -0.015966167006430342,
   "8": -0.016606026533075573,
   "9": -0.01763691023025216,
   "10": -0.016352444851786236
  }
 },
 "diagnostics": {
  "members_per_day": {
   "mean": 8.0,
   "min": 8,
   "max": 8
  },
  "members_per_generation": {
   "mean": 8.0,
   "min": 8,
   "max": 8
  },
  "dispersion": {
   "n_days": 1249,
   "mean": 0.1488473396698591,
   "p10": 0.012678468577965809,
   "p50": 0.14903041667947534,
   "p90": 0.28338855542216895
  },
  "member_rank_ic_1": {
   "n_slots": 8,
   "mean": 0.0021293004364043534,
   "sd": 0.0037404731172640095,
   "min": -0.0031624203485250894,
   "max": 0.00707540381773519,
   "mean_days_per_slot": 1222.375
  },
  "member_slots": [
   "island0_elite0",
   "island1_elite0",
   "island2_elite0",
   "island3_elite0",
   "island4_elite0",
   "island5_elite0",
   "island6_elite0",
   "island7_elite0"
  ],
  "member_rank_ic_1_by_slot": {
   "island0_elite0": {
    "rank_ic_1": -0.0031624203485250894,
    "n_days": 1223
   },
   "island1_elite0": {
    "rank_ic_1": 0.0018531576360249513,
    "n_days": 1221
   },
   "island2_elite0": {
    "rank_ic_1": -0.0002710029773756464,
    "n_days": 1224
   },
   "island3_elite0": {
    "rank_ic_1": 0.0070046472223713845,
    "n_days": 1226
   },
   "island4_elite0": {
    "rank_ic_1": 0.0022349571079952487,
    "n_days": 1197
   },
   "island5_elite0": {
    "rank_ic_1": -0.001489783363808678,
    "n_days": 1214
   },
   "island6_elite0": {
    "rank_ic_1": 0.003789444396817464,
    "n_days": 1235
   },
   "island7_elite0": {
    "rank_ic_1": 0.00707540381773519,
    "n_days": 1239
   }
  },
  "day_pooled_mean_member_rank_ic_1": 0.002046183551714852,
  "ensemble_rank_ic_1": 0.0042226297561752625,
  "ensemble_minus_mean_member": 0.0021764462044604107,
  "dropped_member_days": 0,
  "incomplete_member_rows": 0,
  "global_best_matched_days": 1172
 }
}
