# realized: sidecar RET_raw (param RET_CS)
# row mapping verified on generations [0, 150, 299], all 50 stocks: file row i -> panel row tw*step + 2 + i (tw = g + num_training_windows + V)
# stitched 1500 days from 300 generations (300*step = 1500); 2019-01-03 .. 2024-12-17 (panel rows 3621..5120, contiguous)
# ensemble: diverse (N=8, elite_rank <= 3, greedy min-max-similarity, target-free), combine=rank_mean, over 300 generations
# scoring 1249 days from 2020-01-02 to 2024-12-17 (--score-from 2020-01-01)
# book: sleeves, H=10, top-k 10, beta-neutral off
# book costs: TC/PRC from the panel, charged on netted traded notional

period    who     days  pearsonIC  rankIC@1  rankIC@5  rankIC@10      net%   sharpe     MDD% turnover    cost%
2020      model    253  +0.0050   -0.0005   +0.0271   +0.0277     +6.09    +0.41    20.10   0.1335     1.65
2020      naive    253  -0.0055   -0.0082   -0.0170   -0.0165     +0.30    +0.02    22.96   0.1559     1.99
2021      model    252  +0.0074   +0.0022   +0.0092   +0.0145     +0.94    +0.09     9.50   0.1337     1.42
2021      naive    252  -0.0215   -0.0272   -0.0121   -0.0209     -9.17    -1.11    12.27   0.1581     1.61
2022      model    251  -0.0034   -0.0038   +0.0040   +0.0024     +5.69    +0.46     9.37   0.1194     1.00
2022      naive    251  +0.0043   +0.0017   -0.0131   -0.0086     -6.61    -0.83    10.41   0.1579     1.31
2023      model    250  +0.0139   +0.0120   +0.0263   +0.0038     +1.06    +0.12     5.79   0.1158     0.78
2023      naive    250  -0.0196   -0.0210   -0.0171   -0.0176     -5.55    -1.00     9.94   0.1599     1.08
2024      model    243  +0.0141   +0.0100   +0.0113   -0.0007     +2.10    +0.21     7.97   0.1119     0.87
2024      naive    243  -0.0424   -0.0349   -0.0248   -0.0183     -5.35    -0.93     8.34   0.1596     1.22
overall   model   1249  +0.0074   +0.0039   +0.0156   +0.0097    +15.87    +0.28    20.10   0.1230     5.72
overall   naive   1249  -0.0168   -0.0178   -0.0167   -0.0164    -26.37    -0.58    43.51   0.1582     7.21

# model overall: pearson IC +0.0074 (SE 0.0055, t +1.34); rank IC +0.0039 (SE 0.0055, t +0.72); rebalances 1249, avg holding 10.0 days
# naive overall: pearson IC -0.0168 (SE 0.0072, t -2.32); rank IC -0.0178 (SE 0.0072, t -2.47); rebalances 1249, avg holding 10.0 days
# rank IC by horizon (overall): h=1:+0.0039  h=2:+0.0086  h=3:+0.0147  h=4:+0.0154  h=5:+0.0156  h=6:+0.0154  h=7:+0.0137  h=8:+0.0125  h=9:+0.0122  h=10:+0.0097
#   naive                     : h=1:-0.0178  h=2:-0.0098  h=3:-0.0129  h=4:-0.0153  h=5:-0.0167  h=6:-0.0134  h=7:-0.0160  h=8:-0.0166  h=9:-0.0176  h=10:-0.0164

# members/day: mean 8.00 (min 8, max 8); per generation mean 8.00 (min 8, max 8)
# member dispersion (mean pairwise Spearman of member cross-sections, per day, n=1249):
#     mean +0.0520   p10 -0.0513   p50 +0.0326   p90 +0.1964
# per-member rank IC@1 over 32 member slots (each stitched over its own 307 days):
#     mean +0.0029   sd 0.0110   min -0.0208   max +0.0289
# ensemble rank IC@1 +0.0039  vs  day-pooled mean member +0.0018  (ensemble - member = +0.0021)
# row-alignment cross-check: the wide file's global_best column is reproduced by some elite on 1172/1249 scored days
# wrote /anvil/scratch/x-jchang5/probe1/diverse/set1_seed43/ensemble_diagnostics.csv
# wrote /anvil/scratch/x-jchang5/probe1/diverse/set1_seed43/ensemble_stitched_predictions.csv
# wrote /anvil/scratch/x-jchang5/probe1/diverse/set1_seed43/ensemble_book_daily.csv
# wrote /anvil/scratch/x-jchang5/probe1/diverse/set1_seed43/ensemble_rolling_rank_ic.csv
{
 "meta": {
  "run_dir": "/anvil/scratch/x-jchang5/results_v2/C7_E/set1_seed43",
  "param": "RET_CS",
  "realized": "sidecar RET_raw",
  "realized_mode": "auto",
  "generations": 300,
  "row_offset": 2,
  "stitched_days": 1500,
  "scored_days": 1249,
  "first_scored_date": "2020-01-02",
  "last_scored_date": "2024-12-17",
  "score_from": "2020-01-01",
  "top_k": 10,
  "cost_bps": null,
  "book": "sleeves",
  "hold_days": 10,
  "beta_neutral": false,
  "beta_window": null,
  "ensemble": "diverse",
  "combine": "rank_mean",
  "top_n": 8,
  "diverse_gate": 3
 },
 "summary": {
  "2020": {
   "model": {
    "n_days": 253,
    "pearson_ic": 0.004956470568836756,
    "pearson_se": 0.013695386408512419,
    "pearson_t": 0.3619080485203428,
    "rank_ic_1": -0.0005214396450387717,
    "rank_ic_se": 0.013036114879003514,
    "rank_ic_t": -0.039999620276331194,
    "rank_ic_5": 0.027139033164529126,
    "rank_ic_10": 0.02767069114488567,
    "net_pct": 6.085455811958376,
    "sharpe": 0.40691353383633494,
    "mdd_pct": 20.102024655181978,
    "cost_pct": 1.654766617417472,
    "turnover": 0.13347717021021605
   },
   "naive": {
    "n_days": 253,
    "pearson_ic": -0.005478614809741263,
    "pearson_se": 0.01780423358522494,
    "pearson_t": -0.3077141615513154,
    "rank_ic_1": -0.008223459107284942,
    "rank_ic_se": 0.017359861502103956,
    "rank_ic_t": -0.4737053406957358,
    "rank_ic_5": -0.016991371676040288,
    "rank_ic_10": -0.016496749987653363,
    "net_pct": 0.29892374798873983,
    "sharpe": 0.019885559694125428,
    "mdd_pct": 22.955105591965122,
    "cost_pct": 1.992069854386115,
    "turnover": 0.1558608417406069
   }
  },
  "2021": {
   "model": {
    "n_days": 252,
    "pearson_ic": 0.007440030919335129,
    "pearson_se": 0.01261377073301312,
    "pearson_t": 0.5898340057713962,
    "rank_ic_1": 0.0022016848693606405,
    "rank_ic_se": 0.0128238859096082,
    "rank_ic_t": 0.17168624899501364,
    "rank_ic_5": 0.009188024230718652,
    "rank_ic_10": 0.014541354021854112,
    "net_pct": 0.9366331912601056,
    "sharpe": 0.09364096422551305,
    "mdd_pct": 9.501573967877038,
    "cost_pct": 1.4204570983635434,
    "turnover": 0.13373813721779232
   },
   "naive": {
    "n_days": 252,
    "pearson_ic": -0.021520620952044562,
    "pearson_se": 0.017840439481636605,
    "pearson_t": -1.2062831173075088,
    "rank_ic_1": -0.02716815622392764,
    "rank_ic_se": 0.017566949071798194,
    "rank_ic_t": -1.5465494954694852,
    "rank_ic_5": -0.012059940476984736,
    "rank_ic_10": -0.020935847736714683,
    "net_pct": -9.166160101424575,
    "sharpe": -1.11053419991526,
    "mdd_pct": 12.269006579280111,
    "cost_pct": 1.6124880858375314,
    "turnover": 0.15807202059309233
   }
  },
  "2022": {
   "model": {
    "n_days": 251,
    "pearson_ic": -0.003365969145889815,
    "pearson_se": 0.012855457000933579,
    "pearson_t": -0.26183193220166145,
    "rank_ic_1": -0.003781936894300003,
    "rank_ic_se": 0.012608608502163412,
    "rank_ic_t": -0.2999487924183775,
    "rank_ic_5": 0.004010410652861665,
    "rank_ic_10": 0.0023756476098081426,
    "net_pct": 5.686819701479452,
    "sharpe": 0.4566667160727521,
    "mdd_pct": 9.374064285527012,
    "cost_pct": 0.9964630223405925,
    "turnover": 0.11938924784339329
   },
   "naive": {
    "n_days": 251,
    "pearson_ic": 0.004263542976944736,
    "pearson_se": 0.016509316133764055,
    "pearson_t": 0.2582507320351777,
    "rank_ic_1": 0.0016744035916176562,
    "rank_ic_se": 0.0168965853592591,
    "rank_ic_t": 0.09909715815450876,
    "rank_ic_5": -0.013086840540665728,
    "rank_ic_10": -0.008605453506786799,
    "net_pct": -6.608305813409052,
    "sharpe": -0.8316752986415431,
    "mdd_pct": 10.40529803034457,
    "cost_pct": 1.3076507087399347,
    "turnover": 0.15793368459772805
   }
  },
  "2023": {
   "model": {
    "n_days": 250,
    "pearson_ic": 0.013935506421388964,
    "pearson_se": 0.01036852406242364,
    "pearson_t": 1.344020261465405,
    "rank_ic_1": 0.012028410704641631,
    "rank_ic_se": 0.010790225099914631,
    "rank_ic_t": 1.1147506741760926,
    "rank_ic_5": 0.0262674351721829,
    "rank_ic_10": 0.003818305924602567,
    "net_pct": 1.0591338791144724,
    "sharpe": 0.12457655084415717,
    "mdd_pct": 5.7888954415469875,
    "cost_pct": 0.7800152790252054,
    "turnover": 0.11578182766746849
   },
   "naive": {
    "n_days": 250,
    "pearson_ic": -0.019606906877117344,
    "pearson_se": 0.013944119508788546,
    "pearson_t": -1.4061057684395002,
    "rank_ic_1": -0.020988369115935872,
    "rank_ic_se": 0.014226550795395228,
    "rank_ic_t": -1.4752956930874117,
    "rank_ic_5": -0.017129945182958597,
    "rank_ic_10": -0.017580193653595297,
    "net_pct": -5.55013784028206,
    "sharpe": -0.9952648519454137,
    "mdd_pct": 9.94210918036604,
    "cost_pct": 1.0766162836414723,
    "turnover": 0.1598645749469948
   }
  },
  "2024": {
   "model": {
    "n_days": 243,
    "pearson_ic": 0.014062133870648882,
    "pearson_se": 0.01152614686644613,
    "pearson_t": 1.2200203618422811,
    "rank_ic_1": 0.00996903666991867,
    "rank_ic_se": 0.011865825278971067,
    "rank_ic_t": 0.8401469291466868,
    "rank_ic_5": 0.011278771263860805,
    "rank_ic_10": -0.0006933782679919655,
    "net_pct": 2.100473479135089,
    "sharpe": 0.21150445088053166,
    "mdd_pct": 7.974832406055161,
    "cost_pct": 0.8678182569483265,
    "turnover": 0.11189724909555006
   },
   "naive": {
    "n_days": 243,
    "pearson_ic": -0.04239620806072832,
    "pearson_se": 0.014177416949232309,
    "pearson_t": -2.9904042614070137,
    "rank_ic_1": -0.0348978545694194,
    "rank_ic_se": 0.014040093719979361,
    "rank_ic_t": -2.485585585497837,
    "rank_ic_5": -0.024822260037711565,
    "rank_ic_10": -0.018258559812325697,
    "net_pct": -5.346553336142347,
    "sharpe": -0.9339024304114328,
    "mdd_pct": 8.343039698881261,
    "cost_pct": 1.2181055557748501,
    "turnover": 0.1595658710396796
   }
  },
  "overall": {
   "model": {
    "n_days": 1249,
    "pearson_ic": 0.007353876481893295,
    "pearson_se": 0.005488146473832019,
    "pearson_t": 1.3399563070988076,
    "rank_ic_1": 0.003925710795328598,
    "rank_ic_se": 0.005478589504301566,
    "rank_ic_t": 0.7165550169886409,
    "rank_ic_5": 0.015623016623087297,
    "rank_ic_10": 0.00972074160456908,
    "net_pct": 15.868516062947503,
    "sharpe": 0.27921808911126983,
    "mdd_pct": 20.102024655181978,
    "cost_pct": 5.719520274095141,
    "turnover": 0.12295830608314332,
    "n_rebalances": 1249,
    "avg_holding_days": 10.0
   },
   "naive": {
    "n_days": 1249,
    "pearson_ic": -0.01676792795644754,
    "pearson_se": 0.007238815370978,
    "pearson_t": -2.3163911630725997,
    "rank_ic_1": -0.017801366021160676,
    "rank_ic_se": 0.007211021068877118,
    "rank_ic_t": -2.46863320064223,
    "rank_ic_5": -0.01673712887927563,
    "rank_ic_10": -0.016352444851786236,
    "net_pct": -26.372233343269265,
    "sharpe": -0.5774866867859352,
    "mdd_pct": 43.512954051544696,
    "cost_pct": 7.206930488379916,
    "turnover": 0.15824575451021075,
    "n_rebalances": 1249,
    "avg_holding_days": 10.0
   }
  }
 },
 "horizon_rank_ic": {
  "model": {
   "1": 0.003925710795328598,
   "2": 0.00857472790540548,
   "3": 0.014727871431238208,
   "4": 0.015399111509422901,
   "5": 0.015623016623087297,
   "6": 0.015373020554689492,
   "7": 0.01366145985265843,
   "8": 0.012463059635145653,
   "9": 0.012165165669482326,
   "10": 0.00972074160456908
  },
  "naive": {
   "1": -0.017801366021160676,
   "2": -0.00982291432683888,
   "3": -0.012945645239363717,
   "4": -0.015314650018665246,
   "5": -0.01673712887927563,
   "6": -0.01343320215131353,
   "7": -0.015966167006430342,
   "8": -0.016606026533075573,
   "9": -0.01763691023025216,
   "10": -0.016352444851786236
  }
 },
 "diagnostics": {
  "members_per_day": {
   "mean": 8.0,
   "min": 8,
   "max": 8
  },
  "members_per_generation": {
   "mean": 8.0,
   "min": 8,
   "max": 8
  },
  "dispersion": {
   "n_days": 1249,
   "mean": 0.05197191598820723,
   "p10": -0.05131228296965376,
   "p50": 0.03257074258274734,
   "p90": 0.19635869659957184
  },
  "member_rank_ic_1": {
   "n_slots": 32,
   "mean": 0.002888094961334105,
   "sd": 0.010998830665905523,
   "min": -0.020763033503660423,
   "max": 0.028946683273912737,
   "mean_days_per_slot": 306.65625
  },
  "member_slots": [
   "island0_elite0",
   "island0_elite1",
   "island0_elite2",
   "island0_elite3",
   "island1_elite0",
   "island1_elite1",
   "island1_elite2",
   "island1_elite3",
   "island2_elite0",
   "island2_elite1",
   "island2_elite2",
   "island2_elite3",
   "island3_elite0",
   "island3_elite1",
   "island3_elite2",
   "island3_elite3",
   "island4_elite0",
   "island4_elite1",
   "island4_elite2",
   "island4_elite3",
   "island5_elite0",
   "island5_elite1",
   "island5_elite2",
   "island5_elite3",
   "island6_elite0",
   "island6_elite1",
   "island6_elite2",
   "island6_elite3",
   "island7_elite0",
   "island7_elite1",
   "island7_elite2",
   "island7_elite3"
  ],
  "member_rank_ic_1_by_slot": {
   "island0_elite0": {
    "rank_ic_1": -0.006766899325080198,
    "n_days": 744
   },
   "island0_elite1": {
    "rank_ic_1": 0.007701691886204284,
    "n_days": 415
   },
   "island0_elite2": {
    "rank_ic_1": 0.0025435517718407816,
    "n_days": 251
   },
   "island0_elite3": {
    "rank_ic_1": -0.010730634616405995,
    "n_days": 354
   },
   "island1_elite0": {
    "rank_ic_1": 0.000121861271548196,
    "n_days": 416
   },
   "island1_elite1": {
    "rank_ic_1": -0.01042941767998773,
    "n_days": 143
   },
   "island1_elite2": {
    "rank_ic_1": 0.004883252956527978,
    "n_days": 115
   },
   "island1_elite3": {
    "rank_ic_1": -0.016659080497341383,
    "n_days": 155
   },
   "island2_elite0": {
    "rank_ic_1": -0.004054616531535349,
    "n_days": 650
   },
   "island2_elite1": {
    "rank_ic_1": 0.014585720805565527,
    "n_days": 190
   },
   "island2_elite2": {
    "rank_ic_1": 0.002971044397644415,
    "n_days": 200
   },
   "island2_elite3": {
    "rank_ic_1": -0.020763033503660423,
    "n_days": 254
   },
   "island3_elite0": {
    "rank_ic_1": -0.00954514569382488,
    "n_days": 487
   },
   "island3_elite1": {
    "rank_ic_1": 0.01821044435840949,
    "n_days": 230
   },
   "island3_elite2": {
    "rank_ic_1": 0.028946683273912737,
    "n_days": 214
   },
   "island3_elite3": {
    "rank_ic_1": 0.01449830256528432,
    "n_days": 200
   },
   "island4_elite0": {
    "rank_ic_1": 0.0019528352315880885,
    "n_days": 473
   },
   "island4_elite1": {
    "rank_ic_1": 0.005729832718068106,
    "n_days": 262
   },
   "island4_elite2": {
    "rank_ic_1": 0.0025935053480409817,
    "n_days": 165
   },
   "island4_elite3": {
    "rank_ic_1": 0.012940884392533913,
    "n_days": 165
   },
   "island5_elite0": {
    "rank_ic_1": -0.005334830647451743,
    "n_days": 429
   },
   "island5_elite1": {
    "rank_ic_1": 0.006954978184137749,
    "n_days": 165
   },
   "island5_elite2": {
    "rank_ic_1": -0.005690453387749308,
    "n_days": 260
   },
   "island5_elite3": {
    "rank_ic_1": 0.017950254256946633,
    "n_days": 265
   },
   "island6_elite0": {
    "rank_ic_1": 0.013621250400408595,
    "n_days": 496
   },
   "island6_elite1": {
    "rank_ic_1": 0.009758396873404504,
    "n_days": 312
   },
   "island6_elite2": {
    "rank_ic_1": -0.00415844363323825,
    "n_days": 291
   },
   "island6_elite3": {
    "rank_ic_1": -0.005396163592892611,
    "n_days": 253
   },
   "island7_elite0": {
    "rank_ic_1": 0.012783702150616567,
    "n_days": 495
   },
   "island7_elite1": {
    "rank_ic_1": 0.003706048795594101,
    "n_days": 305
   },
   "island7_elite2": {
    "rank_ic_1": -0.00018380244998239984,
    "n_days": 229
   },
   "island7_elite3": {
    "rank_ic_1": 0.00967731868356464,
    "n_days": 230
   }
  },
  "day_pooled_mean_member_rank_ic_1": 0.0018096723409387716,
  "ensemble_rank_ic_1": 0.003925710795328598,
  "ensemble_minus_mean_member": 0.0021160384543898263,
  "dropped_member_days": 0,
  "incomplete_member_rows": 0,
  "global_best_matched_days": 1172
 }
}
