# realized: sidecar RET_raw (param RET_CS)
# row mapping verified on generations [0, 150, 299], all 50 stocks: file row i -> panel row tw*step + 2 + i (tw = g + num_training_windows + V)
# stitched 1500 days from 300 generations (300*step = 1500); 2019-01-04 .. 2024-12-18 (panel rows 3571..5070, contiguous)
# ensemble: all_elites, combine=rank_mean, over 300 generations
# scoring 1250 days from 2020-01-02 to 2024-12-18 (--score-from 2020-01-01)
# book: sleeves, H=10, top-k 10, beta-neutral off
# book costs: TC/PRC from the panel, charged on netted traded notional

period    who     days  pearsonIC  rankIC@1  rankIC@5  rankIC@10      net%   sharpe     MDD% turnover    cost%
2020      model    253  +0.0002   -0.0049   +0.0191   +0.0364    +21.61    +0.97    19.11   0.1118     1.30
2020      naive    253  -0.0109   -0.0185   -0.0301   -0.0287    -14.23    -1.24    25.99   0.1558     1.85
2021      model    252  +0.0107   +0.0135   +0.0176   +0.0207    +11.95    +0.96     7.13   0.0923     0.97
2021      naive    252  -0.0289   -0.0382   -0.0348   -0.0174     -6.73    -1.03    10.36   0.1581     1.71
2022      model    251  +0.0085   +0.0117   +0.0082   +0.0159     +2.37    +0.18    19.37   0.0998     0.88
2022      naive    251  -0.0118   -0.0098   -0.0104   -0.0241     -9.08    -1.36     9.95   0.1568     1.40
2023      model    250  +0.0094   +0.0119   +0.0312   +0.0312    +20.17    +1.86     5.06   0.1014     0.73
2023      naive    250  -0.0165   -0.0135   -0.0051   -0.0071     -3.61    -0.74     7.60   0.1607     1.16
2024      model    244  -0.0032   -0.0039   +0.0056   -0.0047     -0.38    -0.03     7.00   0.0973     0.75
2024      naive    244  -0.0090   -0.0064   -0.0313   -0.0313    -12.33    -2.54    12.78   0.1593     1.23
overall   model   1250  +0.0051   +0.0057   +0.0164   +0.0202    +55.72    +0.75    19.11   0.1005     4.63
overall   naive   1250  -0.0155   -0.0174   -0.0223   -0.0216    -45.98    -1.27    52.44   0.1582     7.36

# model overall: pearson IC +0.0051 (SE 0.0056, t +0.91); rank IC +0.0057 (SE 0.0058, t +0.99); rebalances 1250, avg holding 10.0 days
# naive overall: pearson IC -0.0155 (SE 0.0068, t -2.26); rank IC -0.0174 (SE 0.0069, t -2.53); rebalances 1250, avg holding 10.0 days
# rank IC by horizon (overall): h=1:+0.0057  h=2:+0.0094  h=3:+0.0151  h=4:+0.0159  h=5:+0.0164  h=6:+0.0177  h=7:+0.0193  h=8:+0.0191  h=9:+0.0197  h=10:+0.0202
#   naive                     : h=1:-0.0174  h=2:-0.0222  h=3:-0.0250  h=4:-0.0263  h=5:-0.0223  h=6:-0.0215  h=7:-0.0200  h=8:-0.0219  h=9:-0.0215  h=10:-0.0216

# members/day: mean 63.96 (min 61, max 64); per generation mean 63.81 (min 30, max 64)
# member dispersion (mean pairwise Spearman of member cross-sections, per day, n=1250):
#     mean +0.3521   p10 +0.2132   p50 +0.3516   p90 +0.4804
# per-member rank IC@1 over 64 member slots (each stitched over its own 1234 days):
#     mean +0.0030   sd 0.0050   min -0.0096   max +0.0127
# ensemble rank IC@1 +0.0057  vs  day-pooled mean member +0.0030  (ensemble - member = +0.0027)
# row-alignment cross-check: the wide file's global_best column is reproduced by some elite on 1175/1250 scored days
# wrote /anvil/scratch/x-jchang5/probe1/all_elites/set3_seed42/ensemble_diagnostics.csv
# wrote /anvil/scratch/x-jchang5/probe1/all_elites/set3_seed42/ensemble_stitched_predictions.csv
# wrote /anvil/scratch/x-jchang5/probe1/all_elites/set3_seed42/ensemble_book_daily.csv
# wrote /anvil/scratch/x-jchang5/probe1/all_elites/set3_seed42/ensemble_rolling_rank_ic.csv
{
 "meta": {
  "run_dir": "/anvil/scratch/x-jchang5/results_v2/C7_E/set3_seed42",
  "param": "RET_CS",
  "realized": "sidecar RET_raw",
  "realized_mode": "auto",
  "generations": 300,
  "row_offset": 2,
  "stitched_days": 1500,
  "scored_days": 1250,
  "first_scored_date": "2020-01-02",
  "last_scored_date": "2024-12-18",
  "score_from": "2020-01-01",
  "top_k": 10,
  "cost_bps": null,
  "book": "sleeves",
  "hold_days": 10,
  "beta_neutral": false,
  "beta_window": null,
  "ensemble": "all_elites",
  "combine": "rank_mean",
  "top_n": null,
  "diverse_gate": null
 },
 "summary": {
  "2020": {
   "model": {
    "n_days": 253,
    "pearson_ic": 0.00019920597558163876,
    "pearson_se": 0.014878503889822087,
    "pearson_t": 0.013388844540875461,
    "rank_ic_1": -0.004896639834015106,
    "rank_ic_se": 0.015324341921185973,
    "rank_ic_t": -0.3195334494100186,
    "rank_ic_5": 0.019068506673448324,
    "rank_ic_10": 0.03641674784901829,
    "net_pct": 21.607357805053933,
    "sharpe": 0.9685081770079982,
    "mdd_pct": 19.108249067372164,
    "cost_pct": 1.3046752213796808,
    "turnover": 0.11179180805984776
   },
   "naive": {
    "n_days": 253,
    "pearson_ic": -0.010943810219859252,
    "pearson_se": 0.01767592636795267,
    "pearson_t": -0.6191364453577337,
    "rank_ic_1": -0.01852586935702776,
    "rank_ic_se": 0.017904541221858677,
    "rank_ic_t": -1.0347022650549982,
    "rank_ic_5": -0.030072809823080894,
    "rank_ic_10": -0.028723302784637715,
    "net_pct": -14.230176510708597,
    "sharpe": -1.2435638946071954,
    "mdd_pct": 25.99372403535994,
    "cost_pct": 1.8534276741104776,
    "turnover": 0.15582544064146295
   }
  },
  "2021": {
   "model": {
    "n_days": 252,
    "pearson_ic": 0.010697466675757746,
    "pearson_se": 0.01233079951262677,
    "pearson_t": 0.8675403946681245,
    "rank_ic_1": 0.013498050678396377,
    "rank_ic_se": 0.012613265650868266,
    "rank_ic_t": 1.0701471809140248,
    "rank_ic_5": 0.01762990831051647,
    "rank_ic_10": 0.020702885442950066,
    "net_pct": 11.945167496539993,
    "sharpe": 0.9595900251513098,
    "mdd_pct": 7.1256852372689705,
    "cost_pct": 0.9652380197549104,
    "turnover": 0.09233645020580612
   },
   "naive": {
    "n_days": 252,
    "pearson_ic": -0.028871269637794676,
    "pearson_se": 0.015888336572490346,
    "pearson_t": -1.817136080046508,
    "rank_ic_1": -0.03821253284176137,
    "rank_ic_se": 0.015884140451871333,
    "rank_ic_t": -2.4057035353939784,
    "rank_ic_5": -0.03480849431979277,
    "rank_ic_10": -0.017428231986457002,
    "net_pct": -6.729330719595642,
    "sharpe": -1.0274566231032223,
    "mdd_pct": 10.356015488129,
    "cost_pct": 1.713191434624156,
    "turnover": 0.15810736612398493
   }
  },
  "2022": {
   "model": {
    "n_days": 251,
    "pearson_ic": 0.00849577690140409,
    "pearson_se": 0.01145322093213186,
    "pearson_t": 0.741780583099493,
    "rank_ic_1": 0.01169908306753947,
    "rank_ic_se": 0.0118044329574039,
    "rank_ic_t": 0.9910753959766994,
    "rank_ic_5": 0.008182811958815737,
    "rank_ic_10": 0.015862565484727125,
    "net_pct": 2.3749180333181084,
    "sharpe": 0.17865639842259654,
    "mdd_pct": 19.37384571768544,
    "cost_pct": 0.8806162196740074,
    "turnover": 0.0997832659061995
   },
   "naive": {
    "n_days": 251,
    "pearson_ic": -0.011762518245660629,
    "pearson_se": 0.015742271447147196,
    "pearson_t": -0.7471932043067536,
    "rank_ic_1": -0.009806596974521298,
    "rank_ic_se": 0.016237918395632673,
    "rank_ic_t": -0.603931904052361,
    "rank_ic_5": -0.010377403652271563,
    "rank_ic_10": -0.024145823647370213,
    "net_pct": -9.079650812588138,
    "sharpe": -1.3587834350582135,
    "mdd_pct": 9.947350656327686,
    "cost_pct": 1.403595325959124,
    "turnover": 0.1568471538188089
   }
  },
  "2023": {
   "model": {
    "n_days": 250,
    "pearson_ic": 0.009355520623050723,
    "pearson_se": 0.011396533566978157,
    "pearson_t": 0.8209093201952795,
    "rank_ic_1": 0.011885156396637704,
    "rank_ic_se": 0.011550389656522358,
    "rank_ic_t": 1.0289831555532247,
    "rank_ic_5": 0.031201872424563022,
    "rank_ic_10": 0.03117263015439778,
    "net_pct": 20.173372164968534,
    "sharpe": 1.857929052607209,
    "mdd_pct": 5.056451794618331,
    "cost_pct": 0.7325179465215531,
    "turnover": 0.10136707059942379
   },
   "naive": {
    "n_days": 250,
    "pearson_ic": -0.016495936622839002,
    "pearson_se": 0.01263252808961227,
    "pearson_t": -1.305830195335454,
    "rank_ic_1": -0.013540840443610928,
    "rank_ic_se": 0.012370491482989123,
    "rank_ic_t": -1.0946081214502408,
    "rank_ic_5": -0.005128755157720672,
    "rank_ic_10": -0.00708999856889018,
    "net_pct": -3.6058666109338424,
    "sharpe": -0.738973953615125,
    "mdd_pct": 7.600418381024553,
    "cost_pct": 1.1622597048611827,
    "turnover": 0.16070725190854432
   }
  },
  "2024": {
   "model": {
    "n_days": 244,
    "pearson_ic": -0.0032183669374772415,
    "pearson_se": 0.012582158060522715,
    "pearson_t": -0.2557881503313063,
    "rank_ic_1": -0.00388664905046389,
    "rank_ic_se": 0.01293755415019866,
    "rank_ic_t": -0.30041606051204117,
    "rank_ic_5": 0.005586461951668667,
    "rank_ic_10": -0.004732823340800546,
    "net_pct": -0.3814599459163282,
    "sharpe": -0.02891222672681233,
    "mdd_pct": 7.002703371632819,
    "cost_pct": 0.7452537069379601,
    "turnover": 0.09729837386674065
   },
   "naive": {
    "n_days": 244,
    "pearson_ic": -0.009014432854756796,
    "pearson_se": 0.013903231465444995,
    "pearson_t": -0.6483696166003717,
    "rank_ic_1": -0.0064445861164837935,
    "rank_ic_se": 0.013751235859469583,
    "rank_ic_t": -0.46865504906934063,
    "rank_ic_5": -0.03125465738115839,
    "rank_ic_10": -0.03125940168629774,
    "net_pct": -12.331885608174536,
    "sharpe": -2.539883504547272,
    "mdd_pct": 12.782435598371473,
    "cost_pct": 1.2283903435557173,
    "turnover": 0.15933739362373647
   }
  },
  "overall": {
   "model": {
    "n_days": 1250,
    "pearson_ic": 0.005145759471507008,
    "pearson_se": 0.005629174361054976,
    "pearson_t": 0.9141233050280982,
    "rank_ic_1": 0.005697660378998968,
    "rank_ic_se": 0.005776350711614457,
    "rank_ic_t": 0.9863771546181801,
    "rank_ic_5": 0.016422290416401735,
    "rank_ic_10": 0.020219993817568845,
    "net_pct": 55.71935555396429,
    "sharpe": 0.7459756593003236,
    "mdd_pct": 19.108249067372164,
    "cost_pct": 4.628301114268113,
    "turnover": 0.100544226805441,
    "n_rebalances": 1250,
    "avg_holding_days": 10.0
   },
   "naive": {
    "n_days": 1250,
    "pearson_ic": -0.015456193429023907,
    "pearson_se": 0.006833118437895536,
    "pearson_t": -2.2619530993793378,
    "rank_ic_1": -0.017388598549905227,
    "rank_ic_se": 0.006877051272590167,
    "rank_ic_t": -2.5284962785156027,
    "rank_ic_5": -0.02228587185510077,
    "rank_ic_10": -0.021626084479526964,
    "net_pct": -45.9769102620007,
    "sharpe": -1.2658716318840146,
    "mdd_pct": 52.43915823915658,
    "cost_pct": 7.360864483110657,
    "turnover": 0.15815253230030657,
    "n_rebalances": 1250,
    "avg_holding_days": 10.0
   }
  }
 },
 "horizon_rank_ic": {
  "model": {
   "1": 0.005697660378998968,
   "2": 0.009388178654143754,
   "3": 0.015087255570951873,
   "4": 0.015943400043399638,
   "5": 0.016422290416401735,
   "6": 0.01771759318635955,
   "7": 0.01925230147579439,
   "8": 0.01914498163424307,
   "9": 0.019676124273850792,
   "10": 0.020219993817568845
  },
  "naive": {
   "1": -0.017388598549905227,
   "2": -0.022214097694374824,
   "3": -0.0249708583543579,
   "4": -0.026296083207611114,
   "5": -0.02228587185510077,
   "6": -0.021487893652586635,
   "7": -0.019958318581188808,
   "8": -0.021936249806890965,
   "9": -0.021485113457294636,
   "10": -0.021626084479526964
  }
 },
 "diagnostics": {
  "members_per_day": {
   "mean": 63.964,
   "min": 61,
   "max": 64
  },
  "members_per_generation": {
   "mean": 63.81333333333333,
   "min": 30,
   "max": 64
  },
  "dispersion": {
   "n_days": 1250,
   "mean": 0.3520849181295894,
   "p10": 0.21322926928689392,
   "p50": 0.35164082738490055,
   "p90": 0.4803599850927938
  },
  "member_rank_ic_1": {
   "n_slots": 64,
   "mean": 0.003029572781893446,
   "sd": 0.005001424942102375,
   "min": -0.009600006173180305,
   "max": 0.012681191926470504,
   "mean_days_per_slot": 1233.6875
  },
  "member_slots": [
   "island0_elite0",
   "island0_elite1",
   "island0_elite2",
   "island0_elite3",
   "island0_elite4",
   "island0_elite5",
   "island0_elite6",
   "island0_elite7",
   "island1_elite0",
   "island1_elite1",
   "island1_elite2",
   "island1_elite3",
   "island1_elite4",
   "island1_elite5",
   "island1_elite6",
   "island1_elite7",
   "island2_elite0",
   "island2_elite1",
   "island2_elite2",
   "island2_elite3",
   "island2_elite4",
   "island2_elite5",
   "island2_elite6",
   "island2_elite7",
   "island3_elite0",
   "island3_elite1",
   "island3_elite2",
   "island3_elite3",
   "island3_elite4",
   "island3_elite5",
   "island3_elite6",
   "island3_elite7",
   "island4_elite0",
   "island4_elite1",
   "island4_elite2",
   "island4_elite3",
   "island4_elite4",
   "island4_elite5",
   "island4_elite6",
   "island4_elite7",
   "island5_elite0",
   "island5_elite1",
   "island5_elite2",
   "island5_elite3",
   "island5_elite4",
   "island5_elite5",
   "island5_elite6",
   "island5_elite7",
   "island6_elite0",
   "island6_elite1",
   "island6_elite2",
   "island6_elite3",
   "island6_elite4",
   "island6_elite5",
   "island6_elite6",
   "island6_elite7",
   "island7_elite0",
   "island7_elite1",
   "island7_elite2",
   "island7_elite3",
   "island7_elite4",
   "island7_elite5",
   "island7_elite6",
   "island7_elite7"
  ],
  "member_rank_ic_1_by_slot": {
   "island0_elite0": {
    "rank_ic_1": 0.0010773502530716697,
    "n_days": 1240
   },
   "island0_elite1": {
    "rank_ic_1": 0.0032681984696967346,
    "n_days": 1245
   },
   "island0_elite2": {
    "rank_ic_1": 0.0036111444335500983,
    "n_days": 1250
   },
   "island0_elite3": {
    "rank_ic_1": 0.004929502518029923,
    "n_days": 1250
   },
   "island0_elite4": {
    "rank_ic_1": 0.005063886249381189,
    "n_days": 1250
   },
   "island0_elite5": {
    "rank_ic_1": 0.0037987174032894696,
    "n_days": 1240
   },
   "island0_elite6": {
    "rank_ic_1": 0.0052451539872332194,
    "n_days": 1250
   },
   "island0_elite7": {
    "rank_ic_1": 0.004173100928346767,
    "n_days": 1230
   },
   "island1_elite0": {
    "rank_ic_1": 0.0023267345362154423,
    "n_days": 1245
   },
   "island1_elite1": {
    "rank_ic_1": 0.0037019917779375347,
    "n_days": 1250
   },
   "island1_elite2": {
    "rank_ic_1": 0.002800613808080106,
    "n_days": 1250
   },
   "island1_elite3": {
    "rank_ic_1": -0.001782532730755786,
    "n_days": 1250
   },
   "island1_elite4": {
    "rank_ic_1": -0.006144751406852881,
    "n_days": 1250
   },
   "island1_elite5": {
    "rank_ic_1": -0.0037195347925733846,
    "n_days": 1245
   },
   "island1_elite6": {
    "rank_ic_1": -0.001923430785495595,
    "n_days": 1245
   },
   "island1_elite7": {
    "rank_ic_1": -0.0013093324334369858,
    "n_days": 1241
   },
   "island2_elite0": {
    "rank_ic_1": 3.608204731707866e-05,
    "n_days": 1245
   },
   "island2_elite1": {
    "rank_ic_1": -0.0024259371700821727,
    "n_days": 1245
   },
   "island2_elite2": {
    "rank_ic_1": 0.0006086673519765541,
    "n_days": 1231
   },
   "island2_elite3": {
    "rank_ic_1": -0.0005453047500565267,
    "n_days": 1250
   },
   "island2_elite4": {
    "rank_ic_1": -0.0018494126551258827,
    "n_days": 1245
   },
   "island2_elite5": {
    "rank_ic_1": -0.0013912656929652247,
    "n_days": 1245
   },
   "island2_elite6": {
    "rank_ic_1": 0.0006746997864609192,
    "n_days": 1245
   },
   "island2_elite7": {
    "rank_ic_1": -0.00374724319903915,
    "n_days": 1240
   },
   "island3_elite0": {
    "rank_ic_1": 0.0016605414537492354,
    "n_days": 1250
   },
   "island3_elite1": {
    "rank_ic_1": 0.006403068763665091,
    "n_days": 1250
   },
   "island3_elite2": {
    "rank_ic_1": 0.004872308490502187,
    "n_days": 1250
   },
   "island3_elite3": {
    "rank_ic_1": 0.004722946518717832,
    "n_days": 1250
   },
   "island3_elite4": {
    "rank_ic_1": 0.008108184086077955,
    "n_days": 1250
   },
   "island3_elite5": {
    "rank_ic_1": 0.006919046582039348,
    "n_days": 1250
   },
   "island3_elite6": {
    "rank_ic_1": 0.006723316091611737,
    "n_days": 1250
   },
   "island3_elite7": {
    "rank_ic_1": 0.01117216217423818,
    "n_days": 1250
   },
   "island4_elite0": {
    "rank_ic_1": 0.005215010023043268,
    "n_days": 1199
   },
   "island4_elite1": {
    "rank_ic_1": 0.0070551668871802675,
    "n_days": 1194
   },
   "island4_elite2": {
    "rank_ic_1": 0.00511515267321932,
    "n_days": 1193
   },
   "island4_elite3": {
    "rank_ic_1": 0.0024630525023287514,
    "n_days": 1197
   },
   "island4_elite4": {
    "rank_ic_1": 0.0057121236618180036,
    "n_days": 1194
   },
   "island4_elite5": {
    "rank_ic_1": -0.0006452032133344884,
    "n_days": 1227
   },
   "island4_elite6": {
    "rank_ic_1": 0.009590675413799975,
    "n_days": 1207
   },
   "island4_elite7": {
    "rank_ic_1": 0.0067997799198021795,
    "n_days": 1186
   },
   "island5_elite0": {
    "rank_ic_1": -0.0019545003163230165,
    "n_days": 1236
   },
   "island5_elite1": {
    "rank_ic_1": -0.002713329426465764,
    "n_days": 1231
   },
   "island5_elite2": {
    "rank_ic_1": 0.0048534560935943735,
    "n_days": 1245
   },
   "island5_elite3": {
    "rank_ic_1": 0.008106861164777284,
    "n_days": 1236
   },
   "island5_elite4": {
    "rank_ic_1": 0.006764284351151997,
    "n_days": 1250
   },
   "island5_elite5": {
    "rank_ic_1": 0.006864580738885802,
    "n_days": 1236
   },
   "island5_elite6": {
    "rank_ic_1": 0.007141171090594875,
    "n_days": 1237
   },
   "island5_elite7": {
    "rank_ic_1": 0.006566969844875665,
    "n_days": 1223
   },
   "island6_elite0": {
    "rank_ic_1": 0.011232677936817545,
    "n_days": 1235
   },
   "island6_elite1": {
    "rank_ic_1": 0.006195240053900793,
    "n_days": 1205
   },
   "island6_elite2": {
    "rank_ic_1": 0.009370061309878533,
    "n_days": 1220
   },
   "island6_elite3": {
    "rank_ic_1": 0.00676975148737838,
    "n_days": 1214
   },
   "island6_elite4": {
    "rank_ic_1": 0.009932391828705792,
    "n_days": 1245
   },
   "island6_elite5": {
    "rank_ic_1": 0.012681191926470504,
    "n_days": 1210
   },
   "island6_elite6": {
    "rank_ic_1": 0.012251120643608553,
    "n_days": 1230
   },
   "island6_elite7": {
    "rank_ic_1": 0.007917036353523844,
    "n_days": 1230
   },
   "island7_elite0": {
    "rank_ic_1": 0.0033579886387835175,
    "n_days": 1211
   },
   "island7_elite1": {
    "rank_ic_1": 0.0007383254729194958,
    "n_days": 1225
   },
   "island7_elite2": {
    "rank_ic_1": -0.0036877039437825617,
    "n_days": 1250
   },
   "island7_elite3": {
    "rank_ic_1": -0.005114239814942803,
    "n_days": 1230
   },
   "island7_elite4": {
    "rank_ic_1": -0.006142456240928174,
    "n_days": 1235
   },
   "island7_elite5": {
    "rank_ic_1": -0.009600006173180305,
    "n_days": 1245
   },
   "island7_elite6": {
    "rank_ic_1": -0.004469960976693816,
    "n_days": 1220
   },
   "island7_elite7": {
    "rank_ic_1": -0.001532683965031864,
    "n_days": 1183
   }
  },
  "day_pooled_mean_member_rank_ic_1": 0.0029835558769425712,
  "ensemble_rank_ic_1": 0.005697660378998968,
  "ensemble_minus_mean_member": 0.0027141045020563966,
  "dropped_member_days": 0,
  "incomplete_member_rows": 0,
  "global_best_matched_days": 1175
 }
}
