# realized: sidecar RET_raw (param RET_CS)
# row mapping verified on generations [0, 150, 299], all 50 stocks: file row i -> panel row tw*step + 2 + i (tw = g + num_training_windows + V)
# stitched 1500 days from 300 generations (300*step = 1500); 2019-01-04 .. 2024-12-18 (panel rows 3571..5070, contiguous)
# ensemble: diverse (N=8, elite_rank <= 3, greedy min-max-similarity, target-free), combine=rank_mean, over 300 generations
# scoring 1250 days from 2020-01-02 to 2024-12-18 (--score-from 2020-01-01)
# book: sleeves, H=10, top-k 10, beta-neutral off
# book costs: TC/PRC from the panel, charged on netted traded notional

period    who     days  pearsonIC  rankIC@1  rankIC@5  rankIC@10      net%   sharpe     MDD% turnover    cost%
2020      model    253  +0.0109   +0.0090   +0.0260   +0.0148     +8.74    +0.47    21.49   0.1382     1.63
2020      naive    253  -0.0109   -0.0185   -0.0301   -0.0287    -14.23    -1.24    25.99   0.1558     1.85
2021      model    252  +0.0192   +0.0179   +0.0149   +0.0130     +5.04    +0.36    10.23   0.1302     1.35
2021      naive    252  -0.0289   -0.0382   -0.0348   -0.0174     -6.73    -1.03    10.36   0.1581     1.71
2022      model    251  +0.0034   +0.0047   +0.0119   +0.0068     +3.37    +0.19    13.70   0.1256     1.10
2022      naive    251  -0.0118   -0.0098   -0.0104   -0.0241     -9.08    -1.36     9.95   0.1568     1.40
2023      model    250  +0.0142   +0.0127   +0.0425   +0.0478    +22.69    +2.24     5.13   0.1314     0.91
2023      naive    250  -0.0165   -0.0135   -0.0051   -0.0071     -3.61    -0.74     7.60   0.1607     1.16
2024      model    244  +0.0071   +0.0057   +0.0199   +0.0109     -1.66    -0.15     8.83   0.1387     1.05
2024      naive    244  -0.0090   -0.0064   -0.0313   -0.0313    -12.33    -2.54    12.78   0.1593     1.23
overall   model   1250  +0.0110   +0.0100   +0.0231   +0.0187    +38.18    +0.52    21.49   0.1328     6.04
overall   naive   1250  -0.0155   -0.0174   -0.0223   -0.0216    -45.98    -1.27    52.44   0.1582     7.36

# model overall: pearson IC +0.0110 (SE 0.0063, t +1.76); rank IC +0.0100 (SE 0.0064, t +1.57); rebalances 1250, avg holding 10.0 days
# naive overall: pearson IC -0.0155 (SE 0.0068, t -2.26); rank IC -0.0174 (SE 0.0069, t -2.53); rebalances 1250, avg holding 10.0 days
# rank IC by horizon (overall): h=1:+0.0100  h=2:+0.0162  h=3:+0.0212  h=4:+0.0210  h=5:+0.0231  h=6:+0.0223  h=7:+0.0218  h=8:+0.0215  h=9:+0.0200  h=10:+0.0187
#   naive                     : h=1:-0.0174  h=2:-0.0222  h=3:-0.0250  h=4:-0.0263  h=5:-0.0223  h=6:-0.0215  h=7:-0.0200  h=8:-0.0219  h=9:-0.0215  h=10:-0.0216

# members/day: mean 8.00 (min 8, max 8); per generation mean 8.00 (min 8, max 8)
# member dispersion (mean pairwise Spearman of member cross-sections, per day, n=1250):
#     mean +0.0883   p10 -0.0215   p50 +0.0720   p90 +0.2195
# per-member rank IC@1 over 32 member slots (each stitched over its own 308 days):
#     mean +0.0035   sd 0.0101   min -0.0138   max +0.0286
# ensemble rank IC@1 +0.0100  vs  day-pooled mean member +0.0038  (ensemble - member = +0.0063)
# row-alignment cross-check: the wide file's global_best column is reproduced by some elite on 1136/1250 scored days
# wrote /anvil/scratch/x-jchang5/probe1/diverse/set3_seed44/ensemble_diagnostics.csv
# wrote /anvil/scratch/x-jchang5/probe1/diverse/set3_seed44/ensemble_stitched_predictions.csv
# wrote /anvil/scratch/x-jchang5/probe1/diverse/set3_seed44/ensemble_book_daily.csv
# wrote /anvil/scratch/x-jchang5/probe1/diverse/set3_seed44/ensemble_rolling_rank_ic.csv
{
 "meta": {
  "run_dir": "/anvil/scratch/x-jchang5/results_v2/C7_E/set3_seed44",
  "param": "RET_CS",
  "realized": "sidecar RET_raw",
  "realized_mode": "auto",
  "generations": 300,
  "row_offset": 2,
  "stitched_days": 1500,
  "scored_days": 1250,
  "first_scored_date": "2020-01-02",
  "last_scored_date": "2024-12-18",
  "score_from": "2020-01-01",
  "top_k": 10,
  "cost_bps": null,
  "book": "sleeves",
  "hold_days": 10,
  "beta_neutral": false,
  "beta_window": null,
  "ensemble": "diverse",
  "combine": "rank_mean",
  "top_n": 8,
  "diverse_gate": 3
 },
 "summary": {
  "2020": {
   "model": {
    "n_days": 253,
    "pearson_ic": 0.010943387777121323,
    "pearson_se": 0.01452710804090588,
    "pearson_t": 0.7533080738648459,
    "rank_ic_1": 0.009003155844865506,
    "rank_ic_se": 0.01458302190338604,
    "rank_ic_t": 0.6173724420433778,
    "rank_ic_5": 0.02603058688369012,
    "rank_ic_10": 0.01477952940451747,
    "net_pct": 8.743961709557153,
    "sharpe": 0.4653061353582134,
    "mdd_pct": 21.490568199769836,
    "cost_pct": 1.6301397282635905,
    "turnover": 0.13822661358734847
   },
   "naive": {
    "n_days": 253,
    "pearson_ic": -0.010943810219859252,
    "pearson_se": 0.01767592636795267,
    "pearson_t": -0.6191364453577337,
    "rank_ic_1": -0.01852586935702776,
    "rank_ic_se": 0.017904541221858677,
    "rank_ic_t": -1.0347022650549982,
    "rank_ic_5": -0.030072809823080894,
    "rank_ic_10": -0.028723302784637715,
    "net_pct": -14.230176510708597,
    "sharpe": -1.2435638946071954,
    "mdd_pct": 25.99372403535994,
    "cost_pct": 1.8534276741104776,
    "turnover": 0.15582544064146295
   }
  },
  "2021": {
   "model": {
    "n_days": 252,
    "pearson_ic": 0.01924584104453522,
    "pearson_se": 0.01447920272428988,
    "pearson_t": 1.3292058555302197,
    "rank_ic_1": 0.017948960147995612,
    "rank_ic_se": 0.014767108813010398,
    "rank_ic_t": 1.215468808097485,
    "rank_ic_5": 0.014937444556634311,
    "rank_ic_10": 0.013003693346193007,
    "net_pct": 5.0440738044257385,
    "sharpe": 0.35966363355762593,
    "mdd_pct": 10.22996846757798,
    "cost_pct": 1.3479106167942834,
    "turnover": 0.13015640436057813
   },
   "naive": {
    "n_days": 252,
    "pearson_ic": -0.028871269637794676,
    "pearson_se": 0.015888336572490346,
    "pearson_t": -1.817136080046508,
    "rank_ic_1": -0.03821253284176137,
    "rank_ic_se": 0.015884140451871333,
    "rank_ic_t": -2.4057035353939784,
    "rank_ic_5": -0.03480849431979277,
    "rank_ic_10": -0.017428231986457002,
    "net_pct": -6.729330719595642,
    "sharpe": -1.0274566231032223,
    "mdd_pct": 10.356015488129,
    "cost_pct": 1.713191434624156,
    "turnover": 0.15810736612398493
   }
  },
  "2022": {
   "model": {
    "n_days": 251,
    "pearson_ic": 0.00337441012150783,
    "pearson_se": 0.015847973543656833,
    "pearson_t": 0.21292376039196764,
    "rank_ic_1": 0.004705512358103868,
    "rank_ic_se": 0.016136835741817148,
    "rank_ic_t": 0.2916006851275036,
    "rank_ic_5": 0.011948535378623618,
    "rank_ic_10": 0.006840481460044889,
    "net_pct": 3.3655664819824036,
    "sharpe": 0.19383275531548003,
    "mdd_pct": 13.701179873784561,
    "cost_pct": 1.0989457741875912,
    "turnover": 0.12556035353025138
   },
   "naive": {
    "n_days": 251,
    "pearson_ic": -0.011762518245660629,
    "pearson_se": 0.015742271447147196,
    "pearson_t": -0.7471932043067536,
    "rank_ic_1": -0.009806596974521298,
    "rank_ic_se": 0.016237918395632673,
    "rank_ic_t": -0.603931904052361,
    "rank_ic_5": -0.010377403652271563,
    "rank_ic_10": -0.024145823647370213,
    "net_pct": -9.079650812588138,
    "sharpe": -1.3587834350582135,
    "mdd_pct": 9.947350656327686,
    "cost_pct": 1.403595325959124,
    "turnover": 0.1568471538188089
   }
  },
  "2023": {
   "model": {
    "n_days": 250,
    "pearson_ic": 0.014222400578108535,
    "pearson_se": 0.012354108947142233,
    "pearson_t": 1.1512283596461625,
    "rank_ic_1": 0.012730714132554466,
    "rank_ic_se": 0.012786054138498218,
    "rank_ic_t": 0.9956718464238998,
    "rank_ic_5": 0.04254354785870157,
    "rank_ic_10": 0.047776311317307196,
    "net_pct": 22.68539463075472,
    "sharpe": 2.237526987019987,
    "mdd_pct": 5.126648994408518,
    "cost_pct": 0.9109003582686647,
    "turnover": 0.13143994359551642
   },
   "naive": {
    "n_days": 250,
    "pearson_ic": -0.016495936622839002,
    "pearson_se": 0.01263252808961227,
    "pearson_t": -1.305830195335454,
    "rank_ic_1": -0.013540840443610928,
    "rank_ic_se": 0.012370491482989123,
    "rank_ic_t": -1.0946081214502408,
    "rank_ic_5": -0.005128755157720672,
    "rank_ic_10": -0.00708999856889018,
    "net_pct": -3.6058666109338424,
    "sharpe": -0.738973953615125,
    "mdd_pct": 7.600418381024553,
    "cost_pct": 1.1622597048611827,
    "turnover": 0.16070725190854432
   }
  },
  "2024": {
   "model": {
    "n_days": 244,
    "pearson_ic": 0.007139850759007652,
    "pearson_se": 0.012445827876108317,
    "pearson_t": 0.5736742328498449,
    "rank_ic_1": 0.005707154004814635,
    "rank_ic_se": 0.013131335640295406,
    "rank_ic_t": 0.4346209830553265,
    "rank_ic_5": 0.0199080926414994,
    "rank_ic_10": 0.010920704942725248,
    "net_pct": -1.656430363249849,
    "sharpe": -0.1472623080570611,
    "mdd_pct": 8.82596960517125,
    "cost_pct": 1.052614789683273,
    "turnover": 0.13873130896436936
   },
   "naive": {
    "n_days": 244,
    "pearson_ic": -0.009014432854756796,
    "pearson_se": 0.013903231465444995,
    "pearson_t": -0.6483696166003717,
    "rank_ic_1": -0.0064445861164837935,
    "rank_ic_se": 0.013751235859469583,
    "rank_ic_t": -0.46865504906934063,
    "rank_ic_5": -0.03125465738115839,
    "rank_ic_10": -0.03125940168629774,
    "net_pct": -12.331885608174536,
    "sharpe": -2.539883504547272,
    "mdd_pct": 12.782435598371473,
    "cost_pct": 1.2283903435557173,
    "turnover": 0.15933739362373647
   }
  },
  "overall": {
   "model": {
    "n_days": 1250,
    "pearson_ic": 0.011010663776846424,
    "pearson_se": 0.006260873509431234,
    "pearson_t": 1.758646578669928,
    "rank_ic_1": 0.010045795278594661,
    "rank_ic_se": 0.006408662044717039,
    "rank_ic_t": 1.5675339421082255,
    "rank_ic_5": 0.023084178241183962,
    "rank_ic_10": 0.018729698630074162,
    "net_pct": 38.18256626347009,
    "sharpe": 0.5208827286276974,
    "mdd_pct": 21.490568199769836,
    "cost_pct": 6.0405112671974095,
    "turnover": 0.13279745692699463,
    "n_rebalances": 1250,
    "avg_holding_days": 10.0
   },
   "naive": {
    "n_days": 1250,
    "pearson_ic": -0.015456193429023907,
    "pearson_se": 0.006833118437895536,
    "pearson_t": -2.2619530993793378,
    "rank_ic_1": -0.017388598549905227,
    "rank_ic_se": 0.006877051272590167,
    "rank_ic_t": -2.5284962785156027,
    "rank_ic_5": -0.02228587185510077,
    "rank_ic_10": -0.021626084479526964,
    "net_pct": -45.9769102620007,
    "sharpe": -1.2658716318840146,
    "mdd_pct": 52.43915823915658,
    "cost_pct": 7.360864483110657,
    "turnover": 0.15815253230030657,
    "n_rebalances": 1250,
    "avg_holding_days": 10.0
   }
  }
 },
 "horizon_rank_ic": {
  "model": {
   "1": 0.010045795278594661,
   "2": 0.016187646463381358,
   "3": 0.021208347422934454,
   "4": 0.020970015515793063,
   "5": 0.023084178241183962,
   "6": 0.022340699400235847,
   "7": 0.021802716450521755,
   "8": 0.021515177471456523,
   "9": 0.0200198904241974,
   "10": 0.018729698630074162
  },
  "naive": {
   "1": -0.017388598549905227,
   "2": -0.022214097694374824,
   "3": -0.0249708583543579,
   "4": -0.026296083207611114,
   "5": -0.02228587185510077,
   "6": -0.021487893652586635,
   "7": -0.019958318581188808,
   "8": -0.021936249806890965,
   "9": -0.021485113457294636,
   "10": -0.021626084479526964
  }
 },
 "diagnostics": {
  "members_per_day": {
   "mean": 8.0,
   "min": 8,
   "max": 8
  },
  "members_per_generation": {
   "mean": 8.0,
   "min": 8,
   "max": 8
  },
  "dispersion": {
   "n_days": 1250,
   "mean": 0.08827480032045852,
   "p10": -0.021530378526650993,
   "p50": 0.07195319795082201,
   "p90": 0.219468930440786
  },
  "member_rank_ic_1": {
   "n_slots": 32,
   "mean": 0.0034673352048381523,
   "sd": 0.01011432497322053,
   "min": -0.013772061985547344,
   "max": 0.028571516030157743,
   "mean_days_per_slot": 308.1875
  },
  "member_slots": [
   "island0_elite0",
   "island0_elite1",
   "island0_elite2",
   "island0_elite3",
   "island1_elite0",
   "island1_elite1",
   "island1_elite2",
   "island1_elite3",
   "island2_elite0",
   "island2_elite1",
   "island2_elite2",
   "island2_elite3",
   "island3_elite0",
   "island3_elite1",
   "island3_elite2",
   "island3_elite3",
   "island4_elite0",
   "island4_elite1",
   "island4_elite2",
   "island4_elite3",
   "island5_elite0",
   "island5_elite1",
   "island5_elite2",
   "island5_elite3",
   "island6_elite0",
   "island6_elite1",
   "island6_elite2",
   "island6_elite3",
   "island7_elite0",
   "island7_elite1",
   "island7_elite2",
   "island7_elite3"
  ],
  "member_rank_ic_1_by_slot": {
   "island0_elite0": {
    "rank_ic_1": 0.02260131633477115,
    "n_days": 385
   },
   "island0_elite1": {
    "rank_ic_1": 0.0016427381207193194,
    "n_days": 238
   },
   "island0_elite2": {
    "rank_ic_1": -0.005223725933590314,
    "n_days": 220
   },
   "island0_elite3": {
    "rank_ic_1": 0.010187199375662358,
    "n_days": 283
   },
   "island1_elite0": {
    "rank_ic_1": -0.005425917941902443,
    "n_days": 438
   },
   "island1_elite1": {
    "rank_ic_1": -0.0012423170777916424,
    "n_days": 330
   },
   "island1_elite2": {
    "rank_ic_1": 0.0035657010567396773,
    "n_days": 315
   },
   "island1_elite3": {
    "rank_ic_1": 0.005956545931794041,
    "n_days": 275
   },
   "island2_elite0": {
    "rank_ic_1": 0.001034279700298464,
    "n_days": 534
   },
   "island2_elite1": {
    "rank_ic_1": 0.0002343324129048436,
    "n_days": 230
   },
   "island2_elite2": {
    "rank_ic_1": -0.013096847996373838,
    "n_days": 200
   },
   "island2_elite3": {
    "rank_ic_1": 0.002937658175611565,
    "n_days": 230
   },
   "island3_elite0": {
    "rank_ic_1": -0.004235313346533262,
    "n_days": 431
   },
   "island3_elite1": {
    "rank_ic_1": 0.0124832135426832,
    "n_days": 165
   },
   "island3_elite2": {
    "rank_ic_1": -0.010789781507046443,
    "n_days": 204
   },
   "island3_elite3": {
    "rank_ic_1": -0.006625960775284457,
    "n_days": 260
   },
   "island4_elite0": {
    "rank_ic_1": 0.014397807381025448,
    "n_days": 514
   },
   "island4_elite1": {
    "rank_ic_1": 0.012049120019196311,
    "n_days": 335
   },
   "island4_elite2": {
    "rank_ic_1": 0.016882716294634288,
    "n_days": 279
   },
   "island4_elite3": {
    "rank_ic_1": 0.006866858807185423,
    "n_days": 255
   },
   "island5_elite0": {
    "rank_ic_1": -0.0011611917835844378,
    "n_days": 449
   },
   "island5_elite1": {
    "rank_ic_1": 0.007101919031075081,
    "n_days": 238
   },
   "island5_elite2": {
    "rank_ic_1": 0.005671862423369702,
    "n_days": 280
   },
   "island5_elite3": {
    "rank_ic_1": 0.028571516030157743,
    "n_days": 282
   },
   "island6_elite0": {
    "rank_ic_1": 0.005537518079666126,
    "n_days": 461
   },
   "island6_elite1": {
    "rank_ic_1": -0.009886510804814447,
    "n_days": 220
   },
   "island6_elite2": {
    "rank_ic_1": 0.000347996730372605,
    "n_days": 160
   },
   "island6_elite3": {
    "rank_ic_1": 0.017651985715645576,
    "n_days": 200
   },
   "island7_elite0": {
    "rank_ic_1": 0.007591450633701165,
    "n_days": 624
   },
   "island7_elite1": {
    "rank_ic_1": -0.013772061985547344,
    "n_days": 335
   },
   "island7_elite2": {
    "rank_ic_1": 0.004245912377341838,
    "n_days": 205
   },
   "island7_elite3": {
    "rank_ic_1": -0.005145292467266436,
    "n_days": 287
   }
  },
  "day_pooled_mean_member_rank_ic_1": 0.003764297339736824,
  "ensemble_rank_ic_1": 0.010045795278594661,
  "ensemble_minus_mean_member": 0.006281497938857837,
  "dropped_member_days": 0,
  "incomplete_member_rows": 0,
  "global_best_matched_days": 1136
 }
}
