8isl set1_seed42 2020 -36.98
8isl set1_seed42 2021 +14.71
8isl set1_seed42 2022 +21.71
8isl set1_seed42 2023 +21.44
8isl set1_seed42 2024 +12.27
8isl set1_seed42 2022-24 +60.37
8isl set1_seed42 2020-24 +35.03
8isl set1_seed43 2020 +7.83
8isl set1_seed43 2021 +14.00
8isl set1_seed43 2022 +9.07
8isl set1_seed43 2023 +16.04
8isl set1_seed43 2024 +4.41
8isl set1_seed43 2022-24 +31.30
8isl set1_seed43 2020-24 +63.64
8isl set1_seed44 2020 -8.28
8isl set1_seed44 2021 +6.41
8isl set1_seed44 2022 +16.80
8isl set1_seed44 2023 -0.82
8isl set1_seed44 2024 -14.77
8isl set1_seed44 2022-24 +4.26
8isl set1_seed44 2020-24 +3.60
8isl set2_seed42 2020 +11.45
8isl set2_seed42 2021 +17.50
8isl set2_seed42 2022 -2.12
8isl set2_seed42 2023 +33.65
8isl set2_seed42 2024 -4.30
8isl set2_seed42 2022-24 +24.91
8isl set2_seed42 2020-24 +54.62
8isl set2_seed43 2020 +5.19
8isl set2_seed43 2021 -11.44
8isl set2_seed43 2022 +16.56
8isl set2_seed43 2023 +24.77
8isl set2_seed43 2024 +26.34
8isl set2_seed43 2022-24 +65.26
8isl set2_seed43 2020-24 +52.91
8isl set2_seed44 2020 +38.59
8isl set2_seed44 2021 +19.51
8isl set2_seed44 2022 +8.81
8isl set2_seed44 2023 +7.29
8isl set2_seed44 2024 +29.20
8isl set2_seed44 2022-24 +41.81
8isl set2_seed44 2020-24 +98.62
8isl set3_seed42 2020 +23.17
8isl set3_seed42 2021 +13.26
8isl set3_seed42 2022 -0.44
8isl set3_seed42 2023 +12.34
8isl set3_seed42 2024 -8.76
8isl set3_seed42 2022-24 +13.83
8isl set3_seed42 2020-24 +55.62
8isl set3_seed43 2020 +35.05
8isl set3_seed43 2021 +0.88
8isl set3_seed43 2022 +8.58
8isl set3_seed43 2023 +9.50
8isl set3_seed43 2024 -13.98
8isl set3_seed43 2022-24 +6.47
8isl set3_seed43 2020-24 +29.86
8isl set3_seed44 2020 +20.19
8isl set3_seed44 2021 +5.97
8isl set3_seed44 2022 +8.96
8isl set3_seed44 2023 +27.08
8isl set3_seed44 2024 -20.14
8isl set3_seed44 2022-24 +15.17
8isl set3_seed44 2020-24 +36.88
8isl set4_seed42 2020 +19.44
8isl set4_seed42 2021 +15.72
8isl set4_seed42 2022 +9.03
8isl set4_seed42 2023 +32.83
8isl set4_seed42 2024 +10.70
8isl set4_seed42 2022-24 +58.22
8isl set4_seed42 2020-24 +97.88
8isl set4_seed43 2020 +3.47
8isl set4_seed43 2021 +10.01
8isl set4_seed43 2022 +18.69
8isl set4_seed43 2023 +20.90
8isl set4_seed43 2024 +5.85
8isl set4_seed43 2022-24 +47.45
8isl set4_seed43 2020-24 +56.77
8isl set4_seed44 2020 +11.16
8isl set4_seed44 2021 +17.55
8isl set4_seed44 2022 +8.28
8isl set4_seed44 2023 +34.20
8isl set4_seed44 2024 +11.33
8isl set4_seed44 2022-24 +58.29
8isl set4_seed44 2020-24 +77.73
8isl set1_seed45 2020 +15.67
8isl set1_seed45 2021 +15.37
8isl set1_seed45 2022 +14.46
8isl set1_seed45 2023 -2.55
8isl set1_seed45 2024 +0.72
8isl set1_seed45 2022-24 +14.70
8isl set1_seed45 2020-24 +49.12
8isl set1_seed46 2020 -13.31
8isl set1_seed46 2021 +14.85
8isl set1_seed46 2022 +26.00
8isl set1_seed46 2023 -8.06
8isl set1_seed46 2024 -1.75
8isl set1_seed46 2022-24 +7.43
8isl set1_seed46 2020-24 +7.45
8isl set1_seed47 2020 +1.09
8isl set1_seed47 2021 +10.87
8isl set1_seed47 2022 +22.20
8isl set1_seed47 2023 -4.39
8isl set1_seed47 2024 -3.65
8isl set1_seed47 2022-24 +9.97
8isl set1_seed47 2020-24 +22.87
8isl set2_seed45 2020 +18.01
8isl set2_seed45 2021 +21.10
8isl set2_seed45 2022 +7.22
8isl set2_seed45 2023 +14.98
8isl set2_seed45 2024 +22.63
8isl set2_seed45 2022-24 +44.07
8isl set2_seed45 2020-24 +83.81
8isl set2_seed46 2020 +29.31
8isl set2_seed46 2021 +24.06
8isl set2_seed46 2022 +4.86
8isl set2_seed46 2023 +5.61
8isl set2_seed46 2024 +21.20
8isl set2_seed46 2022-24 +34.73
8isl set2_seed46 2020-24 +77.32
8isl set2_seed47 2020 +14.71
8isl set2_seed47 2021 +10.36
8isl set2_seed47 2022 -0.08
8isl set2_seed47 2023 -8.92
8isl set2_seed47 2024 +19.14
8isl set2_seed47 2022-24 +12.91
8isl set2_seed47 2020-24 +38.56
8isl set3_seed45 2020 +16.62
8isl set3_seed45 2021 -3.72
8isl set3_seed45 2022 +10.56
8isl set3_seed45 2023 +21.46
8isl set3_seed45 2024 -18.61
8isl set3_seed45 2022-24 +21.13
8isl set3_seed45 2020-24 +40.80
8isl set3_seed46 2020 +37.97
8isl set3_seed46 2021 +4.56
8isl set3_seed46 2022 -18.83
8isl set3_seed46 2023 -3.03
8isl set3_seed46 2024 +2.14
8isl set3_seed46 2022-24 -16.82
8isl set3_seed46 2020-24 +25.43
8isl set3_seed47 2020 +24.36
8isl set3_seed47 2021 +1.66
8isl set3_seed47 2022 -4.23
8isl set3_seed47 2023 +34.90
8isl set3_seed47 2024 +1.08
8isl set3_seed47 2022-24 +32.55
8isl set3_seed47 2020-24 +66.14
8isl set4_seed45 2020 +4.99
8isl set4_seed45 2021 +14.71
8isl set4_seed45 2022 +1.13
8isl set4_seed45 2023 +30.10
8isl set4_seed45 2024 +8.50
8isl set4_seed45 2022-24 +39.91
8isl set4_seed45 2020-24 +49.44
8isl set4_seed46 2020 +18.83
8isl set4_seed46 2021 +14.53
8isl set4_seed46 2022 +10.57
8isl set4_seed46 2023 +20.92
8isl set4_seed46 2024 +6.26
8isl set4_seed46 2022-24 +37.10
8isl set4_seed46 2020-24 +59.90
8isl set4_seed47 2020 +5.07
8isl set4_seed47 2021 +12.80
8isl set4_seed47 2022 +5.21
8isl set4_seed47 2023 +26.42
8isl set4_seed47 2024 +11.09
8isl set4_seed47 2022-24 +40.90
8isl set4_seed47 2020-24 +62.00
8isl set1_seed48 2020 -26.75
8isl set1_seed48 2021 +8.96
8isl set1_seed48 2022 +15.45
8isl set1_seed48 2023 +9.30
8isl set1_seed48 2024 -6.36
8isl set1_seed48 2022-24 +14.03
8isl set1_seed48 2020-24 -2.20
8isl set1_seed49 2020 -30.45
8isl set1_seed49 2021 -12.94
8isl set1_seed49 2022 -0.69
8isl set1_seed49 2023 +1.81
8isl set1_seed49 2024 -6.48
8isl set1_seed49 2022-24 -5.85
8isl set1_seed49 2020-24 -54.14
8isl set1_seed50 2020 -25.84
8isl set1_seed50 2021 +11.52
8isl set1_seed50 2022 +14.33
8isl set1_seed50 2023 +1.52
8isl set1_seed50 2024 +3.28
8isl set1_seed50 2022-24 +25.78
8isl set1_seed50 2020-24 +4.14
8isl set1_seed51 2020 -6.94
8isl set1_seed51 2021 +27.92
8isl set1_seed51 2022 +14.77
8isl set1_seed51 2023 +14.73
8isl set1_seed51 2024 -4.76
8isl set1_seed51 2022-24 +24.84
8isl set1_seed51 2020-24 +39.80
8isl set2_seed48 2020 +21.29
8isl set2_seed48 2021 +15.14
8isl set2_seed48 2022 +15.38
8isl set2_seed48 2023 +25.46
8isl set2_seed48 2024 +10.72
8isl set2_seed48 2022-24 +52.70
8isl set2_seed48 2020-24 +94.84
8isl set2_seed49 2020 +16.63
8isl set2_seed49 2021 +16.68
8isl set2_seed49 2022 +26.72
8isl set2_seed49 2023 +16.63
8isl set2_seed49 2024 -6.87
8isl set2_seed49 2022-24 +41.60
8isl set2_seed49 2020-24 +73.15
8isl set2_seed50 2020 +11.74
8isl set2_seed50 2021 -8.36
8isl set2_seed50 2022 +26.07
8isl set2_seed50 2023 +17.04
8isl set2_seed50 2024 +11.29
8isl set2_seed50 2022-24 +55.76
8isl set2_seed50 2020-24 +69.15
8isl set2_seed51 2020 -3.05
8isl set2_seed51 2021 -8.68
8isl set2_seed51 2022 +2.47
8isl set2_seed51 2023 -4.45
8isl set2_seed51 2024 +10.20
8isl set2_seed51 2022-24 +13.28
8isl set2_seed51 2020-24 -1.43
8isl set3_seed48 2020 +20.45
8isl set3_seed48 2021 +8.91
8isl set3_seed48 2022 +12.95
8isl set3_seed48 2023 +12.09
8isl set3_seed48 2024 -20.51
8isl set3_seed48 2022-24 +11.56
8isl set3_seed48 2020-24 +30.81
8isl set3_seed49 2020 +58.71
8isl set3_seed49 2021 +1.73
8isl set3_seed49 2022 +17.13
8isl set3_seed49 2023 +1.05
8isl set3_seed49 2024 -10.26
8isl set3_seed49 2022-24 +16.70
8isl set3_seed49 2020-24 +87.63
8isl set3_seed50 2020 +23.41
8isl set3_seed50 2021 -0.23
8isl set3_seed50 2022 -11.49
8isl set3_seed50 2023 +15.98
8isl set3_seed50 2024 -8.76
8isl set3_seed50 2022-24 -0.51
8isl set3_seed50 2020-24 +23.83
8isl set3_seed51 2020 +32.95
8isl set3_seed51 2021 +2.02
8isl set3_seed51 2022 -0.78
8isl set3_seed51 2023 +3.67
8isl set3_seed51 2024 -19.86
8isl set3_seed51 2022-24 -10.96
8isl set3_seed51 2020-24 +24.40
8isl set4_seed48 2020 +4.12
8isl set4_seed48 2021 +11.22
8isl set4_seed48 2022 +19.01
8isl set4_seed48 2023 +24.03
8isl set4_seed48 2024 -6.55
8isl set4_seed48 2022-24 +40.45
8isl set4_seed48 2020-24 +55.84
8isl set4_seed49 2020 +5.42
8isl set4_seed49 2021 +7.05
8isl set4_seed49 2022 -12.23
8isl set4_seed49 2023 +20.65
8isl set4_seed49 2024 +5.51
8isl set4_seed49 2022-24 +16.20
8isl set4_seed49 2020-24 +28.04
8isl set4_seed50 2020 +19.79
8isl set4_seed50 2021 +25.13
8isl set4_seed50 2022 +3.38
8isl set4_seed50 2023 +42.94
8isl set4_seed50 2024 +5.01
8isl set4_seed50 2022-24 +60.20
8isl set4_seed50 2020-24 +115.70
8isl set4_seed51 2020 +6.68
8isl set4_seed51 2021 +11.54
8isl set4_seed51 2022 +1.41
8isl set4_seed51 2023 +26.27
8isl set4_seed51 2024 +9.25
8isl set4_seed51 2022-24 +41.51
8isl set4_seed51 2020-24 +61.03
40isl set1_seed42 2020 -4.63
40isl set1_seed42 2021 +13.56
40isl set1_seed42 2022 +27.16
40isl set1_seed42 2023 +9.16
40isl set1_seed42 2024 +10.40
40isl set1_seed42 2022-24 +44.15
40isl set1_seed42 2020-24 +52.92
40isl set1_seed43 2020 -8.21
40isl set1_seed43 2021 +36.44
40isl set1_seed43 2022 +34.16
40isl set1_seed43 2023 +5.28
40isl set1_seed43 2024 -1.49
40isl set1_seed43 2022-24 +38.27
40isl set1_seed43 2020-24 +56.42
40isl set1_seed44 2020 +15.43
40isl set1_seed44 2021 +9.31
40isl set1_seed44 2022 +21.39
40isl set1_seed44 2023 +5.36
40isl set1_seed44 2024 +4.23
40isl set1_seed44 2022-24 +28.91
40isl set1_seed44 2020-24 +64.10
40isl set1_seed45 2020 +14.91
40isl set1_seed45 2021 +15.71
40isl set1_seed45 2022 +22.81
40isl set1_seed45 2023 +15.13
40isl set1_seed45 2024 +2.83
40isl set1_seed45 2022-24 +45.44
40isl set1_seed45 2020-24 +76.38
40isl set1_seed46 2020 +3.93
40isl set1_seed46 2021 +18.59
40isl set1_seed46 2022 +34.31
40isl set1_seed46 2023 +3.10
40isl set1_seed46 2024 -11.81
40isl set1_seed46 2022-24 +27.89
40isl set1_seed46 2020-24 +49.59
40isl set1_seed47 2020 -10.13
40isl set1_seed47 2021 +22.36
40isl set1_seed47 2022 +20.02
40isl set1_seed47 2023 +8.66
40isl set1_seed47 2024 -0.85
40isl set1_seed47 2022-24 +29.01
40isl set1_seed47 2020-24 +48.23
40isl set1_seed48 2020 -12.43
40isl set1_seed48 2021 +15.77
40isl set1_seed48 2022 +16.47
40isl set1_seed48 2023 +5.48
40isl set1_seed48 2024 +5.08
40isl set1_seed48 2022-24 +27.21
40isl set1_seed48 2020-24 +29.66
40isl set1_seed49 2020 +5.17
40isl set1_seed49 2021 +24.20
40isl set1_seed49 2022 +15.65
40isl set1_seed49 2023 +1.44
40isl set1_seed49 2024 -2.89
40isl set1_seed49 2022-24 +11.66
40isl set1_seed49 2020-24 +52.17
40isl set1_seed50 2020 +19.55
40isl set1_seed50 2021 +26.74
40isl set1_seed50 2022 +15.13
40isl set1_seed50 2023 +11.17
40isl set1_seed50 2024 -11.77
40isl set1_seed50 2022-24 +10.62
40isl set1_seed50 2020-24 +59.09
40isl set1_seed51 2020 +1.29
40isl set1_seed51 2021 +25.11
40isl set1_seed51 2022 +10.33
40isl set1_seed51 2023 +6.48
40isl set1_seed51 2024 -9.71
40isl set1_seed51 2022-24 +10.22
40isl set1_seed51 2020-24 +35.04
40isl set2_seed42 2020 +24.22
40isl set2_seed42 2021 -4.93
40isl set2_seed42 2022 +5.71
40isl set2_seed42 2023 +8.26
40isl set2_seed42 2024 +13.23
40isl set2_seed42 2022-24 +26.41
40isl set2_seed42 2020-24 +54.90
40isl set2_seed43 2020 +19.47
40isl set2_seed43 2021 +23.42
40isl set2_seed43 2022 +14.91
40isl set2_seed43 2023 +11.50
40isl set2_seed43 2024 +13.59
40isl set2_seed43 2022-24 +38.77
40isl set2_seed43 2020-24 +80.36
40isl set2_seed44 2020 +18.31
40isl set2_seed44 2021 +12.45
40isl set2_seed44 2022 +16.75
40isl set2_seed44 2023 +0.05
40isl set2_seed44 2024 +3.90
40isl set2_seed44 2022-24 +24.62
40isl set2_seed44 2020-24 +53.31
40isl set2_seed45 2020 +10.94
40isl set2_seed45 2021 +25.39
40isl set2_seed45 2022 -3.13
40isl set2_seed45 2023 +10.11
40isl set2_seed45 2024 +8.68
40isl set2_seed45 2022-24 +20.99
40isl set2_seed45 2020-24 +63.82
40isl set2_seed46 2020 +24.44
40isl set2_seed46 2021 +11.42
40isl set2_seed46 2022 +13.67
40isl set2_seed46 2023 +9.96
40isl set2_seed46 2024 +11.37
40isl set2_seed46 2022-24 +41.43
40isl set2_seed46 2020-24 +76.33
40isl set2_seed47 2020 -2.73
40isl set2_seed47 2021 +10.43
40isl set2_seed47 2022 +13.45
40isl set2_seed47 2023 +16.43
40isl set2_seed47 2024 +29.50
40isl set2_seed47 2022-24 +66.03
40isl set2_seed47 2020-24 +76.38
40isl set2_seed48 2020 +2.72
40isl set2_seed48 2021 +14.13
40isl set2_seed48 2022 +11.97
40isl set2_seed48 2023 -2.12
40isl set2_seed48 2024 +23.54
40isl set2_seed48 2022-24 +35.49
40isl set2_seed48 2020-24 +47.64
40isl set2_seed49 2020 +21.61
40isl set2_seed49 2021 +23.16
40isl set2_seed49 2022 +26.95
40isl set2_seed49 2023 +2.10
40isl set2_seed49 2024 +11.78
40isl set2_seed49 2022-24 +42.63
40isl set2_seed49 2020-24 +83.33
40isl set2_seed50 2020 +2.21
40isl set2_seed50 2021 +33.45
40isl set2_seed50 2022 +10.36
40isl set2_seed50 2023 +3.34
40isl set2_seed50 2024 +29.44
40isl set2_seed50 2022-24 +45.97
40isl set2_seed50 2020-24 +80.81
40isl set2_seed51 2020 +23.32
40isl set2_seed51 2021 +22.87
40isl set2_seed51 2022 +8.56
40isl set2_seed51 2023 +3.01
40isl set2_seed51 2024 +20.43
40isl set2_seed51 2022-24 +37.59
40isl set2_seed51 2020-24 +81.30
40isl set3_seed42 2020 +23.24
40isl set3_seed42 2021 +20.67
40isl set3_seed42 2022 +17.09
40isl set3_seed42 2023 +21.94
40isl set3_seed42 2024 -9.34
40isl set3_seed42 2022-24 +23.73
40isl set3_seed42 2020-24 +78.84
40isl set3_seed43 2020 +36.98
40isl set3_seed43 2021 +22.85
40isl set3_seed43 2022 -1.97
40isl set3_seed43 2023 +36.95
40isl set3_seed43 2024 -7.22
40isl set3_seed43 2022-24 +21.49
40isl set3_seed43 2020-24 +80.40
40isl set3_seed44 2020 +44.53
40isl set3_seed44 2021 +3.47
40isl set3_seed44 2022 +8.56
40isl set3_seed44 2023 +13.59
40isl set3_seed44 2024 -23.99
40isl set3_seed44 2022-24 -1.71
40isl set3_seed44 2020-24 +46.89
40isl set3_seed45 2020 +24.31
40isl set3_seed45 2021 +5.28
40isl set3_seed45 2022 -11.64
40isl set3_seed45 2023 +20.57
40isl set3_seed45 2024 +5.04
40isl set3_seed45 2022-24 +15.07
40isl set3_seed45 2020-24 +46.33
40isl set3_seed46 2020 +31.47
40isl set3_seed46 2021 +21.43
40isl set3_seed46 2022 +1.22
40isl set3_seed46 2023 +23.42
40isl set3_seed46 2024 +1.27
40isl set3_seed46 2022-24 +48.53
40isl set3_seed46 2020-24 +116.07
40isl set3_seed47 2020 +28.78
40isl set3_seed47 2021 +16.09
40isl set3_seed47 2022 +15.27
40isl set3_seed47 2023 +28.11
40isl set3_seed47 2024 -17.21
40isl set3_seed47 2022-24 +31.66
40isl set3_seed47 2020-24 +73.65
40isl set3_seed48 2020 +36.75
40isl set3_seed48 2021 +27.78
40isl set3_seed48 2022 +1.94
40isl set3_seed48 2023 +14.04
40isl set3_seed48 2024 -15.29
40isl set3_seed48 2022-24 +2.14
40isl set3_seed48 2020-24 +69.16
40isl set3_seed49 2020 +34.06
40isl set3_seed49 2021 +13.00
40isl set3_seed49 2022 +15.92
40isl set3_seed49 2023 +21.89
40isl set3_seed49 2024 -15.60
40isl set3_seed49 2022-24 +30.08
40isl set3_seed49 2020-24 +71.88
40isl set3_seed50 2020 +61.90
40isl set3_seed50 2021 +26.44
40isl set3_seed50 2022 +11.81
40isl set3_seed50 2023 +19.67
40isl set3_seed50 2024 -13.48
40isl set3_seed50 2022-24 +19.72
40isl set3_seed50 2020-24 +105.03
40isl set3_seed51 2020 +22.16
40isl set3_seed51 2021 +14.24
40isl set3_seed51 2022 +13.76
40isl set3_seed51 2023 +12.50
40isl set3_seed51 2024 -15.56
40isl set3_seed51 2022-24 +15.27
40isl set3_seed51 2020-24 +42.48
40isl set4_seed42 2020 -6.23
40isl set4_seed42 2021 +15.15
40isl set4_seed42 2022 +10.48
40isl set4_seed42 2023 +29.19
40isl set4_seed42 2024 +4.67
40isl set4_seed42 2022-24 +50.63
40isl set4_seed42 2020-24 +46.20
40isl set4_seed43 2020 +6.56
40isl set4_seed43 2021 +18.65
40isl set4_seed43 2022 +17.22
40isl set4_seed43 2023 +28.40
40isl set4_seed43 2024 +9.25
40isl set4_seed43 2022-24 +65.66
40isl set4_seed43 2020-24 +84.77
40isl set4_seed44 2020 +1.23
40isl set4_seed44 2021 +9.63
40isl set4_seed44 2022 +1.09
40isl set4_seed44 2023 +18.67
40isl set4_seed44 2024 +19.49
40isl set4_seed44 2022-24 +50.42
40isl set4_seed44 2020-24 +52.63
40isl set4_seed45 2020 +11.22
40isl set4_seed45 2021 -1.31
40isl set4_seed45 2022 +5.22
40isl set4_seed45 2023 +26.36
40isl set4_seed45 2024 +13.47
40isl set4_seed45 2022-24 +59.23
40isl set4_seed45 2020-24 +60.90
40isl set4_seed46 2020 -5.55
40isl set4_seed46 2021 +15.43
40isl set4_seed46 2022 +12.36
40isl set4_seed46 2023 +16.08
40isl set4_seed46 2024 +3.21
40isl set4_seed46 2022-24 +33.48
40isl set4_seed46 2020-24 +20.35
40isl set4_seed47 2020 -24.37
40isl set4_seed47 2021 +23.31
40isl set4_seed47 2022 +8.96
40isl set4_seed47 2023 +26.83
40isl set4_seed47 2024 +4.15
40isl set4_seed47 2022-24 +45.38
40isl set4_seed47 2020-24 +44.15
40isl set4_seed48 2020 +3.37
40isl set4_seed48 2021 +18.72
40isl set4_seed48 2022 +12.35
40isl set4_seed48 2023 +21.26
40isl set4_seed48 2024 +14.36
40isl set4_seed48 2022-24 +56.73
40isl set4_seed48 2020-24 +61.15
40isl set4_seed49 2020 -2.99
40isl set4_seed49 2021 +18.34
40isl set4_seed49 2022 +5.24
40isl set4_seed49 2023 +27.76
40isl set4_seed49 2024 +6.85
40isl set4_seed49 2022-24 +48.57
40isl set4_seed49 2020-24 +57.63
40isl set4_seed50 2020 -2.13
40isl set4_seed50 2021 +18.21
40isl set4_seed50 2022 +5.43
40isl set4_seed50 2023 +18.19
40isl set4_seed50 2024 +15.31
40isl set4_seed50 2022-24 +37.39
40isl set4_seed50 2020-24 +43.86
40isl set4_seed51 2020 +8.62
40isl set4_seed51 2021 +13.80
40isl set4_seed51 2022 +13.45
40isl set4_seed51 2023 +23.18
40isl set4_seed51 2024 +6.74
40isl set4_seed51 2022-24 +49.46
40isl set4_seed51 2020-24 +66.72
done 560
