hp_C0 set1_seed42 dnet +4.32
hp_C0 set1_seed43 dnet +16.76
hp_C0 set1_seed44 dnet +8.62
hp_C0 set2_seed42 dnet -2.76
hp_C0 set2_seed43 dnet +9.07
hp_C0 set2_seed44 dnet -12.75
hp_W1_S1_icgated set1_seed42 dnet -7.26
hp_W1_S1_icgated set1_seed43 dnet +21.73
hp_W1_S1_icgated set1_seed44 dnet +8.64
hp_W1_S1_icgated set2_seed42 dnet -5.73
hp_W1_S1_icgated set2_seed43 dnet -17.90
hp_W1_S1_icgated set2_seed44 dnet +3.76
hp_W1_S2_ic set1_seed42 dnet -0.62
hp_W1_S2_ic set1_seed43 dnet +17.67
hp_W1_S2_ic set1_seed44 dnet -8.85
hp_W1_S2_ic set2_seed42 dnet +0.12
hp_W1_S2_ic set2_seed43 dnet +2.75
hp_W1_S2_ic set2_seed44 dnet +5.81
hp_W1_T1_cs5 set1_seed42 dnet -6.86
hp_W1_T1_cs5 set1_seed43 dnet -1.01
hp_W1_T1_cs5 set1_seed44 dnet -8.48
hp_W1_T1_cs5 set2_seed42 dnet +6.39
hp_W1_T1_cs5 set2_seed43 dnet +16.86
hp_W1_T1_cs5 set2_seed44 dnet +20.32
hp_W1_TS_cs5_icg set1_seed42 dnet -2.95
hp_W1_TS_cs5_icg set1_seed43 dnet -18.90
hp_W1_TS_cs5_icg set1_seed44 dnet -23.94
hp_W1_TS_cs5_icg set2_seed42 dnet +16.15
hp_W1_TS_cs5_icg set2_seed43 dnet +27.49
hp_W1_TS_cs5_icg set2_seed44 dnet +12.78
hp_W2_F1_repop25 set1_seed42 dnet -1.92
hp_W2_F1_repop25 set1_seed43 dnet +36.91
hp_W2_F1_repop25 set1_seed44 dnet +4.84
hp_W2_F1_repop25 set2_seed42 dnet +16.75
hp_W2_F1_repop25 set2_seed43 dnet -9.59
hp_W2_F1_repop25 set2_seed44 dnet -4.81
hp_W2_F2_repop100 set1_seed42 dnet +19.16
hp_W2_F2_repop100 set1_seed43 dnet -2.36
hp_W2_F2_repop100 set1_seed44 dnet +11.85
hp_W2_F2_repop100 set2_seed42 dnet +19.56
hp_W2_F2_repop100 set2_seed43 dnet +9.40
hp_W2_F2_repop100 set2_seed44 dnet +0.19
hp_W2_G1_rounds2 set1_seed42 dnet +26.83
hp_W2_G1_rounds2 set1_seed43 dnet -19.24
hp_W2_G1_rounds2 set1_seed44 dnet +13.73
hp_W2_G1_rounds2 set2_seed42 dnet +5.98
hp_W2_G1_rounds2 set2_seed43 dnet +23.72
hp_W2_G1_rounds2 set2_seed44 dnet +14.83
hp_W2_N1_nts600 set1_seed42 dnet +8.85
hp_W2_N1_nts600 set1_seed43 dnet +7.34
hp_W2_N1_nts600 set1_seed44 dnet +4.62
hp_W2_N1_nts600 set2_seed42 dnet +1.55
hp_W2_N1_nts600 set2_seed43 dnet +32.31
hp_W2_N1_nts600 set2_seed44 dnet +22.34
hp_W2_R1_e5g10 set1_seed42 dnet -1.83
hp_W2_R1_e5g10 set1_seed43 dnet +22.38
hp_W2_R1_e5g10 set1_seed44 dnet +8.69
hp_W2_R1_e5g10 set2_seed42 dnet +19.66
hp_W2_R1_e5g10 set2_seed43 dnet +4.74
hp_W2_R1_e5g10 set2_seed44 dnet +3.90
hp_W2_R2_e5g15 set1_seed42 dnet +27.82
hp_W2_R2_e5g15 set1_seed43 dnet +27.30
hp_W2_R2_e5g15 set1_seed44 dnet +18.03
hp_W2_R2_e5g15 set2_seed42 dnet -11.76
hp_W2_R2_e5g15 set2_seed43 dnet +10.76
hp_W2_R2_e5g15 set2_seed44 dnet -5.63
hp_W3_B1_bp20 set1_seed42 dnet +20.46
hp_W3_B1_bp20 set1_seed43 dnet -1.75
hp_W3_B1_bp20 set1_seed44 dnet +1.52
hp_W3_B1_bp20 set2_seed42 dnet +11.86
hp_W3_B1_bp20 set2_seed43 dnet +29.18
hp_W3_B1_bp20 set2_seed44 dnet +13.98
hp_W3_P0_uniform set1_seed42 dnet +8.78
hp_W3_P0_uniform set1_seed43 dnet +20.48
hp_W3_P0_uniform set1_seed44 dnet -7.08
hp_W3_P0_uniform set2_seed42 dnet +14.91
hp_W3_P0_uniform set2_seed43 dnet +13.83
hp_W3_P0_uniform set2_seed44 dnet +4.72
hp_W3_P1_pa04 set1_seed42 dnet -0.94
hp_W3_P1_pa04 set1_seed43 dnet +8.01
hp_W3_P1_pa04 set1_seed44 dnet +8.94
hp_W3_P1_pa04 set2_seed42 dnet -5.85
hp_W3_P1_pa04 set2_seed43 dnet +14.37
hp_W3_P1_pa04 set2_seed44 dnet -0.44
hp_W3_P2_pa08 set1_seed42 dnet +7.40
hp_W3_P2_pa08 set1_seed43 dnet +10.86
hp_W3_P2_pa08 set1_seed44 dnet +2.38
hp_W3_P2_pa08 set2_seed42 dnet +19.95
hp_W3_P2_pa08 set2_seed43 dnet +22.53
hp_W3_P2_pa08 set2_seed44 dnet +7.31
hp_W3_P3_pl021 set1_seed42 dnet +24.32
hp_W3_P3_pl021 set1_seed43 dnet +22.01
hp_W3_P3_pl021 set1_seed44 dnet +35.04
hp_W3_P3_pl021 set2_seed42 dnet +14.51
hp_W3_P3_pl021 set2_seed43 dnet +14.81
hp_W3_P3_pl021 set2_seed44 dnet +12.83

==== ensembling gain (ensemble - single, within-run) per HP cell, 2016-19 ====
hp_C0                dNet    +3.9 (t +0.9)  dSharpe +0.21  dIC +0.0041  (n=6 runs)
hp_W1_S1_icgated     dNet    +0.5 (t +0.1)  dSharpe -0.04  dIC +0.0002  (n=6 runs)
hp_W1_S2_ic          dNet    +2.8 (t +0.8)  dSharpe +0.04  dIC +0.0163  (n=6 runs)
hp_W1_T1_cs5         dNet    +4.5 (t +0.9)  dSharpe +0.19  dIC +0.0044  (n=6 runs)
hp_W1_TS_cs5_icg     dNet    +1.8 (t +0.2)  dSharpe -0.01  dIC +0.0023  (n=6 runs)
hp_W2_F1_repop25     dNet    +7.0 (t +1.0)  dSharpe +0.22  dIC +0.0076  (n=6 runs)
hp_W2_F2_repop100    dNet    +9.6 (t +2.6)  dSharpe +0.32  dIC +0.0048  (n=6 runs)
hp_W2_G1_rounds2     dNet   +11.0 (t +1.6)  dSharpe +0.39  dIC +0.0039  (n=6 runs)
hp_W2_N1_nts600      dNet   +12.8 (t +2.6)  dSharpe +0.46  dIC +0.0037  (n=6 runs)
hp_W2_R1_e5g10       dNet    +9.6 (t +2.5)  dSharpe +0.35  dIC +0.0019  (n=6 runs)
hp_W2_R2_e5g15       dNet   +11.1 (t +1.6)  dSharpe +0.46  dIC +0.0029  (n=6 runs)
hp_W3_B1_bp20        dNet   +12.5 (t +2.7)  dSharpe +0.49  dIC +0.0070  (n=6 runs)
hp_W3_P0_uniform     dNet    +9.3 (t +2.4)  dSharpe +0.36  dIC +0.0009  (n=6 runs)
hp_W3_P1_pa04        dNet    +4.0 (t +1.3)  dSharpe +0.16  dIC +0.0034  (n=6 runs)
hp_W3_P2_pa08        dNet   +11.7 (t +3.6)  dSharpe +0.48  dIC +0.0064  (n=6 runs)
hp_W3_P3_pl021       dNet   +20.6 (t +6.0)  dSharpe +0.70  dIC +0.0071  (n=6 runs)

cells with positive ensembling net gain: 16/16
