onenas_8isl set1 42 2022-24 sleeves_reg +29.23
onenas_8isl set1 42 2022-24 banded25 +60.37
onenas_8isl set1 42 2020-24 sleeves_reg +12.64
onenas_8isl set1 42 2020-24 banded25 +35.03
onenas_8isl set1 43 2022-24 sleeves_reg +21.51
onenas_8isl set1 43 2022-24 banded25 +31.30
onenas_8isl set1 43 2020-24 sleeves_reg +42.32
onenas_8isl set1 43 2020-24 banded25 +63.64
onenas_8isl set1 44 2022-24 sleeves_reg +8.87
onenas_8isl set1 44 2022-24 banded25 +4.26
onenas_8isl set1 44 2020-24 sleeves_reg +10.15
onenas_8isl set1 44 2020-24 banded25 +3.60
onenas_8isl set2 42 2022-24 sleeves_reg +30.27
onenas_8isl set2 42 2022-24 banded25 +24.91
onenas_8isl set2 42 2020-24 sleeves_reg +61.98
onenas_8isl set2 42 2020-24 banded25 +54.62
onenas_8isl set2 43 2022-24 sleeves_reg +28.44
onenas_8isl set2 43 2022-24 banded25 +65.26
onenas_8isl set2 43 2020-24 sleeves_reg +40.20
onenas_8isl set2 43 2020-24 banded25 +52.91
onenas_8isl set2 44 2022-24 sleeves_reg +34.85
onenas_8isl set2 44 2022-24 banded25 +41.81
onenas_8isl set2 44 2020-24 sleeves_reg +64.00
onenas_8isl set2 44 2020-24 banded25 +98.62
onenas_8isl set3 42 2022-24 sleeves_reg +16.80
onenas_8isl set3 42 2022-24 banded25 +13.83
onenas_8isl set3 42 2020-24 sleeves_reg +50.17
onenas_8isl set3 42 2020-24 banded25 +55.62
onenas_8isl set3 43 2022-24 sleeves_reg +11.28
onenas_8isl set3 43 2022-24 banded25 +6.47
onenas_8isl set3 43 2020-24 sleeves_reg +28.27
onenas_8isl set3 43 2020-24 banded25 +29.86
onenas_8isl set3 44 2022-24 sleeves_reg +17.02
onenas_8isl set3 44 2022-24 banded25 +15.17
onenas_8isl set3 44 2020-24 sleeves_reg +23.82
onenas_8isl set3 44 2020-24 banded25 +36.88
onenas_8isl set4 42 2022-24 sleeves_reg +48.43
onenas_8isl set4 42 2022-24 banded25 +58.22
onenas_8isl set4 42 2020-24 sleeves_reg +74.40
onenas_8isl set4 42 2020-24 banded25 +97.88
onenas_8isl set4 43 2022-24 sleeves_reg +13.75
onenas_8isl set4 43 2022-24 banded25 +47.45
onenas_8isl set4 43 2020-24 sleeves_reg +27.37
onenas_8isl set4 43 2020-24 banded25 +56.77
onenas_8isl set4 44 2022-24 sleeves_reg +45.54
onenas_8isl set4 44 2022-24 banded25 +58.29
onenas_8isl set4 44 2020-24 sleeves_reg +61.06
onenas_8isl set4 44 2020-24 banded25 +77.73
onenas_8isl set1 45 2022-24 sleeves_reg +18.39
onenas_8isl set1 45 2022-24 banded25 +14.70
onenas_8isl set1 45 2020-24 sleeves_reg +47.49
onenas_8isl set1 45 2020-24 banded25 +49.12
onenas_8isl set1 46 2022-24 sleeves_reg +18.25
onenas_8isl set1 46 2022-24 banded25 +7.43
onenas_8isl set1 46 2020-24 sleeves_reg +28.70
onenas_8isl set1 46 2020-24 banded25 +7.45
onenas_8isl set1 47 2022-24 sleeves_reg +12.13
onenas_8isl set1 47 2022-24 banded25 +9.97
onenas_8isl set1 47 2020-24 sleeves_reg -0.86
onenas_8isl set1 47 2020-24 banded25 +22.87
onenas_8isl set2 45 2022-24 sleeves_reg +29.10
onenas_8isl set2 45 2022-24 banded25 +44.07
onenas_8isl set2 45 2020-24 sleeves_reg +55.75
onenas_8isl set2 45 2020-24 banded25 +83.81
onenas_8isl set2 46 2022-24 sleeves_reg +30.05
onenas_8isl set2 46 2022-24 banded25 +34.73
onenas_8isl set2 46 2020-24 sleeves_reg +57.45
onenas_8isl set2 46 2020-24 banded25 +77.32
onenas_8isl set2 47 2022-24 sleeves_reg +15.69
onenas_8isl set2 47 2022-24 banded25 +12.91
onenas_8isl set2 47 2020-24 sleeves_reg +31.15
onenas_8isl set2 47 2020-24 banded25 +38.56
onenas_8isl set3 45 2022-24 sleeves_reg +17.10
onenas_8isl set3 45 2022-24 banded25 +21.13
onenas_8isl set3 45 2020-24 sleeves_reg -3.85
onenas_8isl set3 45 2020-24 banded25 +40.80
onenas_8isl set3 46 2022-24 sleeves_reg -23.85
onenas_8isl set3 46 2022-24 banded25 -16.82
onenas_8isl set3 46 2020-24 sleeves_reg -13.30
onenas_8isl set3 46 2020-24 banded25 +25.43
onenas_8isl set3 47 2022-24 sleeves_reg +4.16
onenas_8isl set3 47 2022-24 banded25 +32.55
onenas_8isl set3 47 2020-24 sleeves_reg +23.78
onenas_8isl set3 47 2020-24 banded25 +66.14
onenas_8isl set4 45 2022-24 sleeves_reg +33.53
onenas_8isl set4 45 2022-24 banded25 +39.91
onenas_8isl set4 45 2020-24 sleeves_reg +49.73
onenas_8isl set4 45 2020-24 banded25 +49.44
onenas_8isl set4 46 2022-24 sleeves_reg +27.69
onenas_8isl set4 46 2022-24 banded25 +37.10
onenas_8isl set4 46 2020-24 sleeves_reg +52.22
onenas_8isl set4 46 2020-24 banded25 +59.90
onenas_8isl set4 47 2022-24 sleeves_reg +33.85
onenas_8isl set4 47 2022-24 banded25 +40.90
onenas_8isl set4 47 2020-24 sleeves_reg +35.37
onenas_8isl set4 47 2020-24 banded25 +62.00
onenas_8isl set1 48 2022-24 sleeves_reg +5.15
onenas_8isl set1 48 2022-24 banded25 +14.03
onenas_8isl set1 48 2020-24 sleeves_reg -17.28
onenas_8isl set1 48 2020-24 banded25 -2.20
onenas_8isl set1 49 2022-24 sleeves_reg +9.73
onenas_8isl set1 49 2022-24 banded25 -5.85
onenas_8isl set1 49 2020-24 sleeves_reg -35.29
onenas_8isl set1 49 2020-24 banded25 -54.14
onenas_8isl set1 50 2022-24 sleeves_reg +9.53
onenas_8isl set1 50 2022-24 banded25 +25.78
onenas_8isl set1 50 2020-24 sleeves_reg +1.12
onenas_8isl set1 50 2020-24 banded25 +4.14
onenas_8isl set1 51 2022-24 sleeves_reg +24.91
onenas_8isl set1 51 2022-24 banded25 +24.84
onenas_8isl set1 51 2020-24 sleeves_reg +31.48
onenas_8isl set1 51 2020-24 banded25 +39.80
onenas_8isl set2 48 2022-24 sleeves_reg +42.89
onenas_8isl set2 48 2022-24 banded25 +52.70
onenas_8isl set2 48 2020-24 sleeves_reg +78.59
onenas_8isl set2 48 2020-24 banded25 +94.84
onenas_8isl set2 49 2022-24 sleeves_reg +19.08
onenas_8isl set2 49 2022-24 banded25 +41.60
onenas_8isl set2 49 2020-24 sleeves_reg +44.62
onenas_8isl set2 49 2020-24 banded25 +73.15
onenas_8isl set2 50 2022-24 sleeves_reg +40.94
onenas_8isl set2 50 2022-24 banded25 +55.76
onenas_8isl set2 50 2020-24 sleeves_reg +64.76
onenas_8isl set2 50 2020-24 banded25 +69.15
onenas_8isl set2 51 2022-24 sleeves_reg +16.39
onenas_8isl set2 51 2022-24 banded25 +13.28
onenas_8isl set2 51 2020-24 sleeves_reg +38.64
onenas_8isl set2 51 2020-24 banded25 -1.43
onenas_8isl set3 48 2022-24 sleeves_reg -3.64
onenas_8isl set3 48 2022-24 banded25 +11.56
onenas_8isl set3 48 2020-24 sleeves_reg +26.18
onenas_8isl set3 48 2020-24 banded25 +30.81
onenas_8isl set3 49 2022-24 sleeves_reg +11.08
onenas_8isl set3 49 2022-24 banded25 +16.70
onenas_8isl set3 49 2020-24 sleeves_reg +31.14
onenas_8isl set3 49 2020-24 banded25 +87.63
onenas_8isl set3 50 2022-24 sleeves_reg -6.07
onenas_8isl set3 50 2022-24 banded25 -0.51
onenas_8isl set3 50 2020-24 sleeves_reg +3.28
onenas_8isl set3 50 2020-24 banded25 +23.83
onenas_8isl set3 51 2022-24 sleeves_reg -10.83
onenas_8isl set3 51 2022-24 banded25 -10.96
onenas_8isl set3 51 2020-24 sleeves_reg -3.19
onenas_8isl set3 51 2020-24 banded25 +24.40
onenas_8isl set4 48 2022-24 sleeves_reg +39.65
onenas_8isl set4 48 2022-24 banded25 +40.45
onenas_8isl set4 48 2020-24 sleeves_reg +40.16
onenas_8isl set4 48 2020-24 banded25 +55.84
onenas_8isl set4 49 2022-24 sleeves_reg +19.23
onenas_8isl set4 49 2022-24 banded25 +16.20
onenas_8isl set4 49 2020-24 sleeves_reg +21.68
onenas_8isl set4 49 2020-24 banded25 +28.04
onenas_8isl set4 50 2022-24 sleeves_reg +44.56
onenas_8isl set4 50 2022-24 banded25 +60.20
onenas_8isl set4 50 2020-24 sleeves_reg +51.93
onenas_8isl set4 50 2020-24 banded25 +115.70
onenas_8isl set4 51 2022-24 sleeves_reg +35.95
onenas_8isl set4 51 2022-24 banded25 +41.51
onenas_8isl set4 51 2020-24 sleeves_reg +47.13
onenas_8isl set4 51 2020-24 banded25 +61.03
onenas_40isl set1 42 2022-24 sleeves_reg +36.84
onenas_40isl set1 42 2022-24 banded25 +44.15
onenas_40isl set1 42 2020-24 sleeves_reg +50.20
onenas_40isl set1 42 2020-24 banded25 +52.92
onenas_40isl set1 43 2022-24 sleeves_reg +22.40
onenas_40isl set1 43 2022-24 banded25 +38.27
onenas_40isl set1 43 2020-24 sleeves_reg +28.03
onenas_40isl set1 43 2020-24 banded25 +56.42
onenas_40isl set1 44 2022-24 sleeves_reg +13.08
onenas_40isl set1 44 2022-24 banded25 +28.91
onenas_40isl set1 44 2020-24 sleeves_reg +24.50
onenas_40isl set1 44 2020-24 banded25 +64.10
onenas_40isl set1 45 2022-24 sleeves_reg +23.19
onenas_40isl set1 45 2022-24 banded25 +45.44
onenas_40isl set1 45 2020-24 sleeves_reg +28.56
onenas_40isl set1 45 2020-24 banded25 +76.38
onenas_40isl set1 46 2022-24 sleeves_reg +26.69
onenas_40isl set1 46 2022-24 banded25 +27.89
onenas_40isl set1 46 2020-24 sleeves_reg +31.25
onenas_40isl set1 46 2020-24 banded25 +49.59
onenas_40isl set1 47 2022-24 sleeves_reg +23.64
onenas_40isl set1 47 2022-24 banded25 +29.01
onenas_40isl set1 47 2020-24 sleeves_reg +31.17
onenas_40isl set1 47 2020-24 banded25 +48.23
onenas_40isl set1 48 2022-24 sleeves_reg +19.82
onenas_40isl set1 48 2022-24 banded25 +27.21
onenas_40isl set1 48 2020-24 sleeves_reg +23.23
onenas_40isl set1 48 2020-24 banded25 +29.66
onenas_40isl set1 49 2022-24 sleeves_reg +20.06
onenas_40isl set1 49 2022-24 banded25 +11.66
onenas_40isl set1 49 2020-24 sleeves_reg +28.72
onenas_40isl set1 49 2020-24 banded25 +52.17
onenas_40isl set1 50 2022-24 sleeves_reg +28.54
onenas_40isl set1 50 2022-24 banded25 +10.62
onenas_40isl set1 50 2020-24 sleeves_reg +56.67
onenas_40isl set1 50 2020-24 banded25 +59.09
onenas_40isl set1 51 2022-24 sleeves_reg +17.05
onenas_40isl set1 51 2022-24 banded25 +10.22
onenas_40isl set1 51 2020-24 sleeves_reg +26.95
onenas_40isl set1 51 2020-24 banded25 +35.04
onenas_40isl set2 42 2022-24 sleeves_reg +36.13
onenas_40isl set2 42 2022-24 banded25 +26.41
onenas_40isl set2 42 2020-24 sleeves_reg +70.50
onenas_40isl set2 42 2020-24 banded25 +54.90
onenas_40isl set2 43 2022-24 sleeves_reg +42.54
onenas_40isl set2 43 2022-24 banded25 +38.77
onenas_40isl set2 43 2020-24 sleeves_reg +81.84
onenas_40isl set2 43 2020-24 banded25 +80.36
onenas_40isl set2 44 2022-24 sleeves_reg +22.77
onenas_40isl set2 44 2022-24 banded25 +24.62
onenas_40isl set2 44 2020-24 sleeves_reg +53.71
onenas_40isl set2 44 2020-24 banded25 +53.31
onenas_40isl set2 45 2022-24 sleeves_reg +35.06
onenas_40isl set2 45 2022-24 banded25 +20.99
onenas_40isl set2 45 2020-24 sleeves_reg +70.82
onenas_40isl set2 45 2020-24 banded25 +63.82
onenas_40isl set2 46 2022-24 sleeves_reg +25.51
onenas_40isl set2 46 2022-24 banded25 +41.43
onenas_40isl set2 46 2020-24 sleeves_reg +67.99
onenas_40isl set2 46 2020-24 banded25 +76.33
onenas_40isl set2 47 2022-24 sleeves_reg +49.54
onenas_40isl set2 47 2022-24 banded25 +66.03
onenas_40isl set2 47 2020-24 sleeves_reg +93.47
onenas_40isl set2 47 2020-24 banded25 +76.38
onenas_40isl set2 48 2022-24 sleeves_reg +38.05
onenas_40isl set2 48 2022-24 banded25 +35.49
onenas_40isl set2 48 2020-24 sleeves_reg +75.55
onenas_40isl set2 48 2020-24 banded25 +47.64
onenas_40isl set2 49 2022-24 sleeves_reg +39.77
onenas_40isl set2 49 2022-24 banded25 +42.63
onenas_40isl set2 49 2020-24 sleeves_reg +78.59
onenas_40isl set2 49 2020-24 banded25 +83.33
onenas_40isl set2 50 2022-24 sleeves_reg +43.44
onenas_40isl set2 50 2022-24 banded25 +45.97
onenas_40isl set2 50 2020-24 sleeves_reg +87.76
onenas_40isl set2 50 2020-24 banded25 +80.81
onenas_40isl set2 51 2022-24 sleeves_reg +31.58
onenas_40isl set2 51 2022-24 banded25 +37.59
onenas_40isl set2 51 2020-24 sleeves_reg +62.04
onenas_40isl set2 51 2020-24 banded25 +81.30
onenas_40isl set3 42 2022-24 sleeves_reg +17.50
onenas_40isl set3 42 2022-24 banded25 +23.73
onenas_40isl set3 42 2020-24 sleeves_reg +35.84
onenas_40isl set3 42 2020-24 banded25 +78.84
onenas_40isl set3 43 2022-24 sleeves_reg +25.00
onenas_40isl set3 43 2022-24 banded25 +21.49
onenas_40isl set3 43 2020-24 sleeves_reg +42.37
onenas_40isl set3 43 2020-24 banded25 +80.40
onenas_40isl set3 44 2022-24 sleeves_reg +11.72
onenas_40isl set3 44 2022-24 banded25 -1.71
onenas_40isl set3 44 2020-24 sleeves_reg +36.51
onenas_40isl set3 44 2020-24 banded25 +46.89
onenas_40isl set3 45 2022-24 sleeves_reg +0.14
onenas_40isl set3 45 2022-24 banded25 +15.07
onenas_40isl set3 45 2020-24 sleeves_reg +25.14
onenas_40isl set3 45 2020-24 banded25 +46.33
onenas_40isl set3 46 2022-24 sleeves_reg +18.36
onenas_40isl set3 46 2022-24 banded25 +48.53
onenas_40isl set3 46 2020-24 sleeves_reg +38.45
onenas_40isl set3 46 2020-24 banded25 +116.07
onenas_40isl set3 47 2022-24 sleeves_reg +16.07
onenas_40isl set3 47 2022-24 banded25 +31.66
onenas_40isl set3 47 2020-24 sleeves_reg +39.68
onenas_40isl set3 47 2020-24 banded25 +73.65
onenas_40isl set3 48 2022-24 sleeves_reg +8.16
onenas_40isl set3 48 2022-24 banded25 +2.14
onenas_40isl set3 48 2020-24 sleeves_reg +28.38
onenas_40isl set3 48 2020-24 banded25 +69.16
onenas_40isl set3 49 2022-24 sleeves_reg +25.68
onenas_40isl set3 49 2022-24 banded25 +30.08
onenas_40isl set3 49 2020-24 sleeves_reg +42.32
onenas_40isl set3 49 2020-24 banded25 +71.88
onenas_40isl set3 50 2022-24 sleeves_reg +13.95
onenas_40isl set3 50 2022-24 banded25 +19.72
onenas_40isl set3 50 2020-24 sleeves_reg +35.39
onenas_40isl set3 50 2020-24 banded25 +105.03
onenas_40isl set3 51 2022-24 sleeves_reg +8.61
onenas_40isl set3 51 2022-24 banded25 +15.27
onenas_40isl set3 51 2020-24 sleeves_reg +24.87
onenas_40isl set3 51 2020-24 banded25 +42.48
onenas_40isl set4 42 2022-24 sleeves_reg +36.17
onenas_40isl set4 42 2022-24 banded25 +50.63
onenas_40isl set4 42 2020-24 sleeves_reg +32.61
onenas_40isl set4 42 2020-24 banded25 +46.20
onenas_40isl set4 43 2022-24 sleeves_reg +37.71
onenas_40isl set4 43 2022-24 banded25 +65.66
onenas_40isl set4 43 2020-24 sleeves_reg +50.07
onenas_40isl set4 43 2020-24 banded25 +84.77
onenas_40isl set4 44 2022-24 sleeves_reg +37.47
onenas_40isl set4 44 2022-24 banded25 +50.42
onenas_40isl set4 44 2020-24 sleeves_reg +35.81
onenas_40isl set4 44 2020-24 banded25 +52.63
onenas_40isl set4 45 2022-24 sleeves_reg +37.90
onenas_40isl set4 45 2022-24 banded25 +59.23
onenas_40isl set4 45 2020-24 sleeves_reg +37.11
onenas_40isl set4 45 2020-24 banded25 +60.90
onenas_40isl set4 46 2022-24 sleeves_reg +31.90
onenas_40isl set4 46 2022-24 banded25 +33.48
onenas_40isl set4 46 2020-24 sleeves_reg +35.86
onenas_40isl set4 46 2020-24 banded25 +20.35
onenas_40isl set4 47 2022-24 sleeves_reg +31.11
onenas_40isl set4 47 2022-24 banded25 +45.38
onenas_40isl set4 47 2020-24 sleeves_reg +22.75
onenas_40isl set4 47 2020-24 banded25 +44.15
onenas_40isl set4 48 2022-24 sleeves_reg +43.25
onenas_40isl set4 48 2022-24 banded25 +56.73
onenas_40isl set4 48 2020-24 sleeves_reg +53.71
onenas_40isl set4 48 2020-24 banded25 +61.15
onenas_40isl set4 49 2022-24 sleeves_reg +33.37
onenas_40isl set4 49 2022-24 banded25 +48.57
onenas_40isl set4 49 2020-24 sleeves_reg +44.42
onenas_40isl set4 49 2020-24 banded25 +57.63
onenas_40isl set4 50 2022-24 sleeves_reg +27.74
onenas_40isl set4 50 2022-24 banded25 +37.39
onenas_40isl set4 50 2020-24 sleeves_reg +51.37
onenas_40isl set4 50 2020-24 banded25 +43.86
onenas_40isl set4 51 2022-24 sleeves_reg +43.64
onenas_40isl set4 51 2022-24 banded25 +49.46
onenas_40isl set4 51 2020-24 sleeves_reg +39.44
onenas_40isl set4 51 2020-24 banded25 +66.72
lstm set1 42 2022-24 sleeves_reg -3.78
lstm set1 42 2022-24 banded25 +11.36
lstm set1 42 2020-24 sleeves_reg -8.56
lstm set1 42 2020-24 banded25 +12.22
lstm set1 43 2022-24 sleeves_reg +4.72
lstm set1 43 2022-24 banded25 +36.56
lstm set1 43 2020-24 sleeves_reg +18.41
lstm set1 43 2020-24 banded25 +17.06
lstm set1 44 2022-24 sleeves_reg +25.09
lstm set1 44 2022-24 banded25 +59.42
lstm set1 44 2020-24 sleeves_reg +54.11
lstm set1 44 2020-24 banded25 +102.09
lstm set1 45 2022-24 sleeves_reg +1.50
lstm set1 45 2022-24 banded25 +17.89
lstm set1 45 2020-24 sleeves_reg +15.84
lstm set1 45 2020-24 banded25 +20.09
lstm set1 46 2022-24 sleeves_reg +14.92
lstm set1 46 2022-24 banded25 +8.12
lstm set1 46 2020-24 sleeves_reg +32.28
lstm set1 46 2020-24 banded25 +34.57
lstm set1 47 2022-24 sleeves_reg +7.67
lstm set1 47 2022-24 banded25 +19.52
lstm set1 47 2020-24 sleeves_reg +8.69
lstm set1 47 2020-24 banded25 -30.28
lstm set1 48 2022-24 sleeves_reg -8.57
lstm set1 48 2022-24 banded25 +17.37
lstm set1 48 2020-24 sleeves_reg +11.04
lstm set1 48 2020-24 banded25 +40.37
lstm set1 49 2022-24 sleeves_reg +15.50
lstm set1 49 2022-24 banded25 +2.92
lstm set1 49 2020-24 sleeves_reg +22.03
lstm set1 49 2020-24 banded25 +3.02
lstm set1 50 2022-24 sleeves_reg +17.86
lstm set1 50 2022-24 banded25 +28.75
lstm set1 50 2020-24 sleeves_reg +40.06
lstm set1 50 2020-24 banded25 +65.82
lstm set1 51 2022-24 sleeves_reg +18.70
lstm set1 51 2022-24 banded25 +6.20
lstm set1 51 2020-24 sleeves_reg +36.24
lstm set1 51 2020-24 banded25 +12.75
lstm set2 42 2022-24 sleeves_reg +13.67
lstm set2 42 2022-24 banded25 +22.55
lstm set2 42 2020-24 sleeves_reg +40.18
lstm set2 42 2020-24 banded25 +40.18
lstm set2 43 2022-24 sleeves_reg +28.07
lstm set2 43 2022-24 banded25 +52.24
lstm set2 43 2020-24 sleeves_reg +64.46
lstm set2 43 2020-24 banded25 +112.77
lstm set2 44 2022-24 sleeves_reg +2.67
lstm set2 44 2022-24 banded25 +6.52
lstm set2 44 2020-24 sleeves_reg +38.04
lstm set2 44 2020-24 banded25 +64.20
lstm set2 45 2022-24 sleeves_reg +4.18
lstm set2 45 2022-24 banded25 +11.24
lstm set2 45 2020-24 sleeves_reg +37.46
lstm set2 45 2020-24 banded25 +64.36
lstm set2 46 2022-24 sleeves_reg +25.15
lstm set2 46 2022-24 banded25 -0.76
lstm set2 46 2020-24 sleeves_reg +49.79
lstm set2 46 2020-24 banded25 +35.15
lstm set2 47 2022-24 sleeves_reg +14.87
lstm set2 47 2022-24 banded25 +27.51
lstm set2 47 2020-24 sleeves_reg +32.12
lstm set2 47 2020-24 banded25 +48.37
lstm set2 48 2022-24 sleeves_reg +11.86
lstm set2 48 2022-24 banded25 -7.28
lstm set2 48 2020-24 sleeves_reg +31.79
lstm set2 48 2020-24 banded25 +36.27
lstm set2 49 2022-24 sleeves_reg +14.85
lstm set2 49 2022-24 banded25 +12.26
lstm set2 49 2020-24 sleeves_reg +35.60
lstm set2 49 2020-24 banded25 +21.87
lstm set2 50 2022-24 sleeves_reg +18.07
lstm set2 50 2022-24 banded25 +13.95
lstm set2 50 2020-24 sleeves_reg +51.56
lstm set2 50 2020-24 banded25 +58.23
lstm set2 51 2022-24 sleeves_reg +29.50
lstm set2 51 2022-24 banded25 +26.68
lstm set2 51 2020-24 sleeves_reg +55.02
lstm set2 51 2020-24 banded25 +74.24
lstm set3 42 2022-24 sleeves_reg +9.17
lstm set3 42 2022-24 banded25 +41.04
lstm set3 42 2020-24 sleeves_reg +19.69
lstm set3 42 2020-24 banded25 +65.70
lstm set3 43 2022-24 sleeves_reg -19.15
lstm set3 43 2022-24 banded25 -14.65
lstm set3 43 2020-24 sleeves_reg +0.23
lstm set3 43 2020-24 banded25 -8.72
lstm set3 44 2022-24 sleeves_reg +12.10
lstm set3 44 2022-24 banded25 +24.88
lstm set3 44 2020-24 sleeves_reg +47.90
lstm set3 44 2020-24 banded25 +74.56
lstm set3 45 2022-24 sleeves_reg +9.25
lstm set3 45 2022-24 banded25 +47.25
lstm set3 45 2020-24 sleeves_reg +29.02
lstm set3 45 2020-24 banded25 +84.69
lstm set3 46 2022-24 sleeves_reg +19.34
lstm set3 46 2022-24 banded25 +11.51
lstm set3 46 2020-24 sleeves_reg +43.03
lstm set3 46 2020-24 banded25 +54.33
lstm set3 47 2022-24 sleeves_reg +4.27
lstm set3 47 2022-24 banded25 +22.65
lstm set3 47 2020-24 sleeves_reg +15.54
lstm set3 47 2020-24 banded25 +43.99
lstm set3 48 2022-24 sleeves_reg +11.79
lstm set3 48 2022-24 banded25 +29.26
lstm set3 48 2020-24 sleeves_reg +43.24
lstm set3 48 2020-24 banded25 +58.96
lstm set3 49 2022-24 sleeves_reg +16.57
lstm set3 49 2022-24 banded25 +29.91
lstm set3 49 2020-24 sleeves_reg +34.86
lstm set3 49 2020-24 banded25 +87.33
lstm set3 50 2022-24 sleeves_reg +7.22
lstm set3 50 2022-24 banded25 +22.04
lstm set3 50 2020-24 sleeves_reg +32.07
lstm set3 50 2020-24 banded25 +44.37
lstm set3 51 2022-24 sleeves_reg +8.58
lstm set3 51 2022-24 banded25 +19.51
lstm set3 51 2020-24 sleeves_reg +37.00
lstm set3 51 2020-24 banded25 +50.37
lstm set4 42 2022-24 sleeves_reg +15.02
lstm set4 42 2022-24 banded25 +25.86
lstm set4 42 2020-24 sleeves_reg +43.23
lstm set4 42 2020-24 banded25 +52.84
lstm set4 43 2022-24 sleeves_reg +11.73
lstm set4 43 2022-24 banded25 +4.95
lstm set4 43 2020-24 sleeves_reg +14.54
lstm set4 43 2020-24 banded25 -3.48
lstm set4 44 2022-24 sleeves_reg +17.62
lstm set4 44 2022-24 banded25 +23.44
lstm set4 44 2020-24 sleeves_reg +41.41
lstm set4 44 2020-24 banded25 +67.62
lstm set4 45 2022-24 sleeves_reg +10.25
lstm set4 45 2022-24 banded25 +14.90
lstm set4 45 2020-24 sleeves_reg +46.23
lstm set4 45 2020-24 banded25 +23.66
lstm set4 46 2022-24 sleeves_reg +4.95
lstm set4 46 2022-24 banded25 +3.14
lstm set4 46 2020-24 sleeves_reg +29.60
lstm set4 46 2020-24 banded25 +27.06
lstm set4 47 2022-24 sleeves_reg +1.89
lstm set4 47 2022-24 banded25 +10.72
lstm set4 47 2020-24 sleeves_reg +33.03
lstm set4 47 2020-24 banded25 +37.74
lstm set4 48 2022-24 sleeves_reg -0.68
lstm set4 48 2022-24 banded25 +13.78
lstm set4 48 2020-24 sleeves_reg +15.76
lstm set4 48 2020-24 banded25 +22.76
lstm set4 49 2022-24 sleeves_reg +22.10
lstm set4 49 2022-24 banded25 +30.49
lstm set4 49 2020-24 sleeves_reg +46.02
lstm set4 49 2020-24 banded25 +77.64
lstm set4 50 2022-24 sleeves_reg +11.57
lstm set4 50 2022-24 banded25 +17.87
lstm set4 50 2020-24 sleeves_reg +48.26
lstm set4 50 2020-24 banded25 +49.73
lstm set4 51 2022-24 sleeves_reg +23.52
lstm set4 51 2022-24 banded25 +41.34
lstm set4 51 2020-24 sleeves_reg +45.56
lstm set4 51 2020-24 banded25 +68.39
gru set1 42 2022-24 sleeves_reg +10.49
gru set1 42 2022-24 banded25 +26.52
gru set1 42 2020-24 sleeves_reg +4.38
gru set1 42 2020-24 banded25 +1.91
gru set1 43 2022-24 sleeves_reg +19.30
gru set1 43 2022-24 banded25 +30.38
gru set1 43 2020-24 sleeves_reg +41.50
gru set1 43 2020-24 banded25 +54.34
gru set1 44 2022-24 sleeves_reg +35.83
gru set1 44 2022-24 banded25 +62.89
gru set1 44 2020-24 sleeves_reg +50.21
gru set1 44 2020-24 banded25 +76.47
gru set1 45 2022-24 sleeves_reg +0.59
gru set1 45 2022-24 banded25 -0.48
gru set1 45 2020-24 sleeves_reg +15.85
gru set1 45 2020-24 banded25 +43.43
gru set1 46 2022-24 sleeves_reg +8.75
gru set1 46 2022-24 banded25 +24.30
gru set1 46 2020-24 sleeves_reg +0.68
gru set1 46 2020-24 banded25 +29.68
gru set1 47 2022-24 sleeves_reg +7.90
gru set1 47 2022-24 banded25 +25.08
gru set1 47 2020-24 sleeves_reg -2.33
gru set1 47 2020-24 banded25 +21.20
gru set1 48 2022-24 sleeves_reg +5.18
gru set1 48 2022-24 banded25 +14.64
gru set1 48 2020-24 sleeves_reg +22.84
gru set1 48 2020-24 banded25 +42.70
gru set1 49 2022-24 sleeves_reg +22.75
gru set1 49 2022-24 banded25 +17.71
gru set1 49 2020-24 sleeves_reg +5.85
gru set1 49 2020-24 banded25 -12.66
gru set1 50 2022-24 sleeves_reg +13.56
gru set1 50 2022-24 banded25 +54.62
gru set1 50 2020-24 sleeves_reg +13.33
gru set1 50 2020-24 banded25 +45.63
gru set1 51 2022-24 sleeves_reg +20.49
gru set1 51 2022-24 banded25 +15.76
gru set1 51 2020-24 sleeves_reg +30.81
gru set1 51 2020-24 banded25 +30.84
gru set2 42 2022-24 sleeves_reg +7.29
gru set2 42 2022-24 banded25 +13.44
gru set2 42 2020-24 sleeves_reg +27.87
gru set2 42 2020-24 banded25 +45.00
gru set2 43 2022-24 sleeves_reg +15.85
gru set2 43 2022-24 banded25 +32.44
gru set2 43 2020-24 sleeves_reg +45.81
gru set2 43 2020-24 banded25 +99.30
gru set2 44 2022-24 sleeves_reg +17.90
gru set2 44 2022-24 banded25 +37.03
gru set2 44 2020-24 sleeves_reg +29.92
gru set2 44 2020-24 banded25 +52.59
gru set2 45 2022-24 sleeves_reg +6.33
gru set2 45 2022-24 banded25 +32.14
gru set2 45 2020-24 sleeves_reg +26.81
gru set2 45 2020-24 banded25 +62.69
gru set2 46 2022-24 sleeves_reg +29.00
gru set2 46 2022-24 banded25 +28.16
gru set2 46 2020-24 sleeves_reg +34.79
gru set2 46 2020-24 banded25 +48.47
gru set2 47 2022-24 sleeves_reg +4.04
gru set2 47 2022-24 banded25 +9.61
gru set2 47 2020-24 sleeves_reg +7.76
gru set2 47 2020-24 banded25 -16.40
gru set2 48 2022-24 sleeves_reg +32.33
gru set2 48 2022-24 banded25 +17.75
gru set2 48 2020-24 sleeves_reg +52.51
gru set2 48 2020-24 banded25 +53.68
gru set2 49 2022-24 sleeves_reg +10.56
gru set2 49 2022-24 banded25 +5.27
gru set2 49 2020-24 sleeves_reg +39.27
gru set2 49 2020-24 banded25 +41.74
gru set2 50 2022-24 sleeves_reg +37.34
gru set2 50 2022-24 banded25 +72.88
gru set2 50 2020-24 sleeves_reg +45.78
gru set2 50 2020-24 banded25 +66.51
gru set2 51 2022-24 sleeves_reg +0.75
gru set2 51 2022-24 banded25 +0.13
gru set2 51 2020-24 sleeves_reg +24.89
gru set2 51 2020-24 banded25 +12.91
gru set3 42 2022-24 sleeves_reg -3.28
gru set3 42 2022-24 banded25 -21.49
gru set3 42 2020-24 sleeves_reg -14.98
gru set3 42 2020-24 banded25 -36.49
gru set3 43 2022-24 sleeves_reg +7.18
gru set3 43 2022-24 banded25 +40.97
gru set3 43 2020-24 sleeves_reg +14.82
gru set3 43 2020-24 banded25 +62.04
gru set3 44 2022-24 sleeves_reg +5.67
gru set3 44 2022-24 banded25 -14.61
gru set3 44 2020-24 sleeves_reg +10.06
gru set3 44 2020-24 banded25 -8.64
gru set3 45 2022-24 sleeves_reg +1.22
gru set3 45 2022-24 banded25 +21.79
gru set3 45 2020-24 sleeves_reg +23.66
gru set3 45 2020-24 banded25 +52.11
gru set3 46 2022-24 sleeves_reg -18.29
gru set3 46 2022-24 banded25 -3.29
gru set3 46 2020-24 sleeves_reg -23.40
gru set3 46 2020-24 banded25 +42.37
gru set3 47 2022-24 sleeves_reg +10.49
gru set3 47 2022-24 banded25 +10.97
gru set3 47 2020-24 sleeves_reg +19.05
gru set3 47 2020-24 banded25 +34.37
gru set3 48 2022-24 sleeves_reg -8.01
gru set3 48 2022-24 banded25 +14.64
gru set3 48 2020-24 sleeves_reg +15.58
gru set3 48 2020-24 banded25 +49.54
gru set3 49 2022-24 sleeves_reg +22.85
gru set3 49 2022-24 banded25 +44.77
gru set3 49 2020-24 sleeves_reg +46.65
gru set3 49 2020-24 banded25 +58.31
gru set3 50 2022-24 sleeves_reg -5.26
gru set3 50 2022-24 banded25 -24.65
gru set3 50 2020-24 sleeves_reg +24.49
gru set3 50 2020-24 banded25 -34.49
gru set3 51 2022-24 sleeves_reg +25.26
gru set3 51 2022-24 banded25 +30.76
gru set3 51 2020-24 sleeves_reg +33.29
gru set3 51 2020-24 banded25 +60.78
gru set4 42 2022-24 sleeves_reg +10.63
gru set4 42 2022-24 banded25 +31.47
gru set4 42 2020-24 sleeves_reg +59.20
gru set4 42 2020-24 banded25 +75.96
gru set4 43 2022-24 sleeves_reg +16.44
gru set4 43 2022-24 banded25 +26.13
gru set4 43 2020-24 sleeves_reg +8.14
gru set4 43 2020-24 banded25 +36.09
gru set4 44 2022-24 sleeves_reg +37.89
gru set4 44 2022-24 banded25 +34.06
gru set4 44 2020-24 sleeves_reg +61.31
gru set4 44 2020-24 banded25 +31.08
gru set4 45 2022-24 sleeves_reg +12.87
gru set4 45 2022-24 banded25 +44.74
gru set4 45 2020-24 sleeves_reg +52.18
gru set4 45 2020-24 banded25 +86.13
gru set4 46 2022-24 sleeves_reg -5.41
gru set4 46 2022-24 banded25 -4.35
gru set4 46 2020-24 sleeves_reg +2.11
gru set4 46 2020-24 banded25 +12.16
gru set4 47 2022-24 sleeves_reg +7.76
gru set4 47 2022-24 banded25 +3.81
gru set4 47 2020-24 sleeves_reg +28.74
gru set4 47 2020-24 banded25 +26.77
gru set4 48 2022-24 sleeves_reg +0.59
gru set4 48 2022-24 banded25 +15.04
gru set4 48 2020-24 sleeves_reg -0.85
gru set4 48 2020-24 banded25 +18.00
gru set4 49 2022-24 sleeves_reg +9.58
gru set4 49 2022-24 banded25 +10.73
gru set4 49 2020-24 sleeves_reg +43.91
gru set4 49 2020-24 banded25 +69.03
gru set4 50 2022-24 sleeves_reg +5.71
gru set4 50 2022-24 banded25 -7.23
gru set4 50 2020-24 sleeves_reg +50.08
gru set4 50 2020-24 banded25 +29.87
gru set4 51 2022-24 sleeves_reg +29.26
gru set4 51 2022-24 banded25 +27.53
gru set4 51 2020-24 sleeves_reg +64.88
gru set4 51 2020-24 banded25 +94.88
lstm_ens8 set1 42 2022-24 sleeves_reg +9.49
lstm_ens8 set1 42 2022-24 banded25 +23.81
lstm_ens8 set1 42 2020-24 sleeves_reg +24.12
lstm_ens8 set1 42 2020-24 banded25 +29.50
lstm_ens8 set2 42 2022-24 sleeves_reg +18.98
lstm_ens8 set2 42 2022-24 banded25 +32.33
lstm_ens8 set2 42 2020-24 sleeves_reg +48.68
lstm_ens8 set2 42 2020-24 banded25 +83.13
lstm_ens8 set3 42 2022-24 sleeves_reg +10.98
lstm_ens8 set3 42 2022-24 banded25 +37.82
lstm_ens8 set3 42 2020-24 sleeves_reg +36.17
lstm_ens8 set3 42 2020-24 banded25 +62.96
lstm_ens8 set4 42 2022-24 sleeves_reg +16.15
lstm_ens8 set4 42 2022-24 banded25 +21.65
lstm_ens8 set4 42 2020-24 sleeves_reg +43.53
lstm_ens8 set4 42 2020-24 banded25 +55.47
lstm_ens16 set1 42 2022-24 sleeves_reg +10.80
lstm_ens16 set1 42 2022-24 banded25 +19.66
lstm_ens16 set1 42 2020-24 sleeves_reg +27.75
lstm_ens16 set1 42 2020-24 banded25 +41.09
lstm_ens16 set2 42 2022-24 sleeves_reg +21.27
lstm_ens16 set2 42 2022-24 banded25 +29.69
lstm_ens16 set2 42 2020-24 sleeves_reg +52.29
lstm_ens16 set2 42 2020-24 banded25 +88.84
lstm_ens16 set3 42 2022-24 sleeves_reg +8.42
lstm_ens16 set3 42 2022-24 banded25 +32.34
lstm_ens16 set3 42 2020-24 sleeves_reg +32.28
lstm_ens16 set3 42 2020-24 banded25 +61.96
lstm_ens16 set4 42 2022-24 sleeves_reg +21.61
lstm_ens16 set4 42 2022-24 banded25 +13.63
lstm_ens16 set4 42 2020-24 sleeves_reg +51.69
lstm_ens16 set4 42 2020-24 banded25 +40.54
lstm_ens20 set1 42 2022-24 sleeves_reg +11.85
lstm_ens20 set1 42 2022-24 banded25 +21.23
lstm_ens20 set1 42 2020-24 sleeves_reg +31.84
lstm_ens20 set1 42 2020-24 banded25 +53.68
lstm_ens20 set2 42 2022-24 sleeves_reg +22.73
lstm_ens20 set2 42 2022-24 banded25 +23.59
lstm_ens20 set2 42 2020-24 sleeves_reg +52.80
lstm_ens20 set2 42 2020-24 banded25 +84.14
lstm_ens20 set3 42 2022-24 sleeves_reg +7.12
lstm_ens20 set3 42 2022-24 banded25 +21.08
lstm_ens20 set3 42 2020-24 sleeves_reg +32.38
lstm_ens20 set3 42 2020-24 banded25 +53.70
lstm_ens20 set4 42 2022-24 sleeves_reg +22.26
lstm_ens20 set4 42 2022-24 banded25 +35.15
lstm_ens20 set4 42 2020-24 sleeves_reg +52.33
lstm_ens20 set4 42 2020-24 banded25 +76.19
done 688
