== merged n=24 stats
ONE-NAS ensemble           n=24: IC +0.0109 net +35.8±4.7  poolS 0.78±0.07  MDD 17.4
lstm                       n=24: IC +0.0154 net +31.1±3.6  poolS 0.69±0.07  MDD 18.7
gru                        n=24: IC +0.0124 net +21.8±4.6  poolS 0.49±0.11  MDD 19.3
periodic_lstm_monthly      n=24: IC +0.0147 net +32.5±4.7  poolS 0.79±0.07  MDD 15.6
== new seeds alone (per-run net / Sharpe / IC)
  set1 s45: {'net': 47.5, 'sharpe': 0.74, 'ic': 0.0101}
  set2 s45: {'net': 55.7, 'sharpe': 1.03, 'ic': 0.0199}
  set3 s45: {'net': -3.9, 'sharpe': -0.06, 'ic': 0.0074}
  set4 s45: {'net': 49.7, 'sharpe': 0.74, 'ic': 0.01}
  set1 s46: {'net': 28.7, 'sharpe': 0.38, 'ic': 0.0047}
  set2 s46: {'net': 57.4, 'sharpe': 0.87, 'ic': 0.0139}
  set3 s46: {'net': -13.3, 'sharpe': -0.21, 'ic': 0.0038}
  set4 s46: {'net': 52.2, 'sharpe': 0.86, 'ic': 0.018}
  set1 s47: {'net': -0.9, 'sharpe': -0.01, 'ic': 0.0004}
  set2 s47: {'net': 31.2, 'sharpe': 0.58, 'ic': 0.0168}
  set3 s47: {'net': 23.8, 'sharpe': 0.4, 'ic': 0.0119}
  set4 s47: {'net': 35.4, 'sharpe': 0.55, 'ic': 0.0168}
== 6-seed factor alpha: {'ann_alpha': 6.2, 'nw_t': 1.95, 'beta_mkt': 0.1}
== long-only per-seed pooled net (claim: every seed > +75.5)
  seed 42: long-only pooled net +104.4
  seed 43: long-only pooled net +94.6
  seed 44: long-only pooled net +92.2
  seed 45: long-only pooled net +94.2
  seed 46: long-only pooled net +92.9
  seed 47: long-only pooled net +85.9
  mean 94.0 ± 2.4  every-seed: True
WROTE results_econ/merged_n24.json
