# realized: sidecar RET_raw (param RET_CS)
# row mapping verified on generations [0, 150, 299], all 50 stocks: file row i -> panel row tw*step + 2 + i (tw = g + num_training_windows + V)
# stitched 1500 days from 300 generations (300*step = 1500); 2019-01-07 .. 2024-12-20 (panel rows 3751..5250, contiguous)
# ensemble: diverse (N=8, elite_rank <= 3, greedy min-max-similarity, target-free), combine=rank_mean, over 300 generations
# scoring 1251 days from 2020-01-02 to 2024-12-20 (--score-from 2020-01-01)
# book: sleeves, H=10, top-k 10, beta-neutral off
# book costs: TC/PRC from the panel, charged on netted traded notional

period    who     days  pearsonIC  rankIC@1  rankIC@5  rankIC@10      net%   sharpe     MDD% turnover    cost%
2020      model    252  -0.0092   -0.0127   +0.0039   +0.0015     +0.62    +0.04    12.19   0.1421     1.65
2020      naive    252  -0.0067   -0.0120   -0.0293   -0.0336    -18.39    -1.53    26.87   0.1561     1.82
2021      model    252  +0.0199   +0.0191   +0.0422   +0.0518    +18.99    +1.95     4.33   0.1213     1.22
2021      naive    252  -0.0235   -0.0254   -0.0289   -0.0223     -7.52    -1.47     7.98   0.1587     1.66
2022      model    251  +0.0077   +0.0010   +0.0044   +0.0107     +3.06    +0.27     5.77   0.1233     1.10
2022      naive    251  -0.0185   -0.0265   -0.0208   -0.0191     -7.12    -1.25     9.59   0.1586     1.41
2023      model    250  +0.0185   +0.0279   +0.0470   +0.0561    +17.67    +2.21     2.73   0.1404     1.02
2023      naive    250  -0.0334   -0.0331   -0.0329   -0.0191     -7.26    -1.65     9.85   0.1609     1.22
2024      model    246  +0.0159   +0.0190   +0.0206   +0.0295    +11.06    +1.36     3.97   0.1295     0.97
2024      naive    246  -0.0203   -0.0253   -0.0154   -0.0194     -4.64    -1.26     6.82   0.1609     1.21
overall   model   1251  +0.0105   +0.0108   +0.0236   +0.0299    +51.40    +0.97    12.19   0.1313     5.96
overall   naive   1251  -0.0205   -0.0244   -0.0255   -0.0228    -44.93    -1.32    51.42   0.1591     7.31

# model overall: pearson IC +0.0105 (SE 0.0058, t +1.81); rank IC +0.0108 (SE 0.0059, t +1.83); rebalances 1251, avg holding 10.0 days
# naive overall: pearson IC -0.0205 (SE 0.0067, t -3.05); rank IC -0.0244 (SE 0.0067, t -3.65); rebalances 1251, avg holding 10.0 days
# rank IC by horizon (overall): h=1:+0.0108  h=2:+0.0163  h=3:+0.0185  h=4:+0.0204  h=5:+0.0236  h=6:+0.0264  h=7:+0.0250  h=8:+0.0269  h=9:+0.0279  h=10:+0.0299
#   naive                     : h=1:-0.0244  h=2:-0.0263  h=3:-0.0293  h=4:-0.0281  h=5:-0.0255  h=6:-0.0264  h=7:-0.0236  h=8:-0.0238  h=9:-0.0228  h=10:-0.0228

# members/day: mean 8.00 (min 8, max 8); per generation mean 8.00 (min 8, max 8)
# member dispersion (mean pairwise Spearman of member cross-sections, per day, n=1251):
#     mean +0.0891   p10 -0.0502   p50 +0.0631   p90 +0.2811
# per-member rank IC@1 over 32 member slots (each stitched over its own 302 days):
#     mean +0.0068   sd 0.0138   min -0.0143   max +0.0379
# ensemble rank IC@1 +0.0108  vs  day-pooled mean member +0.0062  (ensemble - member = +0.0046)
# row-alignment cross-check: the wide file's global_best column is reproduced by some elite on 1109/1251 scored days
# wrote /anvil/scratch/x-jchang5/probe1/diverse/set4_seed42/ensemble_diagnostics.csv
# wrote /anvil/scratch/x-jchang5/probe1/diverse/set4_seed42/ensemble_stitched_predictions.csv
# wrote /anvil/scratch/x-jchang5/probe1/diverse/set4_seed42/ensemble_book_daily.csv
# wrote /anvil/scratch/x-jchang5/probe1/diverse/set4_seed42/ensemble_rolling_rank_ic.csv
{
 "meta": {
  "run_dir": "/anvil/scratch/x-jchang5/results_v2/C7_E/set4_seed42",
  "param": "RET_CS",
  "realized": "sidecar RET_raw",
  "realized_mode": "auto",
  "generations": 300,
  "row_offset": 2,
  "stitched_days": 1500,
  "scored_days": 1251,
  "first_scored_date": "2020-01-02",
  "last_scored_date": "2024-12-20",
  "score_from": "2020-01-01",
  "top_k": 10,
  "cost_bps": null,
  "book": "sleeves",
  "hold_days": 10,
  "beta_neutral": false,
  "beta_window": null,
  "ensemble": "diverse",
  "combine": "rank_mean",
  "top_n": 8,
  "diverse_gate": 3
 },
 "summary": {
  "2020": {
   "model": {
    "n_days": 252,
    "pearson_ic": -0.009221056159127678,
    "pearson_se": 0.013751573415781055,
    "pearson_t": -0.67054553543275,
    "rank_ic_1": -0.012729109844434957,
    "rank_ic_se": 0.013753475581683643,
    "rank_ic_t": -0.9255195000591052,
    "rank_ic_5": 0.003895285423572774,
    "rank_ic_10": 0.0014809987435828267,
    "net_pct": 0.6190170857489509,
    "sharpe": 0.04213769076867483,
    "mdd_pct": 12.193017586041755,
    "cost_pct": 1.6500407446906629,
    "turnover": 0.14210148573094308
   },
   "naive": {
    "n_days": 252,
    "pearson_ic": -0.006671329659152179,
    "pearson_se": 0.01702695704142171,
    "pearson_t": -0.3918098602658564,
    "rank_ic_1": -0.011978071855790312,
    "rank_ic_se": 0.016581373350752198,
    "rank_ic_t": -0.7223811684601468,
    "rank_ic_5": -0.029252345788613035,
    "rank_ic_10": -0.03360413104899651,
    "net_pct": -18.38994062912199,
    "sharpe": -1.5348460062355076,
    "mdd_pct": 26.87283374166582,
    "cost_pct": 1.8203211327477067,
    "turnover": 0.15614949432045103
   }
  },
  "2021": {
   "model": {
    "n_days": 252,
    "pearson_ic": 0.019943269339180076,
    "pearson_se": 0.013361890117539221,
    "pearson_t": 1.4925485214851406,
    "rank_ic_1": 0.019083827030088787,
    "rank_ic_se": 0.013731835257520949,
    "rank_ic_t": 1.3897506540239437,
    "rank_ic_5": 0.04218742225057643,
    "rank_ic_10": 0.05177700239489604,
    "net_pct": 18.990241180372198,
    "sharpe": 1.9516069198568198,
    "mdd_pct": 4.32710084967615,
    "cost_pct": 1.221592708203895,
    "turnover": 0.1213111054971907
   },
   "naive": {
    "n_days": 252,
    "pearson_ic": -0.02354068881641417,
    "pearson_se": 0.014519065966261388,
    "pearson_t": -1.6213638584683572,
    "rank_ic_1": -0.02536023131586918,
    "rank_ic_se": 0.01437005002723951,
    "rank_ic_t": -1.7647977054914181,
    "rank_ic_5": -0.02894967475126879,
    "rank_ic_10": -0.022274442024298183,
    "net_pct": -7.518549716123678,
    "sharpe": -1.4747666620467443,
    "mdd_pct": 7.975739729267561,
    "cost_pct": 1.658958106398559,
    "turnover": 0.15874049415529481
   }
  },
  "2022": {
   "model": {
    "n_days": 251,
    "pearson_ic": 0.007650102080445688,
    "pearson_se": 0.013984245886081433,
    "pearson_t": 0.5470514565293693,
    "rank_ic_1": 0.0010031279096342285,
    "rank_ic_se": 0.013934433578542333,
    "rank_ic_t": 0.07198914143011508,
    "rank_ic_5": 0.004444802673011841,
    "rank_ic_10": 0.01071440281789709,
    "net_pct": 3.056178960837407,
    "sharpe": 0.26995113893518796,
    "mdd_pct": 5.772330699950831,
    "cost_pct": 1.101231050522557,
    "turnover": 0.12326838706227068
   },
   "naive": {
    "n_days": 251,
    "pearson_ic": -0.018489285029954474,
    "pearson_se": 0.015964657487616118,
    "pearson_t": -1.1581385347162458,
    "rank_ic_1": -0.02651757291358986,
    "rank_ic_se": 0.015666197345538334,
    "rank_ic_t": -1.6926617435431421,
    "rank_ic_5": -0.020792609575134676,
    "rank_ic_10": -0.019126905347098076,
    "net_pct": -7.12277621421205,
    "sharpe": -1.252017331435024,
    "mdd_pct": 9.594009262463791,
    "cost_pct": 1.40791905274319,
    "turnover": 0.15863509942919973
   }
  },
  "2023": {
   "model": {
    "n_days": 250,
    "pearson_ic": 0.0185251148658762,
    "pearson_se": 0.012837125283980308,
    "pearson_t": 1.4430890449432663,
    "rank_ic_1": 0.027914202188504277,
    "rank_ic_se": 0.012730608754471054,
    "rank_ic_t": 2.192684004894948,
    "rank_ic_5": 0.046967171945351716,
    "rank_ic_10": 0.056101294390795094,
    "net_pct": 17.67261139406354,
    "sharpe": 2.2092508793791192,
    "mdd_pct": 2.7346407913198174,
    "cost_pct": 1.0167097715620836,
    "turnover": 0.14036517404632143
   },
   "naive": {
    "n_days": 250,
    "pearson_ic": -0.03339895163084893,
    "pearson_se": 0.01402619619847801,
    "pearson_t": -2.3811838333241817,
    "rank_ic_1": -0.033103282985784216,
    "rank_ic_se": 0.014341134870525895,
    "rank_ic_t": -2.3082749925055484,
    "rank_ic_5": -0.03293013152072079,
    "rank_ic_10": -0.01912519229487815,
    "net_pct": -7.259329770740821,
    "sharpe": -1.654595762164943,
    "mdd_pct": 9.846124272893057,
    "cost_pct": 1.2195252401381758,
    "turnover": 0.16093599415280252
   }
  },
  "2024": {
   "model": {
    "n_days": 246,
    "pearson_ic": 0.015850855464157626,
    "pearson_se": 0.010855690810566448,
    "pearson_t": 1.460142494914198,
    "rank_ic_1": 0.019041705958754297,
    "rank_ic_se": 0.01150625404786175,
    "rank_ic_t": 1.6549005331837678,
    "rank_ic_5": 0.020625594862612874,
    "rank_ic_10": 0.029455531506297438,
    "net_pct": 11.063390568101036,
    "sharpe": 1.3609848253199892,
    "mdd_pct": 3.97034366543551,
    "cost_pct": 0.9682808809536542,
    "turnover": 0.12947223308093814
   },
   "naive": {
    "n_days": 246,
    "pearson_ic": -0.020342633969969038,
    "pearson_se": 0.013043075158106888,
    "pearson_t": -1.5596501379757157,
    "rank_ic_1": -0.025260773848212893,
    "rank_ic_se": 0.013748316992768992,
    "rank_ic_t": -1.8373720842703107,
    "rank_ic_5": -0.015393657198351892,
    "rank_ic_10": -0.019433962149697556,
    "net_pct": -4.644214680058542,
    "sharpe": -1.2643811004610845,
    "mdd_pct": 6.824224281836609,
    "cost_pct": 1.207422146089977,
    "turnover": 0.16087957785152182
   }
  },
  "overall": {
   "model": {
    "n_days": 1251,
    "pearson_ic": 0.010513798964202159,
    "pearson_se": 0.005823528098562498,
    "pearson_t": 1.8054002292523368,
    "rank_ic_1": 0.010804143924126776,
    "rank_ic_se": 0.005898944835377632,
    "rank_ic_t": 1.8315383895999984,
    "rank_ic_5": 0.023626042299841048,
    "rank_ic_10": 0.02988455391214175,
    "net_pct": 51.40143918912317,
    "sharpe": 0.9657461994609412,
    "mdd_pct": 12.193017586041755,
    "cost_pct": 5.957855155932856,
    "turnover": 0.1313043972754682,
    "n_rebalances": 1251,
    "avg_holding_days": 10.0
   },
   "naive": {
    "n_days": 1251,
    "pearson_ic": -0.02047023586145956,
    "pearson_se": 0.006702911854020479,
    "pearson_t": -3.053931829519926,
    "rank_ic_1": -0.024424567796703194,
    "rank_ic_se": 0.006695715487688285,
    "rank_ic_t": -3.6477905672087996,
    "rank_ic_5": -0.025536208581868745,
    "rank_ic_10": -0.022761192238155994,
    "net_pct": -44.93481101025708,
    "sharpe": -1.3156663310754133,
    "mdd_pct": 51.42148084375201,
    "cost_pct": 7.314145678117615,
    "turnover": 0.159056803950673,
    "n_rebalances": 1251,
    "avg_holding_days": 10.0
   }
  }
 },
 "horizon_rank_ic": {
  "model": {
   "1": 0.010804143924126776,
   "2": 0.016323377997329584,
   "3": 0.018502651197936464,
   "4": 0.020419806357138606,
   "5": 0.023626042299841048,
   "6": 0.026400460669036223,
   "7": 0.024997777831787506,
   "8": 0.026890102068096375,
   "9": 0.027853020732450533,
   "10": 0.02988455391214175
  },
  "naive": {
   "1": -0.024424567796703194,
   "2": -0.02626379942141974,
   "3": -0.029326900132288003,
   "4": -0.028088593744848102,
   "5": -0.025536208581868745,
   "6": -0.026391278224704787,
   "7": -0.02363497354880376,
   "8": -0.023765467728975764,
   "9": -0.022822246156393708,
   "10": -0.022761192238155994
  }
 },
 "diagnostics": {
  "members_per_day": {
   "mean": 8.0,
   "min": 8,
   "max": 8
  },
  "members_per_generation": {
   "mean": 8.0,
   "min": 8,
   "max": 8
  },
  "dispersion": {
   "n_days": 1251,
   "mean": 0.08913365727152363,
   "p10": -0.05024181101011831,
   "p50": 0.06310631631772799,
   "p90": 0.2810579035920476
  },
  "member_rank_ic_1": {
   "n_slots": 32,
   "mean": 0.006832721122858271,
   "sd": 0.01383969300759102,
   "min": -0.014260598335288423,
   "max": 0.03791393589475539,
   "mean_days_per_slot": 302.0
  },
  "member_slots": [
   "island0_elite0",
   "island0_elite1",
   "island0_elite2",
   "island0_elite3",
   "island1_elite0",
   "island1_elite1",
   "island1_elite2",
   "island1_elite3",
   "island2_elite0",
   "island2_elite1",
   "island2_elite2",
   "island2_elite3",
   "island3_elite0",
   "island3_elite1",
   "island3_elite2",
   "island3_elite3",
   "island4_elite0",
   "island4_elite1",
   "island4_elite2",
   "island4_elite3",
   "island5_elite0",
   "island5_elite1",
   "island5_elite2",
   "island5_elite3",
   "island6_elite0",
   "island6_elite1",
   "island6_elite2",
   "island6_elite3",
   "island7_elite0",
   "island7_elite1",
   "island7_elite2",
   "island7_elite3"
  ],
  "member_rank_ic_1_by_slot": {
   "island0_elite0": {
    "rank_ic_1": -0.00046069425813070186,
    "n_days": 396
   },
   "island0_elite1": {
    "rank_ic_1": 0.02028034708660466,
    "n_days": 255
   },
   "island0_elite2": {
    "rank_ic_1": 0.03791393589475539,
    "n_days": 155
   },
   "island0_elite3": {
    "rank_ic_1": 0.0046124649601878105,
    "n_days": 215
   },
   "island1_elite0": {
    "rank_ic_1": -0.001996370658002146,
    "n_days": 565
   },
   "island1_elite1": {
    "rank_ic_1": -0.01280721453418745,
    "n_days": 266
   },
   "island1_elite2": {
    "rank_ic_1": -0.002906413035839412,
    "n_days": 215
   },
   "island1_elite3": {
    "rank_ic_1": -0.007233685763240367,
    "n_days": 228
   },
   "island2_elite0": {
    "rank_ic_1": 0.004638768846820084,
    "n_days": 376
   },
   "island2_elite1": {
    "rank_ic_1": -0.009107546780606738,
    "n_days": 225
   },
   "island2_elite2": {
    "rank_ic_1": 0.004084609863020233,
    "n_days": 175
   },
   "island2_elite3": {
    "rank_ic_1": 0.032760285541980204,
    "n_days": 276
   },
   "island3_elite0": {
    "rank_ic_1": 0.013579767357808487,
    "n_days": 435
   },
   "island3_elite1": {
    "rank_ic_1": 0.0015901879456484528,
    "n_days": 299
   },
   "island3_elite2": {
    "rank_ic_1": 0.008835741837718715,
    "n_days": 305
   },
   "island3_elite3": {
    "rank_ic_1": 0.029429619408253546,
    "n_days": 260
   },
   "island4_elite0": {
    "rank_ic_1": 0.011686287281449048,
    "n_days": 400
   },
   "island4_elite1": {
    "rank_ic_1": -0.0008524148039263339,
    "n_days": 290
   },
   "island4_elite2": {
    "rank_ic_1": -0.0005041776380570389,
    "n_days": 175
   },
   "island4_elite3": {
    "rank_ic_1": -0.007298841224948512,
    "n_days": 216
   },
   "island5_elite0": {
    "rank_ic_1": 0.009296788847722863,
    "n_days": 333
   },
   "island5_elite1": {
    "rank_ic_1": 0.01031780657777997,
    "n_days": 225
   },
   "island5_elite2": {
    "rank_ic_1": -0.014260598335288423,
    "n_days": 226
   },
   "island5_elite3": {
    "rank_ic_1": -0.0013648663746146474,
    "n_days": 248
   },
   "island6_elite0": {
    "rank_ic_1": 0.01515361445683579,
    "n_days": 300
   },
   "island6_elite1": {
    "rank_ic_1": 0.014446958376446647,
    "n_days": 200
   },
   "island6_elite2": {
    "rank_ic_1": 0.03701943673764427,
    "n_days": 175
   },
   "island6_elite3": {
    "rank_ic_1": -0.00997013128463173,
    "n_days": 258
   },
   "island7_elite0": {
    "rank_ic_1": -0.00520030066998334,
    "n_days": 656
   },
   "island7_elite1": {
    "rank_ic_1": 0.012445658837922882,
    "n_days": 437
   },
   "island7_elite2": {
    "rank_ic_1": 0.01596344150491631,
    "n_days": 398
   },
   "island7_elite3": {
    "rank_ic_1": 0.008554609929406137,
    "n_days": 481
   }
  },
  "day_pooled_mean_member_rank_ic_1": 0.0062261425018726975,
  "ensemble_rank_ic_1": 0.010804143924126776,
  "ensemble_minus_mean_member": 0.004578001422254078,
  "dropped_member_days": 0,
  "incomplete_member_rows": 0,
  "global_best_matched_days": 1109
 }
}
