# realized: sidecar RET_raw (param RET_CS)
# row mapping verified on generations [0, 150, 299], all 50 stocks: file row i -> panel row tw*step + 2 + i (tw = g + num_training_windows + V)
# stitched 1500 days from 300 generations (300*step = 1500); 2019-01-03 .. 2024-12-17 (panel rows 3621..5120, contiguous)
# ensemble: topn (N=16, ordered by (elite_rank, island)), combine=rank_mean, over 300 generations
# scoring 1249 days from 2020-01-02 to 2024-12-17 (--score-from 2020-01-01)
# book: sleeves, H=10, top-k 10, beta-neutral off
# book costs: TC/PRC from the panel, charged on netted traded notional

period    who     days  pearsonIC  rankIC@1  rankIC@5  rankIC@10      net%   sharpe     MDD% turnover    cost%
2020      model    253  -0.0125   -0.0133   +0.0105   +0.0185     +2.96    +0.13    39.09   0.1238     1.57
2020      naive    253  -0.0055   -0.0082   -0.0170   -0.0165     +0.30    +0.02    22.96   0.1559     1.99
2021      model    252  +0.0124   +0.0076   -0.0003   +0.0079     +7.97    +0.67     7.56   0.1345     1.39
2021      naive    252  -0.0215   -0.0272   -0.0121   -0.0209     -9.17    -1.11    12.27   0.1581     1.61
2022      model    251  -0.0012   -0.0026   +0.0209   +0.0112    +10.40    +0.89     7.36   0.1347     1.14
2022      naive    251  +0.0043   +0.0017   -0.0131   -0.0086     -6.61    -0.83    10.41   0.1579     1.31
2023      model    250  +0.0172   +0.0157   +0.0136   +0.0123     -2.41    -0.21     8.58   0.1353     0.92
2023      naive    250  -0.0196   -0.0210   -0.0171   -0.0176     -5.55    -1.00     9.94   0.1599     1.08
2024      model    243  +0.0212   +0.0148   +0.0009   -0.0142     -6.05    -0.47    13.85   0.1303     0.98
2024      naive    243  -0.0424   -0.0349   -0.0248   -0.0183     -5.35    -0.93     8.34   0.1596     1.22
overall   model   1249  +0.0073   +0.0044   +0.0092   +0.0075    +12.87    +0.17    39.09   0.1317     6.00
overall   naive   1249  -0.0168   -0.0178   -0.0167   -0.0164    -26.37    -0.58    43.51   0.1582     7.21

# model overall: pearson IC +0.0073 (SE 0.0065, t +1.13); rank IC +0.0044 (SE 0.0064, t +0.68); rebalances 1249, avg holding 10.0 days
# naive overall: pearson IC -0.0168 (SE 0.0072, t -2.32); rank IC -0.0178 (SE 0.0072, t -2.47); rebalances 1249, avg holding 10.0 days
# rank IC by horizon (overall): h=1:+0.0044  h=2:+0.0046  h=3:+0.0088  h=4:+0.0110  h=5:+0.0092  h=6:+0.0070  h=7:+0.0076  h=8:+0.0075  h=9:+0.0095  h=10:+0.0075
#   naive                     : h=1:-0.0178  h=2:-0.0098  h=3:-0.0129  h=4:-0.0153  h=5:-0.0167  h=6:-0.0134  h=7:-0.0160  h=8:-0.0166  h=9:-0.0176  h=10:-0.0164

# members/day: mean 16.00 (min 16, max 16); per generation mean 16.00 (min 16, max 16)
# member dispersion (mean pairwise Spearman of member cross-sections, per day, n=1249):
#     mean +0.2273   p10 +0.1119   p50 +0.2163   p90 +0.3576
# per-member rank IC@1 over 16 member slots (each stitched over its own 1223 days):
#     mean +0.0032   sd 0.0057   min -0.0086   max +0.0129
# ensemble rank IC@1 +0.0044  vs  day-pooled mean member +0.0031  (ensemble - member = +0.0013)
# row-alignment cross-check: the wide file's global_best column is reproduced by some elite on 1189/1249 scored days
# wrote /anvil/scratch/x-jchang5/probe1/topn/set1_seed44/ensemble_diagnostics.csv
# wrote /anvil/scratch/x-jchang5/probe1/topn/set1_seed44/ensemble_stitched_predictions.csv
# wrote /anvil/scratch/x-jchang5/probe1/topn/set1_seed44/ensemble_book_daily.csv
# wrote /anvil/scratch/x-jchang5/probe1/topn/set1_seed44/ensemble_rolling_rank_ic.csv
{
 "meta": {
  "run_dir": "/anvil/scratch/x-jchang5/results_v2/C7_E/set1_seed44",
  "param": "RET_CS",
  "realized": "sidecar RET_raw",
  "realized_mode": "auto",
  "generations": 300,
  "row_offset": 2,
  "stitched_days": 1500,
  "scored_days": 1249,
  "first_scored_date": "2020-01-02",
  "last_scored_date": "2024-12-17",
  "score_from": "2020-01-01",
  "top_k": 10,
  "cost_bps": null,
  "book": "sleeves",
  "hold_days": 10,
  "beta_neutral": false,
  "beta_window": null,
  "ensemble": "topn",
  "combine": "rank_mean",
  "top_n": 16,
  "diverse_gate": null
 },
 "summary": {
  "2020": {
   "model": {
    "n_days": 253,
    "pearson_ic": -0.012483422602175205,
    "pearson_se": 0.016157573583491854,
    "pearson_t": -0.7726050286987077,
    "rank_ic_1": -0.013317811603202143,
    "rank_ic_se": 0.015754481562909213,
    "rank_ic_t": -0.845334805212269,
    "rank_ic_5": 0.010507075083662323,
    "rank_ic_10": 0.018477433849820445,
    "net_pct": 2.9601544427810187,
    "sharpe": 0.1294566215665205,
    "mdd_pct": 39.091035431337325,
    "cost_pct": 1.5720062379265243,
    "turnover": 0.12376755338807204
   },
   "naive": {
    "n_days": 253,
    "pearson_ic": -0.005478614809741263,
    "pearson_se": 0.01780423358522494,
    "pearson_t": -0.3077141615513154,
    "rank_ic_1": -0.008223459107284942,
    "rank_ic_se": 0.017359861502103956,
    "rank_ic_t": -0.4737053406957358,
    "rank_ic_5": -0.016991371676040288,
    "rank_ic_10": -0.016496749987653363,
    "net_pct": 0.29892374798873983,
    "sharpe": 0.019885559694125428,
    "mdd_pct": 22.955105591965122,
    "cost_pct": 1.992069854386115,
    "turnover": 0.1558608417406069
   }
  },
  "2021": {
   "model": {
    "n_days": 252,
    "pearson_ic": 0.01241126604403895,
    "pearson_se": 0.014745795369370797,
    "pearson_t": 0.8416816952321873,
    "rank_ic_1": 0.00762693698946221,
    "rank_ic_se": 0.014350737967773872,
    "rank_ic_t": 0.5314665354903224,
    "rank_ic_5": -0.0003152144496203527,
    "rank_ic_10": 0.007926452172318695,
    "net_pct": 7.965540301602508,
    "sharpe": 0.6696941388021386,
    "mdd_pct": 7.5639447758998894,
    "cost_pct": 1.3891428908376486,
    "turnover": 0.13453396021216857
   },
   "naive": {
    "n_days": 252,
    "pearson_ic": -0.021520620952044562,
    "pearson_se": 0.017840439481636605,
    "pearson_t": -1.2062831173075088,
    "rank_ic_1": -0.02716815622392764,
    "rank_ic_se": 0.017566949071798194,
    "rank_ic_t": -1.5465494954694852,
    "rank_ic_5": -0.012059940476984736,
    "rank_ic_10": -0.020935847736714683,
    "net_pct": -9.166160101424575,
    "sharpe": -1.11053419991526,
    "mdd_pct": 12.269006579280111,
    "cost_pct": 1.6124880858375314,
    "turnover": 0.15807202059309233
   }
  },
  "2022": {
   "model": {
    "n_days": 251,
    "pearson_ic": -0.0011850709070881406,
    "pearson_se": 0.014209439181102176,
    "pearson_t": -0.08340025893943964,
    "rank_ic_1": -0.002577524882795639,
    "rank_ic_se": 0.014228168989043633,
    "rank_ic_t": -0.1811564709964055,
    "rank_ic_5": 0.020861785353937026,
    "rank_ic_10": 0.01124672822105889,
    "net_pct": 10.403737700106012,
    "sharpe": 0.8885854885735133,
    "mdd_pct": 7.3649256013531605,
    "cost_pct": 1.142905943761658,
    "turnover": 0.13474584695368919
   },
   "naive": {
    "n_days": 251,
    "pearson_ic": 0.004263542976944736,
    "pearson_se": 0.016509316133764055,
    "pearson_t": 0.2582507320351777,
    "rank_ic_1": 0.0016744035916176562,
    "rank_ic_se": 0.0168965853592591,
    "rank_ic_t": 0.09909715815450876,
    "rank_ic_5": -0.013086840540665728,
    "rank_ic_10": -0.008605453506786799,
    "net_pct": -6.608305813409052,
    "sharpe": -0.8316752986415431,
    "mdd_pct": 10.40529803034457,
    "cost_pct": 1.3076507087399347,
    "turnover": 0.15793368459772805
   }
  },
  "2023": {
   "model": {
    "n_days": 250,
    "pearson_ic": 0.017189119591491945,
    "pearson_se": 0.013617739132725666,
    "pearson_t": 1.262259426763703,
    "rank_ic_1": 0.015745741162452517,
    "rank_ic_se": 0.013848068950953906,
    "rank_ic_t": 1.1370351504039768,
    "rank_ic_5": 0.013594640252030556,
    "rank_ic_10": 0.012319323000888085,
    "net_pct": -2.4085187635751444,
    "sharpe": -0.20560612194779831,
    "mdd_pct": 8.580017389299513,
    "cost_pct": 0.915192895824187,
    "turnover": 0.13526979618204815
   },
   "naive": {
    "n_days": 250,
    "pearson_ic": -0.019606906877117344,
    "pearson_se": 0.013944119508788546,
    "pearson_t": -1.4061057684395002,
    "rank_ic_1": -0.020988369115935872,
    "rank_ic_se": 0.014226550795395228,
    "rank_ic_t": -1.4752956930874117,
    "rank_ic_5": -0.017129945182958597,
    "rank_ic_10": -0.017580193653595297,
    "net_pct": -5.55013784028206,
    "sharpe": -0.9952648519454137,
    "mdd_pct": 9.94210918036604,
    "cost_pct": 1.0766162836414723,
    "turnover": 0.1598645749469948
   }
  },
  "2024": {
   "model": {
    "n_days": 243,
    "pearson_ic": 0.021153184456082035,
    "pearson_se": 0.013415820228401038,
    "pearson_t": 1.5767343402009177,
    "rank_ic_1": 0.014819831891013838,
    "rank_ic_se": 0.013476648780021167,
    "rank_ic_t": 1.099667442026382,
    "rank_ic_5": 0.0009232292673139453,
    "rank_ic_10": -0.014152658532846763,
    "net_pct": -6.048707667099167,
    "sharpe": -0.469516254541936,
    "mdd_pct": 13.854656160185137,
    "cost_pct": 0.9803767578212347,
    "turnover": 0.13025146151810726
   },
   "naive": {
    "n_days": 243,
    "pearson_ic": -0.04239620806072832,
    "pearson_se": 0.014177416949232309,
    "pearson_t": -2.9904042614070137,
    "rank_ic_1": -0.0348978545694194,
    "rank_ic_se": 0.014040093719979361,
    "rank_ic_t": -2.485585585497837,
    "rank_ic_5": -0.024822260037711565,
    "rank_ic_10": -0.018258559812325697,
    "net_pct": -5.346553336142347,
    "sharpe": -0.9339024304114328,
    "mdd_pct": 8.343039698881261,
    "cost_pct": 1.2181055557748501,
    "turnover": 0.1595658710396796
   }
  },
  "overall": {
   "model": {
    "n_days": 1249,
    "pearson_ic": 0.007293341911744832,
    "pearson_se": 0.0064769233118288925,
    "pearson_t": 1.1260503730876206,
    "rank_ic_1": 0.004358108471002501,
    "rank_ic_se": 0.006423927828914497,
    "rank_ic_t": 0.6784180313151068,
    "rank_ic_5": 0.00918431802136234,
    "rank_ic_10": 0.007470398506814957,
    "net_pct": 12.872206013815232,
    "sharpe": 0.1737369105915882,
    "mdd_pct": 39.091035431337325,
    "cost_pct": 5.999624726171238,
    "turnover": 0.13170977642949308,
    "n_rebalances": 1249,
    "avg_holding_days": 10.0
   },
   "naive": {
    "n_days": 1249,
    "pearson_ic": -0.01676792795644754,
    "pearson_se": 0.007238815370978,
    "pearson_t": -2.3163911630725997,
    "rank_ic_1": -0.017801366021160676,
    "rank_ic_se": 0.007211021068877118,
    "rank_ic_t": -2.46863320064223,
    "rank_ic_5": -0.01673712887927563,
    "rank_ic_10": -0.016352444851786236,
    "net_pct": -26.372233343269265,
    "sharpe": -0.5774866867859352,
    "mdd_pct": 43.512954051544696,
    "cost_pct": 7.206930488379916,
    "turnover": 0.15824575451021075,
    "n_rebalances": 1249,
    "avg_holding_days": 10.0
   }
  }
 },
 "horizon_rank_ic": {
  "model": {
   "1": 0.004358108471002501,
   "2": 0.004632212911002094,
   "3": 0.008849743074644355,
   "4": 0.010975519889303627,
   "5": 0.00918431802136234,
   "6": 0.006992603543282292,
   "7": 0.007576939579401481,
   "8": 0.0074979431392249414,
   "9": 0.009457417109203002,
   "10": 0.007470398506814957
  },
  "naive": {
   "1": -0.017801366021160676,
   "2": -0.00982291432683888,
   "3": -0.012945645239363717,
   "4": -0.015314650018665246,
   "5": -0.01673712887927563,
   "6": -0.01343320215131353,
   "7": -0.015966167006430342,
   "8": -0.016606026533075573,
   "9": -0.01763691023025216,
   "10": -0.016352444851786236
  }
 },
 "diagnostics": {
  "members_per_day": {
   "mean": 16.0,
   "min": 16,
   "max": 16
  },
  "members_per_generation": {
   "mean": 16.0,
   "min": 16,
   "max": 16
  },
  "dispersion": {
   "n_days": 1249,
   "mean": 0.22732209681048174,
   "p10": 0.11186665829384958,
   "p50": 0.2162679929114503,
   "p90": 0.35755011222636174
  },
  "member_rank_ic_1": {
   "n_slots": 16,
   "mean": 0.003159001532880812,
   "sd": 0.005749057668909114,
   "min": -0.0085584042645142,
   "max": 0.012924602540622152,
   "mean_days_per_slot": 1222.625
  },
  "member_slots": [
   "island0_elite0",
   "island0_elite1",
   "island1_elite0",
   "island1_elite1",
   "island2_elite0",
   "island2_elite1",
   "island3_elite0",
   "island3_elite1",
   "island4_elite0",
   "island4_elite1",
   "island5_elite0",
   "island5_elite1",
   "island6_elite0",
   "island6_elite1",
   "island7_elite0",
   "island7_elite1"
  ],
  "member_rank_ic_1_by_slot": {
   "island0_elite0": {
    "rank_ic_1": 0.008829957261832548,
    "n_days": 1216
   },
   "island0_elite1": {
    "rank_ic_1": 0.012924602540622152,
    "n_days": 1221
   },
   "island1_elite0": {
    "rank_ic_1": 0.004879802608222002,
    "n_days": 1214
   },
   "island1_elite1": {
    "rank_ic_1": 0.007932190183938263,
    "n_days": 1219
   },
   "island2_elite0": {
    "rank_ic_1": 0.005706278873084319,
    "n_days": 1218
   },
   "island2_elite1": {
    "rank_ic_1": 0.0031438509777792847,
    "n_days": 1221
   },
   "island3_elite0": {
    "rank_ic_1": 0.001990588368088512,
    "n_days": 1239
   },
   "island3_elite1": {
    "rank_ic_1": 0.005531483740405921,
    "n_days": 1244
   },
   "island4_elite0": {
    "rank_ic_1": -0.005078247517401313,
    "n_days": 1174
   },
   "island4_elite1": {
    "rank_ic_1": -0.0085584042645142,
    "n_days": 1234
   },
   "island5_elite0": {
    "rank_ic_1": 0.01116866533261527,
    "n_days": 1239
   },
   "island5_elite1": {
    "rank_ic_1": 0.0020099204812848302,
    "n_days": 1244
   },
   "island6_elite0": {
    "rank_ic_1": -0.0019388553638788526,
    "n_days": 1225
   },
   "island6_elite1": {
    "rank_ic_1": 0.0025456060356990363,
    "n_days": 1229
   },
   "island7_elite0": {
    "rank_ic_1": 0.0017888947855494173,
    "n_days": 1194
   },
   "island7_elite1": {
    "rank_ic_1": -0.0023323095172342054,
    "n_days": 1231
   }
  },
  "day_pooled_mean_member_rank_ic_1": 0.0030675988965842838,
  "ensemble_rank_ic_1": 0.004358108471002501,
  "ensemble_minus_mean_member": 0.0012905095744182174,
  "dropped_member_days": 0,
  "incomplete_member_rows": 0,
  "global_best_matched_days": 1189
 }
}
